D/CAAccData(  572): x: -9.915613 y: 0.84446156 z: 1.2258313
D/CAAccData(  572): x: -10.800936 y: 1.0760075 z: 0.3405087
D/CAAccData(  572): x: -11.182305 y: 0.84446156 z: 0.42223078
D/CAAccData(  572): x: -10.841797 y: 0.95342433 z: 0.46309182
D/CrashAlert(  572): Handler :1
I/CrashAlert(  572): Status bleibt aktiv
D/CAAccData(  572): x: -11.032481 y: 0.9942854 z: 0.61291564
D/CAAccData(  572): x: -10.147159 y: 0.95342433 z: 0.7218784
D/CAAccData(  572): x: -9.384419 y: 1.0351465 z: 0.6537767
D/CAAccData(  572): x: -9.193735 y: 1.0760075 z: 0.6946377
D/LocationManagerService(  144): Acquired wakelock
I/CrashAlert(  572): ort geaendert 24.25
D/CrashAlertGPS(  572): 87.299995
D/LocationManagerService(  144): Released wakelock
D/CAAccData(  572): x: -8.471856 y: 0.95342433 z: 0.6537767
D/CAAccData(  572): x: -9.193735 y: 0.7627395 z: 0.9125633
D/CAAccData(  572): x: -9.534244 y: 0.7627395 z: 1.0760075
D/CAAccData(  572): x: -10.95076 y: 0.61291564 z: 1.1168685
D/CAAccData(  572): x: -10.923519 y: 0.42223078 z: 1.334794
D/CAAccData(  572): x: -11.563675 y: 0.6537767 z: 1.4573772
D/CAAccData(  572): x: -11.604536 y: 0.53119355 z: 1.6889231
D/CAAccData(  572): x: -12.026767 y: 0.23154591 z: 1.7570249
D/CAAccData(  572): x: -11.032481 y: -0.040861044 z: 1.9477097
D/CrashAlert(  572): Handler :1
I/CrashAlert(  572): Status auf Prime gendert
D/CAAccData(  572): x: -10.923519 y: -0.040861044 z: 1.9885708
D/CAAccData(  572): x: -9.615966 y: -0.6537767 z: 1.920469
D/CAAccData(  572): x: -9.507003 y: -0.46309182 z: 1.9885708
D/CAAccData(  572): x: -8.894087 y: -0.53119355 z: 1.8387469
D/CAAccData(  572): x: -9.112013 y: -0.53119355 z: 1.879608
D/CAAccData(  572): x: -9.575105 y: -0.53119355 z: 1.6889231
D/CAAccTime(  572): Tue Jun 22 09:43:07 Europe/Amsterdam 2010
D/CAAccData(  572): x: -9.956474 y: -0.8036005 z: 1.7297841
D/CAAccData(  572): x: -10.310603 y: -0.6537767 z: 1.4573772
D/CAAccData(  572): x: -10.460427 y: -1.1849703 z: 1.4982382
D/CAAccData(  572): x: -10.61025 y: -0.6946377 z: 1.4573772
D/CAAccData(  572): x: -10.460427 y: -0.88532263 z: 1.334794
D/CAAccData(  572): x: -10.269742 y: -1.1441092 z: 1.334794
D/CrashAlert(  572): Handler :2
D/CAAccData(  572): x: -9.847511 y: -0.6946377 z: 1.4165162
D/CAAccData(  572): x: -9.343558 y: -0.88532263 z: 1.4165162
D/CAAccData(  572): x: -8.430995 y: -0.7627395 z: 1.1441092
D/LocationManagerService(  144): Acquired wakelock
I/CrashAlert(  572): ort geaendert 26.75
D/CrashAlertGPS(  572): 96.299995
D/LocationManagerService(  144): Released wakelock
D/CAAccData(  572): x: -9.152874 y: -0.53119355 z: 1.4982382
D/CAAccData(  572): x: -9.656827 y: -0.27240697 z: 1.56634
D/CAAccData(  572): x: -9.615966 y: -0.23154591 z: 1.4982382
D/CAAccData(  572): x: -10.56939 y: -0.42223078 z: 1.7978859
D/CAAccData(  572): x: -10.651112 y: 0.53119355 z: 2.1383946
D/CAAccData(  572): x: -11.114203 y: 0.27240697 z: 2.2201166
D/CAAccData(  572): x: -11.304889 y: 0.61291564 z: 2.4925237
D/CAAccData(  572): x: -11.495573 y: 0.61291564 z: 2.7921712
D/CAAccData(  572): x: -10.923519 y: 0.6946377 z: 2.8738933
D/CrashAlert(  572): Handler :2
D/CAAccData(  572): x: -10.882658 y: 0.6537767 z: 2.8738933
D/CAAccData(  572): x: -10.61025 y: 0.6946377 z: 2.8330324
D/CAAccData(  572): x: -10.923519 y: 0.84446156 z: 2.7513103
D/CAAccData(  572): x: -10.841797 y: 0.7627395 z: 2.7240696
D/CAAccData(  572): x: -10.991621 y: 0.84446156 z: 2.6832085
D/CAAccData(  572): x: -10.923519 y: 0.7627395 z: 2.8738933
D/CAAccData(  572): x: -10.147159 y: 0.7218784 z: 2.7240696
D/CAAccData(  572): x: -9.80665 y: 0.88532263 z: 2.7240696
D/CAAccTime(  572): Tue Jun 22 09:43:08 Europe/Amsterdam 2010
D/CAAccData(  572): x: -9.656827 y: 0.6537767 z: 2.7513103
D/CAAccData(  572): x: -8.771504 y: 0.5720546 z: 2.4108016
D/CAAccData(  572): x: -9.084772 y: 0.5720546 z: 2.4108016
D/CAAccData(  572): x: -9.384419 y: 0.38136974 z: 2.7240696
D/CAAccData(  572): x: -9.384419 y: 0.3405087 z: 2.6423476
D/CrashAlert(  572): Handler :2
D/CAAccData(  572): x: -9.302697 y: 0.3405087 z: 2.4925237
D/CAAccData(  572): x: -9.888372 y: 0.27240697 z: 2.4925237
D/CAAccData(  572): x: -9.888372 y: 0.38136974 z: 2.1111538
D/CAAccData(  572): x: -10.337844 y: 0.19068487 z: 2.070293
D/LocationManagerService(  144): Acquired wakelock
I/CrashAlert(  572): ort geaendert 30.75
D/CrashAlertGPS(  572): 110.7
D/LocationManagerService(  144): Released wakelock
D/CAAccData(  572): x: -10.841797 y: 0.23154591 z: 2.070293
D/CAAccData(  572): x: -10.882658 y: 0.27240697 z: 1.9885708
D/CAAccData(  572): x: -11.032481 y: 0.19068487 z: 1.7570249
D/CAAccData(  572): x: -10.95076 y: 0.27240697 z: 1.7297841
D/CAAccData(  572): x: -11.34575 y: 0.313268 z: 1.334794
D/CAAccData(  572): x: -11.223166 y: 0.10896278 z: 1.1849703
D/CAAccData(  572): x: -11.876944 y: 0.23154591 z: 0.9942854
D/CAAccData(  572): x: -11.917805 y: 0.23154591 z: 0.9125633
D/CrashAlert(  572): Handler :2
D/CAAccData(  572): x: -12.408136 y: 0.08172209 z: 0.9125633
D/CAAccData(  572): x: -12.217452 y: 0.23154591 z: 0.6537767
D/CAAccData(  572): x: -11.985906 y: 0.19068487 z: 0.5720546
D/CAAccData(  572): x: -11.795221 y: 0.10896278 z: 0.46309182
D/CAAccData(  572): x: -11.563675 y: 0.23154591 z: 0.08172209
D/CAAccData(  572): x: -11.264028 y: 0.14982383 z: -0.14982383
D/CAAccData(  572): x: -11.032481 y: 0.10896278 z: -0.08172209
D/CAAccData(  572): x: -10.147159 y: 0.313268 z: -0.19068487
D/CAAccTime(  572): Tue Jun 22 09:43:09 Europe/Amsterdam 2010
D/CAAccData(  572): x: -9.275456 y: 0.19068487 z: -0.313268
D/CAAccData(  572): x: -8.240311 y: 0.040861044 z: -0.46309182
D/CAAccData(  572): x: -8.240311 y: 0.10896278 z: -0.84446156
D/CAAccData(  572): x: -8.812365 y: 0.14982383 z: -1.1441092
D/CrashAlert(  572): Handler :2
D/CAAccData(  572): x: -9.765789 y: 0.040861044 z: -1.3075534
D/CAAccData(  572): x: -9.888372 y: 0.08172209 z: -1.879608
D/CAAccData(  572): x: -10.147159 y: -0.08172209 z: -2.4108016
D/CAAccData(  572): x: -9.888372 y: -0.10896278 z: -3.0645783
D/LocationManagerService(  144): Acquired wakelock
I/CrashAlert(  572): ort geaendert 31.5
D/CrashAlertGPS(  572): 113.399994
D/LocationManagerService(  144): Released wakelock
D/CAAccData(  572): x: -10.147159 y: 0.040861044 z: -3.405087
D/CAAccData(  572): x: -10.310603 y: -0.040861044 z: -3.5957718
D/CAAccData(  572): x: -10.18802 y: 0.0 z: -3.8273177
D/CAAccData(  572): x: -10.079058 y: -0.040861044 z: -4.2495484
D/CAAccData(  572): x: -9.534244 y: -0.040861044 z: -4.2086873
D/CAAccData(  572): x: -8.19945 y: 0.040861044 z: -4.140586
D/CAAccData(  572): x: -8.008764 y: -0.08172209 z: -3.9090397
D/CAAccData(  572): x: -7.5456724 y: 0.040861044 z: -3.718355
D/CAAccData(  572): x: -7.6273947 y: -0.040861044 z: -4.0180025
D/CrashAlert(  572): Handler :2
D/CAAccData(  572): x: -8.308413 y: -0.08172209 z: -4.2086873
D/CAAccData(  572): x: -8.730643 y: 0.040861044 z: -4.7126403
D/CAAccData(  572): x: -9.043911 y: -0.14982383 z: -4.903325
D/CAAccData(  572): x: -9.275456 y: -0.10896278 z: -5.325556
D/CAAccData(  572): x: -9.234595 y: 0.040861044 z: -5.284695
D/CAAccData(  572): x: -9.847511 y: -0.040861044 z: -5.407278
D/CAAccData(  572): x: -10.228881 y: -0.38136974 z: -5.284695
D/CAAccData(  572): x: -9.534244 y: -0.46309182 z: -5.012288
D/CAAccData(  572): x: -10.269742 y: -0.7627395 z: -5.09401
D/CAAccTime(  572): Tue Jun 22 09:43:10 Europe/Amsterdam 2010
D/CAAccData(  572): x: -9.302697 y: -0.7218784 z: -4.671779
D/CAAccData(  572): x: -8.962189 y: -1.1168685 z: -4.862464
D/CAAccData(  572): x: -9.384419 y: -1.2666923 z: -4.7943625
D/CAAccData(  572): x: -8.117727 y: -0.84446156 z: -4.099725
D/CrashAlert(  572): Handler :2
D/CAAccData(  572): x: -8.662541 y: -1.1441092 z: -4.3312707
D/CAAccData(  572): x: -8.921328 y: -0.95342433 z: -4.2086873
D/CAAccData(  572): x: -10.038197 y: -0.6946377 z: -4.3312707
D/LocationManagerService(  144): Acquired wakelock
I/CrashAlert(  572): ort geaendert 32.25
D/CrashAlertGPS(  572): 116.1
D/LocationManagerService(  144): Released wakelock
D/CAAccData(  572): x: -10.147159 y: -0.9125633 z: -4.5628166
D/CAAccData(  572): x: -11.495573 y: -0.8036005 z: -3.9499009
D/CAAccData(  572): x: -11.495573 y: -0.88532263 z: -3.9090397
D/CAAccData(  572): x: -11.454713 y: -1.1168685 z: -3.636633
D/CAAccData(  572): x: -11.985906 y: -1.2258313 z: -3.486809
D/CAAccData(  572): x: -10.991621 y: -1.8387469 z: -2.9556155
D/CAAccData(  572): x: -11.304889 y: -2.4108016 z: -2.4516625
D/CAAccData(  572): x: -10.378705 y: -2.9147544 z: -1.9477097
D/CAAccData(  572): x: -10.079058 y: -3.718355 z: -1.4573772
D/CrashAlert(  572): Handler :2
D/CAAccData(  572): x: -10.18802 y: -4.2495484 z: -1.1441092
D/CAAccData(  572): x: -10.228881 y: -5.202973 z: -1.1441092
D/CAAccData(  572): x: -10.147159 y: -5.8567495 z: -1.3075534
D/CAAccData(  572): x: -9.724928 y: -6.851035 z: -1.334794
D/CAAccData(  572): x: -9.915613 y: -7.5456724 z: -1.1441092
D/CAAccData(  572): x: -8.812365 y: -8.076866 z: -1.1168685
D/CAAccData(  572): x: -8.689782 y: -8.62168 z: -1.1849703
D/CAAccData(  572): x: -8.730643 y: -8.471856 z: -1.1168685
D/CAAccData(  572): x: -8.19945 y: -8.662541 z: -1.0351465
D/CAAccTime(  572): Tue Jun 22 09:43:11 Europe/Amsterdam 2010
D/CAAccData(  572): x: -9.466142 y: -9.084772 z: -1.334794
D/CAAccData(  572): x: -9.384419 y: -10.228881 z: -1.2666923
D/CAAccData(  572): x: -10.651112 y: -10.800936 z: -1.6480621
D/CAAccData(  572): x: -10.923519 y: -10.501288 z: -1.9477097
D/CrashAlert(  572): Handler :2
D/CAAccData(  572): x: -10.760075 y: -10.95076 z: -1.7978859
D/CAAccData(  572): x: -10.528529 y: -10.419566 z: -1.2666923
D/CAAccData(  572): x: -10.269742 y: -10.106298 z: -1.3075534
D/CAAccData(  572): x: -9.697687 y: -10.228881 z: -1.56634
D/LocationManagerService(  144): Acquired wakelock
I/CrashAlert(  572): ort geaendert 31.75
D/CrashAlertGPS(  572): 114.299995
D/LocationManagerService(  144): Released wakelock
D/CAAccData(  572): x: -9.915613 y: -10.147159 z: -1.2258313
D/CAAccData(  572): x: -9.534244 y: -9.534244 z: -0.46309182
D/CAAccData(  572): x: -9.534244 y: -9.724928 z: -0.19068487
D/CAAccData(  572): x: -9.888372 y: -9.697687 z: -1.4573772
D/CAAccData(  572): x: -10.228881 y: -9.697687 z: -0.23154591
D/CAAccData(  572): x: -9.956474 y: -9.997335 z: 0.14982383
D/CAAccData(  572): x: -9.80665 y: -10.228881 z: -0.19068487
D/dalvikvm(  572): GC freed 8484 objects / 524464 bytes in 100ms
D/CrashAlert(  572): Handler :2
D/CAAccData(  572): x: -9.656827 y: -10.691973 z: -0.08172209
D/CAAccData(  572): x: -9.615966 y: -10.841797 z: -0.27240697
D/CAAccData(  572): x: -10.079058 y: -10.882658 z: -0.27240697
D/CAAccData(  572): x: -10.038197 y: -10.7192135 z: -0.46309182
D/CAAccData(  572): x: -10.460427 y: -10.760075 z: -0.7218784
D/CAAccData(  572): x: -10.079058 y: -10.7192135 z: -0.3405087
D/CAAccData(  572): x: -10.337844 y: -10.61025 z: -0.7218784
D/CAAccData(  572): x: -9.997335 y: -10.106298 z: 0.19068487
D/CAAccData(  572): x: -9.956474 y: -10.61025 z: -0.14982383
D/CAAccData(  572): x: -9.997335 y: -10.269742 z: 0.7627395
D/CAAccData(  572): x: -10.038197 y: -9.915613 z: -0.6946377
D/CAAccTime(  572): Tue Jun 22 09:43:12 Europe/Amsterdam 2010
D/CAAccData(  572): x: -9.615966 y: -10.651112 z: 0.7218784
D/CAAccData(  572): x: -9.847511 y: -10.269742 z: 0.23154591
D/CAAccData(  572): x: -9.915613 y: -10.18802 z: -0.08172209
D/CrashAlert(  572): Handler :2
D/CAAccData(  572): x: -9.915613 y: -10.61025 z: -0.46309182
D/CAAccData(  572): x: -9.724928 y: -10.56939 z: -0.313268
D/CAAccData(  572): x: -9.915613 y: -10.61025 z: -0.3405087
D/LocationManagerService(  144): Acquired wakelock
I/CrashAlert(  572): ort geaendert 30.25
D/CrashAlertGPS(  572): 108.899994
D/LocationManagerService(  144): Released wakelock
D/CAAccData(  572): x: -10.501288 y: -10.269742 z: -0.53119355
D/CAAccData(  572): x: -10.269742 y: -10.651112 z: -0.53119355
D/CAAccData(  572): x: -10.228881 y: -10.651112 z: -0.19068487
D/CAAccData(  572): x: -10.337844 y: -11.264028 z: -0.6946377
D/CAAccData(  572): x: -10.228881 y: -11.032481 z: -0.5720546
D/CAAccData(  572): x: -10.378705 y: -10.310603 z: -1.1849703
D/CAAccData(  572): x: -9.915613 y: -10.269742 z: 0.7627395
D/CAAccData(  572): x: -9.997335 y: -10.528529 z: -0.92618364
D/CAAccData(  572): x: -9.80665 y: -10.501288 z: -0.14982383
D/CrashAlert(  572): Handler :2
D/CAAccData(  572): x: -9.615966 y: -10.378705 z: -0.95342433
D/CAAccData(  572): x: -9.724928 y: -10.56939 z: -0.14982383
D/CAAccData(  572): x: -10.038197 y: -10.760075 z: 0.42223078
D/CAAccData(  572): x: -10.18802 y: -10.800936 z: -0.7218784
D/CAAccData(  572): x: -9.915613 y: -10.7192135 z: -0.7218784
D/CAAccData(  572): x: -9.697687 y: -10.7192135 z: -0.7627395
D/CAAccData(  572): x: -10.079058 y: -11.264028 z: -0.23154591
D/CAAccData(  572): x: -10.269742 y: -9.575105 z: -0.46309182
D/CAAccData(  572): x: -9.847511 y: -11.073342 z: -0.27240697
D/CAAccData(  572): x: -9.847511 y: -10.691973 z: -0.88532263
D/CAAccTime(  572): Tue Jun 22 09:43:13 Europe/Amsterdam 2010
D/CAAccData(  572): x: -10.460427 y: -11.141444 z: -0.38136974
D/CAAccData(  572): x: -9.575105 y: -10.760075 z: 0.19068487
D/CAAccData(  572): x: -10.038197 y: -10.760075 z: 0.040861044
D/CrashAlert(  572): Handler :2
D/CAAccData(  572): x: -9.765789 y: -10.56939 z: -0.0
D/CAAccData(  572): x: -9.915613 y: -10.691973 z: -0.27240697
D/CAAccData(  572): x: -9.847511 y: -10.337844 z: -0.14982383
D/LocationManagerService(  144): Acquired wakelock
I/CrashAlert(  572): ort geaendert 30.0
D/CrashAlertGPS(  572): 108.0
D/LocationManagerService(  144): Released wakelock
D/CAAccData(  572): x: -10.18802 y: -10.528529 z: 0.42223078
D/CAAccData(  572): x: -9.915613 y: -10.800936 z: 0.23154591
D/CAAccData(  572): x: -10.18802 y: -10.651112 z: -0.19068487
D/CAAccData(  572): x: -9.956474 y: -10.419566 z: -0.23154591
D/CAAccData(  572): x: -9.697687 y: -9.466142 z: 0.27240697
D/CAAccData(  572): x: -9.956474 y: -10.7192135 z: 0.040861044
D/CAAccData(  572): x: -10.228881 y: -9.847511 z: 0.040861044
D/CAAccData(  572): x: -9.466142 y: -9.997335 z: -0.84446156
D/CAAccData(  572): x: -10.95076 y: -11.3321295 z: -0.46309182
D/CrashAlert(  572): Handler :2
D/CAAccData(  572): x: -9.80665 y: -10.691973 z: 0.7218784
D/CAAccData(  572): x: -10.147159 y: -9.956474 z: -0.42223078
D/CAAccData(  572): x: -10.269742 y: -10.841797 z: -0.38136974
D/CAAccData(  572): x: -10.119919 y: -10.923519 z: 0.14982383
D/CAAccData(  572): x: -9.724928 y: -10.147159 z: 1.0760075
D/CAAccData(  572): x: -9.956474 y: -9.302697 z: 0.040861044
D/CAAccData(  572): x: -9.765789 y: -9.80665 z: -0.08172209
D/CAAccData(  572): x: -9.765789 y: -9.302697 z: 0.29964766
D/CAAccData(  572): x: -10.038197 y: -5.5571017 z: 0.08172209
D/CAAccData(  572): x: -10.18802 y: -0.38136974 z: 0.040861044
D/CAAccTime(  572): Tue Jun 22 09:43:14 Europe/Amsterdam 2010
D/CAAccData(  572): x: -10.337844 y: 2.6014864 z: 0.08172209
D/CAAccData(  572): x: -10.378705 y: 2.7921712 z: 0.27240697
D/CrashAlert(  572): Handler :2
D/CAAccData(  572): x: -9.724928 y: 2.5333846 z: 0.19068487
D/LocationManagerService(  144): Acquired wakelock
D/CAAccData(  572): x: -10.228881 y: 1.6889231 z: 0.3405087
I/CrashAlert(  572): ort geaendert 29.0
D/CrashAlertGPS(  572): 104.399994
D/LocationManagerService(  144): Released wakelock
D/CAAccData(  572): x: -9.888372 y: 0.14982383 z: 0.5720546
D/CAAccData(  572): x: -9.888372 y: -1.1441092 z: 0.38136974
D/CAAccData(  572): x: -9.765789 y: -2.1792557 z: 0.23154591
D/CAAccData(  572): x: -9.80665 y: -2.7921712 z: 0.10896278
D/CAAccData(  572): x: -10.079058 y: -2.1383946 z: 0.10896278
D/CAAccData(  572): x: -10.310603 y: -1.0760075 z: 0.19068487
D/CAAccData(  572): x: -10.378705 y: -0.10896278 z: 0.14982383
D/CAAccData(  572): x: -10.501288 y: 0.61291564 z: 0.19068487
D/CAAccData(  572): x: -10.501288 y: 0.95342433 z: 0.23154591
D/CAAccData(  572): x: -10.378705 y: 0.7218784 z: 0.14982383
D/CrashAlert(  572): Handler :2
D/CAAccData(  572): x: -10.18802 y: 0.3405087 z: 0.27240697
D/CAAccData(  572): x: -10.079058 y: -0.23154591 z: 0.29964766
D/CAAccData(  572): x: -9.915613 y: -0.84446156 z: 0.27240697
D/CAAccData(  572): x: -9.888372 y: -1.3075534 z: 0.29964766
D/CAAccData(  572): x: -9.80665 y: -1.2258313 z: 0.14982383
D/CAAccData(  572): x: -9.915613 y: -0.88532263 z: 0.19068487
D/CAAccData(  572): x: -10.079058 y: -0.38136974 z: 0.27240697
D/CAAccData(  572): x: -10.147159 y: 0.040861044 z: 0.29964766
D/CAAccData(  572): x: -10.228881 y: 0.27240697 z: 0.27240697
D/CAAccData(  572): x: -10.269742 y: 0.23154591 z: 0.23154591
D/CAAccData(  572): x: -10.228881 y: -0.040861044 z: 0.14982383
D/CAAccTime(  572): Tue Jun 22 09:43:15 Europe/Amsterdam 2010
D/CAAccData(  572): x: -10.18802 y: -0.38136974 z: 0.19068487
D/CrashAlert(  572): Handler :2
D/CAAccData(  572): x: -10.119919 y: -0.6946377 z: 0.14982383
D/CAAccData(  572): x: -9.997335 y: -0.88532263 z: 0.23154591
D/CAAccData(  572): x: -10.119919 y: -0.84446156 z: 0.10896278
D/CAAccData(  572): x: -10.038197 y: -0.61291564 z: 0.19068487
D/LocationManagerService(  144): Acquired wakelock
I/CrashAlert(  572): ort geaendert 0.0
D/CrashAlertGPS(  572): 0.0
D/LocationManagerService(  144): Released wakelock
D/CAAccData(  572): x: -10.079058 y: -0.38136974 z: 0.19068487
D/CAAccData(  572): x: -10.119919 y: -0.14982383 z: 0.23154591
D/CAAccData(  572): x: -10.147159 y: -0.040861044 z: 0.27240697
D/CAAccData(  572): x: -10.119919 y: -0.040861044 z: 0.27240697
D/CAAccData(  572): x: -10.269742 y: -0.14982383 z: 0.27240697
D/CAAccData(  572): x: -10.119919 y: -0.3405087 z: 0.27240697
D/CAAccData(  572): x: -10.079058 y: -0.46309182 z: 0.23154591
D/CAAccData(  572): x: -10.038197 y: -0.6537767 z: 0.10896278
D/CAAccData(  572): x: -10.119919 y: -0.61291564 z: 0.19068487
D/CrashAlert(  572): Handler :2
I/CrashAlert(  572): Status auf Aktiv gendert
D/CAAccData(  572): x: -10.147159 y: -0.42223078 z: 0.23154591
D/CAAccData(  572): x: -10.18802 y: -0.29964766 z: 0.23154591
D/CAAccData(  572): x: -10.147159 y: -0.23154591 z: 0.23154591
D/CAAccData(  572): x: -10.119919 y: -0.53119355 z: 0.23154591
D/CAAccData(  572): x: -9.997335 y: -0.29964766 z: 0.23154591
D/CAAccData(  572): x: -10.079058 y: -0.3405087 z: 0.19068487
D/CAAccData(  572): x: -10.18802 y: -0.29964766 z: 0.19068487
D/CAAccData(  572): x: -10.147159 y: -0.27240697 z: 0.27240697
D/CAAccData(  572): x: -10.228881 y: -0.27240697 z: 0.27240697
D/CAAccData(  572): x: -10.18802 y: -0.27240697 z: 0.19068487
D/CAAccData(  572): x: -10.269742 y: -0.29964766 z: 0.23154591
D/CAAccTime(  572): Tue Jun 22 09:43:16 Europe/Amsterdam 2010
D/CAAccData(  572): x: -10.18802 y: -0.29964766 z: 0.27240697
D/CrashAlert(  572): Handler :1
I/CrashAlert(  572): Status bleibt aktiv
D/CAAccData(  572): x: -10.18802 y: -0.29964766 z: 0.19068487
D/CAAccData(  572): x: -10.079058 y: -0.23154591 z: 0.19068487
D/LocationManagerService(  144): Acquired wakelock
I/CrashAlert(  572): ort geaendert 0.0
D/CrashAlertGPS(  572): 0.0
D/LocationManagerService(  144): Released wakelock
D/CAAccData(  572): x: -10.038197 y: -0.10896278 z: 0.27240697
D/CAAccData(  572): x: -9.997335 y: 0.0 z: 0.19068487
D/CAAccData(  572): x: -9.997335 y: 0.27240697 z: 0.10896278
D/CAAccData(  572): x: -9.997335 y: 0.19068487 z: 0.19068487
D/CAAccData(  572): x: -10.038197 y: 0.14982383 z: 0.29964766
D/CAAccData(  572): x: -9.997335 y: 0.23154591 z: 0.27240697
D/CAAccData(  572): x: -10.119919 y: 0.14982383 z: 0.42223078
D/CAAccData(  572): x: -10.038197 y: 0.14982383 z: 0.3405087
D/CAAccData(  572): x: -9.997335 y: 0.23154591 z: 0.27240697
D/CAAccData(  572): x: -10.038197 y: 0.19068487 z: 0.23154591
D/CrashAlert(  572): Handler :1
I/CrashAlert(  572): Status bleibt aktiv
D/CAAccData(  572): x: -9.997335 y: 0.38136974 z: 0.27240697
D/CAAccData(  572): x: -10.038197 y: 0.53119355 z: 0.19068487
D/CAAccData(  572): x: -10.038197 y: 0.61291564 z: 0.23154591
D/CAAccData(  572): x: -10.038197 y: 0.6946377 z: 0.23154591
D/CAAccData(  572): x: -9.956474 y: 0.6946377 z: 0.27240697
D/CAAccData(  572): x: -9.997335 y: 0.61291564 z: 0.29964766
D/CAAccData(  572): x: -9.956474 y: 0.7627395 z: 0.23154591
D/CAAccData(  572): x: -10.038197 y: 0.8036005 z: 0.9125633
D/CAAccData(  572): x: -9.915613 y: 0.88532263 z: 0.3405087
D/CAAccData(  572): x: -10.079058 y: 1.0351465 z: 0.3405087
D/CAAccData(  572): x: -10.038197 y: 0.92618364 z: 0.29964766
D/CAAccData(  572): x: -10.038197 y: 0.9942854 z: 0.29964766
D/CrashAlert(  572): Handler :1
I/CrashAlert(  572): Status bleibt aktiv
D/CAAccTime(  572): Tue Jun 22 09:43:17 Europe/Amsterdam 2010
D/CAAccData(  572): x: -9.997335 y: 1.0351465 z: 0.29964766
D/CAAccData(  572): x: -10.038197 y: 1.1168685 z: 0.27240697
D/CAAccData(  572): x: -10.038197 y: 0.9942854 z: 0.27240697
D/LocationManagerService(  144): Acquired wakelock
I/CrashAlert(  572): ort geaendert 0.0
D/CrashAlertGPS(  572): 0.0
D/LocationManagerService(  144): Released wakelock
D/CAAccData(  572): x: -9.997335 y: 1.1441092 z: 0.29964766
D/CAAccData(  572): x: -9.997335 y: 1.0351465 z: 0.23154591
D/CAAccData(  572): x: -9.997335 y: 1.1849703 z: 0.27240697
D/CAAccData(  572): x: -10.038197 y: 1.0760075 z: 0.29964766
D/CAAccData(  572): x: -9.956474 y: 1.1849703 z: 0.27240697
D/CAAccData(  572): x: -9.997335 y: 1.0760075 z: 0.29964766
D/CAAccData(  572): x: -9.956474 y: 1.1849703 z: 0.23154591
D/CAAccData(  572): x: -9.997335 y: 1.1849703 z: 0.29964766
D/CAAccData(  572): x: -9.997335 y: 1.2666923 z: 0.29964766
D/CrashAlert(  572): Handler :1
I/CrashAlert(  572): Status bleibt aktiv
D/CAAccData(  572): x: -10.038197 y: 1.3075534 z: 0.29964766
D/CAAccData(  572): x: -10.038197 y: 1.334794 z: 0.23154591
D/CAAccData(  572): x: -9.997335 y: 1.334794 z: 0.27240697
D/CAAccData(  572): x: -10.038197 y: 1.334794 z: 0.29964766
D/CAAccData(  572): x: -9.997335 y: 1.4165162 z: 0.27240697
D/CAAccData(  572): x: -9.956474 y: 1.3756552 z: 0.27240697
D/CAAccData(  572): x: -9.915613 y: 1.4573772 z: 0.29964766
D/CAAccData(  572): x: -9.956474 y: 1.334794 z: 0.27240697
D/CAAccData(  572): x: -9.956474 y: 1.4982382 z: 0.27240697
D/CAAccData(  572): x: -10.038197 y: 1.334794 z: 0.29964766
D/CAAccData(  572): x: -9.888372 y: 1.56634 z: 0.29964766
D/CAAccData(  572): x: -9.888372 y: 1.4573772 z: 0.42223078
D/CrashAlert(  572): Handler :1
I/CrashAlert(  572): Status bleibt aktiv
D/CAAccData(  572): x: -10.269742 y: 1.2666923 z: 0.14982383
D/CAAccTime(  572): Tue Jun 22 09:43:18 Europe/Amsterdam 2010
D/CAAccData(  572): x: -10.228881 y: 1.3075534 z: -0.0
D/LocationManagerService(  144): Acquired wakelock
D/dalvikvm(  572): GC freed 8455 objects / 524496 bytes in 98ms
D/CAAccData(  572): x: -9.915613 y: 1.607201 z: -0.040861044
I/CrashAlert(  572): ort geaendert 25.5
D/CrashAlertGPS(  572): 91.799995
D/LocationManagerService(  144): Released wakelock
D/CAAccData(  572): x: -9.724928 y: 1.334794 z: 0.27240697
D/CAAccData(  572): x: -9.724928 y: 1.5390993 z: 0.42223078
D/CAAccData(  572): x: -10.147159 y: 1.334794 z: 0.29964766
D/CAAccData(  572): x: -10.228881 y: 1.3756552 z: 0.27240697
D/CAAccData(  572): x: -10.079058 y: 1.334794 z: 0.040861044
D/CAAccData(  572): x: -9.915613 y: 1.2666923 z: 0.10896278
D/CAAccData(  572): x: -9.888372 y: 1.5390993 z: 0.27240697
D/CAAccData(  572): x: -9.997335 y: 1.2666923 z: 0.46309182
D/CAAccData(  572): x: -9.915613 y: 1.4982382 z: 0.50395286
D/CAAccData(  572): x: -9.915613 y: 1.3756552 z: 0.3405087
D/CrashAlert(  572): Handler :1
I/CrashAlert(  572): Status auf Prime gendert
D/CAAccData(  572): x: -9.888372 y: 1.334794 z: 0.3405087
D/CAAccData(  572): x: -9.915613 y: 1.4165162 z: 0.27240697
D/CAAccData(  572): x: -9.956474 y: 1.2666923 z: 0.29964766
D/CAAccData(  572): x: -9.997335 y: 1.2666923 z: 0.23154591
D/CAAccData(  572): x: -9.997335 y: 1.1441092 z: 0.14982383
D/CAAccData(  572): x: -9.997335 y: 1.0760075 z: 0.29964766
D/CAAccData(  572): x: -9.997335 y: 0.95342433 z: 0.10896278
D/CAAccData(  572): x: -9.997335 y: 0.92618364 z: 0.19068487
D/CAAccData(  572): x: -10.079058 y: 0.84446156 z: 0.19068487
D/CAAccData(  572): x: -9.997335 y: 0.84446156 z: 0.7627395
D/CAAccData(  572): x: -9.997335 y: 0.88532263 z: 0.19068487
D/CAAccData(  572): x: -9.956474 y: 0.88532263 z: 0.19068487
D/CrashAlert(  572): Handler :2
D/CAAccData(  572): x: -9.997335 y: 0.7627395 z: 0.27240697
D/CAAccData(  572): x: -9.956474 y: 0.6946377 z: 0.23154591
D/CAAccData(  572): x: -9.997335 y: 0.50395286 z: 0.23154591
D/LocationManagerService(  144): Acquired wakelock
I/CrashAlert(  572): ort geaendert 18.0
D/CrashAlertGPS(  572): 64.799995
D/LocationManagerService(  144): Released wakelock
D/CAAccTime(  572): Tue Jun 22 09:43:19 Europe/Amsterdam 2010
D/CAAccData(  572): x: -9.888372 y: 0.38136974 z: 0.23154591
D/CAAccData(  572): x: -9.915613 y: 0.313268 z: 0.19068487
D/CAAccData(  572): x: -9.915613 y: 0.23154591 z: 0.08172209
D/CAAccData(  572): x: -9.956474 y: 0.19068487 z: 0.10896278
D/CAAccData(  572): x: -9.997335 y: 0.040861044 z: 0.08172209
D/CAAccData(  572): x: -9.997335 y: 0.040861044 z: 0.10896278
D/CAAccData(  572): x: -10.119919 y: -0.08172209 z: 0.10896278
D/CAAccData(  572): x: -10.119919 y: -0.10896278 z: -0.0
D/CAAccData(  572): x: -10.038197 y: -0.10896278 z: -0.0
D/CAAccData(  572): x: -10.079058 y: -0.14982383 z: -0.0
D/CrashAlert(  572): Handler :2
D/CAAccData(  572): x: -9.997335 y: -0.10896278 z: 0.08172209
D/CAAccData(  572): x: -9.956474 y: -0.08172209 z: 0.14982383
D/CAAccData(  572): x: -10.079058 y: -0.040861044 z: 0.14982383
D/CAAccData(  572): x: -9.997335 y: -0.040861044 z: 0.10896278
D/CAAccData(  572): x: -10.079058 y: -0.10896278 z: 0.08172209
D/CAAccData(  572): x: -10.038197 y: -0.10896278 z: 0.10896278
D/CAAccData(  572): x: -9.997335 y: -0.19068487 z: 0.040861044
D/CAAccData(  572): x: -9.997335 y: -0.14982383 z: 0.08172209
D/CAAccData(  572): x: -10.079058 y: -0.14982383 z: 0.08172209
D/CAAccData(  572): x: -10.119919 y: -0.14982383 z: 0.08172209
D/CAAccData(  572): x: -10.079058 y: -0.10896278 z: 0.040861044
D/CAAccData(  572): x: -10.119919 y: -0.14982383 z: 0.040861044
D/CrashAlert(  572): Handler :2
D/CAAccData(  572): x: -10.119919 y: -0.10896278 z: -0.0
D/CAAccData(  572): x: -10.119919 y: -0.08172209 z: 0.040861044
D/LocationManagerService(  144): Acquired wakelock
I/CrashAlert(  572): ort geaendert 16.5
D/CrashAlertGPS(  572): 59.399998
D/LocationManagerService(  144): Released wakelock
D/CAAccData(  572): x: -10.038197 y: -0.08172209 z: 0.040861044
D/CAAccTime(  572): Tue Jun 22 09:43:20 Europe/Amsterdam 2010
D/CAAccData(  572): x: -10.038197 y: -0.14982383 z: 0.040861044
D/CAAccData(  572): x: -9.888372 y: -0.10896278 z: -0.040861044
D/CAAccData(  572): x: -9.997335 y: -0.10896278 z: -0.040861044
D/CAAccData(  572): x: -9.956474 y: -0.14982383 z: -0.08172209
D/CAAccData(  572): x: -10.038197 y: -0.10896278 z: -0.08172209
D/CAAccData(  572): x: -9.997335 y: -0.10896278 z: -0.08172209
D/CAAccData(  572): x: -10.147159 y: -0.10896278 z: -0.14982383
D/CAAccData(  572): x: -10.079058 y: -0.10896278 z: -0.10896278
D/CAAccData(  572): x: -10.038197 y: -0.10896278 z: -0.08172209
D/CrashAlert(  572): Handler :2
D/CAAccData(  572): x: -10.18802 y: -0.040861044 z: -0.0
D/CAAccData(  572): x: -10.119919 y: -0.10896278 z: -0.0
D/CAAccData(  572): x: -10.079058 y: -0.08172209 z: 0.08172209
D/CAAccData(  572): x: -10.038197 y: -0.10896278 z: -0.040861044
D/CAAccData(  572): x: -10.079058 y: -0.08172209 z: -0.040861044
D/CAAccData(  572): x: -10.079058 y: -0.10896278 z: -0.08172209
D/CAAccData(  572): x: -10.079058 y: -0.14982383 z: -0.040861044
D/CAAccData(  572): x: -9.997335 y: -0.08172209 z: -0.0
D/CAAccData(  572): x: -10.038197 y: -0.10896278 z: -0.0
D/CAAccData(  572): x: -10.038197 y: -0.10896278 z: -0.040861044
D/CAAccData(  572): x: -9.997335 y: -0.10896278 z: -0.0
D/CAAccData(  572): x: -10.038197 y: -0.14982383 z: -0.040861044
D/CAAccData(  572): x: -9.997335 y: -0.08172209 z: -0.0
D/CAAccData(  572): x: -10.038197 y: -0.19068487 z: -0.0
D/CrashAlert(  572): Handler :2
D/CAAccData(  572): x: -9.997335 y: -0.14982383 z: 0.040861044
D/CAAccData(  572): x: -10.038197 y: -0.19068487 z: -0.0
D/CAAccData(  572): x: -10.119919 y: -0.19068487 z: 0.08172209
D/LocationManagerService(  144): Acquired wakelock
I/CrashAlert(  572): ort geaendert 14.25
D/CrashAlertGPS(  572): 51.3
D/LocationManagerService(  144): Released wakelock
D/CAAccData(  572): x: -10.119919 y: -0.19068487 z: -0.0
D/CAAccTime(  572): Tue Jun 22 09:43:21 Europe/Amsterdam 2010
D/CAAccData(  572): x: -10.18802 y: -0.14982383 z: 0.040861044
D/CAAccData(  572): x: -10.18802 y: -0.14982383 z: -0.040861044
D/CAAccData(  572): x: -10.147159 y: -0.23154591 z: -0.040861044
D/CAAccData(  572): x: -10.18802 y: -0.19068487 z: -0.0
D/CAAccData(  572): x: -10.079058 y: -0.19068487 z: -0.040861044
D/CAAccData(  572): x: -9.997335 y: -0.14982383 z: -0.040861044
D/CAAccData(  572): x: -9.956474 y: -0.19068487 z: -0.08172209
D/CAAccData(  572): x: -9.997335 y: -0.19068487 z: -0.08172209
D/CAAccData(  572): x: -10.038197 y: -0.19068487 z: -0.08172209
D/CrashAlert(  572): Handler :2
D/CAAccData(  572): x: -9.956474 y: -0.23154591 z: -0.08172209
D/CAAccData(  572): x: -9.997335 y: -0.27240697 z: -0.10896278
D/CAAccData(  572): x: -10.038197 y: -0.19068487 z: -0.08172209
D/CAAccData(  572): x: -10.119919 y: -0.23154591 z: -0.08172209
D/CAAccData(  572): x: -10.079058 y: -0.23154591 z: -0.040861044
D/CAAccData(  572): x: -10.147159 y: -0.19068487 z: -0.040861044
D/CAAccData(  572): x: -10.119919 y: -0.23154591 z: -0.10896278
D/CAAccData(  572): x: -10.119919 y: -0.23154591 z: -0.08172209
D/CAAccData(  572): x: -10.147159 y: -0.23154591 z: -0.08172209
D/CAAccData(  572): x: -10.079058 y: -0.23154591 z: -0.040861044
D/CAAccData(  572): x: -9.956474 y: -0.14982383 z: -0.0
D/CAAccData(  572): x: -10.079058 y: -0.19068487 z: -0.040861044
D/CAAccData(  572): x: -9.956474 y: -0.27240697 z: -0.040861044
D/CrashAlert(  572): Handler :2
D/CAAccData(  572): x: -10.038197 y: -0.19068487 z: -0.040861044
D/CAAccData(  572): x: -10.038197 y: -0.27240697 z: -0.10896278
D/CAAccData(  572): x: -10.119919 y: -0.27240697 z: -0.10896278
D/LocationManagerService(  144): Acquired wakelock
I/CrashAlert(  572): ort geaendert 12.25
D/CrashAlertGPS(  572): 44.1
D/LocationManagerService(  144): Released wakelock
D/CAAccData(  572): x: -10.038197 y: -0.27240697 z: -0.040861044
D/CAAccTime(  572): Tue Jun 22 09:43:22 Europe/Amsterdam 2010
D/CAAccData(  572): x: -10.119919 y: -0.27240697 z: -0.040861044
D/CAAccData(  572): x: -10.119919 y: -0.23154591 z: -0.040861044
D/CAAccData(  572): x: -10.079058 y: -0.23154591 z: -0.08172209
D/CAAccData(  572): x: -10.119919 y: -0.23154591 z: -0.10896278
D/CAAccData(  572): x: -10.079058 y: -0.29964766 z: -0.14982383
D/CAAccData(  572): x: -9.997335 y: -0.23154591 z: -0.10896278
D/CAAccData(  572): x: -10.038197 y: -0.27240697 z: -0.040861044
D/CAAccData(  572): x: -9.997335 y: -0.27240697 z: -0.10896278
D/CrashAlert(  572): Handler :2
D/CAAccData(  572): x: -9.997335 y: -0.27240697 z: -0.040861044
D/CAAccData(  572): x: -10.119919 y: -0.27240697 z: -0.08172209
D/CAAccData(  572): x: -10.119919 y: -0.27240697 z: -0.040861044
D/CAAccData(  572): x: -10.079058 y: -0.23154591 z: -0.10896278
D/CAAccData(  572): x: -10.038197 y: -0.27240697 z: -0.19068487
D/CAAccData(  572): x: -9.956474 y: -0.23154591 z: -0.19068487
D/CAAccData(  572): x: -10.038197 y: -0.29964766 z: -0.14982383
D/CAAccData(  572): x: -10.038197 y: -0.27240697 z: -0.10896278
D/CAAccData(  572): x: -10.038197 y: -0.27240697 z: -0.08172209
D/CAAccData(  572): x: -10.119919 y: -0.27240697 z: -0.040861044
D/CAAccData(  572): x: -9.997335 y: -0.38136974 z: -0.040861044
D/CAAccData(  572): x: -10.18802 y: -0.27240697 z: -0.10896278
D/CAAccData(  572): x: -10.119919 y: -0.27240697 z: -0.14982383
D/CAAccData(  572): x: -9.997335 y: -0.29964766 z: -0.10896278
D/CrashAlert(  572): Handler :2
D/CAAccData(  572): x: -9.956474 y: -0.29964766 z: -0.10896278
D/CAAccData(  572): x: -9.997335 y: -0.27240697 z: -0.14982383
D/CAAccData(  572): x: -9.956474 y: -0.27240697 z: -0.19068487
D/LocationManagerService(  144): Acquired wakelock
I/CrashAlert(  572): ort geaendert 8.5
D/CrashAlertGPS(  572): 30.599998
D/LocationManagerService(  144): Released wakelock
D/CAAccData(  572): x: -9.956474 y: -0.29964766 z: -0.19068487
D/CAAccData(  572): x: -10.038197 y: -0.29964766 z: -0.23154591
D/CAAccTime(  572): Tue Jun 22 09:43:23 Europe/Amsterdam 2010
D/CAAccData(  572): x: -9.997335 y: -0.23154591 z: -0.14982383
D/CAAccData(  572): x: -9.997335 y: -0.27240697 z: -0.14982383
D/CAAccData(  572): x: -9.956474 y: -0.29964766 z: -0.19068487
D/CAAccData(  572): x: -10.038197 y: -0.29964766 z: -0.23154591
D/CAAccData(  572): x: -10.147159 y: -0.27240697 z: -0.23154591
D/CAAccData(  572): x: -10.079058 y: -0.38136974 z: -0.19068487
D/CAAccData(  572): x: -10.079058 y: -0.38136974 z: -0.10896278
D/CAAccData(  572): x: -10.18802 y: -0.29964766 z: -0.08172209
D/CrashAlert(  572): Handler :2
D/CAAccData(  572): x: -10.228881 y: -0.3405087 z: -0.10896278
D/CAAccData(  572): x: -10.147159 y: -0.38136974 z: -0.14982383
D/CAAccData(  572): x: -9.997335 y: -0.29964766 z: -0.14982383
D/CAAccData(  572): x: -9.997335 y: -0.27240697 z: -0.10896278
D/CAAccData(  572): x: -9.997335 y: -0.3405087 z: -0.14982383
D/CAAccData(  572): x: -9.997335 y: -0.29964766 z: -0.0
D/CAAccData(  572): x: -10.038197 y: -0.29964766 z: -0.10896278
D/CAAccData(  572): x: -10.079058 y: -0.29964766 z: -0.23154591
D/CAAccData(  572): x: -10.079058 y: -0.3405087 z: -0.23154591
D/CAAccData(  572): x: -10.038197 y: -0.29964766 z: -0.19068487
D/CAAccData(  572): x: -9.956474 y: -0.27240697 z: -0.19068487
D/CAAccData(  572): x: -9.956474 y: -0.29964766 z: -0.23154591
D/CAAccData(  572): x: -10.119919 y: -0.3405087 z: -0.14982383
D/CrashAlert(  572): Handler :2
D/CAAccData(  572): x: -10.119919 y: -0.27240697 z: -0.14982383
D/CAAccData(  572): x: -10.18802 y: -0.29964766 z: -0.19068487
D/LocationManagerService(  144): Acquired wakelock
I/CrashAlert(  572): ort geaendert 6.0
D/CrashAlertGPS(  572): 21.599998
D/LocationManagerService(  144): Released wakelock
D/CAAccData(  572): x: -10.119919 y: -0.23154591 z: -0.14982383
D/CAAccData(  572): x: -10.119919 y: -0.29964766 z: -0.19068487
D/CAAccData(  572): x: -10.079058 y: -0.3405087 z: -0.19068487
D/CAAccData(  572): x: -10.079058 y: -0.27240697 z: -0.14982383
D/CAAccTime(  572): Tue Jun 22 09:43:24 Europe/Amsterdam 2010
D/CAAccData(  572): x: -10.079058 y: -0.29964766 z: -0.10896278
D/CAAccData(  572): x: -10.119919 y: -0.3405087 z: -0.10896278
D/CAAccData(  572): x: -10.079058 y: -0.23154591 z: -0.14982383
D/dalvikvm(  572): GC freed 8337 objects / 523824 bytes in 97ms
D/CAAccData(  572): x: -10.079058 y: -0.27240697 z: -0.14982383
D/CrashAlert(  572): Handler :2
D/CAAccData(  572): x: -10.119919 y: -0.29964766 z: -0.14982383
D/CAAccData(  572): x: -10.119919 y: -0.27240697 z: -0.19068487
D/CAAccData(  572): x: -10.079058 y: -0.29964766 z: -0.19068487
D/CAAccData(  572): x: -9.956474 y: -0.29964766 z: -0.10896278
D/CAAccData(  572): x: -10.079058 y: -0.27240697 z: -0.19068487
D/CAAccData(  572): x: -10.038197 y: -0.3405087 z: -0.08172209
D/CAAccData(  572): x: -10.038197 y: -0.27240697 z: -0.08172209
D/CAAccData(  572): x: -10.079058 y: -0.29964766 z: -0.08172209
D/CAAccData(  572): x: -9.997335 y: -0.29964766 z: -0.08172209
D/CAAccData(  572): x: -9.997335 y: -0.27240697 z: -0.08172209
D/CAAccData(  572): x: -10.079058 y: -0.27240697 z: -0.19068487
D/CAAccData(  572): x: -10.119919 y: -0.23154591 z: -0.19068487
D/CAAccData(  572): x: -10.119919 y: -0.23154591 z: -0.10896278
D/CAAccData(  572): x: -10.079058 y: -0.23154591 z: -0.08172209
D/CAAccData(  572): x: -9.997335 y: -0.27240697 z: -0.10896278
D/CAAccData(  572): x: -9.997335 y: -0.23154591 z: -0.08172209
D/CrashAlert(  572): Handler :2
D/CAAccData(  572): x: -9.915613 y: -0.23154591 z: -0.08172209
D/CAAccData(  572): x: -10.119919 y: -0.27240697 z: -0.14982383
D/LocationManagerService(  144): Acquired wakelock
I/CrashAlert(  572): ort geaendert 5.0
D/CrashAlertGPS(  572): 18.0
D/LocationManagerService(  144): Released wakelock
D/CAAccData(  572): x: -10.147159 y: -0.29964766 z: -0.10896278
D/CAAccData(  572): x: -10.079058 y: -0.29964766 z: -0.08172209
D/CAAccData(  572): x: -10.147159 y: -0.29964766 z: -0.08172209
D/CAAccData(  572): x: -10.147159 y: -0.27240697 z: -0.040861044
D/CAAccData(  572): x: -10.119919 y: -0.27240697 z: -0.08172209
D/CAAccTime(  572): Tue Jun 22 09:43:25 Europe/Amsterdam 2010
D/CAAccData(  572): x: -10.147159 y: -0.3405087 z: -0.08172209
D/CAAccData(  572): x: -10.038197 y: -0.27240697 z: -0.08172209
D/CAAccData(  572): x: -10.079058 y: -0.29964766 z: -0.08172209
D/CAAccData(  572): x: -9.997335 y: -0.3405087 z: -0.0
D/CAAccData(  572): x: -9.997335 y: -0.27240697 z: -0.0
D/CAAccData(  572): x: -10.079058 y: -0.27240697 z: -0.040861044
D/CrashAlert(  572): Handler :2
D/CAAccData(  572): x: -9.956474 y: -0.27240697 z: -0.08172209
D/CAAccData(  572): x: -10.038197 y: -0.23154591 z: -0.040861044
D/CAAccData(  572): x: -9.956474 y: -0.23154591 z: -0.08172209
D/CAAccData(  572): x: -10.038197 y: -0.27240697 z: -0.08172209
D/CAAccData(  572): x: -10.038197 y: -0.29964766 z: -0.08172209
D/CAAccData(  572): x: -10.147159 y: -0.27240697 z: -0.040861044
D/CAAccData(  572): x: -10.18802 y: -0.29964766 z: -0.040861044
D/CAAccData(  572): x: -10.18802 y: -0.3405087 z: -0.040861044
D/CAAccData(  572): x: -10.119919 y: -0.27240697 z: -0.10896278
D/CAAccData(  572): x: -10.147159 y: -0.27240697 z: -0.10896278
D/CAAccData(  572): x: -10.147159 y: -0.3405087 z: -0.19068487
D/CAAccData(  572): x: -10.038197 y: -0.29964766 z: -0.10896278
D/CAAccData(  572): x: -9.956474 y: -0.19068487 z: -0.0
D/CrashAlert(  572): Handler :2
D/CAAccData(  572): x: -9.956474 y: -0.23154591 z: 0.040861044
D/CAAccData(  572): x: -9.997335 y: -0.14982383 z: 0.040861044
D/LocationManagerService(  144): Acquired wakelock
I/CrashAlert(  572): ort geaendert 4.25
D/CrashAlertGPS(  572): 15.299999
D/LocationManagerService(  144): Released wakelock
D/CAAccData(  572): x: -10.038197 y: -0.10896278 z: -0.0
D/CAAccData(  572): x: -10.147159 y: -0.14982383 z: -0.08172209
D/CAAccData(  572): x: -10.079058 y: -0.14982383 z: -0.14982383
D/CAAccData(  572): x: -10.038197 y: -0.14982383 z: -0.08172209
D/CAAccData(  572): x: -10.119919 y: -0.10896278 z: -0.08172209
D/CAAccTime(  572): Tue Jun 22 09:43:26 Europe/Amsterdam 2010
D/CAAccData(  572): x: -10.038197 y: -0.10896278 z: -0.040861044
D/CAAccData(  572): x: -9.997335 y: -0.10896278 z: -0.040861044
D/CAAccData(  572): x: -9.997335 y: -0.14982383 z: -0.10896278
D/CAAccData(  572): x: -10.079058 y: -0.10896278 z: -0.14982383
D/CAAccData(  572): x: -10.079058 y: -0.10896278 z: -0.10896278
D/CrashAlert(  572): Handler :2
D/CAAccData(  572): x: -10.079058 y: -0.10896278 z: -0.14982383
D/CAAccData(  572): x: -10.079058 y: -0.14982383 z: -0.14982383
D/CAAccData(  572): x: -10.079058 y: -0.14982383 z: -0.19068487
D/CAAccData(  572): x: -10.119919 y: -0.10896278 z: -0.14982383
D/CAAccData(  572): x: -10.038197 y: -0.14982383 z: -0.14982383
D/CAAccData(  572): x: -10.038197 y: -0.14982383 z: -0.19068487
D/CAAccData(  572): x: -9.915613 y: -0.19068487 z: -0.27240697
D/CAAccData(  572): x: -9.956474 y: -0.14982383 z: -0.313268
D/CAAccData(  572): x: -9.915613 y: -0.10896278 z: -0.313268
D/CAAccData(  572): x: -9.888372 y: -0.10896278 z: -0.3405087
D/CAAccData(  572): x: -9.765789 y: -0.040861044 z: -0.27240697
D/CAAccData(  572): x: -9.997335 y: -0.08172209 z: -0.3405087
D/CAAccData(  572): x: -9.956474 y: -0.14982383 z: -0.3405087
D/CrashAlert(  572): Handler :2
D/CAAccData(  572): x: -10.079058 y: -0.10896278 z: -0.3405087
D/CAAccData(  572): x: -10.079058 y: -0.10896278 z: -0.313268
D/LocationManagerService(  144): Acquired wakelock
I/CrashAlert(  572): ort geaendert 4.0
D/CrashAlertGPS(  572): 14.4
D/CrashAlert(  572): 2OnstatusChanged
D/LocationManagerService(  144): Released wakelock
D/CAAccData(  572): x: -10.147159 y: -0.14982383 z: -0.313268
D/CAAccData(  572): x: -10.119919 y: -0.10896278 z: -0.3405087
D/CAAccData(  572): x: -10.038197 y: -0.19068487 z: -0.313268
D/CAAccData(  572): x: -10.119919 y: -0.19068487 z: -0.23154591
D/CAAccData(  572): x: -9.997335 y: -0.14982383 z: -0.3405087
D/CAAccData(  572): x: -9.956474 y: -0.19068487 z: -0.3405087
D/CAAccTime(  572): Tue Jun 22 09:43:28 Europe/Amsterdam 2010
D/CAAccData(  572): x: -9.956474 y: -0.19068487 z: -0.27240697
D/CAAccData(  572): x: -9.956474 y: -0.14982383 z: -0.3405087
D/CAAccData(  572): x: -9.915613 y: -0.14982383 z: -0.3405087
D/CAAccData(  572): x: -9.888372 y: -0.23154591 z: -0.3405087
D/CrashAlert(  572): Handler :2
I/CrashAlert(  572): Status auf Aktiv gendert
D/CAAccData(  572): x: -9.847511 y: -0.14982383 z: -0.23154591
D/CAAccData(  572): x: -9.956474 y: -0.23154591 z: -0.3405087
D/CAAccData(  572): x: -10.038197 y: -0.040861044 z: -0.38136974
D/CAAccData(  572): x: -9.997335 y: -0.23154591 z: -0.313268
D/CAAccData(  572): x: -9.997335 y: -0.29964766 z: -0.27240697
D/CAAccData(  572): x: -9.997335 y: -0.23154591 z: -0.313268
D/CAAccData(  572): x: -10.038197 y: -0.23154591 z: -0.313268
D/CAAccData(  572): x: -9.997335 y: -0.19068487 z: -0.3405087
D/CAAccData(  572): x: -10.147159 y: -0.27240697 z: -0.38136974
D/CAAccData(  572): x: -10.079058 y: -0.23154591 z: -0.3405087
D/CAAccData(  572): x: -10.18802 y: -0.27240697 z: -0.3405087
D/CAAccData(  572): x: -10.119919 y: -0.29964766 z: -0.313268
D/CAAccData(  572): x: -10.038197 y: -0.29964766 z: -0.3405087
D/CAAccData(  572): x: -10.038197 y: -0.29964766 z: -0.38136974
D/CrashAlert(  572): Handler :1
I/CrashAlert(  572): Status bleibt aktiv
D/CAAccData(  572): x: -9.915613 y: -0.29964766 z: -0.313268
D/CAAccData(  572): x: -9.888372 y: -0.3405087 z: -0.38136974
D/CAAccData(  572): x: -9.956474 y: -0.27240697 z: -0.3405087
D/LocationManagerService(  144): Acquired wakelock
I/CrashAlert(  572): ort geaendert 4.0
D/CrashAlertGPS(  572): 14.4
D/LocationManagerService(  144): Released wakelock
D/CAAccData(  572): x: -9.956474 y: -0.29964766 z: -0.313268
D/CAAccData(  572): x: -9.915613 y: -0.27240697 z: -0.27240697
D/CAAccData(  572): x: -9.956474 y: -0.23154591 z: -0.3405087
D/CAAccData(  572): x: -9.997335 y: -0.27240697 z: -0.313268
D/CAAccData(  572): x: -9.915613 y: -0.27240697 z: -0.3405087
D/CAAccData(  572): x: -9.997335 y: -0.23154591 z: -0.313268
D/CAAccTime(  572): Tue Jun 22 09:43:29 Europe/Amsterdam 2010
D/CAAccData(  572): x: -10.038197 y: -0.29964766 z: -0.3405087
D/CAAccData(  572): x: -10.119919 y: -0.3405087 z: -0.19068487
D/CAAccData(  572): x: -10.147159 y: -0.27240697 z: -0.27240697
D/CrashAlert(  572): Handler :1
I/CrashAlert(  572): Status bleibt aktiv
D/CAAccData(  572): x: -10.119919 y: -0.3405087 z: -0.27240697
D/CAAccData(  572): x: -10.119919 y: -0.3405087 z: -0.313268
D/CAAccData(  572): x: -10.147159 y: -0.3405087 z: -0.27240697
D/CAAccData(  572): x: -10.119919 y: -0.27240697 z: -0.23154591
D/CAAccData(  572): x: -9.915613 y: -0.29964766 z: -0.313268
D/CAAccData(  572): x: -9.915613 y: -0.29964766 z: -0.27240697
D/CAAccData(  572): x: -9.997335 y: -0.3405087 z: -0.27240697
D/CAAccData(  572): x: -9.847511 y: -0.23154591 z: -0.23154591
D/CAAccData(  572): x: -9.956474 y: -0.27240697 z: -0.19068487
D/CAAccData(  572): x: -9.888372 y: -0.29964766 z: -0.19068487
D/CAAccData(  572): x: -9.80665 y: -0.27240697 z: -0.19068487
D/CAAccData(  572): x: -9.997335 y: -0.27240697 z: -0.19068487
D/CAAccData(  572): x: -10.038197 y: -0.27240697 z: -0.10896278
D/CrashAlert(  572): Handler :1
I/CrashAlert(  572): Status bleibt aktiv
D/CAAccData(  572): x: -10.18802 y: -0.27240697 z: -0.10896278
D/CAAccData(  572): x: -10.119919 y: -0.27240697 z: -0.10896278
D/LocationManagerService(  144): Acquired wakelock
I/CrashAlert(  572): ort geaendert 4.25
D/CrashAlertGPS(  572): 15.299999
D/LocationManagerService(  144): Released wakelock
D/CAAccData(  572): x: -10.18802 y: -0.23154591 z: -0.10896278
D/CAAccData(  572): x: -10.228881 y: -0.29964766 z: -0.14982383
D/CAAccData(  572): x: -9.956474 y: -0.27240697 z: -0.10896278
D/CAAccData(  572): x: -9.956474 y: -0.23154591 z: -0.14982383
D/CAAccData(  572): x: -9.915613 y: -0.23154591 z: -0.23154591
D/CAAccData(  572): x: -9.915613 y: -0.27240697 z: -0.19068487
D/CAAccData(  572): x: -9.956474 y: -0.27240697 z: -0.14982383
D/CAAccData(  572): x: -9.956474 y: -0.29964766 z: -0.14982383
D/CAAccTime(  572): Tue Jun 22 09:43:30 Europe/Amsterdam 2010
D/CAAccData(  572): x: -10.038197 y: -0.27240697 z: -0.14982383
D/CAAccData(  572): x: -10.038197 y: -0.27240697 z: -0.10896278
D/CrashAlert(  572): Handler :1
I/CrashAlert(  572): Status auf Prime gendert
D/CAAccData(  572): x: -9.997335 y: -0.3405087 z: -0.08172209
D/CAAccData(  572): x: -10.079058 y: -0.29964766 z: -0.08172209
D/CAAccData(  572): x: -10.038197 y: -0.29964766 z: -0.08172209
D/CAAccData(  572): x: -10.038197 y: -0.27240697 z: -0.10896278
D/CAAccData(  572): x: -10.119919 y: -0.29964766 z: -0.08172209
D/CAAccData(  572): x: -10.119919 y: -0.3405087 z: -0.040861044
D/CAAccData(  572): x: -10.079058 y: -0.27240697 z: -0.0
D/CAAccData(  572): x: -10.038197 y: -0.27240697 z: -0.040861044
D/CAAccData(  572): x: -10.038197 y: -0.27240697 z: -0.0
D/CAAccData(  572): x: -10.038197 y: -0.29964766 z: -0.040861044
D/CAAccData(  572): x: -10.038197 y: -0.3405087 z: -0.040861044
D/CAAccData(  572): x: -10.038197 y: -0.3405087 z: -0.08172209
D/CAAccData(  572): x: -10.119919 y: -0.29964766 z: 0.14982383
D/CrashAlert(  572): Handler :2
D/CAAccData(  572): x: -10.228881 y: -0.3405087 z: 0.10896278
D/CAAccData(  572): x: -10.18802 y: -0.3405087 z: 0.7627395
D/CAAccData(  572): x: -10.18802 y: -0.3405087 z: 0.27240697
D/LocationManagerService(  144): Acquired wakelock
I/CrashAlert(  572): ort geaendert 4.25
D/CrashAlertGPS(  572): 15.299999
D/LocationManagerService(  144): Released wakelock
D/CAAccData(  572): x: -10.269742 y: -0.42223078 z: 0.23154591
D/CAAccData(  572): x: -10.18802 y: -0.3405087 z: 0.23154591
D/CAAccData(  572): x: -10.18802 y: -0.3405087 z: 0.27240697
D/CAAccData(  572): x: -10.228881 y: -0.38136974 z: 0.27240697
D/CAAccData(  572): x: -10.147159 y: -0.38136974 z: 0.23154591
D/CAAccData(  572): x: -10.119919 y: -0.38136974 z: 0.19068487
D/CAAccData(  572): x: -10.147159 y: -0.3405087 z: 0.19068487
D/CAAccData(  572): x: -10.18802 y: -0.38136974 z: 0.19068487
D/CAAccTime(  572): Tue Jun 22 09:43:31 Europe/Amsterdam 2010
D/CAAccData(  572): x: -10.079058 y: -0.3405087 z: 0.23154591
D/CAAccData(  572): x: -10.079058 y: -0.29964766 z: 0.14982383
D/CrashAlert(  572): Handler :2
D/CAAccData(  572): x: -10.119919 y: -0.42223078 z: 0.7627395
D/CAAccData(  572): x: -10.147159 y: -0.29964766 z: 0.08172209
D/CAAccData(  572): x: -10.228881 y: -0.42223078 z: 0.7627395
D/dalvikvm(  572): GC freed 8356 objects / 523912 bytes in 97ms
D/CAAccData(  572): x: -10.378705 y: -0.38136974 z: 0.7627395
D/CAAccData(  572): x: -10.310603 y: -0.42223078 z: 0.10896278
D/CAAccData(  572): x: -10.310603 y: -0.3405087 z: 0.19068487
D/CAAccData(  572): x: -10.228881 y: -0.42223078 z: 0.23154591
D/CAAccData(  572): x: -10.310603 y: -0.38136974 z: 0.19068487
D/CAAccData(  572): x: -10.228881 y: -0.3405087 z: 0.27240697
D/CAAccData(  572): x: -10.038197 y: -0.38136974 z: 0.19068487
D/CAAccData(  572): x: -10.147159 y: -0.46309182 z: 0.23154591
D/CAAccData(  572): x: -10.147159 y: -0.8036005 z: 0.10896278
D/CAAccData(  572): x: -10.228881 y: -0.95342433 z: 0.08172209
D/CrashAlert(  572): Handler :2
D/CAAccData(  572): x: -10.147159 y: -1.0351465 z: 0.19068487
D/CAAccData(  572): x: -10.147159 y: -1.3075534 z: 0.23154591
D/LocationManagerService(  144): Acquired wakelock
I/CrashAlert(  572): ort geaendert 4.75
D/CrashAlertGPS(  572): 17.1
D/LocationManagerService(  144): Released wakelock
D/CAAccData(  572): x: -10.228881 y: -1.3075534 z: 0.29964766
D/CAAccData(  572): x: -10.228881 y: -1.4165162 z: 0.19068487
D/CAAccData(  572): x: -10.228881 y: -1.4982382 z: 0.19068487
D/CAAccData(  572): x: -10.269742 y: -1.2666923 z: 0.27240697
D/CAAccData(  572): x: -10.18802 y: -1.2666923 z: 0.27240697
D/CAAccData(  572): x: -10.18802 y: -1.1441092 z: 0.19068487
D/CAAccData(  572): x: -10.147159 y: -1.1441092 z: 0.23154591
D/CAAccData(  572): x: -10.228881 y: -1.0351465 z: 0.14982383
D/CAAccData(  572): x: -10.147159 y: -1.1168685 z: 0.23154591
D/CAAccTime(  572): Tue Jun 22 09:43:32 Europe/Amsterdam 2010
D/CAAccData(  572): x: -10.119919 y: -1.1441092 z: 0.14982383
D/CrashAlert(  572): Handler :2
D/CAAccData(  572): x: -10.18802 y: -1.1849703 z: 0.040861044
D/CAAccData(  572): x: -10.119919 y: -1.2666923 z: 0.19068487
D/CAAccData(  572): x: -10.228881 y: -1.3075534 z: 0.23154591
D/CAAccData(  572): x: -10.18802 y: -1.334794 z: 0.23154591
D/CAAccData(  572): x: -10.18802 y: -1.2666923 z: 0.29964766
D/CAAccData(  572): x: -10.079058 y: -1.2258313 z: 0.27240697
D/CAAccData(  572): x: -10.147159 y: -1.2258313 z: 0.27240697
D/CAAccData(  572): x: -10.147159 y: -1.1441092 z: 0.23154591
D/CAAccData(  572): x: -10.119919 y: -1.1441092 z: 0.23154591
D/CAAccData(  572): x: -10.119919 y: -1.1168685 z: 0.19068487
D/CAAccData(  572): x: -10.147159 y: -1.1441092 z: 0.23154591
D/CAAccData(  572): x: -10.119919 y: -1.1849703 z: 0.23154591
D/CAAccData(  572): x: -10.18802 y: -1.1849703 z: 0.19068487
D/CrashAlert(  572): Handler :2
D/CAAccData(  572): x: -10.18802 y: -1.2258313 z: 0.14982383
D/CAAccData(  572): x: -10.228881 y: -1.2258313 z: 0.14982383
D/LocationManagerService(  144): Acquired wakelock
I/CrashAlert(  572): ort geaendert 4.5
D/CrashAlertGPS(  572): 16.199999
D/CrashAlert(  572): 2OnstatusChanged
D/LocationManagerService(  144): Released wakelock
D/CAAccData(  572): x: -10.147159 y: -1.1849703 z: 0.19068487
D/CAAccData(  572): x: -10.119919 y: -1.1849703 z: 0.14982383
D/CAAccData(  572): x: -10.079058 y: -1.1168685 z: 0.10896278
D/CAAccData(  572): x: -9.956474 y: -1.1168685 z: 0.10896278
