D/CAAccData(  391): x: -1.5390993 y: 9.575105 z: 4.5900574
D/CAAccData(  391): x: -1.4165162 y: 9.275456 z: 4.2904096
D/CAAccData(  391): x: -1.4165162 y: 9.234595 z: 4.2495484
D/CrashAlert(  391): Handler :1
I/CrashAlert(  391): Status bleibt aktiv
D/CAAccData(  391): x: -1.2258313 y: 9.384419 z: 4.2495484
D/CAAccData(  391): x: -1.1849703 y: 9.084772 z: 4.2495484
D/CAAccData(  391): x: -0.95342433 y: 8.921328 z: 4.140586
D/AutoSetting(  258): service - ***setupWizardIsCompleted: true
D/AutoSetting(  258): service - ***chkConnected, mbReqChecking:false,mbApplyAll:true
D/AutoSetting(  258): service - ***no network is avaiable
D/AutoSetting(  258): service - doAutoSettings(), isNetworkAvailable: false, isUseWirelessNetworks: false, isTimeAutoState: true
D/CAAccData(  391): x: -0.95342433 y: 9.152874 z: 4.099725
V/HtcLocationService(  258): service - onDestroy()
D/LocationManager(  258): removeUpdates: listener = com.htc.htclocationservice.HtcLocationServiceAgent$7@454ca0a0
D/AutoSetting(  258): service - Some task result is not receive/OK, send event, mbReturnSetCity: false, mbReturnSetTime: false, mbReturnSetTimeZone: true, mbNotifyNoResult: true
D/AutoSetting(  258): service - stop self
D/AutoSetting(  258): service - wake lock release
D/CAAccData(  391): x: -0.7218784 y: 9.043911 z: 4.2086873
D/CAAccData(  391): x: -0.6946377 y: 8.921328 z: 4.0588636
D/CAAccData(  391): x: -0.6946377 y: 8.689782 z: 4.099725
D/CAAccData(  391): x: -0.7218784 y: 8.853226 z: 3.7864566
D/CAAccData(  391): x: -0.8036005 y: 8.689782 z: 3.8681788
D/CAAccData(  391): x: -0.6537767 y: 9.00305 z: 4.140586
D/CAAccData(  391): x: -0.5720546 y: 8.730643 z: 4.140586
D/CAAccTime(  391): Sun Jun 27 09:07:27 Europe/Amsterdam 2010
D/CAAccData(  391): x: -0.7627395 y: 8.580819 z: 4.3312707
D/CrashAlert(  391): Handler :1
I/CrashAlert(  391): Status bleibt aktiv
D/CAAccData(  391): x: -0.6946377 y: 9.152874 z: 4.372132
D/CAAccData(  391): x: -0.6946377 y: 8.962189 z: 4.2904096
D/CAAccData(  391): x: -0.6946377 y: 9.193735 z: 4.440233
D/CAAccData(  391): x: -0.5720546 y: 8.662541 z: 4.140586
D/CAAccData(  391): x: -0.61291564 y: 8.730643 z: 4.140586
D/CAAccData(  391): x: -0.7218784 y: 8.771504 z: 3.8681788
D/CAAccData(  391): x: -0.8036005 y: 8.662541 z: 4.3312707
D/CAAccData(  391): x: -1.1441092 y: 7.5865335 z: 5.6660647
D/CAAccData(  391): x: -1.1168685 y: 6.66035 z: 6.1700177
D/CAAccData(  391): x: -1.2666923 y: 6.742072 z: 7.082581
D/CAAccData(  391): x: -1.4165162 y: 5.9793324 z: 6.4015636
D/CAAccData(  391): x: -1.3756552 y: 7.014479 z: 7.205164
D/CrashAlert(  391): Handler :1
I/CrashAlert(  391): Status bleibt aktiv
D/CAAccData(  391): x: -1.7297841 y: 7.205164 z: 7.246025
D/CAAccData(  391): x: -1.4982382 y: 7.273266 z: 7.6954966
D/CAAccData(  391): x: -1.7297841 y: 6.5513873 z: 7.04172
D/CAAccData(  391): x: -1.4573772 y: 7.273266 z: 7.5456724
D/CAAccData(  391): x: -1.4573772 y: 6.742072 z: 6.973618
D/CAAccData(  391): x: -1.56634 y: 6.891896 z: 7.273266
D/CAAccData(  391): x: -1.4573772 y: 7.164303 z: 6.428804
D/CAAccData(  391): x: -1.4982382 y: 8.62168 z: 5.284695
D/CAAccData(  391): x: -1.1849703 y: 9.275456 z: 4.440233
D/CAAccData(  391): x: -1.1441092 y: 9.425281 z: 4.944186
D/CAAccData(  391): x: -1.1849703 y: 7.014479 z: 7.5456724
D/CrashAlert(  391): Handler :1
I/CrashAlert(  391): Status bleibt aktiv
D/CAAccTime(  391): Sun Jun 27 09:07:28 Europe/Amsterdam 2010
D/CAAccData(  391): x: -1.1441092 y: 8.19945 z: 6.510526
D/CAAccData(  391): x: -0.84446156 y: 9.997335 z: 5.6252036
D/CAAccData(  391): x: -0.95342433 y: 8.349273 z: 6.0201936
D/CAAccData(  391): x: -0.84446156 y: 8.430995 z: 6.0201936
D/CAAccData(  391): x: -0.84446156 y: 8.921328 z: 5.012288
D/CAAccData(  391): x: -0.8036005 y: 8.349273 z: 4.8216033
D/CAAccData(  391): x: -0.7218784 y: 7.8180795 z: 4.4810944
D/CAAccData(  391): x: -0.92618364 y: 7.8180795 z: 4.440233
D/CAAccData(  391): x: -0.88532263 y: 8.117727 z: 4.630918
D/CAAccData(  391): x: -0.7627395 y: 7.8861814 z: 4.399372
D/CAAccData(  391): x: -0.7627395 y: 8.158588 z: 4.5900574
D/dalvikvm(  391): GC freed 8535 objects / 523936 bytes in 130ms
D/CAAccData(  391): x: -0.7218784 y: 8.430995 z: 4.7126403
D/CrashAlert(  391): Handler :1
I/CrashAlert(  391): Status bleibt aktiv
D/CAAccData(  391): x: -0.7627395 y: 8.499097 z: 4.903325
D/CAAccData(  391): x: -0.95342433 y: 8.049625 z: 4.903325
D/CAAccData(  391): x: -0.88532263 y: 8.308413 z: 4.630918
D/CAAccData(  391): x: -1.0760075 y: 8.430995 z: 4.862464
D/CAAccData(  391): x: -0.84446156 y: 8.390134 z: 4.5900574
D/CAAccData(  391): x: -0.6946377 y: 8.349273 z: 4.7126403
D/CAAccData(  391): x: -0.5720546 y: 8.730643 z: 4.944186
D/CAAccData(  391): x: -0.46309182 y: 8.853226 z: 4.862464
D/CAAccData(  391): x: -0.46309182 y: 8.662541 z: 5.053149
D/CAAccData(  391): x: -0.38136974 y: 9.112013 z: 5.366417
D/CAAccData(  391): x: -0.38136974 y: 9.193735 z: 5.09401
D/CAAccData(  391): x: -0.5720546 y: 8.853226 z: 5.175732
D/CAAccData(  391): x: -0.46309182 y: 9.234595 z: 5.434519
D/CAAccData(  391): x: -0.46309182 y: 9.152874 z: 5.243834
D/CAAccTime(  391): Sun Jun 27 09:07:29 Europe/Amsterdam 2010
D/CAAccData(  391): x: -0.50395286 y: 9.112013 z: 5.09401
D/CAAccData(  391): x: -0.6537767 y: 9.193735 z: 5.407278
D/CrashAlert(  391): Handler :1
I/CrashAlert(  391): Status bleibt aktiv
D/CAAccData(  391): x: -0.84446156 y: 8.662541 z: 4.944186
D/CAAccData(  391): x: -0.95342433 y: 8.853226 z: 5.202973
D/CAAccData(  391): x: -0.95342433 y: 8.19945 z: 4.4810944
D/CAAccData(  391): x: -1.1168685 y: 8.008764 z: 4.5219555
D/CAAccData(  391): x: -1.0351465 y: 8.430995 z: 4.7126403
D/CAAccData(  391): x: -1.0760075 y: 8.349273 z: 4.7126403
D/CAAccData(  391): x: -0.95342433 y: 8.853226 z: 5.175732
D/CAAccData(  391): x: -1.0760075 y: 8.662541 z: 5.012288
D/CAAccData(  391): x: -1.1168685 y: 8.812365 z: 5.175732
D/CAAccData(  391): x: -1.1849703 y: 8.240311 z: 4.862464
D/CAAccData(  391): x: -1.334794 y: 7.9270425 z: 4.5628166
D/CAAccData(  391): x: -1.4982382 y: 8.499097 z: 4.8216033
D/CAAccData(  391): x: -1.607201 y: 7.8589406 z: 4.1814466
D/CrashAlert(  391): Handler :1
I/CrashAlert(  391): Status bleibt aktiv
D/CAAccData(  391): x: -1.920469 y: 8.281172 z: 5.012288
D/CAAccData(  391): x: -1.879608 y: 8.771504 z: 5.012288
D/CAAccData(  391): x: -2.2609777 y: 8.240311 z: 4.9850473
D/CAAccData(  391): x: -2.5333846 y: 9.112013 z: 5.47538
D/CAAccData(  391): x: -2.7240696 y: 7.9679036 z: 4.7126403
D/CAAccData(  391): x: -2.9556155 y: 8.076866 z: 4.630918
D/CAAccData(  391): x: -3.1054392 y: 8.076866 z: 5.09401
D/CAAccData(  391): x: -3.214402 y: 8.471856 z: 4.862464
D/CAAccData(  391): x: -3.3778462 y: 8.62168 z: 5.325556
D/CAAccData(  391): x: -3.5276701 y: 8.430995 z: 5.202973
D/CAAccData(  391): x: -3.486809 y: 8.349273 z: 5.175732
D/CAAccTime(  391): Sun Jun 27 09:07:30 Europe/Amsterdam 2010
D/CAAccData(  391): x: -3.5957718 y: 8.499097 z: 5.175732
D/CrashAlert(  391): Handler :1
I/CrashAlert(  391): Status bleibt aktiv
D/CAAccData(  391): x: -3.255263 y: 7.8589406 z: 4.2904096
D/CAAccData(  391): x: -3.486809 y: 7.5865335 z: 5.47538
D/CAAccData(  391): x: -3.0645783 y: 6.5513873 z: 6.66035
D/CAAccData(  391): x: -2.982856 y: 6.0882955 z: 5.9793324
D/CAAccData(  391): x: -2.6014864 y: 6.3607025 z: 6.782933
D/CAAccData(  391): x: -2.4516625 y: 5.47538 z: 6.1291566
D/CAAccData(  391): x: -2.3426998 y: 6.1291566 z: 6.782933
D/CAAccData(  391): x: -2.1792557 y: 4.630918 z: 7.246025
D/CAAccData(  391): x: -2.1111538 y: 4.671779 z: 7.8861814
D/CAAccData(  391): x: -2.070293 y: 4.140586 z: 8.730643
D/CAAccData(  391): x: -1.9885708 y: 4.671779 z: 9.152874
D/CAAccData(  391): x: -1.8387469 y: 4.630918 z: 9.765789
D/CAAccData(  391): x: -1.8387469 y: 4.8216033 z: 10.18802
D/CrashAlert(  391): Handler :1
I/CrashAlert(  391): Status bleibt aktiv
D/CAAccData(  391): x: -1.7978859 y: 5.175732 z: 10.528529
D/CAAccData(  391): x: -1.879608 y: 4.6036777 z: 10.228881
D/CAAccData(  391): x: -1.8387469 y: 5.175732 z: 10.691973
D/dalvikvm(  258): GC freed 4688 objects / 327328 bytes in 130ms
D/CAAccData(  391): x: -1.56634 y: 4.8216033 z: 10.337844
D/CAAccData(  391): x: -1.4982382 y: 4.5628166 z: 10.337844
D/CAAccData(  391): x: -1.2258313 y: 4.399372 z: 9.956474
D/CAAccData(  391): x: -1.0760075 y: 3.990762 z: 10.106298
D/CAAccData(  391): x: -0.7218784 y: 2.6014864 z: 9.466142
D/CAAccData(  391): x: -0.92618364 y: 2.070293 z: 10.079058
D/CAAccData(  391): x: -0.92618364 y: 1.9885708 z: 10.378705
D/CAAccData(  391): x: -0.84446156 y: 2.2201166 z: 10.651112
D/CAAccTime(  391): Sun Jun 27 09:07:31 Europe/Amsterdam 2010
D/CAAccData(  391): x: -0.88532263 y: 2.6014864 z: 11.114203
D/CrashAlert(  391): Handler :1
I/CrashAlert(  391): Status bleibt aktiv
D/CAAccData(  391): x: -0.5720546 y: 2.9147544 z: 11.536434
D/CAAccData(  391): x: -0.42223078 y: 2.6832085 z: 11.536434
D/CAAccData(  391): x: -0.46309182 y: 3.214402 z: 11.454713
D/CAAccData(  391): x: -0.313268 y: 4.3312707 z: 9.615966
D/CAAccData(  391): x: -0.0 y: 5.284695 z: 9.302697
D/CAAccData(  391): x: -0.040861044 y: 3.759216 z: 10.079058
D/CAAccData(  391): x: 0.29964766 y: 3.636633 z: 9.697687
D/CAAccData(  391): x: -0.0 y: 3.445948 z: 10.923519
D/CAAccData(  391): x: -0.23154591 y: 1.9477097 z: 9.697687
D/CAAccData(  391): x: -0.10896278 y: 1.56634 z: 11.032481
D/CAAccData(  391): x: -0.38136974 y: 1.9885708 z: 9.656827
D/CAAccData(  391): x: -0.3405087 y: -0.50395286 z: 10.378705
D/CrashAlert(  391): Handler :1
I/CrashAlert(  391): Status bleibt aktiv
D/CAAccData(  391): x: 0.10896278 y: 1.6889231 z: 11.032481
D/CAAccData(  391): x: 0.23154591 y: -0.9125633 z: 12.53072
D/CAAccData(  391): x: 0.9942854 y: 1.3756552 z: 11.536434
D/CAAccData(  391): x: 0.61291564 y: 0.5720546 z: 14.982383
D/CAAccData(  391): x: 0.84446156 y: 2.4516625 z: 15.4046135
D/CAAccData(  391): x: 1.1441092 y: 4.372132 z: 13.484144
D/CAAccData(  391): x: 1.6480621 y: 3.759216 z: 12.176591
D/CAAccData(  391): x: 1.4573772 y: 3.5276701 z: 10.147159
D/CAAccData(  391): x: 1.2666923 y: 3.1054392 z: 10.18802
D/CAAccData(  391): x: 1.6480621 y: 3.2961242 z: 10.269742
D/CAAccData(  391): x: 1.4982382 y: 3.173541 z: 9.80665
D/CrashAlert(  391): Handler :1
I/CrashAlert(  391): Status bleibt aktiv
D/CAAccTime(  391): Sun Jun 27 09:07:32 Europe/Amsterdam 2010
D/CAAccData(  391): x: 1.9477097 y: 4.5219555 z: 9.956474
D/CAAccData(  391): x: 1.920469 y: 5.5571017 z: 8.921328
D/CAAccData(  391): x: 2.3018389 y: 6.973618 z: 9.656827
D/CAAccData(  391): x: 1.9477097 y: 6.973618 z: 7.8861814
D/CAAccData(  391): x: 2.1383946 y: 7.6954966 z: 8.499097
D/CAAccData(  391): x: 2.6014864 y: 7.3958488 z: 8.076866
D/CAAccData(  391): x: 2.7513103 y: 6.4424243 z: 7.8589406
D/CAAccData(  391): x: 3.2961242 y: 6.3607025 z: 7.6273947
D/CAAccData(  391): x: 3.9771416 y: 5.8567495 z: 7.014479
D/CAAccData(  391): x: 3.9090397 y: 6.0882955 z: 6.973618
D/CAAccData(  391): x: 4.5219555 y: 5.2165933 z: 6.5513873
D/CAAccData(  391): x: 5.434519 y: 5.6252036 z: 7.4639506
D/CrashAlert(  391): Handler :1
I/CrashAlert(  391): Status bleibt aktiv
D/CAAccData(  391): x: 5.9793324 y: 6.238119 z: 8.117727
D/CAAccData(  391): x: 6.4015636 y: 6.4015636 z: 7.8861814
D/CAAccData(  391): x: 6.3198414 y: 6.2108784 z: 8.049625
D/CAAccData(  391): x: 6.851035 y: 6.238119 z: 7.9679036
D/CAAccData(  391): x: 7.3958488 y: 6.701211 z: 8.880466
D/CAAccData(  391): x: 7.7772183 y: 6.5922484 z: 8.662541
D/CAAccData(  391): x: 7.205164 y: 6.510526 z: 7.7772183
D/CAAccData(  391): x: 6.5922484 y: 5.829509 z: 7.1234417
D/CAAccData(  391): x: 5.7886477 y: 5.09401 z: 6.3607025
D/CAAccData(  391): x: 6.6331096 y: 5.053149 z: 6.1291566
D/CAAccData(  391): x: 6.0882955 y: 4.7535014 z: 6.510526
D/CAAccData(  391): x: 6.469665 y: 5.243834 z: 7.273266
D/CrashAlert(  391): Handler :1
I/CrashAlert(  391): Status bleibt aktiv
D/CAAccTime(  391): Sun Jun 27 09:07:33 Europe/Amsterdam 2010
D/CAAccData(  391): x: 7.504812 y: 6.4015636 z: 7.7363577
D/CAAccData(  391): x: 7.1234417 y: 6.701211 z: 8.049625
D/CAAccData(  391): x: 6.1291566 y: 6.5513873 z: 7.7772183
D/CAAccData(  391): x: 6.1700177 y: 6.6331096 z: 7.8861814
D/CAAccData(  391): x: 6.0882955 y: 6.66035 z: 7.7772183
D/CAAccData(  391): x: 5.47538 y: 5.9793324 z: 7.43671
D/CAAccData(  391): x: 4.944186 y: 6.0201936 z: 7.164303
D/CAAccData(  391): x: 4.2495484 y: 6.4424243 z: 7.3141265
D/CAAccData(  391): x: 3.8681788 y: 7.082581 z: 6.891896
D/CAAccData(  391): x: 3.405087 y: 7.5456724 z: 5.243834
D/CAAccData(  391): x: 3.214402 y: 7.8180795 z: 5.407278
D/CAAccData(  391): x: 2.7921712 y: 7.5865335 z: 6.238119
D/CrashAlert(  391): Handler :1
I/CrashAlert(  391): Status bleibt aktiv
D/CAAccData(  391): x: 2.4108016 y: 7.4639506 z: 6.2108784
D/CAAccData(  391): x: 1.9477097 y: 8.62168 z: 6.0201936
D/CAAccData(  391): x: 1.3756552 y: 8.62168 z: 5.6660647
D/CAAccData(  391): x: 1.0760075 y: 8.730643 z: 5.6252036
D/CAAccData(  391): x: 0.8036005 y: 8.62168 z: 5.47538
D/CAAccData(  391): x: 0.46309182 y: 9.043911 z: 5.5571017
D/CAAccData(  391): x: -0.23154591 y: 8.430995 z: 5.8158884
D/CAAccData(  391): x: -0.84446156 y: 7.8180795 z: 6.0474343
D/CAAccData(  391): x: -1.0760075 y: 6.5513873 z: 7.246025
D/CAAccData(  391): x: -1.2666923 y: 5.7886477 z: 6.701211
D/CAAccData(  391): x: -1.334794 y: 5.7477865 z: 6.851035
D/CAAccData(  391): x: -1.3075534 y: 5.706926 z: 6.932757
D/CrashAlert(  391): Handler :1
I/CrashAlert(  391): Status bleibt aktiv
D/CAAccTime(  391): Sun Jun 27 09:07:34 Europe/Amsterdam 2010
D/CAAccData(  391): x: -1.4982382 y: 5.9793324 z: 7.205164
D/CAAccData(  391): x: -1.6889231 y: 5.47538 z: 8.117727
D/CAAccData(  391): x: -2.0294318 y: 5.597963 z: 8.853226
D/CAAccData(  391): x: -2.5606253 y: 5.366417 z: 8.853226
D/CAAccData(  391): x: -2.7240696 y: 5.434519 z: 8.880466
D/CAAccData(  391): x: -3.0645783 y: 5.09401 z: 8.921328
D/CAAccData(  391): x: -3.214402 y: 4.944186 z: 8.62168
D/CAAccData(  391): x: -3.3778462 y: 4.862464 z: 8.962189
D/CAAccData(  391): x: -3.636633 y: 4.7535014 z: 8.539958
D/CAAccData(  391): x: -3.718355 y: 4.372132 z: 8.430995
D/CAAccData(  391): x: -3.990762 y: 4.5628166 z: 8.921328
D/CrashAlert(  391): Handler :1
I/CrashAlert(  391): Status bleibt aktiv
D/CAAccData(  391): x: -4.140586 y: 4.399372 z: 8.771504
D/CAAccData(  391): x: -4.1814466 y: 4.7126403 z: 9.043911
D/CAAccData(  391): x: -4.399372 y: 4.7535014 z: 9.084772
D/CAAccData(  391): x: -4.399372 y: 4.7943625 z: 9.234595
D/CAAccData(  391): x: -4.399372 y: 4.7126403 z: 9.193735
D/CAAccData(  391): x: -4.2904096 y: 4.7943625 z: 9.425281
D/CAAccData(  391): x: -4.372132 y: 4.862464 z: 9.466142
D/CAAccData(  391): x: -4.372132 y: 4.5219555 z: 9.534244
D/CAAccData(  391): x: -4.2904096 y: 4.630918 z: 9.956474
D/CAAccData(  391): x: -4.2495484 y: 4.4810944 z: 9.847511
D/CAAccData(  391): x: -4.1814466 y: 4.372132 z: 9.847511
D/CAAccData(  391): x: -4.099725 y: 4.6036777 z: 9.80665
D/CrashAlert(  391): Handler :1
I/CrashAlert(  391): Status bleibt aktiv
D/CAAccData(  391): x: -3.8273177 y: 4.6036777 z: 9.724928
D/CAAccTime(  391): Sun Jun 27 09:07:35 Europe/Amsterdam 2010
D/CAAccData(  391): x: -3.9090397 y: 4.862464 z: 9.575105
D/CAAccData(  391): x: -3.9090397 y: 4.5219555 z: 9.234595
D/CAAccData(  391): x: -3.636633 y: 4.399372 z: 9.084772
D/CAAccData(  391): x: -3.7864566 y: 4.399372 z: 9.152874
D/CAAccData(  391): x: -3.7864566 y: 4.399372 z: 9.275456
D/CAAccData(  391): x: -3.8681788 y: 4.440233 z: 9.425281
D/CAAccData(  391): x: -3.9499009 y: 4.7126403 z: 9.656827
D/CAAccData(  391): x: -4.099725 y: 4.6036777 z: 9.697687
D/CAAccData(  391): x: -4.099725 y: 4.5628166 z: 9.234595
D/CAAccData(  391): x: -3.7864566 y: 4.5219555 z: 9.275456
D/dalvikvm(  391): GC freed 8592 objects / 524880 bytes in 121ms
D/CAAccData(  391): x: -3.759216 y: 4.8216033 z: 8.62168
D/CrashAlert(  391): Handler :1
I/CrashAlert(  391): Status bleibt aktiv
D/CAAccData(  391): x: -3.568531 y: 5.053149 z: 8.580819
D/CAAccData(  391): x: -3.3778462 y: 5.2165933 z: 8.117727
D/CAAccData(  391): x: -3.2961242 y: 5.434519 z: 8.267551
D/CAAccData(  391): x: -3.1054392 y: 5.134871 z: 7.9679036
D/CAAccData(  391): x: -3.173541 y: 5.2165933 z: 8.730643
D/CAAccData(  391): x: -2.982856 y: 4.140586 z: 8.730643
D/CAAccData(  391): x: -3.173541 y: 4.399372 z: 9.765789
D/CAAccData(  391): x: -3.255263 y: 3.9499009 z: 9.534244
D/CAAccData(  391): x: -3.568531 y: 3.7864566 z: 9.847511
D/CAAccData(  391): x: -3.568531 y: 3.7864566 z: 9.997335
D/CAAccData(  391): x: -3.6774938 y: 3.5957718 z: 9.915613
D/CAAccData(  391): x: -3.8273177 y: 3.8273177 z: 10.038197
D/CAAccData(  391): x: -4.2904096 y: 3.759216 z: 9.80665
D/CAAccData(  391): x: -4.3312707 y: 3.9090397 z: 10.038197
D/CAAccTime(  391): Sun Jun 27 09:07:36 Europe/Amsterdam 2010
D/CAAccData(  391): x: -4.671779 y: 3.8681788 z: 10.18802
D/CrashAlert(  391): Handler :1
I/CrashAlert(  391): Status bleibt aktiv
D/CAAccData(  391): x: -4.8216033 y: 3.7864566 z: 9.915613
D/CAAccData(  391): x: -5.243834 y: 4.399372 z: 10.18802
D/CAAccData(  391): x: -5.47538 y: 4.2904096 z: 10.106298
D/CAAccData(  391): x: -5.366417 y: 4.1814466 z: 9.80665
D/CAAccData(  391): x: -5.6660647 y: 4.3312707 z: 10.106298
D/CAAccData(  391): x: -5.7477865 y: 4.140586 z: 10.079058
D/CAAccData(  391): x: -5.7477865 y: 4.3312707 z: 9.656827
D/CAAccData(  391): x: -6.1291566 y: 4.5628166 z: 9.466142
D/CAAccData(  391): x: -6.1700177 y: 4.944186 z: 9.615966
D/CAAccData(  391): x: -6.4424243 y: 5.175732 z: 9.534244
D/CAAccData(  391): x: -6.5513873 y: 5.175732 z: 8.730643
D/CrashAlert(  391): Handler :1
I/CrashAlert(  391): Status bleibt aktiv
D/CAAccData(  391): x: -7.164303 y: 6.4015636 z: 8.240311
D/CAAccData(  391): x: -7.205164 y: 6.510526 z: 8.049625
D/CAAccData(  391): x: -6.932757 y: 6.3607025 z: 7.3141265
D/CAAccData(  391): x: -7.164303 y: 6.4015636 z: 7.4639506
D/CAAccData(  391): x: -7.246025 y: 6.469665 z: 7.4639506
D/CAAccData(  391): x: -7.205164 y: 6.0474343 z: 7.3958488
D/CAAccData(  391): x: -7.5865335 y: 6.1700177 z: 7.014479
D/CAAccData(  391): x: -7.5865335 y: 6.4424243 z: 6.973618
D/CAAccData(  391): x: -8.008764 y: 7.205164 z: 5.5162406
D/CAAccData(  391): x: -7.9679036 y: 7.5456724 z: 5.012288
D/CAAccData(  391): x: -8.049625 y: 6.4424243 z: 5.6660647
D/CAAccData(  391): x: -8.117727 y: 7.014479 z: 5.5162406
D/CrashAlert(  391): Handler :1
I/CrashAlert(  391): Status bleibt aktiv
D/CAAccTime(  391): Sun Jun 27 09:07:37 Europe/Amsterdam 2010
D/CAAccData(  391): x: -8.117727 y: 7.3141265 z: 5.6252036
D/CAAccData(  391): x: -8.430995 y: 7.3958488 z: 5.5162406
D/CAAccData(  391): x: -8.430995 y: 7.8180795 z: 5.7886477
D/CAAccData(  391): x: -8.539958 y: 7.9270425 z: 5.6252036
D/CAAccData(  391): x: -8.430995 y: 8.076866 z: 5.6660647
D/CAAccData(  391): x: -8.430995 y: 8.689782 z: 5.6660647
D/CAAccData(  391): x: -8.076866 y: 8.499097 z: 5.6252036
D/CAAccData(  391): x: -7.8861814 y: 8.771504 z: 5.366417
D/CAAccData(  391): x: -7.5456724 y: 8.430995 z: 5.053149
D/CAAccData(  391): x: -7.014479 y: 8.539958 z: 4.8216033
D/CAAccData(  391): x: -6.973618 y: 8.662541 z: 4.630918
D/CAAccData(  391): x: -6.701211 y: 8.662541 z: 4.440233
D/CrashAlert(  391): Handler :1
I/CrashAlert(  391): Status bleibt aktiv
D/CAAccData(  391): x: -6.5513873 y: 8.689782 z: 4.5219555
D/CAAccData(  391): x: -6.4424243 y: 8.471856 z: 4.2495484
D/CAAccData(  391): x: -6.2789803 y: 8.689782 z: 4.3312707
D/CAAccData(  391): x: -6.2108784 y: 7.082581 z: 5.6252036
D/CAAccData(  391): x: -5.7477865 y: 6.510526 z: 6.2789803
D/CAAccData(  391): x: -5.2165933 y: 6.2108784 z: 5.8976107
D/CAAccData(  391): x: -5.2165933 y: 6.782933 z: 6.2108784
D/CAAccData(  391): x: -4.7943625 y: 6.238119 z: 6.701211
D/CAAccData(  391): x: -4.2086873 y: 4.7535014 z: 7.6273947
D/CAAccData(  391): x: -3.8273177 y: 5.012288 z: 8.240311
D/CAAccData(  391): x: -3.5957718 y: 4.2495484 z: 8.499097
D/CAAccData(  391): x: -3.336985 y: 4.0180025 z: 8.962189
D/CrashAlert(  391): Handler :1
I/CrashAlert(  391): Status bleibt aktiv
D/CAAccData(  391): x: -2.8330324 y: 3.7864566 z: 9.112013
D/CAAccTime(  391): Sun Jun 27 09:07:39 Europe/Amsterdam 2010
D/CAAccData(  391): x: -2.7649305 y: 3.9090397 z: 9.493382
D/CAAccData(  391): x: -2.3426998 y: 3.9090397 z: 9.765789
D/CAAccData(  391): x: -2.3426998 y: 4.2086873 z: 9.847511
D/CAAccData(  391): x: -2.070293 y: 4.7943625 z: 10.269742
D/CAAccData(  391): x: -1.8387469 y: 4.399372 z: 10.106298
D/CAAccData(  391): x: -1.3756552 y: 4.5219555 z: 10.18802
D/CAAccData(  391): x: -1.0351465 y: 4.3312707 z: 9.915613
D/CAAccData(  391): x: -0.88532263 y: 4.5628166 z: 9.193735
D/CAAccData(  391): x: -0.5720546 y: 4.944186 z: 8.812365
D/CAAccData(  391): x: -0.38136974 y: 5.09401 z: 8.853226
D/CAAccData(  391): x: -0.14982383 y: 4.6036777 z: 8.662541
D/CrashAlert(  391): Handler :1
I/CrashAlert(  391): Status bleibt aktiv
D/CAAccData(  391): x: -0.14982383 y: 4.5219555 z: 9.575105
D/CAAccData(  391): x: -0.0 y: 3.9499009 z: 9.656827
D/CAAccData(  391): x: -0.08172209 y: 3.718355 z: 9.724928
D/CAAccData(  391): x: 0.10896278 y: 3.9499009 z: 9.656827
D/CAAccData(  391): x: -0.0 y: 3.636633 z: 9.656827
D/CAAccData(  391): x: 0.08172209 y: 3.5957718 z: 9.765789
D/CAAccData(  391): x: 0.08172209 y: 3.636633 z: 9.656827
D/CAAccData(  391): x: 0.14982383 y: 3.8681788 z: 9.915613
D/CAAccData(  391): x: 0.19068487 y: 3.7864566 z: 9.956474
D/CAAccData(  391): x: 0.23154591 y: 4.099725 z: 9.997335
D/CAAccData(  391): x: 0.46309182 y: 3.7864566 z: 10.147159
D/CAAccData(  391): x: 0.7627395 y: 3.718355 z: 9.724928
D/CrashAlert(  391): Handler :1
I/CrashAlert(  391): Status bleibt aktiv
D/CAAccData(  391): x: 0.9942854 y: 4.9850473 z: 9.112013
D/CAAccData(  391): x: 0.95342433 y: 5.284695 z: 8.430995
D/CAAccTime(  391): Sun Jun 27 09:07:40 Europe/Amsterdam 2010
D/CAAccData(  391): x: 1.4573772 y: 5.175732 z: 8.390134
D/CAAccData(  391): x: 1.7297841 y: 5.09401 z: 8.267551
D/CAAccData(  391): x: 1.7570249 y: 5.284695 z: 7.9679036
D/CAAccData(  391): x: 2.070293 y: 5.434519 z: 8.499097
D/CAAccData(  391): x: 2.2201166 y: 5.6252036 z: 8.853226
D/CAAccData(  391): x: 2.2609777 y: 4.671779 z: 9.466142
D/CAAccData(  391): x: 2.4516625 y: 4.7535014 z: 8.499097
D/CAAccData(  391): x: 2.7513103 y: 5.09401 z: 8.471856
D/CAAccData(  391): x: 2.982856 y: 5.6660647 z: 8.349273
D/CAAccData(  391): x: 3.173541 y: 6.3198414 z: 7.8589406
D/CrashAlert(  391): Handler :1
I/CrashAlert(  391): Status bleibt aktiv
D/CAAccData(  391): x: 3.3642259 y: 6.3198414 z: 7.5865335
D/CAAccData(  391): x: 3.214402 y: 6.238119 z: 7.7363577
D/CAAccData(  391): x: 3.336985 y: 6.3607025 z: 7.8861814
D/CAAccData(  391): x: 3.636633 y: 6.4015636 z: 7.9270425
D/CAAccData(  391): x: 3.759216 y: 6.1700177 z: 7.8180795
D/CAAccData(  391): x: 4.0180025 y: 5.938472 z: 7.7772183
D/CAAccData(  391): x: 4.2495484 y: 5.938472 z: 8.117727
D/CAAccData(  391): x: 4.4810944 y: 5.8976107 z: 8.308413
D/CAAccData(  391): x: 4.7943625 y: 5.7477865 z: 8.430995
D/CAAccData(  391): x: 5.012288 y: 5.8976107 z: 8.430995
D/CAAccData(  391): x: 5.325556 y: 6.6331096 z: 8.049625
D/CAAccData(  391): x: 5.5571017 y: 6.3607025 z: 7.7772183
D/CrashAlert(  391): Handler :1
I/CrashAlert(  391): Status bleibt aktiv
D/CAAccData(  391): x: 5.5571017 y: 6.4015636 z: 7.7363577
D/CAAccData(  391): x: 5.597963 y: 6.4424243 z: 7.5865335
D/CAAccData(  391): x: 5.6252036 y: 6.4015636 z: 7.7772183
D/CAAccTime(  391): Sun Jun 27 09:07:41 Europe/Amsterdam 2010
D/CAAccData(  391): x: 5.5571017 y: 6.4424243 z: 7.6954966
D/CAAccData(  391): x: 5.7477865 y: 6.469665 z: 7.7363577
D/CAAccData(  391): x: 6.1700177 y: 6.742072 z: 7.4639506
D/CAAccData(  391): x: 6.1700177 y: 7.014479 z: 7.3958488
D/CAAccData(  391): x: 6.3607025 y: 7.7363577 z: 6.851035
D/CAAccData(  391): x: 6.0882955 y: 7.7363577 z: 5.7886477
D/CAAccData(  391): x: 6.3607025 y: 8.240311 z: 5.7477865
D/CAAccData(  391): x: 6.2789803 y: 8.076866 z: 5.5571017
D/CAAccData(  391): x: 6.66035 y: 8.19945 z: 5.706926
D/CrashAlert(  391): Handler :1
I/CrashAlert(  391): Status bleibt aktiv
D/CAAccData(  391): x: 6.2108784 y: 8.580819 z: 5.6252036
D/CAAccData(  391): x: 6.851035 y: 8.730643 z: 5.706926
D/CAAccData(  391): x: 6.3198414 y: 8.812365 z: 5.5571017
D/CAAccData(  391): x: 6.6331096 y: 8.962189 z: 5.8976107
D/CAAccData(  391): x: 6.66035 y: 8.771504 z: 5.8158884
D/CAAccData(  391): x: 6.469665 y: 8.962189 z: 5.7886477
D/CAAccData(  391): x: 6.3607025 y: 8.471856 z: 5.434519
D/CAAccData(  391): x: 6.510526 y: 8.349273 z: 5.434519
D/CAAccData(  391): x: 7.014479 y: 9.302697 z: 5.325556
D/CAAccData(  391): x: 6.742072 y: 9.043911 z: 4.9850473
D/CAAccData(  391): x: 7.246025 y: 8.662541 z: 5.407278
D/CAAccData(  391): x: 6.973618 y: 8.894087 z: 5.202973
D/CAAccData(  391): x: 6.891896 y: 9.193735 z: 5.6660647
D/CrashAlert(  391): Handler :1
I/CrashAlert(  391): Status bleibt aktiv
D/CAAccData(  391): x: 6.5922484 y: 8.812365 z: 5.243834
D/CAAccData(  391): x: 6.510526 y: 8.812365 z: 5.243834
D/CAAccData(  391): x: 6.2108784 y: 9.152874 z: 5.134871
D/CAAccTime(  391): Sun Jun 27 09:07:42 Europe/Amsterdam 2010
D/CAAccData(  391): x: 6.238119 y: 8.962189 z: 4.7943625
D/CAAccData(  391): x: 5.7886477 y: 9.00305 z: 4.2086873
D/CAAccData(  391): x: 5.6660647 y: 9.043911 z: 4.099725
D/CAAccData(  391): x: 5.175732 y: 8.894087 z: 4.0180025
D/CAAccData(  391): x: 5.053149 y: 8.730643 z: 4.099725
D/CAAccData(  391): x: 4.7535014 y: 8.921328 z: 3.568531
D/CAAccData(  391): x: 4.7535014 y: 9.615966 z: 3.636633
D/CAAccData(  391): x: 4.4810944 y: 8.62168 z: 3.8681788
D/CAAccData(  391): x: 4.5628166 y: 9.534244 z: 3.336985
D/CrashAlert(  391): Handler :1
I/CrashAlert(  391): Status bleibt aktiv
D/CAAccData(  391): x: 4.1814466 y: 10.18802 z: 2.9147544
D/CAAccData(  391): x: 3.759216 y: 9.697687 z: 2.9556155
D/CAAccData(  391): x: 3.5276701 y: 9.615966 z: 3.636633
D/CAAccData(  391): x: 3.2961242 y: 9.275456 z: 3.8273177
D/CAAccData(  391): x: 2.7513103 y: 9.193735 z: 3.8273177
D/CAAccData(  391): x: 2.3426998 y: 8.962189 z: 4.399372
D/CAAccData(  391): x: 1.6889231 y: 7.5865335 z: 4.903325
D/CAAccData(  391): x: 1.4573772 y: 6.8237944 z: 6.1291566
D/CAAccData(  391): x: 1.0760075 y: 6.5513873 z: 6.5922484
D/CAAccData(  391): x: 0.9125633 y: 6.510526 z: 6.5513873
D/CAAccData(  391): x: 0.61291564 y: 7.0553403 z: 6.782933
D/CAAccData(  391): x: 0.53119355 y: 7.246025 z: 6.742072
D/CrashAlert(  391): Handler :1
I/CrashAlert(  391): Status bleibt aktiv
D/CAAccData(  391): x: 0.27240697 y: 7.0553403 z: 7.273266
D/CAAccData(  391): x: 0.040861044 y: 6.973618 z: 7.273266
D/CAAccData(  391): x: -0.0 y: 6.932757 z: 7.082581
D/CAAccData(  391): x: -0.040861044 y: 7.082581 z: 7.273266
D/CAAccData(  391): x: -0.08172209 y: 6.851035 z: 7.1234417
D/CAAccTime(  391): Sun Jun 27 09:07:43 Europe/Amsterdam 2010
D/CAAccData(  391): x: -0.08172209 y: 7.3958488 z: 6.469665
D/CAAccData(  391): x: 0.040861044 y: 8.894087 z: 5.243834
D/CAAccData(  391): x: 0.08172209 y: 8.853226 z: 4.2495484
D/CAAccData(  391): x: 0.08172209 y: 9.425281 z: 4.3312707
D/CAAccData(  391): x: 0.040861044 y: 9.234595 z: 3.9499009
D/CAAccData(  391): x: 0.040861044 y: 9.343558 z: 3.8273177
D/CAAccData(  391): x: 0.08172209 y: 8.962189 z: 4.630918
D/dalvikvm(  391): GC freed 8583 objects / 523760 bytes in 96ms
D/CAAccData(  391): x: 0.040861044 y: 7.9679036 z: 5.8158884
D/CrashAlert(  391): Handler :1
I/CrashAlert(  391): Status bleibt aktiv
D/CAAccData(  391): x: 0.040861044 y: 8.853226 z: 4.7535014
D/CAAccData(  391): x: 0.27240697 y: 9.575105 z: 4.1814466
D/CAAccData(  391): x: 0.19068487 y: 9.275456 z: 4.671779
D/CAAccData(  391): x: 0.10896278 y: 8.430995 z: 5.09401
D/CAAccData(  391): x: -0.0 y: 8.662541 z: 5.284695
D/CAAccData(  391): x: 0.040861044 y: 8.962189 z: 4.630918
D/CAAccData(  391): x: -0.0 y: 8.962189 z: 4.440233
D/CAAccData(  391): x: -0.040861044 y: 9.00305 z: 4.671779
D/CAAccData(  391): x: 0.14982383 y: 8.921328 z: 4.5628166
D/CAAccData(  391): x: 0.040861044 y: 9.193735 z: 4.4810944
D/CAAccData(  391): x: 0.08172209 y: 9.112013 z: 4.7535014
D/CAAccData(  391): x: 0.10896278 y: 9.112013 z: 4.7943625
D/CAAccData(  391): x: 0.14982383 y: 9.302697 z: 4.862464
D/CAAccData(  391): x: 0.14982383 y: 8.853226 z: 4.5219555
D/CAAccData(  391): x: 0.23154591 y: 8.921328 z: 4.671779
D/CrashAlert(  391): Handler :1
I/CrashAlert(  391): Status bleibt aktiv
D/CAAccData(  391): x: 0.46309182 y: 8.662541 z: 4.372132
D/CAAccData(  391): x: 0.61291564 y: 8.471856 z: 4.0180025
D/CAAccData(  391): x: 0.84446156 y: 8.580819 z: 4.3312707
D/CAAccTime(  391): Sun Jun 27 09:07:44 Europe/Amsterdam 2010
D/CAAccData(  391): x: 0.9942854 y: 8.430995 z: 4.2904096
D/CAAccData(  391): x: 0.95342433 y: 8.62168 z: 4.5900574
D/CAAccData(  391): x: 1.0760075 y: 8.158588 z: 4.5628166
D/CAAccData(  391): x: 0.88532263 y: 8.117727 z: 4.671779
D/CAAccData(  391): x: 1.0351465 y: 8.281172 z: 4.7126403
D/CAAccData(  391): x: 0.9942854 y: 8.308413 z: 4.630918
D/CAAccData(  391): x: 0.9942854 y: 8.008764 z: 5.134871
D/CAAccData(  391): x: 0.88532263 y: 7.4639506 z: 5.8158884
D/CAAccData(  391): x: 1.0351465 y: 6.5513873 z: 6.5922484
D/CrashAlert(  391): Handler :1
I/CrashAlert(  391): Status bleibt aktiv
D/CAAccData(  391): x: 0.9942854 y: 6.1291566 z: 6.3607025
D/CAAccData(  391): x: 1.1441092 y: 6.1291566 z: 6.5513873
D/CAAccData(  391): x: 1.2258313 y: 6.1700177 z: 6.5922484
D/CAAccData(  391): x: 1.3756552 y: 5.938472 z: 7.3549876
D/CAAccData(  391): x: 1.525479 y: 6.469665 z: 8.049625
D/CAAccData(  391): x: 1.6480621 y: 7.273266 z: 8.499097
D/CAAccData(  391): x: 1.525479 y: 6.891896 z: 8.539958
D/CAAccData(  391): x: 1.4982382 y: 7.014479 z: 9.084772
D/CAAccData(  391): x: 1.56634 y: 6.5513873 z: 8.771504
D/CAAccData(  391): x: 1.56634 y: 6.469665 z: 8.962189
D/CAAccData(  391): x: 1.7570249 y: 6.4424243 z: 8.471856
D/CAAccData(  391): x: 1.607201 y: 6.4015636 z: 8.539958
D/CrashAlert(  391): Handler :1
I/CrashAlert(  391): Status bleibt aktiv
D/CAAccData(  391): x: 1.6889231 y: 5.8567495 z: 8.117727
D/CAAccData(  391): x: 1.4982382 y: 6.1291566 z: 8.308413
D/CAAccData(  391): x: 1.4165162 y: 5.6660647 z: 7.9270425
D/CAAccData(  391): x: 1.3075534 y: 6.0201936 z: 8.19945
D/CAAccTime(  391): Sun Jun 27 09:07:45 Europe/Amsterdam 2010
D/CAAccData(  391): x: 1.334794 y: 5.47538 z: 7.7363577
D/CAAccData(  391): x: 1.334794 y: 5.6660647 z: 7.8861814
D/CAAccData(  391): x: 1.334794 y: 5.284695 z: 7.6273947
D/CAAccData(  391): x: 1.3075534 y: 5.6252036 z: 7.8861814
D/CAAccData(  391): x: 1.3756552 y: 5.7886477 z: 8.049625
D/CAAccData(  391): x: 1.4573772 y: 6.0882955 z: 8.471856
D/CAAccData(  391): x: 1.4982382 y: 6.469665 z: 8.62168
D/CAAccData(  391): x: 1.607201 y: 6.469665 z: 8.471856
D/CrashAlert(  391): Handler :1
I/CrashAlert(  391): Status bleibt aktiv
D/CAAccData(  391): x: 1.4982382 y: 5.6660647 z: 8.730643
D/CAAccData(  391): x: 1.6889231 y: 5.407278 z: 8.471856
D/CAAccData(  391): x: 1.607201 y: 4.2495484 z: 8.349273
D/CAAccData(  391): x: 1.920469 y: 4.4810944 z: 8.812365
D/CAAccData(  391): x: 1.8387469 y: 4.1814466 z: 9.084772
D/CAAccData(  391): x: 1.8387469 y: 4.1814466 z: 8.880466
D/CAAccData(  391): x: 2.5333846 y: 4.8216033 z: 9.493382
D/CAAccData(  391): x: 2.2609777 y: 4.8216033 z: 9.112013
D/CAAccData(  391): x: 2.2201166 y: 4.2086873 z: 9.384419
D/CAAccData(  391): x: 2.7513103 y: 4.630918 z: 9.343558
D/CAAccData(  391): x: 2.4108016 y: 4.3312707 z: 9.765789
D/CAAccData(  391): x: 2.8330324 y: 4.7126403 z: 9.193735
D/CrashAlert(  391): Handler :1
I/CrashAlert(  391): Status bleibt aktiv
D/CAAccData(  391): x: 2.5333846 y: 3.990762 z: 9.152874
D/CAAccData(  391): x: 2.7240696 y: 4.0588636 z: 9.152874
D/CAAccData(  391): x: 2.5333846 y: 3.8273177 z: 9.493382
D/CAAccData(  391): x: 2.6014864 y: 3.5957718 z: 9.384419
D/CAAccTime(  391): Sun Jun 27 09:07:46 Europe/Amsterdam 2010
D/CAAccData(  391): x: 2.982856 y: 3.8681788 z: 9.80665
D/CAAccData(  391): x: 3.336985 y: 3.8273177 z: 9.724928
D/CAAccData(  391): x: 3.336985 y: 3.9090397 z: 10.038197
D/CAAccData(  391): x: 3.7864566 y: 3.990762 z: 10.18802
D/CAAccData(  391): x: 3.8681788 y: 4.099725 z: 10.378705
D/CAAccData(  391): x: 4.2495484 y: 4.671779 z: 10.378705
D/CAAccData(  391): x: 4.5900574 y: 5.284695 z: 10.079058
D/CAAccData(  391): x: 4.671779 y: 5.325556 z: 8.962189
D/CrashAlert(  391): Handler :1
I/CrashAlert(  391): Status bleibt aktiv
D/CAAccData(  391): x: 5.134871 y: 5.7477865 z: 8.240311
D/CAAccData(  391): x: 4.944186 y: 5.938472 z: 7.7772183
D/CAAccData(  391): x: 4.630918 y: 5.8976107 z: 7.6273947
D/CAAccData(  391): x: 4.903325 y: 6.1291566 z: 7.4639506
D/CAAccData(  391): x: 4.9850473 y: 6.0882955 z: 7.5456724
D/CAAccData(  391): x: 5.202973 y: 6.4424243 z: 7.7363577
D/CAAccData(  391): x: 4.903325 y: 6.0882955 z: 7.5865335
D/CAAccData(  391): x: 5.202973 y: 6.5513873 z: 7.7363577
D/CAAccData(  391): x: 5.325556 y: 6.3607025 z: 6.932757
D/CAAccData(  391): x: 5.243834 y: 7.5865335 z: 6.1700177
D/CAAccData(  391): x: 5.7477865 y: 7.9679036 z: 5.243834
D/CAAccData(  391): x: 5.053149 y: 6.851035 z: 6.238119
D/CrashAlert(  391): Handler :1
I/CrashAlert(  391): Status bleibt aktiv
D/CAAccData(  391): x: 5.597963 y: 7.6273947 z: 6.5513873
D/CAAccData(  391): x: 5.325556 y: 7.8861814 z: 5.8976107
D/CAAccData(  391): x: 5.09401 y: 9.084772 z: 6.66035
D/CAAccData(  391): x: 5.434519 y: 8.730643 z: 6.5513873
D/CAAccTime(  391): Sun Jun 27 09:07:47 Europe/Amsterdam 2010
D/CAAccData(  391): x: 4.5628166 y: 7.9679036 z: 5.5571017
D/CAAccData(  391): x: 4.3312707 y: 8.580819 z: 5.8976107
D/CAAccData(  391): x: 4.2495484 y: 8.117727 z: 5.202973
D/CAAccData(  391): x: 4.140586 y: 8.008764 z: 4.7943625
D/CAAccData(  391): x: 4.2904096 y: 8.281172 z: 4.903325
D/CAAccData(  391): x: 4.099725 y: 8.430995 z: 4.5900574
V/AutoSetting(  258): receiver - ***onReceive: com.htc.app.autosetting.retrylocation
V/AutoSetting(  258): receiver - startAutosettingService, action: com.htc.app.autosetting.retrylocation,notifyWhenNoResult:true
D/CAAccData(  391): x: 4.1814466 y: 8.812365 z: 4.9850473
D/CrashAlert(  391): Handler :1
I/CrashAlert(  391): Status bleibt aktiv
D/CAAccData(  391): x: 4.1814466 y: 8.730643 z: 4.8216033
D/AutoSetting(  258): service - ***setupWizardIsCompleted: true
D/AutoSetting(  258): service - onStart(), id = 0
D/AutoSetting(  258): service - new wake lock
D/AutoSetting(  258): service - wake lock acquire
D/AutoSetting(  258): service - onStart(), Checking location times = 3
D/AutoSetting(  258): service - onStart(), Checking location change = false
D/AutoSetting(  258): service - onStart(), Set city info = true
D/AutoSetting(  258): service - onStart(), Set network time info = true
D/AutoSetting(  258): service - onStart(), Set network timezone info = false
D/AutoSetting(  258): service - onStart(), Set notify when no result = true
D/CAAccData(  391): x: 4.372132 y: 9.507003 z: 5.284695
V/HtcLocationService(  258): service - onCreate()
V/HtcLocationService(  258): service - onBind()
D/CAAccData(  391): x: 3.9090397 y: 9.193735 z: 5.134871
D/CAAccData(  391): x: 3.759216 y: 9.575105 z: 5.6252036
D/CAAccData(  391): x: 3.3642259 y: 9.466142 z: 5.5162406
D/CAAccData(  391): x: 3.1054392 y: 9.466142 z: 5.325556
D/CAAccData(  391): x: 2.8330324 y: 9.466142 z: 4.9850473
D/CAAccData(  391): x: 2.4516625 y: 9.234595 z: 4.903325
D/CAAccData(  391): x: 2.4925237 y: 9.043911 z: 4.8216033
D/CAAccData(  391): x: 2.1383946 y: 8.689782 z: 4.630918
D/CAAccData(  391): x: 2.1792557 y: 8.853226 z: 4.440233
D/CAAccData(  391): x: 2.1792557 y: 8.894087 z: 4.440233
D/CAAccData(  391): x: 1.879608 y: 8.62168 z: 4.3312707
D/CrashAlert(  391): Handler :1
I/CrashAlert(  391): Status bleibt aktiv
D/CAAccData(  391): x: 1.9477097 y: 8.62168 z: 4.2495484
D/CAAccData(  391): x: 1.9477097 y: 9.152874 z: 4.7126403
D/CAAccData(  391): x: 1.920469 y: 8.921328 z: 4.5628166
D/CAAccData(  391): x: 1.6889231 y: 8.730643 z: 4.3312707
D/CAAccTime(  391): Sun Jun 27 09:07:48 Europe/Amsterdam 2010
D/CAAccData(  391): x: 1.607201 y: 8.962189 z: 4.4810944
D/CAAccData(  391): x: 1.4165162 y: 8.894087 z: 4.5219555
D/CAAccData(  391): x: 1.2258313 y: 8.499097 z: 4.2495484
D/CAAccData(  391): x: 1.1441092 y: 9.084772 z: 4.440233
D/CAAccData(  391): x: 0.9942854 y: 8.853226 z: 4.2904096
D/CAAccData(  391): x: 0.9125633 y: 8.812365 z: 4.440233
D/CAAccData(  391): x: 0.6946377 y: 9.152874 z: 4.903325
D/CrashAlert(  391): Handler :1
I/CrashAlert(  391): Status bleibt aktiv
D/CAAccData(  391): x: 0.61291564 y: 9.00305 z: 4.440233
D/CAAccData(  391): x: 0.3405087 y: 9.234595 z: 4.7126403
D/AutoSetting(  258): service - ***setupWizardIsCompleted: true
D/AutoSetting(  258): service - ***chkConnected, mbReqChecking:false,mbApplyAll:true
D/AutoSetting(  258): service - ***no network is avaiable
D/AutoSetting(  258): service - doAutoSettings(), isNetworkAvailable: false, isUseWirelessNetworks: false, isTimeAutoState: true
V/HtcLocationService(  258): service - onDestroy()
D/LocationManager(  258): removeUpdates: listener = com.htc.htclocationservice.HtcLocationServiceAgent$7@454ca0a0
D/AutoSetting(  258): service - stop self
D/CAAccData(  391): x: 0.50395286 y: 8.921328 z: 4.7535014
D/AutoSetting(  258): service - wake lock release
D/CAAccData(  391): x: 0.29964766 y: 9.00305 z: 4.4810944
D/CAAccData(  391): x: 0.29964766 y: 8.853226 z: 4.440233
D/CAAccData(  391): x: 0.27240697 y: 8.894087 z: 4.4810944
D/CAAccData(  391): x: 0.10896278 y: 9.302697 z: 4.8216033
D/CAAccData(  391): x: 0.10896278 y: 9.084772 z: 4.5900574
D/CAAccData(  391): x: -0.040861044 y: 9.043911 z: 4.4810944
D/CAAccData(  391): x: -0.0 y: 9.112013 z: 4.7943625
D/CAAccData(  391): x: -0.08172209 y: 9.112013 z: 4.7943625
D/CAAccData(  391): x: -0.040861044 y: 9.152874 z: 4.8216033
D/CrashAlert(  391): Handler :1
I/CrashAlert(  391): Status bleibt aktiv
D/CAAccData(  391): x: -0.08172209 y: 9.084772 z: 4.7126403
D/CAAccData(  391): x: -0.10896278 y: 8.471856 z: 4.630918
D/CAAccData(  391): x: -0.19068487 y: 7.6954966 z: 5.8158884
D/CAAccData(  391): x: -0.27240697 y: 6.3607025 z: 6.3198414
D/CAAccData(  391): x: -0.23154591 y: 6.742072 z: 6.428804
D/CAAccData(  391): x: -0.313268 y: 6.0474343 z: 6.5922484
D/CAAccTime(  391): Sun Jun 27 09:07:49 Europe/Amsterdam 2010
D/CAAccData(  391): x: -0.27240697 y: 5.6252036 z: 6.510526
D/CAAccData(  391): x: -0.313268 y: 5.2165933 z: 7.3141265
D/CAAccData(  391): x: -0.313268 y: 4.0180025 z: 8.308413
D/CAAccData(  391): x: -0.14982383 y: 3.8273177 z: 9.234595
D/CAAccData(  391): x: -0.313268 y: 3.0237172 z: 11.073342
D/CAAccData(  391): x: -0.3405087 y: 2.6832085 z: 11.876944
D/CrashAlert(  391): Handler :1
I/CrashAlert(  391): Status bleibt aktiv
D/CAAccData(  391): x: -0.313268 y: 3.214402 z: 12.299174
D/CAAccData(  391): x: -0.3405087 y: 3.173541 z: 12.5579605
D/CAAccData(  391): x: -0.50395286 y: 3.1054392 z: 12.680544
D/CAAccData(  391): x: -0.19068487 y: 2.7240696 z: 12.5579605
D/CAAccData(  391): x: -0.313268 y: 2.4108016 z: 12.108489
D/CAAccData(  391): x: -0.08172209 y: 2.6423476 z: 11.876944
D/CAAccData(  391): x: -0.040861044 y: 2.2201166 z: 11.563675
D/CAAccData(  391): x: -0.14982383 y: 2.3426998 z: 11.604536
D/CAAccData(  391): x: -0.0 y: 1.6480621 z: 10.651112
D/CAAccData(  391): x: -0.0 y: 2.4108016 z: 11.372991
D/CAAccData(  391): x: 0.10896278 y: 2.1111538 z: 11.141444
D/CAAccData(  391): x: -0.0 y: 1.7978859 z: 11.114203
D/CrashAlert(  391): Handler :1
I/CrashAlert(  391): Status bleibt aktiv
D/CAAccData(  391): x: 0.29964766 y: 2.9147544 z: 11.795221
D/CAAccData(  391): x: 0.46309182 y: 2.7649305 z: 11.114203
D/CAAccData(  391): x: 0.6537767 y: 3.718355 z: 11.141444
D/CAAccData(  391): x: 0.5720546 y: 3.2961242 z: 10.882658
D/CAAccData(  391): x: 0.7627395 y: 3.405087 z: 10.269742
D/CAAccData(  391): x: 0.6946377 y: 3.3778462 z: 10.7192135
D/CAAccTime(  391): Sun Jun 27 09:07:50 Europe/Amsterdam 2010
D/CAAccData(  391): x: 0.8036005 y: 3.5957718 z: 10.528529
D/CAAccData(  391): x: 0.88532263 y: 3.636633 z: 9.847511
D/CAAccData(  391): x: 1.1849703 y: 4.3312707 z: 9.997335
D/dalvikvm(  391): GC freed 8548 objects / 524608 bytes in 101ms
D/CAAccData(  391): x: 1.1849703 y: 4.0180025 z: 9.384419
D/CrashAlert(  391): Handler :1
I/CrashAlert(  391): Status bleibt aktiv
D/CAAccData(  391): x: 1.4982382 y: 4.4810944 z: 9.615966
D/CAAccData(  391): x: 1.3756552 y: 4.3312707 z: 9.425281
D/CAAccData(  391): x: 1.525479 y: 4.6036777 z: 9.656827
D/CAAccData(  391): x: 1.8387469 y: 4.6036777 z: 9.425281
D/CAAccData(  391): x: 1.920469 y: 4.671779 z: 9.575105
D/CAAccData(  391): x: 2.1792557 y: 4.8216033 z: 9.575105
D/CAAccData(  391): x: 1.9477097 y: 4.2904096 z: 9.302697
D/CAAccData(  391): x: 2.3426998 y: 4.440233 z: 9.234595
D/CAAccData(  391): x: 2.5333846 y: 5.053149 z: 9.493382
D/CAAccData(  391): x: 2.7921712 y: 4.7943625 z: 9.234595
D/CAAccData(  391): x: 3.1054392 y: 5.243834 z: 8.812365
D/CAAccData(  391): x: 3.5276701 y: 5.407278 z: 8.812365
D/CAAccData(  391): x: 3.568531 y: 4.944186 z: 8.539958
D/CAAccData(  391): x: 3.9771416 y: 5.053149 z: 8.267551
D/CAAccData(  391): x: 3.9090397 y: 4.5628166 z: 8.308413
D/CAAccData(  391): x: 4.440233 y: 4.7126403 z: 8.430995
D/CrashAlert(  391): Handler :1
I/CrashAlert(  391): Status bleibt aktiv
D/CAAccData(  391): x: 4.5628166 y: 4.862464 z: 8.771504
D/CAAccData(  391): x: 4.7943625 y: 4.630918 z: 9.00305
D/CAAccData(  391): x: 5.202973 y: 4.944186 z: 9.193735
D/CAAccData(  391): x: 5.09401 y: 4.7943625 z: 9.343558
D/CAAccData(  391): x: 5.325556 y: 4.944186 z: 9.466142
D/CAAccData(  391): x: 5.407278 y: 4.903325 z: 9.575105
D/CAAccData(  391): x: 5.325556 y: 4.8216033 z: 9.80665
D/CAAccTime(  391): Sun Jun 27 09:07:51 Europe/Amsterdam 2010
D/CAAccData(  391): x: 5.5162406 y: 5.134871 z: 9.847511
D/CAAccData(  391): x: 5.706926 y: 5.407278 z: 10.106298
D/CAAccData(  391): x: 5.7886477 y: 5.434519 z: 9.697687
D/CAAccData(  391): x: 5.6660647 y: 5.09401 z: 9.466142
D/CAAccData(  391): x: 5.134871 y: 4.671779 z: 9.112013
D/CAAccData(  391): x: 5.175732 y: 4.671779 z: 8.962189
D/CrashAlert(  391): Handler :1
I/CrashAlert(  391): Status bleibt aktiv
D/CAAccData(  391): x: 4.9850473 y: 4.372132 z: 8.471856
D/CAAccData(  391): x: 4.8216033 y: 3.8681788 z: 8.730643
D/CAAccData(  391): x: 4.7535014 y: 3.990762 z: 8.812365
D/CAAccData(  391): x: 4.903325 y: 4.2495484 z: 8.921328
D/CAAccData(  391): x: 5.09401 y: 4.5628166 z: 8.308413
D/CAAccData(  391): x: 5.8567495 y: 4.9850473 z: 8.076866
D/CAAccData(  391): x: 5.938472 y: 5.597963 z: 8.730643
D/CAAccData(  391): x: 5.47538 y: 6.0201936 z: 8.117727
D/CAAccData(  391): x: 5.6660647 y: 6.0201936 z: 7.504812
D/CAAccData(  391): x: 5.7886477 y: 6.0882955 z: 7.6546354
D/CAAccData(  391): x: 6.1700177 y: 6.3607025 z: 7.7363577
D/CAAccData(  391): x: 5.407278 y: 6.2789803 z: 7.9679036
D/CAAccData(  391): x: 5.5571017 y: 6.0201936 z: 7.6546354
D/CrashAlert(  391): Handler :1
I/CrashAlert(  391): Status bleibt aktiv
D/CAAccData(  391): x: 5.012288 y: 6.0201936 z: 7.4639506
D/CAAccData(  391): x: 5.434519 y: 5.938472 z: 7.3141265
D/CAAccData(  391): x: 5.5162406 y: 6.3607025 z: 7.8861814
D/CAAccData(  391): x: 5.47538 y: 6.4015636 z: 7.8861814
D/CAAccData(  391): x: 5.202973 y: 6.6331096 z: 7.7363577
D/CAAccData(  391): x: 5.5162406 y: 7.504812 z: 8.308413
D/CAAccData(  391): x: 5.325556 y: 6.973618 z: 7.5456724
D/CAAccData(  391): x: 5.597963 y: 8.049625 z: 8.158588
D/CAAccTime(  391): Sun Jun 27 09:07:52 Europe/Amsterdam 2010
D/CAAccData(  391): x: 5.366417 y: 7.273266 z: 7.6546354
D/CAAccData(  391): x: 4.944186 y: 7.6273947 z: 8.771504
D/CAAccData(  391): x: 5.407278 y: 7.3141265 z: 8.771504
D/CAAccData(  391): x: 5.134871 y: 6.510526 z: 8.730643
D/CAAccData(  391): x: 5.434519 y: 6.469665 z: 8.308413
D/CrashAlert(  391): Handler :1
I/CrashAlert(  391): Status bleibt aktiv
D/CAAccData(  391): x: 5.434519 y: 6.973618 z: 7.8861814
D/CAAccData(  391): x: 5.5162406 y: 6.0882955 z: 7.273266
D/CAAccData(  391): x: 5.7477865 y: 6.1291566 z: 7.8589406
D/CAAccData(  391): x: 6.428804 y: 6.3198414 z: 8.158588
D/CAAccData(  391): x: 6.3198414 y: 6.469665 z: 8.689782
D/CAAccData(  391): x: 7.205164 y: 6.782933 z: 8.267551
D/CAAccData(  391): x: 7.014479 y: 6.742072 z: 8.62168
D/CAAccData(  391): x: 7.273266 y: 6.8237944 z: 8.499097
D/CAAccData(  391): x: 6.4015636 y: 6.3198414 z: 8.117727
D/CAAccData(  391): x: 7.014479 y: 5.6660647 z: 7.504812
D/CAAccData(  391): x: 6.66035 y: 5.7886477 z: 7.5865335
D/CAAccData(  391): x: 6.6331096 y: 5.6660647 z: 7.6273947
D/CrashAlert(  391): Handler :1
I/CrashAlert(  391): Status bleibt aktiv
D/CAAccData(  391): x: 6.6331096 y: 5.8567495 z: 7.6546354
D/CAAccData(  391): x: 6.742072 y: 6.1700177 z: 7.273266
D/CAAccData(  391): x: 7.43671 y: 6.891896 z: 7.6546354
D/CAAccData(  391): x: 6.932757 y: 7.3549876 z: 6.469665
D/CAAccData(  391): x: 7.4639506 y: 7.7772183 z: 6.782933
D/CAAccData(  391): x: 7.43671 y: 7.4639506 z: 6.701211
D/CAAccData(  391): x: 6.973618 y: 7.7772183 z: 7.164303
D/CAAccData(  391): x: 7.164303 y: 7.5865335 z: 6.428804
D/CAAccTime(  391): Sun Jun 27 09:07:53 Europe/Amsterdam 2010
D/CAAccData(  391): x: 6.782933 y: 7.8180795 z: 6.66035
D/CAAccData(  391): x: 6.742072 y: 8.076866 z: 6.428804
D/CAAccData(  391): x: 6.2789803 y: 7.9679036 z: 5.9793324
D/CAAccData(  391): x: 6.0474343 y: 8.076866 z: 6.2108784
D/CrashAlert(  391): Handler :1
I/CrashAlert(  391): Status bleibt aktiv
D/CAAccData(  391): x: 6.0201936 y: 8.308413 z: 6.0474343
D/CAAccData(  391): x: 5.597963 y: 8.117727 z: 5.6660647
D/CAAccData(  391): x: 5.366417 y: 7.8861814 z: 5.597963
D/CAAccData(  391): x: 5.134871 y: 7.9270425 z: 5.434519
D/CAAccData(  391): x: 5.175732 y: 7.8589406 z: 4.7943625
D/CAAccData(  391): x: 4.903325 y: 8.049625 z: 4.8216033
D/CAAccData(  391): x: 4.944186 y: 7.6273947 z: 4.5900574
D/CAAccData(  391): x: 5.284695 y: 8.158588 z: 5.407278
D/CAAccData(  391): x: 5.134871 y: 6.2789803 z: 6.1291566
D/CAAccData(  391): x: 5.053149 y: 6.5922484 z: 7.082581
D/CAAccData(  391): x: 5.325556 y: 6.5922484 z: 7.082581
D/CAAccData(  391): x: 4.8216033 y: 6.2108784 z: 7.1234417
D/CrashAlert(  391): Handler :1
I/CrashAlert(  391): Status bleibt aktiv
D/CAAccData(  391): x: 5.5162406 y: 7.246025 z: 8.117727
D/CAAccData(  391): x: 4.7943625 y: 5.7477865 z: 8.008764
D/CAAccData(  391): x: 4.5628166 y: 6.2789803 z: 8.349273
D/CAAccData(  391): x: 5.09401 y: 6.3198414 z: 7.6273947
D/CAAccData(  391): x: 4.9850473 y: 6.5513873 z: 7.8861814
D/CAAccData(  391): x: 4.944186 y: 5.7477865 z: 8.008764
D/CAAccData(  391): x: 4.944186 y: 5.6660647 z: 8.62168
D/CAAccData(  391): x: 4.944186 y: 5.5571017 z: 8.62168
D/CAAccData(  391): x: 4.4810944 y: 5.434519 z: 8.349273
D/CAAccTime(  391): Sun Jun 27 09:07:54 Europe/Amsterdam 2010
D/CAAccData(  391): x: 5.09401 y: 5.7886477 z: 8.471856
D/CAAccData(  391): x: 4.671779 y: 5.325556 z: 8.158588
D/CAAccData(  391): x: 4.630918 y: 6.2108784 z: 8.539958
D/CrashAlert(  391): Handler :1
I/CrashAlert(  391): Status bleibt aktiv
D/CAAccData(  391): x: 4.9850473 y: 5.706926 z: 8.076866
D/CAAccData(  391): x: 4.7535014 y: 6.4424243 z: 9.043911
D/CAAccData(  391): x: 5.053149 y: 5.7477865 z: 8.349273
D/CAAccData(  391): x: 4.8216033 y: 5.5571017 z: 9.00305
D/CAAccData(  391): x: 5.012288 y: 5.366417 z: 9.656827
D/CAAccData(  391): x: 4.903325 y: 4.5219555 z: 9.656827
D/CAAccData(  391): x: 4.8216033 y: 4.6036777 z: 9.80665
D/CAAccData(  391): x: 5.053149 y: 4.372132 z: 9.493382
D/CAAccData(  391): x: 4.944186 y: 4.7535014 z: 9.956474
D/CAAccData(  391): x: 5.175732 y: 4.671779 z: 9.997335
D/CAAccData(  391): x: 5.706926 y: 5.325556 z: 10.61025
D/CAAccData(  391): x: 5.7477865 y: 4.671779 z: 10.106298
D/CrashAlert(  391): Handler :1
I/CrashAlert(  391): Status bleibt aktiv
D/CAAccData(  391): x: 5.284695 y: 5.134871 z: 10.61025
D/CAAccData(  391): x: 5.325556 y: 5.09401 z: 10.528529
D/CAAccData(  391): x: 4.671779 y: 4.372132 z: 10.501288
D/CAAccData(  391): x: 4.630918 y: 3.9499009 z: 11.032481
D/CAAccData(  391): x: 3.718355 y: 3.255263 z: 11.536434
D/CAAccData(  391): x: 3.173541 y: 2.8738933 z: 11.3321295
D/CAAccData(  391): x: 2.9556155 y: 2.2609777 z: 10.882658
D/CAAccData(  391): x: 2.6832085 y: 2.2609777 z: 11.304889
D/CAAccData(  391): x: 2.5606253 y: 2.4108016 z: 11.563675
D/CAAccTime(  391): Sun Jun 27 09:07:55 Europe/Amsterdam 2010
D/CAAccData(  391): x: 2.1111538 y: 2.1111538 z: 11.413852
D/CAAccData(  391): x: 1.9477097 y: 2.0294318 z: 11.604536
D/CrashAlert(  391): Handler :1
I/CrashAlert(  391): Status bleibt aktiv
D/CAAccData(  391): x: 1.7570249 y: 2.152015 z: 11.9450445
D/CAAccData(  391): x: 1.525479 y: 2.4108016 z: 11.563675
D/CAAccData(  391): x: 1.4982382 y: 3.445948 z: 10.106298
D/CAAccData(  391): x: 1.3075534 y: 4.140586 z: 9.697687
D/CAAccData(  391): x: 0.8036005 y: 4.2495484 z: 9.493382
D/CAAccData(  391): x: 0.42223078 y: 4.1814466 z: 9.234595
D/CAAccData(  391): x: -0.23154591 y: 3.8681788 z: 9.80665
D/CAAccData(  391): x: -0.6537767 y: 4.2495484 z: 9.888372
D/CAAccData(  391): x: -1.3756552 y: 3.486809 z: 10.079058
D/CAAccData(  391): x: -2.0294318 y: 3.568531 z: 10.61025
D/CAAccData(  391): x: -2.5333846 y: 3.8273177 z: 10.038197
D/CAAccData(  391): x: -3.1463003 y: 4.0588636 z: 9.915613
D/CrashAlert(  391): Handler :1
I/CrashAlert(  391): Status bleibt aktiv
D/CAAccData(  391): x: -3.759216 y: 4.1814466 z: 9.956474
D/CAAccData(  391): x: -4.2904096 y: 3.9090397 z: 9.724928
D/CAAccData(  391): x: -4.8216033 y: 3.568531 z: 9.656827
D/CAAccData(  391): x: -5.434519 y: 3.990762 z: 9.997335
D/CAAccData(  391): x: -5.6252036 y: 3.6774938 z: 10.079058
D/CAAccData(  391): x: -6.3607025 y: 3.568531 z: 10.106298
D/CAAccData(  391): x: -6.6331096 y: 3.718355 z: 10.18802
D/CAAccData(  391): x: -7.082581 y: 3.718355 z: 10.038197
D/CAAccData(  391): x: -7.43671 y: 4.1814466 z: 10.419566
D/CAAccData(  391): x: -7.5456724 y: 3.759216 z: 10.419566
D/CAAccTime(  391): Sun Jun 27 09:07:56 Europe/Amsterdam 2010
D/CAAccData(  391): x: -7.8589406 y: 4.0588636 z: 10.337844
D/CrashAlert(  391): Handler :1
I/CrashAlert(  391): Status bleibt aktiv
