D/CAAccData(  391): x: -0.040861044 y: 6.782933 z: 7.04172
D/CAAccData(  391): x: -0.040861044 y: 6.701211 z: 7.04172
D/CAAccData(  391): x: -0.040861044 y: 6.66035 z: 7.04172
D/CAAccData(  391): x: -0.040861044 y: 6.510526 z: 7.04172
D/CAAccData(  391): x: 0.08172209 y: 6.4015636 z: 7.082581
D/CAAccData(  391): x: 0.10896278 y: 6.510526 z: 7.4639506
D/CrashAlert(  391): Handler :1
I/CrashAlert(  391): Status bleibt aktiv
D/CAAccData(  391): x: -0.08172209 y: 6.4424243 z: 7.5865335
D/CAAccData(  391): x: -0.14982383 y: 6.5513873 z: 7.7772183
D/CAAccTime(  391): Sun Jun 27 09:06:58 Europe/Amsterdam 2010
D/CAAccData(  391): x: -0.040861044 y: 6.4015636 z: 7.164303
D/CAAccData(  391): x: -0.10896278 y: 6.1700177 z: 7.014479
D/CAAccData(  391): x: -0.0 y: 6.5922484 z: 7.273266
D/CAAccData(  391): x: -0.19068487 y: 6.851035 z: 7.4639506
D/CAAccData(  391): x: 0.08172209 y: 6.973618 z: 7.7772183
D/CAAccData(  391): x: 0.23154591 y: 6.5513873 z: 7.504812
D/CAAccData(  391): x: -0.040861044 y: 6.701211 z: 7.6273947
D/CAAccData(  391): x: 0.10896278 y: 6.3607025 z: 7.246025
D/CAAccData(  391): x: 0.040861044 y: 6.701211 z: 7.43671
D/CAAccData(  391): x: 0.10896278 y: 6.3607025 z: 6.932757
D/CrashAlert(  391): Handler :1
I/CrashAlert(  391): Status bleibt aktiv
D/CAAccData(  391): x: -0.08172209 y: 6.3607025 z: 7.1234417
D/CAAccData(  391): x: -0.0 y: 6.851035 z: 7.7772183
D/CAAccData(  391): x: 0.10896278 y: 6.701211 z: 7.6273947
D/CAAccData(  391): x: -0.23154591 y: 6.742072 z: 7.273266
D/CAAccData(  391): x: -0.27240697 y: 6.5922484 z: 7.205164
D/CAAccData(  391): x: -0.14982383 y: 6.4424243 z: 7.082581
D/CAAccData(  391): x: -0.27240697 y: 6.5513873 z: 7.273266
D/CAAccData(  391): x: -0.23154591 y: 6.510526 z: 7.3549876
D/CAAccData(  391): x: -0.27240697 y: 6.4015636 z: 7.205164
D/CAAccData(  391): x: -0.313268 y: 6.5922484 z: 7.4639506
D/CAAccData(  391): x: -0.23154591 y: 6.2789803 z: 7.1234417
D/CAAccData(  391): x: -0.23154591 y: 6.4424243 z: 7.205164
D/CrashAlert(  391): Handler :1
I/CrashAlert(  391): Status bleibt aktiv
D/CAAccData(  391): x: -0.27240697 y: 6.4015636 z: 7.205164
D/CAAccData(  391): x: -0.27240697 y: 6.4015636 z: 7.082581
D/CAAccData(  391): x: -0.23154591 y: 6.5922484 z: 7.273266
D/CAAccTime(  391): Sun Jun 27 09:06:59 Europe/Amsterdam 2010
D/CAAccData(  391): x: -0.08172209 y: 6.742072 z: 7.273266
D/CAAccData(  391): x: -0.040861044 y: 6.742072 z: 7.3958488
D/CAAccData(  391): x: -0.14982383 y: 6.5513873 z: 7.246025
D/CAAccData(  391): x: -0.10896278 y: 6.6331096 z: 7.5456724
D/CAAccData(  391): x: -0.10896278 y: 6.510526 z: 7.3141265
D/CAAccData(  391): x: -0.23154591 y: 6.3198414 z: 7.3958488
D/CAAccData(  391): x: -0.10896278 y: 6.4015636 z: 7.205164
D/CAAccData(  391): x: -0.10896278 y: 6.4015636 z: 7.273266
D/CAAccData(  391): x: -0.040861044 y: 6.510526 z: 7.082581
D/CrashAlert(  391): Handler :1
I/CrashAlert(  391): Status bleibt aktiv
D/CAAccData(  391): x: -0.0 y: 6.6331096 z: 7.273266
D/CAAccData(  391): x: 0.10896278 y: 6.5513873 z: 7.1234417
D/CAAccData(  391): x: -0.040861044 y: 6.701211 z: 7.04172
D/CAAccData(  391): x: -0.040861044 y: 6.66035 z: 6.891896
D/CAAccData(  391): x: -0.10896278 y: 7.014479 z: 6.891896
D/CAAccData(  391): x: -0.14982383 y: 6.973618 z: 6.891896
D/CAAccData(  391): x: -0.040861044 y: 6.891896 z: 6.782933
D/CAAccData(  391): x: -0.040861044 y: 7.3549876 z: 6.3607025
D/CAAccData(  391): x: -0.10896278 y: 7.6954966 z: 5.9793324
D/CAAccData(  391): x: -0.08172209 y: 7.8589406 z: 5.7477865
D/CAAccData(  391): x: -0.0 y: 7.668256 z: 5.938472
D/CAAccData(  391): x: -0.040861044 y: 7.6954966 z: 6.2108784
D/CrashAlert(  391): Handler :1
I/CrashAlert(  391): Status bleibt aktiv
D/CAAccData(  391): x: -0.040861044 y: 7.4639506 z: 6.1700177
D/CAAccData(  391): x: -0.10896278 y: 7.3958488 z: 6.1700177
D/CAAccData(  391): x: -0.23154591 y: 7.5865335 z: 6.1291566
D/CAAccData(  391): x: -0.19068487 y: 7.6273947 z: 5.9793324
D/CAAccTime(  391): Sun Jun 27 09:07:00 Europe/Amsterdam 2010
D/CAAccData(  391): x: -0.23154591 y: 7.5865335 z: 5.8976107
D/CAAccData(  391): x: -0.3405087 y: 7.668256 z: 5.8976107
D/dalvikvm(  391): GC freed 8556 objects / 526472 bytes in 98ms
D/CAAccData(  391): x: -0.27240697 y: 7.6273947 z: 6.0474343
D/CAAccData(  391): x: -0.10896278 y: 7.5456724 z: 6.0201936
D/CAAccData(  391): x: -0.14982383 y: 7.5456724 z: 6.1291566
D/CAAccData(  391): x: -0.27240697 y: 7.504812 z: 6.0201936
D/CAAccData(  391): x: -0.46309182 y: 7.5865335 z: 6.0474343
D/CAAccData(  391): x: -0.46309182 y: 7.504812 z: 6.0201936
D/CAAccData(  391): x: -0.6537767 y: 7.5865335 z: 6.0201936
D/CrashAlert(  391): Handler :1
I/CrashAlert(  391): Status bleibt aktiv
D/CAAccData(  391): x: -0.8036005 y: 7.6954966 z: 6.1700177
D/CAAccData(  391): x: -0.88532263 y: 7.668256 z: 6.1291566
D/CAAccData(  391): x: -0.9942854 y: 7.6954966 z: 6.1700177
D/CAAccData(  391): x: -1.0351465 y: 7.5865335 z: 6.0474343
D/CAAccData(  391): x: -1.1441092 y: 7.668256 z: 6.0882955
D/CAAccData(  391): x: -1.1849703 y: 7.6273947 z: 6.1291566
D/CAAccData(  391): x: -1.334794 y: 7.5865335 z: 6.0201936
D/CAAccData(  391): x: -1.5390993 y: 7.668256 z: 6.2789803
D/CAAccData(  391): x: -1.4982382 y: 7.668256 z: 6.1291566
D/CAAccData(  391): x: -1.5390993 y: 7.6273947 z: 6.0882955
D/CAAccData(  391): x: -1.7297841 y: 7.8180795 z: 6.1291566
D/CAAccData(  391): x: -1.6889231 y: 7.9679036 z: 5.7886477
D/CrashAlert(  391): Handler :1
I/CrashAlert(  391): Status bleibt aktiv
D/CAAccData(  391): x: -1.7297841 y: 8.240311 z: 5.407278
D/CAAccData(  391): x: -1.607201 y: 8.471856 z: 5.012288
D/CAAccData(  391): x: -1.5390993 y: 8.771504 z: 4.903325
D/CAAccData(  391): x: -1.6480621 y: 8.730643 z: 4.671779
D/CAAccData(  391): x: -1.6889231 y: 8.662541 z: 4.7943625
D/CAAccTime(  391): Sun Jun 27 09:07:01 Europe/Amsterdam 2010
D/CAAccData(  391): x: -1.7570249 y: 8.580819 z: 5.012288
D/CAAccData(  391): x: -1.56634 y: 8.62168 z: 4.903325
D/CAAccData(  391): x: -1.5390993 y: 9.043911 z: 5.284695
D/CAAccData(  391): x: -1.1849703 y: 8.689782 z: 4.5628166
D/CAAccData(  391): x: -1.2666923 y: 8.499097 z: 4.0588636
D/CAAccData(  391): x: -1.7297841 y: 8.349273 z: 3.9499009
D/CAAccData(  391): x: -1.334794 y: 8.894087 z: 3.9771416
D/CAAccData(  391): x: -0.7627395 y: 8.962189 z: 3.9771416
D/CrashAlert(  391): Handler :1
I/CrashAlert(  391): Status bleibt aktiv
D/CAAccData(  391): x: 0.08172209 y: 9.534244 z: 4.630918
D/CAAccData(  391): x: 0.5720546 y: 9.275456 z: 4.7943625
D/CAAccData(  391): x: 0.46309182 y: 10.038197 z: 5.053149
D/CAAccData(  391): x: 0.10896278 y: 8.580819 z: 3.6774938
D/CAAccData(  391): x: -0.10896278 y: 8.962189 z: 4.7535014
D/CAAccData(  391): x: 0.14982383 y: 8.689782 z: 5.706926
D/CAAccData(  391): x: 0.38136974 y: 7.7772183 z: 6.510526
D/CAAccData(  391): x: -0.14982383 y: 6.891896 z: 6.66035
D/CAAccData(  391): x: -0.50395286 y: 7.082581 z: 7.504812
D/CAAccData(  391): x: -0.19068487 y: 6.5922484 z: 6.66035
D/CAAccData(  391): x: -0.6946377 y: 6.510526 z: 6.428804
D/CrashAlert(  391): Handler :1
I/CrashAlert(  391): Status bleibt aktiv
D/CAAccData(  391): x: -0.38136974 y: 7.4639506 z: 7.205164
D/CAAccData(  391): x: -0.313268 y: 7.1234417 z: 7.273266
D/CAAccData(  391): x: -0.23154591 y: 7.082581 z: 6.8237944
D/CAAccData(  391): x: 0.040861044 y: 6.8237944 z: 6.510526
D/CAAccData(  391): x: 0.38136974 y: 6.973618 z: 7.04172
D/CAAccTime(  391): Sun Jun 27 09:07:02 Europe/Amsterdam 2010
D/CAAccData(  391): x: 0.14982383 y: 6.5513873 z: 6.469665
D/CAAccData(  391): x: 0.6946377 y: 7.3958488 z: 7.5456724
D/CAAccData(  391): x: 0.3405087 y: 7.1234417 z: 7.1234417
D/CAAccData(  391): x: 0.50395286 y: 7.3141265 z: 7.43671
D/CAAccData(  391): x: 1.1441092 y: 7.164303 z: 7.082581
D/CAAccData(  391): x: 1.1849703 y: 6.2108784 z: 6.3198414
D/CAAccData(  391): x: 1.334794 y: 6.782933 z: 6.8237944
D/CrashAlert(  391): Handler :1
I/CrashAlert(  391): Status bleibt aktiv
D/CAAccData(  391): x: 1.334794 y: 6.782933 z: 7.014479
D/CAAccData(  391): x: 0.84446156 y: 7.164303 z: 6.428804
D/CAAccData(  391): x: 0.5720546 y: 8.049625 z: 6.510526
D/CAAccData(  391): x: 0.84446156 y: 7.7772183 z: 5.8158884
D/CAAccData(  391): x: 0.88532263 y: 8.19945 z: 5.325556
D/CAAccData(  391): x: 1.0760075 y: 8.662541 z: 4.7943625
D/CAAccData(  391): x: 0.9125633 y: 8.812365 z: 4.1814466
D/CAAccData(  391): x: 0.88532263 y: 9.302697 z: 4.0588636
D/CAAccData(  391): x: 0.9942854 y: 8.853226 z: 4.372132
D/CAAccData(  391): x: 0.9942854 y: 7.8589406 z: 5.9793324
D/CAAccData(  391): x: 0.7627395 y: 7.082581 z: 6.0474343
D/CrashAlert(  391): Handler :1
I/CrashAlert(  391): Status bleibt aktiv
D/CAAccData(  391): x: 0.7218784 y: 7.7363577 z: 5.47538
D/CAAccData(  391): x: 0.8036005 y: 8.281172 z: 4.630918
D/CAAccData(  391): x: 1.2666923 y: 8.689782 z: 4.9850473
D/CAAccData(  391): x: 1.1168685 y: 8.240311 z: 5.243834
D/CAAccData(  391): x: 1.0351465 y: 8.19945 z: 5.7477865
D/CAAccData(  391): x: 0.88532263 y: 7.8589406 z: 5.407278
D/CAAccTime(  391): Sun Jun 27 09:07:04 Europe/Amsterdam 2010
D/CAAccData(  391): x: 1.0351465 y: 8.539958 z: 5.5571017
D/CAAccData(  391): x: 1.3075534 y: 8.471856 z: 5.202973
D/CAAccData(  391): x: 1.4573772 y: 8.539958 z: 5.243834
D/CAAccData(  391): x: 1.6480621 y: 8.281172 z: 5.407278
D/CAAccData(  391): x: 1.7978859 y: 8.430995 z: 5.706926
D/CAAccData(  391): x: 1.9477097 y: 8.008764 z: 5.8567495
D/CrashAlert(  391): Handler :1
I/CrashAlert(  391): Status bleibt aktiv
D/CAAccData(  391): x: 2.1111538 y: 7.7363577 z: 6.1700177
D/CAAccData(  391): x: 1.879608 y: 7.43671 z: 5.938472
D/CAAccData(  391): x: 1.7570249 y: 7.7772183 z: 6.0474343
D/CAAccData(  391): x: 1.6889231 y: 7.6954966 z: 5.597963
D/CAAccData(  391): x: 1.3756552 y: 7.5456724 z: 5.325556
D/CAAccData(  391): x: 1.1168685 y: 7.5456724 z: 5.243834
D/CAAccData(  391): x: 1.3075534 y: 7.3549876 z: 5.5571017
D/CAAccData(  391): x: 1.3756552 y: 7.504812 z: 6.4015636
D/CAAccData(  391): x: 1.6480621 y: 7.6273947 z: 6.510526
D/CAAccData(  391): x: 0.8036005 y: 7.4639506 z: 6.0474343
D/CAAccData(  391): x: 0.19068487 y: 7.9270425 z: 6.0882955
D/CAAccData(  391): x: 0.27240697 y: 7.7772183 z: 5.8158884
D/CrashAlert(  391): Handler :1
I/CrashAlert(  391): Status bleibt aktiv
D/CAAccData(  391): x: 0.88532263 y: 7.504812 z: 6.2108784
V/AutoSetting(  258): receiver - ***onReceive: com.htc.app.autosetting.location
D/CAAccData(  391): x: 1.334794 y: 7.43671 z: 6.1700177
D/AutoSetting(  258): service - Network Operator=
V/AutoSetting(  258): receiver - (com.htc.app.autosetting.location) ALARM_LOCATION,lastMCC:null,mcc:null,notifyWhenNoResult: true
D/CAAccData(  391): x: 0.88532263 y: 8.158588 z: 6.973618
D/CAAccData(  391): x: -0.08172209 y: 7.9679036 z: 6.2789803
V/AutoSetting(  258): receiver - startAutosettingService, action: com.htc.app.autosetting.location,notifyWhenNoResult:true
D/CAAccData(  391): x: -0.14982383 y: 7.9270425 z: 6.2789803
D/CAAccData(  391): x: -0.50395286 y: 7.8180795 z: 5.938472
D/AutoSetting(  258): service - ***setupWizardIsCompleted: true
D/AutoSetting(  258): service - onStart(), id = 0
D/AutoSetting(  258): service - new wake lock
D/AutoSetting(  258): service - wake lock acquire
D/AutoSetting(  258): service - onStart(), Checking location times = 1
D/AutoSetting(  258): service - onStart(), Checking location change = true
D/AutoSetting(  258): service - onStart(), Set city info = true
D/AutoSetting(  258): service - onStart(), Set network time info = true
D/AutoSetting(  258): service - onStart(), Set network timezone info = true
D/AutoSetting(  258): service - onStart(), Set notify when no result = true
D/CAAccData(  391): x: -0.313268 y: 7.43671 z: 6.1291566
V/HtcLocationService(  258): service - onCreate()
V/HtcLocationService(  258): service - onBind()
D/CAAccTime(  391): Sun Jun 27 09:07:05 Europe/Amsterdam 2010
D/CAAccData(  391): x: -0.10896278 y: 7.43671 z: 6.0474343
D/CAAccData(  391): x: -0.313268 y: 7.5456724 z: 6.469665
D/CAAccData(  391): x: -0.42223078 y: 7.3958488 z: 6.0201936
D/CAAccData(  391): x: -0.8036005 y: 7.6273947 z: 6.1291566
D/CAAccData(  391): x: -0.88532263 y: 7.246025 z: 5.8158884
D/CAAccData(  391): x: -0.9942854 y: 7.0553403 z: 5.8567495
D/CrashAlert(  391): Handler :1
I/CrashAlert(  391): Status bleibt aktiv
D/CAAccData(  391): x: -1.0760075 y: 7.1234417 z: 6.1700177
D/CAAccData(  391): x: -0.95342433 y: 7.246025 z: 6.4015636
D/CAAccData(  391): x: -0.95342433 y: 6.851035 z: 6.742072
D/CAAccData(  391): x: -1.1849703 y: 6.932757 z: 6.932757
D/CAAccData(  391): x: -1.1849703 y: 6.66035 z: 6.5922484
D/CAAccData(  391): x: -1.4165162 y: 6.891896 z: 6.891896
D/CAAccData(  391): x: -1.1441092 y: 7.0553403 z: 6.973618
D/CAAccData(  391): x: -1.2258313 y: 7.014479 z: 7.014479
D/CAAccData(  391): x: -1.3756552 y: 6.891896 z: 6.973618
D/CAAccData(  391): x: -1.2258313 y: 6.851035 z: 6.851035
D/CAAccData(  391): x: -1.334794 y: 6.742072 z: 6.782933
D/CAAccData(  391): x: -1.4165162 y: 6.932757 z: 6.851035
D/CrashAlert(  391): Handler :1
I/CrashAlert(  391): Status bleibt aktiv
D/CAAccData(  391): x: -1.2666923 y: 6.742072 z: 6.701211
D/CAAccData(  391): x: -1.3756552 y: 6.973618 z: 6.932757
D/CAAccData(  391): x: -1.3075534 y: 6.782933 z: 6.782933
D/CAAccData(  391): x: -1.4982382 y: 6.8237944 z: 6.973618
D/CAAccData(  391): x: -1.3756552 y: 6.742072 z: 6.973618
D/CAAccData(  391): x: -1.2666923 y: 6.891896 z: 7.04172
D/AutoSetting(  258): service - ***setupWizardIsCompleted: true
D/AutoSetting(  258): service - ***chkConnected, mbReqChecking:true,mbApplyAll:true
D/AutoSetting(  258): service - ***no network is avaiable
D/CAAccData(  391): x: -1.1849703 y: 7.014479 z: 6.973618
D/AutoSetting(  258): service - doAutoSettings(), isNetworkAvailable: false, isUseWirelessNetworks: false, isTimeAutoState: true
D/AutoSetting(  258): service - Network Operator=
D/AutoSetting(  258): *****processOnTimeZoneId, mbNotifyNoResult=true
D/AutoSetting(  258): service - ***setupWizardIsCompleted: true
D/AutoSetting(  258): *****NITZ=
D/AutoSetting(  258): service - Network Operator=
D/AutoSetting(  258): *****MCC=-1
D/CAAccTime(  391): Sun Jun 27 09:07:06 Europe/Amsterdam 2010
D/CAAccData(  391): x: -1.3075534 y: 7.014479 z: 7.04172
D/CAAccData(  391): x: -1.2666923 y: 6.8237944 z: 7.04172
D/CAAccData(  391): x: -1.1849703 y: 6.973618 z: 6.932757
D/CAAccData(  391): x: -1.1168685 y: 6.891896 z: 7.164303
V/HtcLocationService(  258): service - onDestroy()
D/LocationManager(  258): removeUpdates: listener = com.htc.htclocationservice.HtcLocationServiceAgent$7@454ca0a0
D/AutoSetting(  258): service - Some task result is not receive/OK, send event, mbReturnSetCity: false, mbReturnSetTime: false, mbReturnSetTimeZone: true, mbNotifyNoResult: true
D/AutoSetting(  258): service - stop self
D/CAAccData(  391): x: -1.0351465 y: 6.782933 z: 6.782933
D/AutoSetting(  258): service - wake lock release
D/AutoSetting(  258): service - Some task result is not receive/OK, send event, mbReturnSetCity: false, mbReturnSetTime: false, mbReturnSetTimeZone: true, mbNotifyNoResult: true
D/CrashAlert(  391): Handler :1
I/CrashAlert(  391): Status bleibt aktiv
D/AutoSetting(  258): service - stop self
D/CAAccData(  391): x: -1.1168685 y: 6.932757 z: 6.891896
D/CAAccData(  391): x: -1.0351465 y: 6.701211 z: 6.701211
D/CAAccData(  391): x: -0.9942854 y: 6.932757 z: 6.782933
D/CAAccData(  391): x: -0.88532263 y: 6.851035 z: 6.742072
D/CAAccData(  391): x: -0.9942854 y: 6.742072 z: 6.66035
D/CAAccData(  391): x: -0.84446156 y: 6.851035 z: 6.851035
D/CAAccData(  391): x: -0.92618364 y: 7.014479 z: 6.973618
D/CAAccData(  391): x: -0.8036005 y: 7.014479 z: 7.014479
D/CAAccData(  391): x: -0.7627395 y: 6.742072 z: 6.701211
D/CAAccData(  391): x: -0.95342433 y: 6.891896 z: 6.932757
D/CAAccData(  391): x: -0.88532263 y: 7.014479 z: 6.891896
D/CAAccData(  391): x: -0.7627395 y: 6.891896 z: 6.973618
D/CrashAlert(  391): Handler :1
I/CrashAlert(  391): Status bleibt aktiv
D/CAAccData(  391): x: -0.84446156 y: 6.66035 z: 6.701211
D/CAAccData(  391): x: -0.7627395 y: 6.742072 z: 6.701211
D/CAAccData(  391): x: -0.88532263 y: 6.973618 z: 7.04172
D/CAAccData(  391): x: -0.88532263 y: 7.014479 z: 6.782933
D/CAAccData(  391): x: -0.8036005 y: 7.246025 z: 6.428804
D/CAAccData(  391): x: -0.7218784 y: 7.6273947 z: 5.9793324
D/CAAccData(  391): x: -0.8036005 y: 7.9270425 z: 5.8567495
D/CAAccTime(  391): Sun Jun 27 09:07:07 Europe/Amsterdam 2010
D/CAAccData(  391): x: -0.8036005 y: 7.8589406 z: 5.8976107
D/CAAccData(  391): x: -0.84446156 y: 7.6954966 z: 6.0201936
D/CAAccData(  391): x: -0.84446156 y: 7.7363577 z: 5.8976107
D/CAAccData(  391): x: -0.84446156 y: 8.308413 z: 6.3198414
D/CAAccData(  391): x: -0.7627395 y: 8.076866 z: 5.7477865
D/CrashAlert(  391): Handler :1
I/CrashAlert(  391): Status bleibt aktiv
D/CAAccData(  391): x: -0.95342433 y: 8.008764 z: 5.47538
D/CAAccData(  391): x: -1.0351465 y: 8.158588 z: 5.7477865
D/CAAccData(  391): x: -0.88532263 y: 7.7772183 z: 5.8567495
D/CAAccData(  391): x: -0.7627395 y: 7.6273947 z: 5.9793324
D/CAAccData(  391): x: -0.7627395 y: 7.504812 z: 5.8567495
D/CAAccData(  391): x: -1.0351465 y: 7.9270425 z: 6.3607025
D/CAAccData(  391): x: -1.1849703 y: 8.008764 z: 6.0474343
D/CAAccData(  391): x: -1.0351465 y: 7.7772183 z: 5.8158884
D/CAAccData(  391): x: -1.1849703 y: 7.082581 z: 5.407278
D/CAAccData(  391): x: -1.4982382 y: 8.19945 z: 6.66035
D/CAAccData(  391): x: -1.0351465 y: 8.308413 z: 6.932757
D/CrashAlert(  391): Handler :1
I/CrashAlert(  391): Status bleibt aktiv
D/CAAccData(  391): x: -0.53119355 y: 7.8180795 z: 6.4015636
D/CAAccData(  391): x: -0.8036005 y: 7.164303 z: 5.5571017
D/CAAccData(  391): x: -1.0760075 y: 6.973618 z: 5.407278
D/CAAccData(  391): x: -0.53119355 y: 7.5456724 z: 6.2789803
D/CAAccData(  391): x: -0.14982383 y: 6.932757 z: 5.407278
D/dalvikvm(  391): GC freed 8517 objects / 524104 bytes in 97ms
D/CAAccData(  391): x: -0.19068487 y: 5.325556 z: 4.2086873
D/CAAccData(  391): x: 0.14982383 y: 6.782933 z: 5.6660647
D/CAAccTime(  391): Sun Jun 27 09:07:08 Europe/Amsterdam 2010
D/CAAccData(  391): x: 0.10896278 y: 8.076866 z: 6.510526
D/CAAccData(  391): x: -0.08172209 y: 8.62168 z: 7.273266
D/CAAccData(  391): x: 0.19068487 y: 8.471856 z: 7.164303
D/CAAccData(  391): x: 0.3405087 y: 5.829509 z: 4.630918
D/CAAccData(  391): x: 0.84446156 y: 7.3549876 z: 6.1700177
D/CrashAlert(  391): Handler :1
I/CrashAlert(  391): Status bleibt aktiv
D/CAAccData(  391): x: 0.7627395 y: 7.8861814 z: 6.891896
D/CAAccData(  391): x: 0.46309182 y: 8.730643 z: 7.1234417
D/CAAccData(  391): x: 0.7627395 y: 8.158588 z: 6.1700177
D/CAAccData(  391): x: 0.5720546 y: 7.7363577 z: 5.8158884
D/CAAccData(  391): x: 0.61291564 y: 7.0553403 z: 5.7477865
D/CAAccData(  391): x: 0.84446156 y: 7.3958488 z: 6.2789803
D/CAAccData(  391): x: 0.50395286 y: 7.4639506 z: 6.6331096
D/CAAccData(  391): x: 0.7627395 y: 7.6954966 z: 6.238119
D/CAAccData(  391): x: 0.7218784 y: 7.6273947 z: 6.0474343
D/CAAccData(  391): x: 1.0760075 y: 7.246025 z: 5.706926
D/CAAccData(  391): x: 0.8036005 y: 7.668256 z: 6.3607025
D/CAAccData(  391): x: 0.5720546 y: 7.7363577 z: 6.510526
D/CrashAlert(  391): Handler :1
I/CrashAlert(  391): Status bleibt aktiv
D/CAAccData(  391): x: 0.61291564 y: 7.5456724 z: 6.1700177
D/CAAccData(  391): x: 0.7627395 y: 7.4639506 z: 6.0474343
D/CAAccData(  391): x: 0.7627395 y: 7.205164 z: 5.7477865
D/CAAccData(  391): x: 0.7218784 y: 7.3549876 z: 6.1700177
D/CAAccData(  391): x: 0.84446156 y: 7.246025 z: 5.9793324
D/CAAccData(  391): x: 0.9125633 y: 6.932757 z: 5.8158884
D/CAAccData(  391): x: 0.6946377 y: 7.4639506 z: 6.0474343
D/CAAccData(  391): x: 0.6946377 y: 7.014479 z: 5.8567495
D/CAAccTime(  391): Sun Jun 27 09:07:09 Europe/Amsterdam 2010
D/CAAccData(  391): x: 0.6537767 y: 7.0553403 z: 5.8567495
D/CAAccData(  391): x: 0.7627395 y: 7.205164 z: 5.8976107
D/CAAccData(  391): x: 0.6946377 y: 7.1234417 z: 5.938472
D/CAAccData(  391): x: 0.61291564 y: 7.205164 z: 5.8976107
D/CrashAlert(  391): Handler :1
I/CrashAlert(  391): Status bleibt aktiv
D/CAAccData(  391): x: 0.53119355 y: 7.3958488 z: 6.0201936
D/CAAccData(  391): x: 0.29964766 y: 7.504812 z: 5.9793324
D/CAAccData(  391): x: 0.3405087 y: 7.7363577 z: 5.5162406
D/CAAccData(  391): x: 0.27240697 y: 8.008764 z: 5.325556
D/CAAccData(  391): x: 0.23154591 y: 7.8589406 z: 4.9850473
D/CAAccData(  391): x: -0.0 y: 8.158588 z: 5.434519
D/CAAccData(  391): x: -0.10896278 y: 8.240311 z: 5.325556
D/CAAccData(  391): x: -0.0 y: 8.308413 z: 5.243834
D/CAAccData(  391): x: -0.08172209 y: 8.19945 z: 4.9850473
D/CAAccData(  391): x: -0.10896278 y: 8.19945 z: 4.630918
D/CAAccData(  391): x: -0.08172209 y: 8.499097 z: 4.8216033
D/CrashAlert(  391): Handler :1
I/CrashAlert(  391): Status bleibt aktiv
D/CAAccData(  391): x: -0.19068487 y: 8.430995 z: 4.7535014
D/CAAccData(  391): x: -0.0 y: 8.308413 z: 4.7535014
D/CAAccData(  391): x: -0.0 y: 8.539958 z: 4.7943625
D/CAAccData(  391): x: 0.08172209 y: 8.580819 z: 4.5219555
D/CAAccData(  391): x: -0.040861044 y: 8.921328 z: 4.7126403
D/CAAccData(  391): x: -0.10896278 y: 8.962189 z: 4.903325
D/CAAccData(  391): x: -0.14982383 y: 8.662541 z: 4.7126403
D/CAAccData(  391): x: -0.19068487 y: 8.771504 z: 4.5219555
D/CAAccData(  391): x: -0.23154591 y: 8.730643 z: 4.7943625
D/CAAccTime(  391): Sun Jun 27 09:07:10 Europe/Amsterdam 2010
D/CAAccData(  391): x: -0.08172209 y: 8.730643 z: 4.5900574
D/CAAccData(  391): x: -0.23154591 y: 8.62168 z: 4.4810944
D/CAAccData(  391): x: -0.3405087 y: 9.00305 z: 4.7943625
D/CrashAlert(  391): Handler :1
I/CrashAlert(  391): Status bleibt aktiv
D/CAAccData(  391): x: -0.38136974 y: 8.853226 z: 4.5628166
D/CAAccData(  391): x: -0.27240697 y: 8.730643 z: 4.5219555
D/CAAccData(  391): x: -0.23154591 y: 8.771504 z: 4.630918
D/CAAccData(  391): x: -0.27240697 y: 9.112013 z: 3.9771416
D/CAAccData(  391): x: -0.313268 y: 10.079058 z: 3.568531
D/CAAccData(  391): x: -0.14982383 y: 10.147159 z: 3.173541
D/CAAccData(  391): x: 0.040861044 y: 9.915613 z: 3.445948
D/CAAccData(  391): x: -0.0 y: 10.079058 z: 3.9771416
D/CAAccData(  391): x: 0.14982383 y: 9.80665 z: 3.7864566
D/CAAccData(  391): x: -0.0 y: 9.507003 z: 3.636633
D/CAAccData(  391): x: 0.14982383 y: 9.765789 z: 3.759216
D/CAAccData(  391): x: 0.23154591 y: 9.724928 z: 3.5276701
D/CrashAlert(  391): Handler :1
I/CrashAlert(  391): Status bleibt aktiv
D/CAAccData(  391): x: -0.040861044 y: 9.697687 z: 3.6774938
D/CAAccData(  391): x: -0.19068487 y: 9.193735 z: 3.6774938
D/CAAccData(  391): x: -0.040861044 y: 9.193735 z: 3.445948
D/CAAccData(  391): x: -0.19068487 y: 9.656827 z: 3.5957718
D/CAAccData(  391): x: -0.19068487 y: 9.575105 z: 3.336985
D/CAAccData(  391): x: -0.38136974 y: 9.765789 z: 3.759216
D/CAAccData(  391): x: -0.38136974 y: 9.656827 z: 4.0180025
D/CAAccData(  391): x: -0.92618364 y: 9.80665 z: 4.1814466
D/CAAccData(  391): x: -1.0760075 y: 9.80665 z: 4.099725
D/CAAccTime(  391): Sun Jun 27 09:07:11 Europe/Amsterdam 2010
D/CAAccData(  391): x: -1.2258313 y: 9.275456 z: 4.099725
D/CAAccData(  391): x: -1.1168685 y: 8.049625 z: 4.399372
D/CrashAlert(  391): Handler :1
I/CrashAlert(  391): Status bleibt aktiv
D/CAAccData(  391): x: -1.2258313 y: 7.4639506 z: 5.706926
D/CAAccData(  391): x: -1.1168685 y: 6.0201936 z: 5.47538
D/CAAccData(  391): x: -0.84446156 y: 5.6252036 z: 5.8567495
D/CAAccData(  391): x: -0.42223078 y: 6.510526 z: 6.8237944
D/CAAccData(  391): x: -0.95342433 y: 7.504812 z: 7.014479
D/CAAccData(  391): x: -0.95342433 y: 6.2108784 z: 6.3607025
D/CAAccData(  391): x: -0.84446156 y: 7.504812 z: 7.205164
D/CAAccData(  391): x: -0.7218784 y: 6.932757 z: 7.6546354
D/CAAccData(  391): x: -0.84446156 y: 6.891896 z: 6.932757
D/CAAccData(  391): x: -0.50395286 y: 6.6331096 z: 6.66035
D/CAAccData(  391): x: -0.10896278 y: 6.4015636 z: 6.6331096
D/CAAccData(  391): x: -0.23154591 y: 6.4015636 z: 6.238119
D/CrashAlert(  391): Handler :1
I/CrashAlert(  391): Status bleibt aktiv
D/CAAccData(  391): x: -0.08172209 y: 7.3141265 z: 5.706926
D/CAAccData(  391): x: -0.0 y: 10.119919 z: 4.2495484
D/CAAccData(  391): x: -0.3405087 y: 9.343558 z: 2.9147544
D/CAAccData(  391): x: -0.61291564 y: 9.765789 z: 4.099725
D/CAAccData(  391): x: -0.88532263 y: 7.164303 z: 6.701211
D/CAAccData(  391): x: -0.84446156 y: 7.43671 z: 6.2108784
D/CAAccData(  391): x: -0.46309182 y: 10.079058 z: 4.9850473
D/CAAccData(  391): x: -0.38136974 y: 8.853226 z: 4.2495484
D/CAAccData(  391): x: -0.53119355 y: 8.349273 z: 5.284695
D/CAAccData(  391): x: -0.08172209 y: 8.539958 z: 4.7943625
D/CAAccTime(  391): Sun Jun 27 09:07:12 Europe/Amsterdam 2010
D/CAAccData(  391): x: -0.040861044 y: 9.343558 z: 4.2086873
D/CrashAlert(  391): Handler :1
I/CrashAlert(  391): Status bleibt aktiv
D/CAAccData(  391): x: -0.040861044 y: 9.084772 z: 4.944186
D/CAAccData(  391): x: -0.08172209 y: 8.689782 z: 4.7126403
D/CAAccData(  391): x: 0.14982383 y: 9.765789 z: 4.8216033
D/CAAccData(  391): x: 0.46309182 y: 9.575105 z: 4.8216033
D/CAAccData(  391): x: 0.61291564 y: 9.193735 z: 5.053149
D/CAAccData(  391): x: 1.1849703 y: 9.575105 z: 5.175732
D/CAAccData(  391): x: 1.3075534 y: 9.534244 z: 4.7535014
D/CAAccData(  391): x: 1.4982382 y: 9.343558 z: 4.671779
D/CAAccData(  391): x: 1.6889231 y: 9.384419 z: 5.134871
D/CAAccData(  391): x: 1.6889231 y: 9.425281 z: 4.7535014
D/CAAccData(  391): x: 1.607201 y: 9.425281 z: 4.7943625
D/CAAccData(  391): x: 1.607201 y: 9.615966 z: 5.134871
D/CrashAlert(  391): Handler :1
I/CrashAlert(  391): Status bleibt aktiv
D/CAAccData(  391): x: 1.4573772 y: 8.771504 z: 4.372132
D/CAAccData(  391): x: 1.607201 y: 9.112013 z: 4.5219555
D/CAAccData(  391): x: 1.3075534 y: 8.962189 z: 4.1814466
D/CAAccData(  391): x: 1.2666923 y: 8.19945 z: 4.0180025
D/CAAccData(  391): x: 1.607201 y: 8.689782 z: 4.399372
D/CAAccData(  391): x: 1.3075534 y: 8.19945 z: 3.568531
D/CAAccData(  391): x: 1.525479 y: 8.730643 z: 4.1814466
D/CAAccData(  391): x: 1.525479 y: 8.771504 z: 4.099725
D/CAAccData(  391): x: 1.4165162 y: 8.689782 z: 4.0588636
D/CAAccData(  391): x: 1.56634 y: 8.894087 z: 4.2086873
D/CAAccData(  391): x: 1.4982382 y: 9.152874 z: 4.2904096
D/CAAccTime(  391): Sun Jun 27 09:07:13 Europe/Amsterdam 2010
D/CAAccData(  391): x: 1.4573772 y: 8.662541 z: 4.2495484
D/CrashAlert(  391): Handler :1
I/CrashAlert(  391): Status bleibt aktiv
D/CAAccData(  391): x: 1.334794 y: 9.084772 z: 4.5628166
D/CAAccData(  391): x: 1.1441092 y: 8.689782 z: 4.2086873
D/CAAccData(  391): x: 1.0351465 y: 8.853226 z: 4.3312707
D/CAAccData(  391): x: 0.88532263 y: 8.853226 z: 4.099725
D/CAAccData(  391): x: 0.7218784 y: 9.043911 z: 4.3312707
D/CAAccData(  391): x: 0.61291564 y: 9.193735 z: 4.5900574
D/CAAccData(  391): x: 0.29964766 y: 9.234595 z: 4.630918
D/CAAccData(  391): x: 0.29964766 y: 9.507003 z: 4.8216033
D/CAAccData(  391): x: -0.0 y: 9.697687 z: 5.053149
D/CAAccData(  391): x: -0.23154591 y: 9.534244 z: 4.7943625
D/CAAccData(  391): x: -0.27240697 y: 9.384419 z: 4.8216033
D/CAAccData(  391): x: -0.27240697 y: 9.275456 z: 4.8216033
D/CrashAlert(  391): Handler :1
I/CrashAlert(  391): Status bleibt aktiv
D/CAAccData(  391): x: -0.27240697 y: 9.275456 z: 4.5628166
D/CAAccData(  391): x: -0.313268 y: 8.689782 z: 4.2904096
D/CAAccData(  391): x: -0.10896278 y: 8.812365 z: 4.5219555
D/CAAccData(  391): x: -0.23154591 y: 8.662541 z: 4.140586
D/CAAccData(  391): x: -0.27240697 y: 8.390134 z: 3.9499009
D/CAAccData(  391): x: -0.10896278 y: 8.049625 z: 3.759216
D/CAAccData(  391): x: -0.38136974 y: 7.8861814 z: 3.636633
D/CAAccData(  391): x: -0.23154591 y: 8.921328 z: 4.140586
D/CAAccData(  391): x: -0.23154591 y: 8.539958 z: 4.0588636
D/CAAccData(  391): x: -0.313268 y: 9.152874 z: 4.5628166
D/CAAccData(  391): x: -0.313268 y: 9.507003 z: 4.440233
D/CAAccData(  391): x: -0.313268 y: 9.507003 z: 4.7126403
D/CrashAlert(  391): Handler :1
I/CrashAlert(  391): Status bleibt aktiv
D/CAAccTime(  391): Sun Jun 27 09:07:14 Europe/Amsterdam 2010
D/CAAccData(  391): x: -0.3405087 y: 9.697687 z: 4.7535014
D/CAAccData(  391): x: -0.08172209 y: 9.915613 z: 4.944186
D/CAAccData(  391): x: -0.040861044 y: 9.724928 z: 4.7535014
D/CAAccData(  391): x: -0.08172209 y: 9.656827 z: 4.7943625
D/CAAccData(  391): x: -0.14982383 y: 9.112013 z: 4.5628166
D/CAAccData(  391): x: -0.313268 y: 9.193735 z: 4.440233
D/CAAccData(  391): x: -0.38136974 y: 9.00305 z: 4.1814466
D/CAAccData(  391): x: -0.38136974 y: 8.730643 z: 4.2495484
D/CAAccData(  391): x: -0.42223078 y: 8.771504 z: 4.140586
D/CAAccData(  391): x: -0.42223078 y: 8.921328 z: 4.399372
D/CAAccData(  391): x: -0.5720546 y: 9.466142 z: 4.5900574
D/CAAccData(  391): x: -0.6946377 y: 8.812365 z: 4.630918
D/CrashAlert(  391): Handler :1
I/CrashAlert(  391): Status bleibt aktiv
D/CAAccData(  391): x: -0.61291564 y: 7.8589406 z: 5.706926
D/CAAccData(  391): x: -0.7218784 y: 6.4424243 z: 6.742072
D/CAAccData(  391): x: -0.5720546 y: 6.5922484 z: 6.6331096
D/CAAccData(  391): x: -0.61291564 y: 6.973618 z: 7.164303
D/CAAccData(  391): x: -0.42223078 y: 7.205164 z: 7.4639506
D/CAAccData(  391): x: -0.38136974 y: 6.6331096 z: 6.8237944
D/CAAccData(  391): x: -0.38136974 y: 6.66035 z: 7.246025
D/CAAccData(  391): x: -0.53119355 y: 6.469665 z: 6.8237944
D/CAAccData(  391): x: -0.7218784 y: 6.2789803 z: 6.742072
D/CAAccData(  391): x: -0.46309182 y: 6.4424243 z: 6.891896
D/CAAccData(  391): x: -0.53119355 y: 6.66035 z: 5.8158884
D/CAAccData(  391): x: -0.10896278 y: 9.275456 z: 4.4810944
D/CrashAlert(  391): Handler :1
I/CrashAlert(  391): Status bleibt aktiv
D/dalvikvm(  391): GC freed 8587 objects / 524512 bytes in 123ms
D/CAAccTime(  391): Sun Jun 27 09:07:15 Europe/Amsterdam 2010
D/CAAccData(  391): x: 0.08172209 y: 9.112013 z: 4.1814466
D/CAAccData(  391): x: 0.10896278 y: 6.5513873 z: 6.5513873
D/CAAccData(  391): x: -0.0 y: 6.6331096 z: 6.742072
D/CAAccData(  391): x: 0.38136974 y: 8.853226 z: 5.407278
D/CAAccData(  391): x: 0.23154591 y: 8.539958 z: 5.325556
D/CAAccData(  391): x: 0.29964766 y: 7.6273947 z: 5.7886477
D/CAAccData(  391): x: 0.08172209 y: 7.7363577 z: 5.5162406
D/CAAccData(  391): x: -0.0 y: 8.117727 z: 5.053149
D/CAAccData(  391): x: -0.08172209 y: 8.19945 z: 5.243834
D/CAAccData(  391): x: -0.23154591 y: 8.049625 z: 5.325556
D/CAAccData(  391): x: -0.10896278 y: 8.499097 z: 5.202973
D/CAAccData(  391): x: -0.19068487 y: 8.921328 z: 5.053149
D/CrashAlert(  391): Handler :1
I/CrashAlert(  391): Status bleibt aktiv
D/CAAccData(  391): x: -0.14982383 y: 8.894087 z: 5.47538
D/CAAccData(  391): x: -0.040861044 y: 8.962189 z: 5.7477865
D/CAAccData(  391): x: -0.14982383 y: 9.084772 z: 5.706926
D/CAAccData(  391): x: -0.08172209 y: 8.894087 z: 5.5571017
D/CAAccData(  391): x: -0.08172209 y: 8.308413 z: 5.134871
D/CAAccData(  391): x: -0.08172209 y: 8.240311 z: 4.7126403
D/CAAccData(  391): x: -0.08172209 y: 7.7363577 z: 4.1814466
D/CAAccData(  391): x: -0.23154591 y: 7.6954966 z: 4.3312707
D/CAAccData(  391): x: -0.14982383 y: 8.049625 z: 4.440233
D/CAAccData(  391): x: -0.08172209 y: 8.049625 z: 4.440233
D/CAAccData(  391): x: -0.040861044 y: 8.471856 z: 4.9850473
D/CAAccData(  391): x: -0.14982383 y: 8.430995 z: 4.903325
D/CAAccData(  391): x: -0.42223078 y: 8.499097 z: 5.053149
D/CAAccData(  391): x: -0.19068487 y: 8.689782 z: 5.134871
D/CrashAlert(  391): Handler :1
I/CrashAlert(  391): Status bleibt aktiv
D/CAAccData(  391): x: -0.27240697 y: 8.62168 z: 4.9850473
D/CAAccData(  391): x: -0.38136974 y: 8.580819 z: 5.175732
D/CAAccData(  391): x: -0.38136974 y: 8.689782 z: 5.053149
D/CAAccData(  391): x: -0.53119355 y: 8.962189 z: 5.012288
D/CAAccTime(  391): Sun Jun 27 09:07:16 Europe/Amsterdam 2010
D/CAAccData(  391): x: -0.50395286 y: 8.921328 z: 5.597963
D/CAAccData(  391): x: -0.42223078 y: 8.812365 z: 5.5162406
D/CAAccData(  391): x: -0.313268 y: 9.234595 z: 5.597963
D/CAAccData(  391): x: -0.313268 y: 8.662541 z: 5.134871
D/CAAccData(  391): x: -0.27240697 y: 9.084772 z: 5.407278
D/CAAccData(  391): x: -0.27240697 y: 8.771504 z: 5.202973
D/CAAccData(  391): x: -0.14982383 y: 8.62168 z: 5.366417
D/CAAccData(  391): x: -0.313268 y: 7.205164 z: 6.66035
D/CrashAlert(  391): Handler :1
I/CrashAlert(  391): Status bleibt aktiv
D/CAAccData(  391): x: -0.53119355 y: 6.6331096 z: 6.782933
D/CAAccData(  391): x: -0.6946377 y: 6.782933 z: 6.5513873
D/CAAccData(  391): x: -0.8036005 y: 6.5513873 z: 7.246025
D/CAAccData(  391): x: -0.88532263 y: 6.66035 z: 7.3549876
D/CAAccData(  391): x: -0.92618364 y: 5.134871 z: 8.390134
D/CAAccData(  391): x: -1.0760075 y: 5.434519 z: 8.62168
D/CAAccData(  391): x: -1.1168685 y: 5.2165933 z: 8.580819
D/CAAccData(  391): x: -1.0351465 y: 5.6252036 z: 9.00305
D/CAAccData(  391): x: -1.1849703 y: 5.6252036 z: 9.343558
D/CAAccData(  391): x: -1.2666923 y: 5.8567495 z: 8.880466
D/CAAccData(  391): x: -1.2666923 y: 5.5162406 z: 8.812365
D/CAAccData(  391): x: -1.2666923 y: 5.134871 z: 8.689782
D/CAAccData(  391): x: -1.334794 y: 4.7943625 z: 8.008764
D/CrashAlert(  391): Handler :1
I/CrashAlert(  391): Status bleibt aktiv
D/CAAccData(  391): x: -1.0760075 y: 4.7943625 z: 7.5456724
D/CAAccData(  391): x: -1.2666923 y: 4.6036777 z: 7.3549876
D/CAAccData(  391): x: -1.334794 y: 4.3312707 z: 8.19945
D/CAAccData(  391): x: -1.1849703 y: 3.173541 z: 9.997335
D/CAAccTime(  391): Sun Jun 27 09:07:17 Europe/Amsterdam 2010
D/CAAccData(  391): x: -1.4165162 y: 3.759216 z: 10.106298
D/CAAccData(  391): x: -1.1849703 y: 3.5957718 z: 10.147159
D/CAAccData(  391): x: -1.1849703 y: 4.440233 z: 10.651112
D/CAAccData(  391): x: -1.1441092 y: 3.636633 z: 10.923519
D/CAAccData(  391): x: -0.9942854 y: 4.440233 z: 9.888372
D/CAAccData(  391): x: -0.61291564 y: 5.5162406 z: 8.921328
D/CAAccData(  391): x: -0.5720546 y: 5.434519 z: 8.049625
D/CAAccData(  391): x: -0.53119355 y: 4.0180025 z: 8.471856
D/CrashAlert(  391): Handler :1
I/CrashAlert(  391): Status bleibt aktiv
D/CAAccData(  391): x: -0.61291564 y: 5.09401 z: 8.117727
D/CAAccData(  391): x: -0.61291564 y: 4.440233 z: 8.771504
D/CAAccData(  391): x: -0.6946377 y: 4.440233 z: 8.812365
D/CAAccData(  391): x: -0.7218784 y: 5.407278 z: 8.349273
D/CAAccData(  391): x: -0.6946377 y: 5.012288 z: 8.730643
D/CAAccData(  391): x: -0.84446156 y: 5.243834 z: 8.921328
D/CAAccData(  391): x: -0.92618364 y: 4.944186 z: 9.112013
D/CAAccData(  391): x: -1.0760075 y: 5.053149 z: 9.425281
D/CAAccData(  391): x: -1.1168685 y: 5.5162406 z: 9.00305
D/CAAccData(  391): x: -0.92618364 y: 5.706926 z: 8.580819
D/CAAccData(  391): x: -0.84446156 y: 6.2789803 z: 7.8589406
D/CAAccData(  391): x: -0.92618364 y: 6.3198414 z: 7.6546354
D/CrashAlert(  391): Handler :1
I/CrashAlert(  391): Status bleibt aktiv
D/CAAccData(  391): x: -0.95342433 y: 6.469665 z: 7.273266
D/CAAccData(  391): x: -1.2666923 y: 6.238119 z: 7.3141265
D/CAAccData(  391): x: -1.56634 y: 6.5922484 z: 7.5865335
D/CAAccData(  391): x: -1.7570249 y: 6.1700177 z: 7.273266
D/CAAccData(  391): x: -2.5333846 y: 6.932757 z: 7.205164
D/CAAccTime(  391): Sun Jun 27 09:07:18 Europe/Amsterdam 2010
D/CAAccData(  391): x: -2.7921712 y: 7.8861814 z: 6.2108784
D/CAAccData(  391): x: -3.405087 y: 8.853226 z: 5.6660647
D/CAAccData(  391): x: -4.1814466 y: 7.504812 z: 6.4015636
D/CAAccData(  391): x: -4.372132 y: 7.668256 z: 6.5513873
D/CAAccData(  391): x: -4.7535014 y: 7.8180795 z: 6.510526
D/CAAccData(  391): x: -4.7535014 y: 8.430995 z: 5.6660647
D/CAAccData(  391): x: -4.372132 y: 8.281172 z: 5.5162406
D/CrashAlert(  391): Handler :1
I/CrashAlert(  391): Status bleibt aktiv
D/CAAccData(  391): x: -4.440233 y: 7.3958488 z: 6.3198414
D/CAAccData(  391): x: -4.5219555 y: 6.510526 z: 6.932757
D/CAAccData(  391): x: -4.4810944 y: 6.510526 z: 6.742072
D/CAAccData(  391): x: -4.440233 y: 6.0474343 z: 6.5922484
D/CAAccData(  391): x: -4.5628166 y: 6.4015636 z: 6.701211
D/CAAccData(  391): x: -4.671779 y: 6.238119 z: 7.3958488
D/CAAccData(  391): x: -4.862464 y: 5.8976107 z: 7.8861814
D/CAAccData(  391): x: -5.053149 y: 6.4015636 z: 7.9270425
D/CAAccData(  391): x: -5.175732 y: 6.742072 z: 7.3549876
D/CAAccData(  391): x: -5.243834 y: 6.66035 z: 7.43671
D/CAAccData(  391): x: -5.366417 y: 6.1700177 z: 7.164303
D/CAAccData(  391): x: -5.243834 y: 6.5922484 z: 7.8861814
D/CrashAlert(  391): Handler :1
I/CrashAlert(  391): Status bleibt aktiv
D/CAAccData(  391): x: -5.134871 y: 6.469665 z: 7.6273947
D/CAAccData(  391): x: -5.366417 y: 6.66035 z: 7.246025
D/CAAccData(  391): x: -5.284695 y: 7.0553403 z: 7.5865335
D/CAAccData(  391): x: -5.175732 y: 7.1234417 z: 6.782933
D/CAAccData(  391): x: -5.434519 y: 8.853226 z: 5.7886477
D/CAAccTime(  391): Sun Jun 27 09:07:19 Europe/Amsterdam 2010
D/CAAccData(  391): x: -4.862464 y: 8.240311 z: 5.284695
D/CAAccData(  391): x: -4.671779 y: 7.3958488 z: 5.7886477
D/CAAccData(  391): x: -4.7535014 y: 7.9270425 z: 5.8567495
D/CAAccData(  391): x: -4.6036777 y: 8.689782 z: 5.597963
D/CAAccData(  391): x: -4.372132 y: 8.771504 z: 5.7477865
D/CAAccData(  391): x: -4.099725 y: 8.662541 z: 5.8158884
D/CAAccData(  391): x: -3.990762 y: 8.662541 z: 5.434519
D/CrashAlert(  391): Handler :1
I/CrashAlert(  391): Status bleibt aktiv
D/CAAccData(  391): x: -3.718355 y: 9.152874 z: 4.2495484
D/CAAccData(  391): x: -3.568531 y: 8.580819 z: 3.8681788
D/CAAccData(  391): x: -3.568531 y: 7.668256 z: 3.636633
D/CAAccData(  391): x: -3.8681788 y: 8.158588 z: 4.140586
D/CAAccData(  391): x: -4.0180025 y: 8.894087 z: 4.5628166
D/CAAccData(  391): x: -4.140586 y: 8.853226 z: 4.8216033
D/CAAccData(  391): x: -4.630918 y: 9.302697 z: 5.175732
D/CAAccData(  391): x: -4.2495484 y: 8.894087 z: 4.5628166
D/CAAccData(  391): x: -4.399372 y: 9.724928 z: 4.944186
D/CAAccData(  391): x: -3.8681788 y: 8.894087 z: 4.0180025
D/CAAccData(  391): x: -3.6774938 y: 9.234595 z: 4.5900574
D/CrashAlert(  391): Handler :1
I/CrashAlert(  391): Status bleibt aktiv
D/CAAccData(  391): x: -3.1054392 y: 9.193735 z: 4.5219555
D/CAAccData(  391): x: -2.9556155 y: 9.575105 z: 5.175732
D/CAAccData(  391): x: -2.3018389 y: 9.152874 z: 4.671779
D/CAAccData(  391): x: -2.4108016 y: 9.043911 z: 4.630918
D/CAAccData(  391): x: -1.7570249 y: 9.043911 z: 5.134871
D/CAAccData(  391): x: -1.607201 y: 7.504812 z: 6.2108784
D/CAAccTime(  391): Sun Jun 27 09:07:20 Europe/Amsterdam 2010
D/CAAccData(  391): x: -1.4165162 y: 6.1700177 z: 6.891896
D/CAAccData(  391): x: -1.0760075 y: 6.973618 z: 7.273266
D/CAAccData(  391): x: -0.61291564 y: 6.6331096 z: 6.66035
D/CAAccData(  391): x: -0.38136974 y: 6.66035 z: 7.8180795
D/CAAccData(  391): x: -0.14982383 y: 6.0201936 z: 8.049625
D/CAAccData(  391): x: -0.23154591 y: 5.7886477 z: 7.8589406
D/CAAccData(  391): x: -0.14982383 y: 5.134871 z: 7.6273947
D/CrashAlert(  391): Handler :1
I/CrashAlert(  391): Status bleibt aktiv
D/CAAccData(  391): x: -0.3405087 y: 4.8216033 z: 8.308413
D/CAAccData(  391): x: -0.313268 y: 4.399372 z: 8.812365
D/CAAccData(  391): x: -0.50395286 y: 4.0180025 z: 9.575105
D/CAAccData(  391): x: -0.50395286 y: 3.405087 z: 9.847511
D/CAAccData(  391): x: -0.6537767 y: 3.636633 z: 10.800936
D/CAAccData(  391): x: -0.84446156 y: 3.0237172 z: 11.372991
D/CAAccData(  391): x: -0.92618364 y: 3.173541 z: 12.871228
D/CAAccData(  391): x: -0.9942854 y: 2.8738933 z: 13.33432
D/CAAccData(  391): x: -0.88532263 y: 2.9147544 z: 13.565866
D/CAAccData(  391): x: -0.84446156 y: 2.9147544 z: 13.565866
D/CAAccData(  391): x: -0.88532263 y: 2.8330324 z: 13.1708765
D/CAAccData(  391): x: -0.92618364 y: 2.4108016 z: 13.252599
D/CrashAlert(  391): Handler :1
I/CrashAlert(  391): Status bleibt aktiv
D/CAAccData(  391): x: -0.9942854 y: 1.1441092 z: 12.299174
D/CAAccData(  391): x: -1.1168685 y: 0.61291564 z: 12.9529505
D/CAAccData(  391): x: -0.84446156 y: 0.19068487 z: 11.876944
D/CAAccData(  391): x: -0.92618364 y: 0.040861044 z: 11.917805
D/CAAccData(  391): x: -0.84446156 y: 0.3405087 z: 12.639683
D/CAAccData(  391): x: -1.0351465 y: 1.0760075 z: 13.33432
D/CAAccData(  391): x: -1.2258313 y: 1.1849703 z: 13.484144
D/CAAccTime(  391): Sun Jun 27 09:07:21 Europe/Amsterdam 2010
D/CAAccData(  391): x: -1.2258313 y: 1.1168685 z: 12.762266
D/CAAccData(  391): x: -1.5390993 y: 1.4573772 z: 13.252599
D/CAAccData(  391): x: -1.1849703 y: 1.9477097 z: 12.789507
D/CAAccData(  391): x: -1.4165162 y: 2.1111538 z: 11.836082
D/CAAccData(  391): x: -1.0760075 y: 3.1054392 z: 11.264028
D/CrashAlert(  391): Handler :1
I/CrashAlert(  391): Status bleibt aktiv
D/CAAccData(  391): x: -1.1168685 y: 3.0645783 z: 10.310603
D/CAAccData(  391): x: -1.2258313 y: 3.336985 z: 10.079058
D/CAAccData(  391): x: -1.1441092 y: 1.879608 z: 11.536434
D/CAAccData(  391): x: -1.1849703 y: 0.38136974 z: 13.443283
D/CAAccData(  391): x: -1.3075534 y: 0.23154591 z: 13.593107
D/CAAccData(  391): x: -0.92618364 y: 0.19068487 z: 13.783792
D/CAAccData(  391): x: -0.95342433 y: 1.0351465 z: 13.375181
D/CAAccData(  391): x: -0.6946377 y: 3.636633 z: 11.073342
D/CAAccData(  391): x: -0.50395286 y: 4.944186 z: 9.084772
D/CAAccData(  391): x: -0.5720546 y: 4.8216033 z: 8.880466
D/CAAccData(  391): x: -0.6946377 y: 4.099725 z: 7.9270425
D/CAAccData(  391): x: -0.88532263 y: 3.759216 z: 8.962189
D/CrashAlert(  391): Handler :1
I/CrashAlert(  391): Status bleibt aktiv
D/CAAccData(  391): x: -0.95342433 y: 3.8273177 z: 9.697687
D/dalvikvm(  391): GC freed 8572 objects / 523896 bytes in 128ms
D/CAAccData(  391): x: -0.95342433 y: 3.405087 z: 11.536434
D/CAAccData(  391): x: -0.92618364 y: 3.5276701 z: 10.106298
D/CAAccData(  391): x: -0.92618364 y: 3.718355 z: 10.882658
D/CAAccData(  391): x: -0.92618364 y: 4.099725 z: 10.651112
D/CAAccData(  391): x: -0.88532263 y: 3.486809 z: 11.536434
D/CAAccData(  391): x: -0.61291564 y: 4.0180025 z: 10.923519
D/CAAccData(  391): x: -0.6537767 y: 2.9556155 z: 11.413852
D/CAAccTime(  391): Sun Jun 27 09:07:22 Europe/Amsterdam 2010
D/CAAccData(  391): x: -0.84446156 y: 3.173541 z: 11.223166
D/CAAccData(  391): x: -0.6537767 y: 2.3699405 z: 11.304889
D/CAAccData(  391): x: -1.0351465 y: 2.5333846 z: 11.264028
D/CAAccData(  391): x: -1.2258313 y: 2.7649305 z: 11.645397
D/CAAccData(  391): x: -1.7978859 y: 2.3699405 z: 11.304889
D/CrashAlert(  391): Handler :1
I/CrashAlert(  391): Status bleibt aktiv
D/CAAccData(  391): x: -2.2201166 y: 2.3699405 z: 11.604536
D/CAAccData(  391): x: -2.5606253 y: 2.982856 z: 11.836082
D/CAAccData(  391): x: -2.982856 y: 3.1463003 z: 11.495573
D/CAAccData(  391): x: -3.173541 y: 3.0645783 z: 10.460427
D/CAAccData(  391): x: -3.8681788 y: 4.3312707 z: 10.460427
D/CAAccData(  391): x: -3.7864566 y: 4.0588636 z: 9.466142
D/CAAccData(  391): x: -3.990762 y: 4.372132 z: 9.724928
D/CAAccData(  391): x: -4.099725 y: 3.718355 z: 9.193735
D/CAAccData(  391): x: -4.7943625 y: 4.903325 z: 10.18802
D/CAAccData(  391): x: -4.099725 y: 3.9499009 z: 8.921328
D/CAAccData(  391): x: -4.903325 y: 4.6036777 z: 9.343558
D/CAAccData(  391): x: -4.903325 y: 4.7535014 z: 9.275456
D/CAAccData(  391): x: -5.175732 y: 4.903325 z: 9.724928
D/CAAccData(  391): x: -4.9850473 y: 4.3312707 z: 9.384419
D/CrashAlert(  391): Handler :1
I/CrashAlert(  391): Status bleibt aktiv
D/CAAccData(  391): x: -5.407278 y: 4.372132 z: 9.534244
D/CAAccData(  391): x: -5.5571017 y: 4.7126403 z: 9.697687
D/CAAccData(  391): x: -5.6660647 y: 4.3312707 z: 9.656827
D/CAAccData(  391): x: -6.0474343 y: 4.3312707 z: 9.724928
D/CAAccData(  391): x: -6.742072 y: 4.671779 z: 9.80665
D/CAAccData(  391): x: -6.782933 y: 4.630918 z: 9.80665
D/CAAccData(  391): x: -6.851035 y: 4.2086873 z: 9.425281
D/CAAccData(  391): x: -6.701211 y: 4.399372 z: 9.152874
D/CAAccTime(  391): Sun Jun 27 09:07:23 Europe/Amsterdam 2010
D/CAAccData(  391): x: -7.3549876 y: 5.5571017 z: 7.9270425
D/CAAccData(  391): x: -7.3958488 y: 5.8567495 z: 8.117727
D/CAAccData(  391): x: -7.246025 y: 5.8567495 z: 8.117727
D/CAAccData(  391): x: -7.246025 y: 5.7477865 z: 7.3958488
D/CrashAlert(  391): Handler :1
I/CrashAlert(  391): Status bleibt aktiv
D/CAAccData(  391): x: -7.8861814 y: 6.2108784 z: 7.6954966
D/CAAccData(  391): x: -7.8861814 y: 6.1291566 z: 7.3549876
D/CAAccData(  391): x: -7.6954966 y: 5.7477865 z: 7.3549876
D/CAAccData(  391): x: -7.7363577 y: 5.5571017 z: 7.04172
D/CAAccData(  391): x: -7.7772183 y: 6.2108784 z: 7.6546354
D/CAAccData(  391): x: -7.668256 y: 5.9793324 z: 6.5513873
D/CAAccData(  391): x: -7.8589406 y: 7.3141265 z: 5.8567495
D/CAAccData(  391): x: -7.5456724 y: 8.19945 z: 4.7943625
D/CAAccData(  391): x: -7.3549876 y: 7.8180795 z: 5.325556
D/CAAccData(  391): x: -7.3958488 y: 7.504812 z: 5.284695
D/CAAccData(  391): x: -7.43671 y: 7.273266 z: 5.09401
D/CAAccData(  391): x: -7.43671 y: 7.7772183 z: 5.284695
D/CrashAlert(  391): Handler :1
I/CrashAlert(  391): Status bleibt aktiv
D/CAAccData(  391): x: -7.0553403 y: 8.62168 z: 4.944186
D/CAAccData(  391): x: -6.742072 y: 7.7363577 z: 4.0180025
D/CAAccData(  391): x: -7.3958488 y: 8.730643 z: 4.5628166
D/CAAccData(  391): x: -6.701211 y: 9.112013 z: 4.2086873
D/CAAccData(  391): x: -6.5922484 y: 8.308413 z: 4.0588636
D/CAAccData(  391): x: -6.973618 y: 8.771504 z: 3.7864566
D/CAAccData(  391): x: -7.273266 y: 9.697687 z: 3.9499009
D/CAAccData(  391): x: -7.1234417 y: 8.62168 z: 4.099725
D/CAAccData(  391): x: -7.7772183 y: 8.539958 z: 4.372132
D/CAAccTime(  391): Sun Jun 27 09:07:24 Europe/Amsterdam 2010
D/CAAccData(  391): x: -7.6954966 y: 9.425281 z: 4.2086873
D/CAAccData(  391): x: -7.8861814 y: 8.962189 z: 4.140586
D/CAAccData(  391): x: -8.62168 y: 9.00305 z: 5.366417
D/CrashAlert(  391): Handler :1
I/CrashAlert(  391): Status bleibt aktiv
D/CAAccData(  391): x: -7.9679036 y: 8.049625 z: 4.8216033
D/CAAccData(  391): x: -8.771504 y: 9.193735 z: 5.6660647
D/CAAccData(  391): x: -7.6273947 y: 8.008764 z: 4.7535014
D/CAAccData(  391): x: -8.19945 y: 8.689782 z: 4.8216033
D/CAAccData(  391): x: -8.158588 y: 8.662541 z: 4.630918
D/CAAccData(  391): x: -7.9270425 y: 9.152874 z: 4.903325
D/CAAccData(  391): x: -8.281172 y: 9.152874 z: 3.9499009
D/CAAccData(  391): x: -7.8861814 y: 8.580819 z: 4.2086873
D/CAAccData(  391): x: -8.158588 y: 8.853226 z: 4.7943625
D/CAAccData(  391): x: -7.8589406 y: 8.853226 z: 4.2086873
D/CAAccData(  391): x: -7.6273947 y: 8.430995 z: 4.5628166
D/CAAccData(  391): x: -7.7363577 y: 7.8589406 z: 4.099725
D/CrashAlert(  391): Handler :1
I/CrashAlert(  391): Status bleibt aktiv
D/CAAccData(  391): x: -7.5456724 y: 7.8589406 z: 4.0180025
D/CAAccData(  391): x: -8.008764 y: 8.662541 z: 4.2086873
D/CAAccData(  391): x: -8.281172 y: 8.921328 z: 4.440233
D/CAAccData(  391): x: -8.049625 y: 8.499097 z: 4.4810944
D/CAAccData(  391): x: -7.9679036 y: 8.812365 z: 5.175732
D/CAAccData(  391): x: -7.7363577 y: 8.921328 z: 5.09401
D/CAAccData(  391): x: -7.3549876 y: 8.539958 z: 4.671779
D/CAAccData(  391): x: -6.851035 y: 9.00305 z: 4.944186
D/CAAccData(  391): x: -6.66035 y: 8.390134 z: 4.440233
D/CAAccTime(  391): Sun Jun 27 09:07:25 Europe/Amsterdam 2010
D/CAAccData(  391): x: -6.3607025 y: 8.689782 z: 4.903325
D/CAAccData(  391): x: -5.829509 y: 7.3141265 z: 5.5162406
D/CrashAlert(  391): Handler :1
I/CrashAlert(  391): Status bleibt aktiv
D/CAAccData(  391): x: -5.47538 y: 6.742072 z: 6.510526
D/CAAccData(  391): x: -5.325556 y: 6.469665 z: 6.4015636
D/CAAccData(  391): x: -5.134871 y: 6.5922484 z: 6.742072
D/CAAccData(  391): x: -4.8216033 y: 7.014479 z: 6.701211
D/CAAccData(  391): x: -4.7126403 y: 6.6331096 z: 6.5922484
D/CAAccData(  391): x: -4.4810944 y: 6.0474343 z: 6.469665
D/CAAccData(  391): x: -4.372132 y: 6.782933 z: 6.932757
D/CAAccData(  391): x: -4.140586 y: 6.510526 z: 6.66035
D/CAAccData(  391): x: -3.990762 y: 6.2789803 z: 6.5922484
D/CAAccData(  391): x: -3.9499009 y: 6.66035 z: 6.6331096
D/CAAccData(  391): x: -3.5957718 y: 6.66035 z: 5.7477865
D/CAAccData(  391): x: -3.568531 y: 8.689782 z: 4.2904096
D/CrashAlert(  391): Handler :1
I/CrashAlert(  391): Status bleibt aktiv
D/CAAccData(  391): x: -3.173541 y: 9.00305 z: 3.636633
V/AutoSetting(  258): receiver - ***onReceive: com.htc.app.autosetting.retrylocation
V/AutoSetting(  258): receiver - startAutosettingService, action: com.htc.app.autosetting.retrylocation,notifyWhenNoResult:true
D/CAAccData(  391): x: -2.8330324 y: 9.275456 z: 3.214402
D/CAAccData(  391): x: -2.6832085 y: 9.847511 z: 3.9771416
D/AutoSetting(  258): service - ***setupWizardIsCompleted: true
D/AutoSetting(  258): service - onStart(), id = 0
D/AutoSetting(  258): service - new wake lock
D/CAAccData(  391): x: -2.4516625 y: 9.575105 z: 3.9090397
D/AutoSetting(  258): service - wake lock acquire
D/AutoSetting(  258): service - onStart(), Checking location times = 2
D/AutoSetting(  258): service - onStart(), Checking location change = false
D/AutoSetting(  258): service - onStart(), Set city info = true
D/AutoSetting(  258): service - onStart(), Set network time info = true
D/AutoSetting(  258): service - onStart(), Set network timezone info = false
D/AutoSetting(  258): service - onStart(), Set notify when no result = true
V/HtcLocationService(  258): service - onCreate()
V/HtcLocationService(  258): service - onBind()
D/CAAccData(  391): x: -2.1792557 y: 8.430995 z: 5.366417
D/CAAccData(  391): x: -2.2609777 y: 8.430995 z: 6.3607025
D/CAAccData(  391): x: -1.879608 y: 9.384419 z: 4.862464
D/CAAccData(  391): x: -1.8387469 y: 9.615966 z: 4.5628166
D/CAAccData(  391): x: -1.7978859 y: 8.539958 z: 5.053149
D/CAAccData(  391): x: -1.9885708 y: 8.499097 z: 5.202973
D/CAAccData(  391): x: -1.8387469 y: 8.812365 z: 3.9771416
D/CAAccTime(  391): Sun Jun 27 09:07:26 Europe/Amsterdam 2010
D/CAAccData(  391): x: -2.070293 y: 8.580819 z: 3.7864566
D/CrashAlert(  391): Handler :1
I/CrashAlert(  391): Status bleibt aktiv
D/CAAccData(  391): x: -2.0294318 y: 9.425281 z: 4.372132
D/CAAccData(  391): x: -2.1111538 y: 8.499097 z: 4.1814466
D/CAAccData(  391): x: -2.1792557 y: 8.539958 z: 4.140586
D/CAAccData(  391): x: -2.1111538 y: 9.302697 z: 4.5219555
D/CAAccData(  391): x: -1.9477097 y: 8.962189 z: 4.2495484
D/CAAccData(  391): x: -1.879608 y: 9.112013 z: 4.4810944
D/CAAccData(  391): x: -1.7978859 y: 9.724928 z: 4.630918
D/CAAccData(  391): x: -1.607201 y: 9.575105 z: 4.5628166
D/CAAccData(  391): x: -1.607201 y: 9.343558 z: 4.399372
