D/CAAccData(  523): x: 9.697687 y: 2.1792557 z: 5.7886477
D/CAAccData(  523): x: 10.106298 y: 2.070293 z: 5.938472
D/LocationManagerService(  144): Acquired wakelock
I/CrashAlert(  523): ort geaendert 20.25
D/CrashAlertGPS(  523): 72.9
D/LocationManagerService(  144): Released wakelock
D/CrashAlert(  523): Handler :2
D/CAAccData(  523): x: 10.18802 y: 1.5390993 z: 5.8158884
D/CAAccData(  523): x: 9.847511 y: 2.3018389 z: 5.7886477
D/CAAccData(  523): x: 10.147159 y: 2.3699405 z: 5.47538
D/CAAccData(  523): x: 9.80665 y: 2.3699405 z: 5.053149
D/CAAccData(  523): x: 9.724928 y: 2.3699405 z: 4.8216033
D/CAAccData(  523): x: 9.888372 y: 2.4108016 z: 5.012288
D/CAAccData(  523): x: 9.724928 y: 2.2609777 z: 4.671779
D/CAAccData(  523): x: 8.812365 y: 2.4516625 z: 4.440233
D/CAAccData(  523): x: 8.662541 y: 2.5606253 z: 4.5219555
D/CAAccData(  523): x: 9.234595 y: 2.6014864 z: 4.8216033
D/CAAccData(  523): x: 9.915613 y: 2.8330324 z: 4.5628166
D/CAAccData(  523): x: 8.689782 y: 2.6014864 z: 4.1814466
D/CrashAlert(  523): Handler :2
D/CAAccData(  523): x: 8.19945 y: 2.4925237 z: 4.372132
D/CAAccData(  523): x: 8.880466 y: 2.7240696 z: 4.372132
D/CAAccData(  523): x: 9.493382 y: 2.5606253 z: 4.140586
D/CAAccData(  523): x: 9.084772 y: 2.7649305 z: 3.8273177
D/CAAccData(  523): x: 9.234595 y: 2.7649305 z: 3.405087
D/CAAccData(  523): x: 8.921328 y: 2.5333846 z: 2.8738933
D/CAAccTime(  523): Tue Jun 22 18:27:20 Europe/Amsterdam 2010
D/CAAccData(  523): x: 9.575105 y: 2.152015 z: 2.4516625
D/CAAccData(  523): x: 9.80665 y: 1.4165162 z: 1.9477097
D/CAAccData(  523): x: 9.384419 y: 0.7218784 z: 1.4573772
D/CAAccData(  523): x: 9.234595 y: 0.14982383 z: 0.9942854
D/CAAccData(  523): x: 9.152874 y: -0.61291564 z: 0.5720546
D/LocationManagerService(  144): Acquired wakelock
I/CrashAlert(  523): ort geaendert 18.5
D/CrashAlertGPS(  523): 66.6
D/LocationManagerService(  144): Released wakelock
D/CAAccData(  523): x: 9.466142 y: -0.3405087 z: 0.3405087
D/CrashAlert(  523): Handler :2
D/CAAccData(  523): x: 9.343558 y: -0.38136974 z: 0.7627395
D/CAAccData(  523): x: 9.234595 y: -0.6537767 z: -0.19068487
D/CAAccData(  523): x: 9.615966 y: -0.46309182 z: -0.19068487
D/CAAccData(  523): x: 9.425281 y: -0.50395286 z: -0.23154591
D/CAAccData(  523): x: 9.575105 y: -0.6537767 z: -0.10896278
D/CAAccData(  523): x: 9.493382 y: -0.6946377 z: -0.23154591
D/CAAccData(  523): x: 9.384419 y: -0.53119355 z: -0.3405087
D/CAAccData(  523): x: 8.853226 y: -0.5720546 z: -0.27240697
D/CAAccData(  523): x: 9.425281 y: -0.6537767 z: -0.50395286
D/CAAccData(  523): x: 9.425281 y: -0.6537767 z: -0.61291564
D/CAAccData(  523): x: 9.234595 y: -0.61291564 z: -0.5720546
D/CAAccData(  523): x: 9.534244 y: -0.6946377 z: -0.61291564
D/CrashAlert(  523): Handler :2
D/CAAccData(  523): x: 9.534244 y: -0.7627395 z: -0.84446156
D/CAAccData(  523): x: 9.697687 y: -0.6537767 z: -0.6537767
D/CAAccData(  523): x: 9.275456 y: -0.5720546 z: -0.7627395
D/CAAccData(  523): x: 9.193735 y: -0.61291564 z: -0.7627395
D/CAAccData(  523): x: 9.343558 y: -0.6946377 z: -0.6537767
D/CAAccData(  523): x: 9.493382 y: -0.5720546 z: -0.6946377
D/CAAccData(  523): x: 9.112013 y: -0.6946377 z: -0.8036005
D/CAAccTime(  523): Tue Jun 22 18:27:21 Europe/Amsterdam 2010
D/CAAccData(  523): x: 8.880466 y: -0.50395286 z: -0.38136974
D/CAAccData(  523): x: 8.921328 y: -0.6537767 z: -0.38136974
D/CAAccData(  523): x: 9.765789 y: -0.7218784 z: -0.38136974
D/CAAccData(  523): x: 9.534244 y: -0.53119355 z: -0.38136974
D/CAAccData(  523): x: 9.084772 y: -0.53119355 z: -0.3405087
D/LocationManagerService(  144): Acquired wakelock
I/CrashAlert(  523): ort geaendert 17.25
D/CrashAlertGPS(  523): 62.1
D/LocationManagerService(  144): Released wakelock
D/CrashAlert(  523): Handler :2
D/CAAccData(  523): x: 9.302697 y: -0.50395286 z: -0.19068487
D/CAAccData(  523): x: 9.80665 y: -0.61291564 z: -0.27240697
D/CAAccData(  523): x: 9.697687 y: -0.6537767 z: -0.27240697
D/CAAccData(  523): x: 9.00305 y: -0.9125633 z: -0.23154591
D/CAAccData(  523): x: 8.880466 y: -0.7627395 z: -0.313268
D/CAAccData(  523): x: 8.730643 y: 0.3405087 z: -0.42223078
D/CAAccData(  523): x: 8.771504 y: 0.6537767 z: -0.27240697
D/CAAccData(  523): x: 9.084772 y: 0.8036005 z: -0.23154591
D/CAAccData(  523): x: 8.962189 y: 0.5720546 z: -0.38136974
D/CAAccData(  523): x: 8.880466 y: 0.7627395 z: -0.27240697
D/CAAccData(  523): x: 8.662541 y: 0.8036005 z: -0.313268
D/CAAccData(  523): x: 9.275456 y: 0.50395286 z: -0.313268
D/CAAccData(  523): x: 9.466142 y: 1.0760075 z: -0.14982383
D/CrashAlert(  523): Handler :2
D/CAAccData(  523): x: 9.152874 y: 1.1441092 z: -0.23154591
D/dalvikvm(  523): GC freed 8521 objects / 523544 bytes in 95ms
D/CAAccData(  523): x: 9.302697 y: 0.7627395 z: -0.14982383
D/CAAccData(  523): x: 9.615966 y: 1.0760075 z: -0.27240697
D/CAAccData(  523): x: 9.302697 y: 1.5390993 z: -0.3405087
D/CAAccData(  523): x: 9.697687 y: 1.3075534 z: -0.10896278
D/CAAccData(  523): x: 9.656827 y: 1.3075534 z: -0.14982383
D/CAAccData(  523): x: 9.384419 y: 1.5390993 z: -0.50395286
D/CAAccData(  523): x: 9.234595 y: 1.4573772 z: -0.19068487
D/CAAccData(  523): x: 9.656827 y: 1.4982382 z: -0.23154591
D/CAAccTime(  523): Tue Jun 22 18:27:22 Europe/Amsterdam 2010
D/CAAccData(  523): x: 9.615966 y: 1.5390993 z: -0.313268
D/CAAccData(  523): x: 9.534244 y: 1.3075534 z: -0.313268
D/CAAccData(  523): x: 9.656827 y: 1.4573772 z: -0.3405087
D/LocationManagerService(  144): Acquired wakelock
I/CrashAlert(  523): ort geaendert 15.0
D/CrashAlertGPS(  523): 54.0
D/CrashAlert(  523): 2OnstatusChanged
D/LocationManagerService(  144): Released wakelock
D/CAAccData(  523): x: 9.656827 y: 1.334794 z: -0.42223078
D/CrashAlert(  523): Handler :2
D/CAAccData(  523): x: 9.847511 y: 1.2258313 z: -0.38136974
D/CAAccData(  523): x: 9.656827 y: 1.3756552 z: -0.38136974
D/CAAccData(  523): x: 9.724928 y: 1.1441092 z: -0.313268
D/CAAccData(  523): x: 9.80665 y: 1.2666923 z: -0.27240697
D/CAAccData(  523): x: 9.615966 y: 1.2666923 z: -0.19068487
D/CAAccData(  523): x: 9.575105 y: 1.1849703 z: -0.19068487
D/CAAccData(  523): x: 9.152874 y: 1.3075534 z: -0.19068487
D/CAAccData(  523): x: 9.152874 y: 1.1441092 z: -0.10896278
D/CAAccData(  523): x: 8.962189 y: 1.2258313 z: -0.08172209
D/CAAccData(  523): x: 8.853226 y: 1.2666923 z: -0.19068487
D/CAAccData(  523): x: 8.430995 y: 1.2666923 z: -0.23154591
D/CAAccData(  523): x: 8.049625 y: 1.3075534 z: -0.10896278
D/CAAccData(  523): x: 8.730643 y: 1.2258313 z: -0.27240697
D/CrashAlert(  523): Handler :2
D/CAAccData(  523): x: 9.084772 y: 1.1168685 z: -0.42223078
D/CAAccData(  523): x: 8.921328 y: 1.2258313 z: -0.19068487
D/CAAccData(  523): x: 9.234595 y: 1.1441092 z: -0.19068487
D/CAAccData(  523): x: 9.765789 y: 1.1168685 z: -0.27240697
D/CAAccData(  523): x: 9.575105 y: 1.2258313 z: -0.0
D/CAAccData(  523): x: 10.038197 y: 1.0760075 z: 0.10896278
D/CAAccData(  523): x: 9.956474 y: 1.1441092 z: -0.10896278
D/CAAccData(  523): x: 10.18802 y: 1.1441092 z: 0.10896278
D/CAAccData(  523): x: 9.765789 y: 1.1849703 z: 0.10896278
D/CAAccData(  523): x: 9.888372 y: 1.1168685 z: -0.040861044
D/CAAccTime(  523): Tue Jun 22 18:27:23 Europe/Amsterdam 2010
D/CAAccData(  523): x: 9.043911 y: 1.2258313 z: -0.0
D/CAAccData(  523): x: 9.343558 y: 1.1849703 z: 0.14982383
D/CAAccData(  523): x: 9.724928 y: 1.1168685 z: -0.10896278
D/LocationManagerService(  144): Acquired wakelock
I/CrashAlert(  523): ort geaendert 0.0
D/CrashAlertGPS(  523): 0.0
D/LocationManagerService(  144): Released wakelock
D/CrashAlert(  523): Handler :2
I/CrashAlert(  523): Status auf Aktiv gendert
D/CAAccData(  523): x: 9.493382 y: 1.1441092 z: -0.19068487
D/CAAccData(  523): x: 9.112013 y: 1.2258313 z: -0.14982383
D/CAAccData(  523): x: 9.493382 y: 1.0351465 z: -0.42223078
D/CAAccData(  523): x: 10.038197 y: 1.1441092 z: -0.53119355
D/CAAccData(  523): x: 9.697687 y: 1.0351465 z: -0.53119355
D/CAAccData(  523): x: 9.343558 y: 1.0760075 z: -0.61291564
D/CAAccData(  523): x: 9.466142 y: 1.1441092 z: -0.7627395
D/CAAccData(  523): x: 9.384419 y: 1.0351465 z: -0.61291564
D/CAAccData(  523): x: 8.962189 y: 1.1441092 z: -0.53119355
D/CAAccData(  523): x: 9.193735 y: 0.9942854 z: -0.8036005
D/CAAccData(  523): x: 9.043911 y: 0.88532263 z: -0.8036005
D/CAAccData(  523): x: 9.384419 y: 0.8036005 z: -0.6946377
D/CAAccData(  523): x: 9.152874 y: 0.7627395 z: -0.6946377
D/CAAccData(  523): x: 9.084772 y: 0.6946377 z: -0.6537767
D/CrashAlert(  523): Handler :1
I/CrashAlert(  523): Status bleibt aktiv
D/CAAccData(  523): x: 9.466142 y: 0.53119355 z: -0.61291564
D/CAAccData(  523): x: 9.956474 y: 0.3405087 z: -0.5720546
D/CAAccData(  523): x: 9.234595 y: 0.46309182 z: -0.53119355
D/CAAccData(  523): x: 9.80665 y: 0.3405087 z: -0.6946377
D/CAAccData(  523): x: 9.997335 y: 0.19068487 z: -0.6946377
D/CAAccData(  523): x: 9.234595 y: 0.3405087 z: -0.50395286
D/CAAccData(  523): x: 9.384419 y: 0.42223078 z: -0.3405087
D/CAAccData(  523): x: 9.697687 y: 0.08172209 z: -0.46309182
D/CAAccData(  523): x: 8.962189 y: 0.27240697 z: -0.27240697
D/CAAccData(  523): x: 8.662541 y: 0.27240697 z: -0.19068487
D/CAAccTime(  523): Tue Jun 22 18:27:24 Europe/Amsterdam 2010
D/CAAccData(  523): x: 9.084772 y: 0.10896278 z: -0.42223078
D/CAAccData(  523): x: 9.275456 y: -0.040861044 z: -0.61291564
D/CAAccData(  523): x: 9.234595 y: 0.08172209 z: -0.50395286
D/LocationManagerService(  144): Acquired wakelock
I/CrashAlert(  523): ort geaendert 0.0
D/CrashAlertGPS(  523): 0.0
D/LocationManagerService(  144): Released wakelock
D/CrashAlert(  523): Handler :1
I/CrashAlert(  523): Status bleibt aktiv
D/CAAccData(  523): x: 9.425281 y: -0.19068487 z: -0.46309182
D/CAAccData(  523): x: 9.466142 y: -0.19068487 z: -0.5720546
D/CAAccData(  523): x: 9.656827 y: -0.10896278 z: -0.50395286
D/CAAccData(  523): x: 9.193735 y: -0.29964766 z: -0.50395286
D/CAAccData(  523): x: 9.343558 y: -0.27240697 z: -0.53119355
D/CAAccData(  523): x: 9.384419 y: -0.38136974 z: -0.5720546
D/CAAccData(  523): x: 8.812365 y: -0.27240697 z: -0.50395286
D/CAAccData(  523): x: 9.112013 y: -0.42223078 z: -0.50395286
D/CAAccData(  523): x: 9.302697 y: -0.5720546 z: -0.53119355
D/CAAccData(  523): x: 9.193735 y: -0.5720546 z: -0.38136974
D/CAAccData(  523): x: 9.00305 y: -0.5720546 z: -0.5720546
D/CAAccData(  523): x: 8.921328 y: -0.6537767 z: -0.61291564
D/CrashAlert(  523): Handler :1
I/CrashAlert(  523): Status bleibt aktiv
D/CAAccData(  523): x: 9.234595 y: -0.6537767 z: -0.50395286
D/CAAccData(  523): x: 9.152874 y: -0.7627395 z: -0.5720546
D/CAAccData(  523): x: 9.193735 y: -0.7218784 z: -0.50395286
D/CAAccData(  523): x: 9.343558 y: -1.334794 z: -0.53119355
D/CAAccData(  523): x: 9.656827 y: -0.9125633 z: -0.50395286
D/CAAccData(  523): x: 9.765789 y: -1.1849703 z: -0.53119355
D/CAAccData(  523): x: 9.534244 y: -1.1849703 z: -0.42223078
D/CAAccData(  523): x: 9.888372 y: -1.2258313 z: -0.46309182
D/CAAccData(  523): x: 9.466142 y: -1.0760075 z: -0.313268
D/CAAccData(  523): x: 9.084772 y: -1.1441092 z: -0.19068487
D/CAAccTime(  523): Tue Jun 22 18:27:25 Europe/Amsterdam 2010
D/CAAccData(  523): x: 9.343558 y: -1.1168685 z: -0.3405087
D/LocationManagerService(  144): Acquired wakelock
I/CrashAlert(  523): ort geaendert 0.0
D/CrashAlertGPS(  523): 0.0
D/LocationManagerService(  144): Released wakelock
D/CAAccData(  523): x: 8.962189 y: -1.1849703 z: -0.10896278
D/CrashAlert(  523): Handler :1
I/CrashAlert(  523): Status bleibt aktiv
D/CAAccData(  523): x: 9.152874 y: -1.1168685 z: -0.14982383
D/CAAccData(  523): x: 9.656827 y: -1.1849703 z: -0.38136974
D/CAAccData(  523): x: 9.384419 y: -1.1441092 z: -0.14982383
D/CAAccData(  523): x: 9.915613 y: -1.0760075 z: -0.27240697
D/CAAccData(  523): x: 10.378705 y: -0.7218784 z: -0.42223078
D/CAAccData(  523): x: 10.269742 y: -0.84446156 z: -0.46309182
D/CAAccData(  523): x: 10.269742 y: -0.8036005 z: -0.50395286
D/CAAccData(  523): x: 10.501288 y: -0.53119355 z: -0.5720546
D/CAAccData(  523): x: 9.956474 y: -0.5720546 z: -0.5720546
D/CAAccData(  523): x: 9.697687 y: 0.14982383 z: -0.50395286
D/CAAccData(  523): x: 9.275456 y: -0.3405087 z: -0.53119355
D/CAAccData(  523): x: 8.921328 y: -0.10896278 z: -0.46309182
D/CAAccData(  523): x: 8.349273 y: 0.84446156 z: -0.46309182
D/CrashAlert(  523): Handler :1
I/CrashAlert(  523): Status bleibt aktiv
D/CAAccData(  523): x: 8.539958 y: 0.14982383 z: -0.313268
D/CAAccData(  523): x: 8.853226 y: 0.08172209 z: -0.27240697
D/CAAccData(  523): x: 8.689782 y: 0.7218784 z: -0.23154591
D/CAAccData(  523): x: 9.00305 y: 0.313268 z: -0.19068487
D/CAAccData(  523): x: 9.656827 y: 0.08172209 z: -0.27240697
D/CAAccData(  523): x: 9.956474 y: 0.19068487 z: -0.38136974
D/CAAccData(  523): x: 10.528529 y: 0.08172209 z: -0.3405087
D/CAAccData(  523): x: 10.841797 y: -0.10896278 z: -0.313268
D/CAAccData(  523): x: 10.800936 y: -0.50395286 z: -0.42223078
D/CAAccData(  523): x: 10.7192135 y: -0.23154591 z: -0.50395286
D/CAAccData(  523): x: 11.032481 y: -0.61291564 z: -0.53119355
D/CAAccData(  523): x: 10.61025 y: -0.6946377 z: -0.50395286
D/LocationManagerService(  144): Acquired wakelock
I/CrashAlert(  523): ort geaendert 0.0
D/CrashAlertGPS(  523): 0.0
D/LocationManagerService(  144): Released wakelock
D/CAAccTime(  523): Tue Jun 22 18:27:26 Europe/Amsterdam 2010
D/CAAccData(  523): x: 9.915613 y: -0.61291564 z: -0.50395286
D/CrashAlert(  523): Handler :1
I/CrashAlert(  523): Status bleibt aktiv
D/CAAccData(  523): x: 9.847511 y: -0.7218784 z: -0.53119355
D/CAAccData(  523): x: 9.888372 y: -0.8036005 z: -0.46309182
D/CAAccData(  523): x: 10.7192135 y: -1.1849703 z: -0.7218784
D/CAAccData(  523): x: 10.460427 y: -0.88532263 z: -0.19068487
D/CAAccData(  523): x: 9.724928 y: -1.0351465 z: -0.42223078
D/CAAccData(  523): x: 11.372991 y: -1.2666923 z: -0.6537767
D/CAAccData(  523): x: 10.310603 y: -1.1849703 z: -0.27240697
D/CAAccData(  523): x: 9.425281 y: -1.1168685 z: -0.46309182
D/CAAccData(  523): x: 10.18802 y: -0.9942854 z: -0.14982383
D/CAAccData(  523): x: 10.269742 y: -1.4165162 z: -0.19068487
D/CAAccData(  523): x: 9.615966 y: -1.1849703 z: 0.23154591
D/CAAccData(  523): x: 9.425281 y: -1.525479 z: 0.23154591
D/CrashAlert(  523): Handler :1
I/CrashAlert(  523): Status bleibt aktiv
D/CAAccData(  523): x: 9.915613 y: -1.9477097 z: 0.19068487
D/CAAccData(  523): x: 9.724928 y: -2.5333846 z: 0.19068487
D/CAAccData(  523): x: 9.656827 y: -3.3642259 z: 0.23154591
D/CAAccData(  523): x: 9.915613 y: -3.8681788 z: 0.29964766
D/CAAccData(  523): x: 9.888372 y: -4.2495484 z: 0.08172209
D/CAAccData(  523): x: 9.80665 y: -4.440233 z: 0.23154591
D/CAAccData(  523): x: 9.656827 y: -4.630918 z: 0.19068487
D/CAAccData(  523): x: 9.575105 y: -4.7943625 z: 0.14982383
D/CAAccData(  523): x: 9.615966 y: -4.862464 z: 0.08172209
D/CAAccData(  523): x: 9.466142 y: -4.903325 z: 0.46309182
D/CAAccData(  523): x: 9.425281 y: -4.944186 z: 0.19068487
D/LocationManagerService(  144): Acquired wakelock
I/CrashAlert(  523): ort geaendert 0.0
D/CrashAlertGPS(  523): 0.0
D/LocationManagerService(  144): Released wakelock
D/CAAccTime(  523): Tue Jun 22 18:27:27 Europe/Amsterdam 2010
D/CAAccData(  523): x: 9.724928 y: -5.09401 z: 0.3405087
D/CrashAlert(  523): Handler :1
I/CrashAlert(  523): Status bleibt aktiv
D/CAAccData(  523): x: 10.18802 y: -5.053149 z: 0.46309182
D/CAAccData(  523): x: 9.80665 y: -5.202973 z: 0.29964766
D/CAAccData(  523): x: 10.079058 y: -5.134871 z: 0.23154591
D/CAAccData(  523): x: 10.310603 y: -5.243834 z: 0.10896278
D/CAAccData(  523): x: 9.956474 y: -5.243834 z: 0.42223078
D/CAAccData(  523): x: 9.915613 y: -5.202973 z: 0.23154591
D/CAAccData(  523): x: 9.152874 y: -5.243834 z: 0.19068487
D/CAAccData(  523): x: 9.112013 y: -5.175732 z: 0.23154591
D/CAAccData(  523): x: 9.466142 y: -5.407278 z: 0.040861044
D/CAAccData(  523): x: 8.962189 y: -5.202973 z: 0.10896278
D/CAAccData(  523): x: 8.539958 y: -5.202973 z: -0.0
D/CAAccData(  523): x: 9.234595 y: -5.434519 z: -0.040861044
D/CAAccData(  523): x: 8.62168 y: -5.243834 z: -0.040861044
D/CrashAlert(  523): Handler :1
I/CrashAlert(  523): Status bleibt aktiv
D/CAAccData(  523): x: 8.730643 y: -5.202973 z: 0.19068487
D/CAAccData(  523): x: 8.921328 y: -5.5571017 z: 0.08172209
D/CAAccData(  523): x: 9.466142 y: -5.407278 z: 0.08172209
D/CAAccData(  523): x: 8.689782 y: -5.202973 z: 0.040861044
D/CAAccData(  523): x: 9.425281 y: -5.6660647 z: -0.23154591
D/CAAccData(  523): x: 10.147159 y: -5.243834 z: -0.313268
D/CAAccData(  523): x: 10.18802 y: -4.944186 z: -0.38136974
D/CAAccData(  523): x: 10.079058 y: -4.8216033 z: -0.38136974
D/CAAccData(  523): x: 10.378705 y: -4.2495484 z: -0.42223078
D/CAAccData(  523): x: 10.106298 y: -4.2904096 z: -0.42223078
D/CAAccData(  523): x: 10.419566 y: -4.2495484 z: -0.42223078
D/CAAccData(  523): x: 9.765789 y: -3.9771416 z: -0.38136974
D/LocationManagerService(  144): Acquired wakelock
I/CrashAlert(  523): ort geaendert 20.75
D/CrashAlertGPS(  523): 74.7
D/LocationManagerService(  144): Released wakelock
D/dalvikvm(  523): GC freed 8510 objects / 524328 bytes in 101ms
D/CAAccData(  523): x: 10.106298 y: -3.759216 z: -0.46309182
D/CrashAlert(  523): Handler :1
I/CrashAlert(  523): Status auf Prime gendert
D/CAAccTime(  523): Tue Jun 22 18:27:28 Europe/Amsterdam 2010
D/CAAccData(  523): x: 9.575105 y: -3.636633 z: -0.5720546
D/CAAccData(  523): x: 9.615966 y: -3.405087 z: -0.6537767
D/CAAccData(  523): x: 9.302697 y: -3.3642259 z: -0.8036005
D/CAAccData(  523): x: 9.112013 y: -3.1463003 z: -0.61291564
D/CAAccData(  523): x: 8.880466 y: -2.8738933 z: -1.0351465
D/CAAccData(  523): x: 8.689782 y: -2.8738933 z: -1.2666923
D/CAAccData(  523): x: 8.853226 y: -2.6014864 z: -1.4982382
D/CAAccData(  523): x: 8.62168 y: -2.5333846 z: -1.7570249
D/CAAccData(  523): x: 8.499097 y: -2.5606253 z: -1.9477097
D/CAAccData(  523): x: 9.084772 y: -2.5333846 z: -2.1111538
D/CAAccData(  523): x: 9.275456 y: -2.4516625 z: -2.4108016
D/CAAccData(  523): x: 9.493382 y: -2.4108016 z: -2.5606253
D/CAAccData(  523): x: 9.275456 y: -2.1111538 z: -2.6014864
D/CAAccData(  523): x: 9.234595 y: -2.070293 z: -2.9556155
D/CAAccData(  523): x: 9.656827 y: -2.0294318 z: -3.214402
D/CAAccData(  523): x: 9.466142 y: -1.9477097 z: -3.214402
D/CrashAlert(  523): Handler :2
D/CAAccData(  523): x: 9.152874 y: -1.8387469 z: -3.173541
D/CAAccData(  523): x: 9.425281 y: -1.7570249 z: -3.568531
D/CAAccData(  523): x: 9.493382 y: -1.6480621 z: -3.718355
D/CAAccData(  523): x: 9.275456 y: -1.4573772 z: -3.6774938
D/CAAccData(  523): x: 9.302697 y: -1.4573772 z: -3.9499009
D/CAAccData(  523): x: 9.275456 y: -1.607201 z: -3.990762
D/CAAccData(  523): x: 9.302697 y: -1.4982382 z: -4.0180025
D/CAAccData(  523): x: 9.575105 y: -1.525479 z: -4.2904096
D/CAAccData(  523): x: 9.697687 y: -1.7570249 z: -4.440233
D/CAAccData(  523): x: 9.724928 y: -1.56634 z: -4.5219555
D/LocationManagerService(  144): Acquired wakelock
I/CrashAlert(  523): ort geaendert 21.0
D/CrashAlertGPS(  523): 75.6
D/LocationManagerService(  144): Released wakelock
D/CAAccData(  523): x: 9.493382 y: -1.525479 z: -4.630918
D/CAAccData(  523): x: 9.493382 y: -1.6889231 z: -4.140586
D/CAAccData(  523): x: 9.997335 y: -1.6480621 z: -4.862464
D/CrashAlert(  523): Handler :2
D/CAAccTime(  523): Tue Jun 22 18:27:29 Europe/Amsterdam 2010
D/CAAccData(  523): x: 9.888372 y: -1.6480621 z: -5.053149
D/CAAccData(  523): x: 9.724928 y: -1.7570249 z: -5.134871
D/CAAccData(  523): x: 9.80665 y: -1.6480621 z: -5.134871
D/CAAccData(  523): x: 9.615966 y: -1.6480621 z: -5.2165933
D/CAAccData(  523): x: 9.765789 y: -1.7570249 z: -5.366417
D/CAAccData(  523): x: 9.80665 y: -1.7570249 z: -5.5162406
D/CAAccData(  523): x: 9.80665 y: -1.7978859 z: -5.5162406
D/CAAccData(  523): x: 9.80665 y: -1.7570249 z: -5.434519
D/CAAccData(  523): x: 9.888372 y: -1.7978859 z: -5.5162406
D/CAAccData(  523): x: 9.956474 y: -1.7570249 z: -5.6252036
D/CAAccData(  523): x: 9.997335 y: -1.6889231 z: -5.6252036
D/CAAccData(  523): x: 9.847511 y: -1.7297841 z: -5.6252036
D/CAAccData(  523): x: 10.038197 y: -1.56634 z: -5.7477865
D/CrashAlert(  523): Handler :2
D/CAAccData(  523): x: 9.697687 y: -1.334794 z: -5.6660647
D/CAAccData(  523): x: 9.534244 y: -1.334794 z: -5.6660647
D/CAAccData(  523): x: 9.656827 y: -1.334794 z: -5.5162406
D/CAAccData(  523): x: 9.466142 y: -1.0760075 z: -5.434519
D/CAAccData(  523): x: 9.302697 y: -0.7627395 z: -5.5571017
D/CAAccData(  523): x: 9.112013 y: -1.2258313 z: -5.243834
D/CAAccData(  523): x: 9.466142 y: -0.50395286 z: -5.325556
D/CAAccData(  523): x: 9.084772 y: -0.53119355 z: -5.134871
D/CAAccData(  523): x: 9.275456 y: -0.7218784 z: -4.903325
D/CAAccData(  523): x: 9.343558 y: -0.6537767 z: -4.9850473
D/LocationManagerService(  144): Acquired wakelock
I/CrashAlert(  523): ort geaendert 21.0
D/CrashAlertGPS(  523): 75.6
D/LocationManagerService(  144): Released wakelock
D/CAAccData(  523): x: 9.384419 y: -0.8036005 z: -4.903325
D/CAAccData(  523): x: 9.534244 y: -0.9942854 z: -4.7126403
D/CAAccData(  523): x: 9.343558 y: -0.9125633 z: -4.7126403
D/CrashAlert(  523): Handler :2
D/CAAccData(  523): x: 9.112013 y: -1.0760075 z: -4.5628166
D/CAAccTime(  523): Tue Jun 22 18:27:30 Europe/Amsterdam 2010
D/CAAccData(  523): x: 9.152874 y: -1.1168685 z: -4.3312707
D/CAAccData(  523): x: 9.275456 y: -1.1168685 z: -4.2904096
D/CAAccData(  523): x: 9.343558 y: -1.1849703 z: -4.399372
D/CAAccData(  523): x: 8.662541 y: -1.3075534 z: -4.2086873
D/CAAccData(  523): x: 9.00305 y: -1.2666923 z: -4.140586
D/CAAccData(  523): x: 9.193735 y: -1.3075534 z: -4.1814466
D/CAAccData(  523): x: 9.043911 y: -1.4982382 z: -4.140586
D/CAAccData(  523): x: 9.084772 y: -1.2666923 z: -4.1814466
D/CAAccData(  523): x: 8.962189 y: -1.525479 z: -4.140586
D/CAAccData(  523): x: 9.193735 y: -1.4165162 z: -4.2904096
D/CAAccData(  523): x: 9.302697 y: -1.4982382 z: -4.440233
D/CAAccData(  523): x: 9.112013 y: -1.56634 z: -4.399372
D/CAAccData(  523): x: 9.302697 y: -1.525479 z: -4.8216033
D/CrashAlert(  523): Handler :2
D/CAAccData(  523): x: 9.152874 y: -1.6480621 z: -4.862464
D/CAAccData(  523): x: 9.275456 y: -1.6889231 z: -5.175732
D/CAAccData(  523): x: 9.425281 y: -1.8387469 z: -5.6252036
D/CAAccData(  523): x: 9.466142 y: -1.7570249 z: -5.7477865
D/CAAccData(  523): x: 8.962189 y: -1.7570249 z: -5.706926
D/CAAccData(  523): x: 8.921328 y: -1.7570249 z: -5.829509
D/CAAccData(  523): x: 8.921328 y: -1.7570249 z: -5.938472
D/CAAccData(  523): x: 8.921328 y: -1.879608 z: -5.7886477
D/CAAccData(  523): x: 8.962189 y: -1.6889231 z: -5.8567495
D/CAAccData(  523): x: 8.853226 y: -1.6889231 z: -5.7477865
D/LocationManagerService(  144): Acquired wakelock
I/CrashAlert(  523): ort geaendert 21.25
D/CrashAlertGPS(  523): 76.5
D/LocationManagerService(  144): Released wakelock
D/CAAccData(  523): x: 8.689782 y: -1.6889231 z: -5.597963
D/CAAccData(  523): x: 8.62168 y: -1.7297841 z: -5.434519
D/CAAccData(  523): x: 9.084772 y: -1.6889231 z: -5.7477865
D/CrashAlert(  523): Handler :2
D/CAAccData(  523): x: 9.084772 y: -1.7978859 z: -5.7477865
D/CAAccTime(  523): Tue Jun 22 18:27:31 Europe/Amsterdam 2010
D/CAAccData(  523): x: 9.084772 y: -1.7570249 z: -5.5571017
D/CAAccData(  523): x: 9.493382 y: -1.7978859 z: -5.7477865
D/CAAccData(  523): x: 9.152874 y: -1.879608 z: -6.0201936
D/CAAccData(  523): x: 9.425281 y: -1.920469 z: -6.2108784
D/CAAccData(  523): x: 9.234595 y: -1.879608 z: -6.2108784
D/CAAccData(  523): x: 9.384419 y: -2.0294318 z: -6.3607025
D/CAAccData(  523): x: 9.534244 y: -1.9477097 z: -6.2108784
D/CAAccData(  523): x: 8.662541 y: -1.879608 z: -6.2789803
D/CAAccData(  523): x: 8.880466 y: -1.9885708 z: -6.6331096
D/CAAccData(  523): x: 9.084772 y: -1.920469 z: -6.5513873
D/CAAccData(  523): x: 9.234595 y: -1.920469 z: -6.8237944
D/CAAccData(  523): x: 9.234595 y: -1.6889231 z: -6.782933
D/CrashAlert(  523): Handler :2
D/CAAccData(  523): x: 9.043911 y: -1.7297841 z: -6.891896
D/CAAccData(  523): x: 9.384419 y: -1.7570249 z: -7.246025
D/CAAccData(  523): x: 9.724928 y: -1.7297841 z: -7.3549876
D/CAAccData(  523): x: 9.80665 y: -1.7570249 z: -7.7363577
D/CAAccData(  523): x: 9.575105 y: -1.525479 z: -7.8589406
D/CAAccData(  523): x: 9.697687 y: -1.4573772 z: -7.8589406
D/CAAccData(  523): x: 9.80665 y: -1.56634 z: -7.9270425
D/CAAccData(  523): x: 9.615966 y: -1.0351465 z: -7.8180795
D/CAAccData(  523): x: 9.302697 y: -1.2258313 z: -7.8589406
D/CAAccData(  523): x: 8.962189 y: -1.0351465 z: -7.8589406
D/LocationManagerService(  144): Acquired wakelock
I/CrashAlert(  523): ort geaendert 20.75
D/CrashAlertGPS(  523): 74.7
D/LocationManagerService(  144): Released wakelock
D/CAAccData(  523): x: 9.00305 y: -1.1168685 z: -7.5865335
D/CAAccData(  523): x: 8.962189 y: -1.0760075 z: -7.504812
D/CAAccData(  523): x: 9.193735 y: -1.1441092 z: -7.5865335
D/CrashAlert(  523): Handler :2
D/CAAccData(  523): x: 9.084772 y: -1.4573772 z: -7.7772183
D/CAAccData(  523): x: 9.234595 y: -1.4982382 z: -7.668256
D/CAAccTime(  523): Tue Jun 22 18:27:32 Europe/Amsterdam 2010
D/CAAccData(  523): x: 9.302697 y: -1.6889231 z: -7.8180795
D/CAAccData(  523): x: 9.466142 y: -1.7570249 z: -7.668256
D/CAAccData(  523): x: 9.425281 y: -1.7297841 z: -7.6273947
D/CAAccData(  523): x: 9.343558 y: -1.7297841 z: -7.668256
D/CAAccData(  523): x: 9.384419 y: -1.7570249 z: -7.5865335
D/CAAccData(  523): x: 9.302697 y: -1.8387469 z: -7.3141265
D/CAAccData(  523): x: 9.384419 y: -1.879608 z: -7.6954966
D/CAAccData(  523): x: 9.084772 y: -1.7978859 z: -6.701211
D/CAAccData(  523): x: 9.193735 y: -1.7978859 z: -7.1234417
D/CAAccData(  523): x: 9.425281 y: -1.879608 z: -7.668256
D/CAAccData(  523): x: 9.466142 y: -1.9477097 z: -7.3549876
D/CrashAlert(  523): Handler :2
D/CAAccData(  523): x: 9.534244 y: -1.7978859 z: -7.246025
D/CAAccData(  523): x: 9.765789 y: -1.920469 z: -7.504812
D/CAAccData(  523): x: 9.724928 y: -1.9477097 z: -7.5865335
D/CAAccData(  523): x: 9.956474 y: -1.920469 z: -7.6273947
D/CAAccData(  523): x: 10.147159 y: -1.920469 z: -7.8180795
D/CAAccData(  523): x: 10.038197 y: -1.9477097 z: -7.6954966
D/CAAccData(  523): x: 9.80665 y: -1.8387469 z: -7.4639506
D/CAAccData(  523): x: 9.384419 y: -1.607201 z: -7.164303
D/CAAccData(  523): x: 9.697687 y: -1.6480621 z: -7.014479
D/CAAccData(  523): x: 9.656827 y: -1.6889231 z: -6.8237944
D/CAAccData(  523): x: 9.466142 y: -1.4573772 z: -6.932757
D/LocationManagerService(  144): Acquired wakelock
I/CrashAlert(  523): ort geaendert 18.5
D/CrashAlertGPS(  523): 66.6
D/LocationManagerService(  144): Released wakelock
D/CAAccData(  523): x: 9.425281 y: -1.2258313 z: -6.851035
D/CAAccData(  523): x: 9.425281 y: -1.2666923 z: -6.5513873
D/CrashAlert(  523): Handler :2
D/CAAccData(  523): x: 9.915613 y: -1.3075534 z: -6.510526
D/CAAccData(  523): x: 9.534244 y: -0.5720546 z: -6.891896
D/CAAccData(  523): x: 9.234595 y: -0.9125633 z: -6.66035
D/CAAccTime(  523): Tue Jun 22 18:27:33 Europe/Amsterdam 2010
D/CAAccData(  523): x: 9.193735 y: -0.53119355 z: -6.66035
D/CAAccData(  523): x: 9.384419 y: -0.29964766 z: -6.510526
D/CAAccData(  523): x: 9.234595 y: -0.5720546 z: -6.3607025
D/CAAccData(  523): x: 9.043911 y: -1.0760075 z: -6.4424243
D/CAAccData(  523): x: 8.880466 y: -0.23154591 z: -6.1700177
D/CAAccData(  523): x: 8.580819 y: -0.23154591 z: -5.9793324
D/CAAccData(  523): x: 8.812365 y: -0.19068487 z: -5.8976107
D/CAAccData(  523): x: 8.662541 y: -0.08172209 z: -5.7886477
D/CAAccData(  523): x: 8.853226 y: -0.10896278 z: -5.829509
D/CAAccData(  523): x: 8.921328 y: 0.0 z: -5.7477865
D/CrashAlert(  523): Handler :2
D/CAAccData(  523): x: 9.234595 y: 0.040861044 z: -5.706926
D/CAAccData(  523): x: 8.962189 y: 0.14982383 z: -5.407278
D/CAAccData(  523): x: 8.962189 y: 0.23154591 z: -5.243834
D/CAAccData(  523): x: 8.921328 y: 0.27240697 z: -5.325556
D/CAAccData(  523): x: 9.00305 y: 0.23154591 z: -4.9850473
D/CAAccData(  523): x: 9.00305 y: 0.42223078 z: -4.6036777
D/CAAccData(  523): x: 9.466142 y: 0.46309182 z: -4.7535014
D/CAAccData(  523): x: 9.302697 y: 0.46309182 z: -4.5219555
D/CAAccData(  523): x: 9.302697 y: 0.61291564 z: -4.3312707
D/CAAccData(  523): x: 9.343558 y: 0.61291564 z: -4.0588636
D/LocationManagerService(  144): Acquired wakelock
I/CrashAlert(  523): ort geaendert 16.5
D/CrashAlertGPS(  523): 59.399998
D/LocationManagerService(  144): Released wakelock
D/CAAccData(  523): x: 9.084772 y: 0.8036005 z: -3.9499009
D/CAAccData(  523): x: 9.493382 y: 0.5720546 z: -3.9499009
D/CAAccData(  523): x: 9.425281 y: 0.84446156 z: -3.990762
D/CrashAlert(  523): Handler :2
D/CAAccData(  523): x: 9.765789 y: 0.88532263 z: -4.0180025
D/CAAccData(  523): x: 9.656827 y: 0.8036005 z: -4.099725
D/CAAccData(  523): x: 9.534244 y: 0.9942854 z: -3.990762
D/CAAccData(  523): x: 9.534244 y: 1.0760075 z: -4.140586
D/CAAccTime(  523): Tue Jun 22 18:27:34 Europe/Amsterdam 2010
D/CAAccData(  523): x: 9.466142 y: 1.0351465 z: -4.2904096
D/dalvikvm(  523): GC freed 8541 objects / 523920 bytes in 95ms
D/CAAccData(  523): x: 9.493382 y: 1.0351465 z: -4.2904096
D/CAAccData(  523): x: 9.724928 y: 1.0760075 z: -4.630918
D/CAAccData(  523): x: 9.466142 y: 1.0760075 z: -4.630918
D/CAAccData(  523): x: 9.275456 y: 0.9942854 z: -4.7535014
D/CAAccData(  523): x: 9.152874 y: 1.1168685 z: -4.862464
D/CAAccData(  523): x: 9.234595 y: 1.1441092 z: -5.09401
D/CAAccData(  523): x: 9.275456 y: 1.0351465 z: -5.175732
D/CAAccData(  523): x: 9.234595 y: 0.9942854 z: -5.243834
D/CrashAlert(  523): Handler :2
D/CAAccData(  523): x: 9.302697 y: 1.1168685 z: -5.706926
D/CAAccData(  523): x: 9.343558 y: 0.9942854 z: -5.6660647
D/CAAccData(  523): x: 9.384419 y: 0.95342433 z: -5.706926
D/CAAccData(  523): x: 9.466142 y: 0.9942854 z: -5.8976107
D/CAAccData(  523): x: 9.847511 y: 0.92618364 z: -5.9793324
D/CAAccData(  523): x: 9.956474 y: 0.88532263 z: -6.3607025
D/CAAccData(  523): x: 9.724928 y: 0.92618364 z: -6.4424243
D/CAAccData(  523): x: 9.765789 y: 0.7627395 z: -6.4424243
D/CAAccData(  523): x: 9.997335 y: 0.7627395 z: -6.510526
D/CAAccData(  523): x: 9.956474 y: 0.9942854 z: -7.082581
D/LocationManagerService(  144): Acquired wakelock
I/CrashAlert(  523): ort geaendert 14.0
D/CrashAlertGPS(  523): 50.399998
D/LocationManagerService(  144): Released wakelock
D/CAAccData(  523): x: 9.384419 y: 0.6946377 z: -6.4015636
D/CAAccData(  523): x: 9.152874 y: 0.6946377 z: -6.891896
D/CAAccData(  523): x: 8.921328 y: 0.88532263 z: -6.3607025
D/CrashAlert(  523): Handler :2
D/CAAccData(  523): x: 8.880466 y: 0.84446156 z: -6.6331096
D/CAAccData(  523): x: 8.880466 y: 0.7627395 z: -7.273266
D/CAAccData(  523): x: 8.430995 y: 0.6946377 z: -6.6331096
D/CAAccData(  523): x: 8.662541 y: 0.95342433 z: -7.164303
D/CAAccData(  523): x: 8.771504 y: 0.7218784 z: -7.246025
D/CAAccTime(  523): Tue Jun 22 18:27:35 Europe/Amsterdam 2010
D/CAAccData(  523): x: 9.112013 y: 0.5720546 z: -6.851035
D/CAAccData(  523): x: 8.853226 y: 0.8036005 z: -7.668256
D/CAAccData(  523): x: 8.771504 y: 0.84446156 z: -7.504812
D/CAAccData(  523): x: 9.084772 y: 0.7627395 z: -7.6273947
D/CAAccData(  523): x: 8.962189 y: 0.84446156 z: -7.504812
D/CAAccData(  523): x: 8.662541 y: 0.6946377 z: -7.082581
D/CAAccData(  523): x: 8.853226 y: 0.84446156 z: -7.6273947
D/CAAccData(  523): x: 8.921328 y: 0.313268 z: -7.5456724
D/CrashAlert(  523): Handler :2
D/CAAccData(  523): x: 8.880466 y: 0.61291564 z: -7.3958488
D/CAAccData(  523): x: 9.00305 y: 0.84446156 z: -7.43671
D/CAAccData(  523): x: 8.921328 y: 0.6537767 z: -7.246025
D/CAAccData(  523): x: 9.152874 y: 0.7218784 z: -7.5456724
D/CAAccData(  523): x: 8.921328 y: 0.9942854 z: -7.3549876
D/CAAccData(  523): x: 9.043911 y: 0.7218784 z: -7.0553403
D/CAAccData(  523): x: 9.043911 y: 0.95342433 z: -7.3141265
D/CAAccData(  523): x: 9.193735 y: 0.92618364 z: -6.932757
D/CAAccData(  523): x: 8.921328 y: 0.9942854 z: -6.469665
D/LocationManagerService(  144): Acquired wakelock
I/CrashAlert(  523): ort geaendert 11.5
D/CrashAlertGPS(  523): 41.399998
D/LocationManagerService(  144): Released wakelock
D/CAAccData(  523): x: 8.689782 y: 0.9942854 z: -6.1700177
D/CAAccData(  523): x: 8.539958 y: 0.9942854 z: -5.938472
D/CAAccData(  523): x: 8.662541 y: 1.2666923 z: -5.7886477
D/CAAccData(  523): x: 8.240311 y: 1.3075534 z: -5.5162406
D/CrashAlert(  523): Handler :2
D/CAAccData(  523): x: 8.580819 y: 1.1441092 z: -4.9850473
D/CAAccData(  523): x: 8.471856 y: 1.5390993 z: -4.8216033
D/CAAccData(  523): x: 8.962189 y: 1.1441092 z: -4.2904096
D/CAAccData(  523): x: 9.493382 y: 1.334794 z: -3.8681788
D/CAAccTime(  523): Tue Jun 22 18:27:36 Europe/Amsterdam 2010
D/CAAccData(  523): x: 9.80665 y: 1.4165162 z: -3.445948
D/CAAccData(  523): x: 10.106298 y: 1.334794 z: -2.7649305
D/CAAccData(  523): x: 9.888372 y: 1.4573772 z: -2.2201166
D/CAAccData(  523): x: 9.697687 y: 1.56634 z: -1.6889231
D/CAAccData(  523): x: 9.915613 y: 1.5390993 z: -0.92618364
D/CAAccData(  523): x: 9.724928 y: 1.7570249 z: -0.46309182
D/CAAccData(  523): x: 9.425281 y: 1.7570249 z: -0.27240697
D/CAAccData(  523): x: 9.697687 y: 1.7570249 z: -0.14982383
D/CrashAlert(  523): Handler :2
D/CAAccData(  523): x: 9.493382 y: 1.8387469 z: -0.08172209
D/CAAccData(  523): x: 9.765789 y: 1.7297841 z: 0.14982383
D/CAAccData(  523): x: 9.466142 y: 1.7978859 z: 0.10896278
D/CAAccData(  523): x: 9.493382 y: 1.7978859 z: 0.040861044
D/CAAccData(  523): x: 9.384419 y: 1.7570249 z: -0.14982383
D/CAAccData(  523): x: 9.384419 y: 1.7978859 z: -0.08172209
D/CAAccData(  523): x: 9.00305 y: 1.7978859 z: 0.10896278
D/CAAccData(  523): x: 9.275456 y: 1.7978859 z: 0.10896278
D/CAAccData(  523): x: 9.234595 y: 1.7978859 z: -0.0
D/LocationManagerService(  144): Acquired wakelock
I/CrashAlert(  523): ort geaendert 11.5
D/CrashAlertGPS(  523): 41.399998
D/LocationManagerService(  144): Released wakelock
D/CAAccData(  523): x: 9.152874 y: 1.7570249 z: 0.040861044
D/CAAccData(  523): x: 8.962189 y: 1.2258313 z: 0.08172209
D/CAAccData(  523): x: 9.234595 y: 1.7978859 z: -0.08172209
D/CrashAlert(  523): Handler :2
D/CAAccData(  523): x: 8.880466 y: 1.7978859 z: -0.10896278
D/CAAccData(  523): x: 9.043911 y: 1.7978859 z: 0.08172209
D/CAAccData(  523): x: 9.466142 y: 1.7297841 z: -0.10896278
D/CAAccData(  523): x: 9.466142 y: 1.879608 z: 0.08172209
D/CAAccData(  523): x: 9.343558 y: 1.7297841 z: -0.0
D/CAAccData(  523): x: 9.80665 y: 1.7570249 z: -0.040861044
D/CAAccTime(  523): Tue Jun 22 18:27:37 Europe/Amsterdam 2010
D/CAAccData(  523): x: 9.888372 y: 1.7570249 z: -0.040861044
D/CAAccData(  523): x: 10.079058 y: 1.6480621 z: -0.27240697
D/CAAccData(  523): x: 9.888372 y: 1.7570249 z: -0.23154591
D/CAAccData(  523): x: 9.847511 y: 1.7297841 z: -0.53119355
D/CAAccData(  523): x: 9.765789 y: 1.6889231 z: -0.5720546
D/CAAccData(  523): x: 9.80665 y: 1.7570249 z: -0.46309182
D/CAAccData(  523): x: 9.724928 y: 1.56634 z: -0.7627395
D/CrashAlert(  523): Handler :2
D/CAAccData(  523): x: 9.915613 y: 1.56634 z: -0.7218784
D/CAAccData(  523): x: 9.656827 y: 0.88532263 z: -0.84446156
D/CAAccData(  523): x: 9.656827 y: 0.42223078 z: -0.6946377
D/CAAccData(  523): x: 9.656827 y: 0.19068487 z: -0.7218784
D/CAAccData(  523): x: 9.466142 y: -0.3405087 z: -0.95342433
D/CAAccData(  523): x: 9.343558 y: -0.61291564 z: -0.7627395
D/CAAccData(  523): x: 9.043911 y: -0.50395286 z: -0.6537767
D/CAAccData(  523): x: 9.425281 y: -0.7627395 z: -0.8036005
D/CAAccData(  523): x: 9.043911 y: -0.6537767 z: -0.8036005
D/CAAccData(  523): x: 9.193735 y: -0.6537767 z: -0.6946377
D/LocationManagerService(  144): Acquired wakelock
I/CrashAlert(  523): ort geaendert 13.25
D/CrashAlertGPS(  523): 47.699997
D/LocationManagerService(  144): Released wakelock
D/CAAccData(  523): x: 9.615966 y: -0.6946377 z: -0.7218784
D/CAAccData(  523): x: 9.275456 y: -0.7627395 z: -0.5720546
D/CAAccData(  523): x: 9.043911 y: -1.0760075 z: -0.42223078
D/CrashAlert(  523): Handler :2
D/CAAccData(  523): x: 9.765789 y: -0.6537767 z: -0.61291564
D/CAAccData(  523): x: 9.575105 y: -0.88532263 z: -0.42223078
D/CAAccData(  523): x: 9.724928 y: -0.5720546 z: -0.3405087
D/CAAccData(  523): x: 9.697687 y: -0.6946377 z: -0.61291564
D/CAAccData(  523): x: 9.234595 y: -0.5720546 z: -0.38136974
D/CAAccData(  523): x: 8.730643 y: -0.23154591 z: -0.3405087
D/CAAccData(  523): x: 8.812365 y: -0.23154591 z: -0.3405087
D/CAAccTime(  523): Tue Jun 22 18:27:38 Europe/Amsterdam 2010
D/CAAccData(  523): x: 8.689782 y: 0.040861044 z: -0.23154591
D/CAAccData(  523): x: 8.580819 y: 0.50395286 z: -0.14982383
D/CAAccData(  523): x: 8.812365 y: 0.6946377 z: -0.14982383
D/CAAccData(  523): x: 8.730643 y: 0.0 z: -0.23154591
D/CAAccData(  523): x: 9.534244 y: 0.5720546 z: -0.23154591
D/CAAccData(  523): x: 9.915613 y: 0.53119355 z: -0.50395286
D/CrashAlert(  523): Handler :2
D/CAAccData(  523): x: 9.915613 y: -0.08172209 z: -0.3405087
D/CAAccData(  523): x: 9.847511 y: 0.6537767 z: -0.46309182
D/CAAccData(  523): x: 9.466142 y: 0.5720546 z: -0.61291564
D/CAAccData(  523): x: 9.466142 y: 0.3405087 z: -0.38136974
D/CAAccData(  523): x: 9.534244 y: 0.5720546 z: -0.6946377
D/CAAccData(  523): x: 9.425281 y: 0.6537767 z: -0.53119355
D/CAAccData(  523): x: 9.043911 y: 0.14982383 z: -0.3405087
D/CAAccData(  523): x: 9.302697 y: 0.6946377 z: -0.6946377
D/CAAccData(  523): x: 9.343558 y: 0.7218784 z: -0.50395286
D/CAAccData(  523): x: 9.425281 y: 0.95342433 z: -0.46309182
D/LocationManagerService(  144): Acquired wakelock
I/CrashAlert(  523): ort geaendert 14.0
D/CrashAlertGPS(  523): 50.399998
D/LocationManagerService(  144): Released wakelock
D/CAAccData(  523): x: 9.575105 y: 0.84446156 z: -0.23154591
D/CAAccData(  523): x: 9.656827 y: 1.0351465 z: -0.313268
D/CAAccData(  523): x: 9.656827 y: 0.9942854 z: -0.23154591
D/CrashAlert(  523): Handler :2
D/CAAccData(  523): x: 9.80665 y: 1.0760075 z: -0.14982383
D/CAAccData(  523): x: 9.697687 y: 1.0351465 z: -0.42223078
D/CAAccData(  523): x: 9.697687 y: 1.0351465 z: -0.23154591
D/CAAccData(  523): x: 9.234595 y: 1.1441092 z: -0.313268
D/CAAccData(  523): x: 9.275456 y: 1.1168685 z: -0.10896278
D/CAAccData(  523): x: 8.962189 y: 1.1441092 z: -0.14982383
D/CAAccData(  523): x: 9.084772 y: 1.1168685 z: -0.040861044
D/CAAccData(  523): x: 9.152874 y: 1.1849703 z: -0.08172209
D/CAAccTime(  523): Tue Jun 22 18:27:39 Europe/Amsterdam 2010
D/CAAccData(  523): x: 9.302697 y: 1.1441092 z: 0.23154591
D/CAAccData(  523): x: 9.112013 y: 1.2258313 z: 0.27240697
D/CAAccData(  523): x: 9.534244 y: 1.1441092 z: 0.19068487
D/CAAccData(  523): x: 9.534244 y: 1.1849703 z: 0.5720546
D/CAAccData(  523): x: 9.656827 y: 1.2666923 z: 0.6537767
D/CrashAlert(  523): Handler :2
D/CAAccData(  523): x: 9.466142 y: 1.2666923 z: 0.8036005
D/CAAccData(  523): x: 9.80665 y: 1.1849703 z: 0.95342433
D/CAAccData(  523): x: 9.915613 y: 1.1441092 z: 1.0760075
D/CAAccData(  523): x: 9.534244 y: 1.3756552 z: 1.2258313
D/CAAccData(  523): x: 9.765789 y: 1.2666923 z: 1.2666923
D/CAAccData(  523): x: 9.765789 y: 1.2666923 z: 1.4165162
D/CAAccData(  523): x: 9.724928 y: 1.2258313 z: 1.1168685
D/CAAccData(  523): x: 9.112013 y: 1.334794 z: 1.2666923
D/CAAccData(  523): x: 8.921328 y: 1.3756552 z: 1.3075534
D/CAAccData(  523): x: 9.234595 y: 1.2258313 z: 1.1849703
D/LocationManagerService(  144): Acquired wakelock
I/CrashAlert(  523): ort geaendert 14.5
D/CrashAlertGPS(  523): 52.199997
D/LocationManagerService(  144): Released wakelock
D/CAAccData(  523): x: 8.962189 y: 1.3075534 z: 1.1441092
D/CAAccData(  523): x: 8.267551 y: 1.2258313 z: 1.2258313
D/CAAccData(  523): x: 8.812365 y: 1.5390993 z: 1.3075534
D/CrashAlert(  523): Handler :2
D/CAAccData(  523): x: 10.310603 y: 1.1849703 z: 1.1168685
D/CAAccData(  523): x: 9.193735 y: 1.3075534 z: 1.3756552
D/CAAccData(  523): x: 9.534244 y: 1.3075534 z: 1.4573772
D/CAAccData(  523): x: 10.228881 y: 1.2666923 z: 1.6889231
D/CAAccData(  523): x: 9.343558 y: 1.4165162 z: 1.4982382
D/CAAccData(  523): x: 9.193735 y: 1.4165162 z: 1.3075534
D/CAAccData(  523): x: 9.302697 y: 1.1849703 z: 1.3756552
D/CAAccData(  523): x: 8.812365 y: 1.3075534 z: 1.334794
D/CAAccData(  523): x: 9.384419 y: 1.2666923 z: 1.1441092
D/CAAccTime(  523): Tue Jun 22 18:27:40 Europe/Amsterdam 2010
D/CAAccData(  523): x: 8.853226 y: 1.2666923 z: 1.3756552
D/CAAccData(  523): x: 9.234595 y: 1.3756552 z: 1.3075534
D/CAAccData(  523): x: 10.079058 y: 1.1168685 z: 1.2666923
D/CAAccData(  523): x: 9.724928 y: 1.1849703 z: 1.525479
D/CrashAlert(  523): Handler :2
D/CAAccData(  523): x: 9.084772 y: 1.4573772 z: 1.3756552
D/CAAccData(  523): x: 9.956474 y: 1.1168685 z: 0.9942854
D/CAAccData(  523): x: 9.956474 y: 1.1168685 z: 1.3756552
D/CAAccData(  523): x: 9.656827 y: 1.334794 z: 1.4573772
D/CAAccData(  523): x: 10.079058 y: 1.1441092 z: 1.4165162
D/CAAccData(  523): x: 10.106298 y: 1.1168685 z: 1.6480621
D/LocationManagerService(  144): Acquired wakelock
D/dalvikvm(  523): GC freed 8538 objects / 524272 bytes in 135ms
D/CAAccData(  523): x: 10.337844 y: 1.2258313 z: 1.6889231
I/CrashAlert(  523): ort geaendert 15.5
D/CrashAlertGPS(  523): 55.8
D/LocationManagerService(  144): Released wakelock
D/CAAccData(  523): x: 9.765789 y: 1.3075534 z: 1.607201
D/CAAccData(  523): x: 9.193735 y: 1.4165162 z: 1.607201
D/CAAccData(  523): x: 9.493382 y: 1.334794 z: 1.4165162
D/CAAccData(  523): x: 9.112013 y: 1.2258313 z: 1.2666923
D/CAAccData(  523): x: 8.689782 y: 1.4165162 z: 1.4573772
D/CAAccData(  523): x: 9.043911 y: 1.2666923 z: 1.4573772
D/CrashAlert(  523): Handler :2
D/CAAccData(  523): x: 9.425281 y: 1.334794 z: 1.56634
D/CAAccData(  523): x: 9.765789 y: 1.2258313 z: 1.3756552
D/CAAccData(  523): x: 9.915613 y: 1.3756552 z: 1.56634
D/CAAccData(  523): x: 10.419566 y: 1.2258313 z: 1.525479
D/CAAccData(  523): x: 9.80665 y: 1.2258313 z: 1.525479
D/CAAccData(  523): x: 9.80665 y: 1.334794 z: 1.4982382
D/CAAccData(  523): x: 9.765789 y: 1.1849703 z: 1.4982382
D/CAAccData(  523): x: 9.043911 y: 1.3075534 z: 1.4165162
D/CAAccData(  523): x: 8.812365 y: 1.334794 z: 1.2666923
D/CAAccData(  523): x: 9.302697 y: 1.3075534 z: 1.0351465
D/CAAccTime(  523): Tue Jun 22 18:27:41 Europe/Amsterdam 2010
D/CAAccData(  523): x: 9.275456 y: 1.0351465 z: 0.7218784
D/CAAccData(  523): x: 9.084772 y: 1.3075534 z: 0.6537767
D/CAAccData(  523): x: 9.275456 y: 1.1168685 z: 0.38136974
D/CrashAlert(  523): Handler :2
D/CAAccData(  523): x: 9.275456 y: 1.0760075 z: 0.29964766
D/CAAccData(  523): x: 9.043911 y: 1.1441092 z: 0.29964766
D/CAAccData(  523): x: 9.152874 y: 1.1168685 z: 0.10896278
D/CAAccData(  523): x: 8.921328 y: 1.1168685 z: -0.040861044
D/CAAccData(  523): x: 9.084772 y: 1.0760075 z: -0.23154591
D/CAAccData(  523): x: 9.234595 y: 1.1441092 z: -0.46309182
D/CAAccData(  523): x: 9.043911 y: 1.0351465 z: -0.61291564
D/CAAccData(  523): x: 9.343558 y: 1.0351465 z: -0.88532263
D/CAAccData(  523): x: 9.466142 y: 0.95342433 z: -0.95342433
D/CAAccData(  523): x: 9.152874 y: 1.0351465 z: -0.92618364
D/LocationManagerService(  144): Acquired wakelock
I/CrashAlert(  523): ort geaendert 16.5
D/CrashAlertGPS(  523): 59.399998
D/LocationManagerService(  144): Released wakelock
D/CAAccData(  523): x: 9.765789 y: 0.92618364 z: -0.92618364
D/CAAccData(  523): x: 9.724928 y: 0.9942854 z: -1.1168685
D/CAAccData(  523): x: 9.575105 y: 0.92618364 z: -1.0760075
D/CAAccData(  523): x: 9.466142 y: 1.0760075 z: -1.0760075
D/CrashAlert(  523): Handler :2
D/CAAccData(  523): x: 9.425281 y: 0.88532263 z: -1.0351465
D/CAAccData(  523): x: 9.00305 y: 1.0351465 z: -0.95342433
D/CAAccData(  523): x: 9.112013 y: 0.95342433 z: -1.0351465
D/CAAccData(  523): x: 8.267551 y: 0.9942854 z: -1.0760075
D/CAAccData(  523): x: 8.62168 y: 0.95342433 z: -0.92618364
D/CAAccData(  523): x: 8.880466 y: 0.92618364 z: -1.2258313
D/CAAccData(  523): x: 8.730643 y: 0.95342433 z: -1.0351465
D/CAAccData(  523): x: 9.084772 y: 0.95342433 z: -1.334794
D/CAAccData(  523): x: 9.656827 y: 0.7627395 z: -1.4982382
D/CAAccData(  523): x: 9.697687 y: 0.8036005 z: -1.56634
D/CAAccTime(  523): Tue Jun 22 18:27:42 Europe/Amsterdam 2010
D/CAAccData(  523): x: 10.106298 y: 0.8036005 z: -1.607201
D/CAAccData(  523): x: 10.079058 y: 0.88532263 z: -1.5390993
D/CrashAlert(  523): Handler :2
D/CAAccData(  523): x: 10.269742 y: 0.88532263 z: -1.4982382
D/CAAccData(  523): x: 10.56939 y: 0.7627395 z: -1.6480621
D/CAAccData(  523): x: 10.419566 y: 0.7218784 z: -1.4573772
D/CAAccData(  523): x: 9.656827 y: 0.9942854 z: -1.3075534
D/CAAccData(  523): x: 9.997335 y: 0.92618364 z: -1.3075534
D/CAAccData(  523): x: 9.275456 y: 0.8036005 z: -1.1441092
D/CAAccData(  523): x: 9.275456 y: 0.9942854 z: -0.9942854
D/CAAccData(  523): x: 9.152874 y: 0.92618364 z: -1.1168685
D/CAAccData(  523): x: 8.962189 y: 0.95342433 z: -1.0351465
D/CAAccData(  523): x: 9.193735 y: 0.95342433 z: -0.92618364
D/CAAccData(  523): x: 9.765789 y: 0.88532263 z: -0.9942854
D/LocationManagerService(  144): Acquired wakelock
I/CrashAlert(  523): ort geaendert 18.0
D/CrashAlertGPS(  523): 64.799995
D/LocationManagerService(  144): Released wakelock
D/CAAccData(  523): x: 9.302697 y: 0.92618364 z: -0.84446156
D/CAAccData(  523): x: 9.193735 y: 1.0351465 z: -0.7218784
D/CAAccData(  523): x: 9.656827 y: 0.88532263 z: -0.14982383
D/CrashAlert(  523): Handler :2
D/CAAccData(  523): x: 9.234595 y: 0.92618364 z: -0.5720546
D/CAAccData(  523): x: 8.962189 y: 0.46309182 z: -0.23154591
D/CAAccData(  523): x: 8.499097 y: 1.1168685 z: -0.14982383
D/CAAccData(  523): x: 9.234595 y: 0.95342433 z: -0.08172209
D/CAAccData(  523): x: 8.62168 y: 1.0351465 z: -0.10896278
D/CAAccData(  523): x: 8.267551 y: 1.0760075 z: -0.040861044
D/CAAccData(  523): x: 8.921328 y: 0.9942854 z: -0.38136974
D/CAAccData(  523): x: 8.349273 y: 1.0351465 z: -0.14982383
D/CAAccData(  523): x: 8.471856 y: 1.0351465 z: -0.19068487
D/CAAccData(  523): x: 8.771504 y: 0.8036005 z: -0.3405087
D/CAAccTime(  523): Tue Jun 22 18:27:43 Europe/Amsterdam 2010
D/CAAccData(  523): x: 8.580819 y: -0.29964766 z: -0.23154591
D/CrashAlert(  523): Handler :2
D/CAAccData(  523): x: 8.730643 y: 0.14982383 z: -0.23154591
D/CAAccData(  523): x: 9.425281 y: -0.46309182 z: -0.50395286
D/CAAccData(  523): x: 9.493382 y: -0.9942854 z: -0.50395286
D/CAAccData(  523): x: 9.384419 y: -0.29964766 z: -0.42223078
D/CAAccData(  523): x: 9.275456 y: -0.53119355 z: -0.38136974
D/CAAccData(  523): x: 8.539958 y: -0.7627395 z: -0.38136974
D/CAAccData(  523): x: 8.689782 y: -0.7627395 z: -0.38136974
D/CAAccData(  523): x: 7.504812 y: -0.95342433 z: -0.50395286
D/CAAccData(  523): x: 7.246025 y: -0.88532263 z: -0.313268
D/CAAccData(  523): x: 6.973618 y: -0.8036005 z: -0.3405087
D/LocationManagerService(  144): Acquired wakelock
I/CrashAlert(  523): ort geaendert 19.25
D/CrashAlertGPS(  523): 69.299995
D/LocationManagerService(  144): Released wakelock
D/CAAccData(  523): x: 7.5865335 y: -1.1441092 z: -0.38136974
D/CAAccData(  523): x: 8.008764 y: -1.1849703 z: -0.3405087
D/CAAccData(  523): x: 8.962189 y: -1.3075534 z: -0.3405087
D/CrashAlert(  523): Handler :2
D/CAAccData(  523): x: 9.493382 y: -1.6889231 z: -0.38136974
D/CAAccData(  523): x: 9.112013 y: -1.7978859 z: -0.313268
D/CAAccData(  523): x: 9.888372 y: -2.1383946 z: -0.14982383
D/CAAccData(  523): x: 8.962189 y: -2.4108016 z: -0.040861044
D/CAAccData(  523): x: 8.499097 y: -2.3426998 z: 0.14982383
D/CAAccData(  523): x: 8.730643 y: -2.2609777 z: 0.10896278
D/CAAccData(  523): x: 8.812365 y: -2.3699405 z: 0.23154591
D/CAAccData(  523): x: 8.771504 y: -2.3426998 z: 0.27240697
D/CAAccData(  523): x: 9.00305 y: -2.3018389 z: 0.42223078
D/CAAccData(  523): x: 9.084772 y: -2.3018389 z: 0.53119355
D/CAAccData(  523): x: 9.084772 y: -2.2201166 z: 0.38136974
D/CAAccData(  523): x: 10.106298 y: -2.4516625 z: 0.19068487
D/CrashAlert(  523): Handler :2
D/CAAccTime(  523): Tue Jun 22 18:27:44 Europe/Amsterdam 2010
D/CAAccData(  523): x: 8.390134 y: -2.6832085 z: 0.23154591
D/CAAccData(  523): x: 9.697687 y: -2.982856 z: 0.10896278
D/CAAccData(  523): x: 9.043911 y: -3.214402 z: -0.0
D/CAAccData(  523): x: 8.499097 y: -3.405087 z: 0.27240697
D/CAAccData(  523): x: 9.043911 y: -3.5957718 z: -0.0
D/CAAccData(  523): x: 9.193735 y: -3.8273177 z: -0.0
D/CAAccData(  523): x: 9.724928 y: -4.0180025 z: -0.0
D/CAAccData(  523): x: 9.724928 y: -4.2904096 z: -0.10896278
D/CAAccData(  523): x: 8.921328 y: -4.2086873 z: -0.10896278
D/CAAccData(  523): x: 9.575105 y: -4.630918 z: 0.040861044
D/LocationManagerService(  144): Acquired wakelock
I/CrashAlert(  523): ort geaendert 20.5
D/CrashAlertGPS(  523): 73.799995
D/LocationManagerService(  144): Released wakelock
D/CAAccData(  523): x: 9.697687 y: -4.5628166 z: -0.0
D/CAAccData(  523): x: 9.275456 y: -4.630918 z: 0.14982383
D/CAAccData(  523): x: 9.615966 y: -4.7126403 z: 0.08172209
D/CAAccData(  523): x: 9.888372 y: -4.7943625 z: -0.0
D/CrashAlert(  523): Handler :2
D/CAAccData(  523): x: 9.615966 y: -4.7126403 z: 0.08172209
D/CAAccData(  523): x: 9.534244 y: -4.8216033 z: -0.0
D/CAAccData(  523): x: 9.234595 y: -4.7943625 z: -0.08172209
D/CAAccData(  523): x: 9.384419 y: -4.903325 z: -0.0
D/CAAccData(  523): x: 9.575105 y: -4.862464 z: -0.040861044
D/CAAccData(  523): x: 9.275456 y: -4.903325 z: 0.19068487
D/CAAccData(  523): x: 9.615966 y: -4.9850473 z: 0.10896278
D/CAAccData(  523): x: 9.724928 y: -4.9850473 z: 0.08172209
D/CAAccData(  523): x: 9.343558 y: -4.862464 z: 0.29964766
D/CAAccData(  523): x: 9.084772 y: -4.903325 z: 0.42223078
D/CAAccData(  523): x: 9.193735 y: -4.8216033 z: 0.53119355
D/CAAccData(  523): x: 8.812365 y: -4.5628166 z: 0.6946377
D/CAAccData(  523): x: 8.962189 y: -3.9771416 z: 0.95342433
D/CrashAlert(  523): Handler :2
D/CAAccTime(  523): Tue Jun 22 18:27:45 Europe/Amsterdam 2010
D/CAAccData(  523): x: 8.853226 y: -3.1054392 z: 1.1168685
D/CAAccData(  523): x: 9.00305 y: -2.4108016 z: 1.2666923
D/CAAccData(  523): x: 9.847511 y: -1.7570249 z: 1.4573772
D/CAAccData(  523): x: 9.302697 y: -1.1849703 z: 1.4982382
D/CAAccData(  523): x: 9.534244 y: -0.9942854 z: 1.920469
D/CAAccData(  523): x: 9.915613 y: -0.95342433 z: 2.1792557
D/CAAccData(  523): x: 9.80665 y: -0.8036005 z: 2.3699405
D/CAAccData(  523): x: 9.656827 y: -0.6946377 z: 2.8330324
