D/CAAccData(  523): x: 9.724928 y: -0.7218784 z: 3.0645783
D/LocationManagerService(  144): Acquired wakelock
I/CrashAlert(  523): ort geaendert 21.0
D/CrashAlertGPS(  523): 75.6
D/LocationManagerService(  144): Released wakelock
D/CAAccData(  523): x: 9.534244 y: -0.5720546 z: 3.255263
D/CAAccData(  523): x: 8.62168 y: -0.61291564 z: 3.5276701
D/CAAccData(  523): x: 9.193735 y: -0.6537767 z: 3.759216
D/CAAccData(  523): x: 8.880466 y: -0.5720546 z: 3.759216
D/CrashAlert(  523): Handler :2
D/CAAccData(  523): x: 8.580819 y: -0.38136974 z: 3.9499009
D/CAAccData(  523): x: 8.539958 y: -0.19068487 z: 3.9499009
D/CAAccData(  523): x: 8.962189 y: -0.9125633 z: 4.0588636
D/CAAccData(  523): x: 9.00305 y: -0.23154591 z: 3.9771416
D/CAAccData(  523): x: 9.043911 y: 0.10896278 z: 4.140586
D/CAAccData(  523): x: 9.00305 y: -0.08172209 z: 4.2086873
D/CAAccData(  523): x: 8.962189 y: 0.46309182 z: 4.3312707
D/CAAccData(  523): x: 9.493382 y: 0.3405087 z: 4.7126403
D/CAAccData(  523): x: 9.384419 y: 0.61291564 z: 4.5900574
D/CAAccData(  523): x: 9.275456 y: 0.61291564 z: 4.7943625
D/CAAccData(  523): x: 9.234595 y: 0.61291564 z: 4.862464
D/CAAccData(  523): x: 9.466142 y: 0.6537767 z: 4.944186
D/CrashAlert(  523): Handler :2
D/CAAccData(  523): x: 9.384419 y: 0.7218784 z: 4.9850473
D/CAAccTime(  523): Tue Jun 22 18:27:46 Europe/Amsterdam 2010
D/CAAccData(  523): x: 9.384419 y: 0.6537767 z: 5.053149
D/CAAccData(  523): x: 9.615966 y: 0.7218784 z: 5.202973
D/CAAccData(  523): x: 9.847511 y: 0.6946377 z: 5.175732
D/CAAccData(  523): x: 9.888372 y: 0.88532263 z: 5.407278
D/CAAccData(  523): x: 9.888372 y: 0.84446156 z: 5.325556
D/CAAccData(  523): x: 9.956474 y: 0.8036005 z: 5.47538
D/CAAccData(  523): x: 9.765789 y: 0.88532263 z: 5.434519
D/CAAccData(  523): x: 9.00305 y: 0.88532263 z: 5.243834
D/CAAccData(  523): x: 9.112013 y: 0.9942854 z: 5.284695
D/LocationManagerService(  144): Acquired wakelock
I/CrashAlert(  523): ort geaendert 23.0
D/CrashAlertGPS(  523): 82.799995
D/LocationManagerService(  144): Released wakelock
D/CAAccData(  523): x: 8.689782 y: 0.9942854 z: 4.944186
D/CAAccData(  523): x: 8.499097 y: 1.1168685 z: 4.8216033
D/CAAccData(  523): x: 8.267551 y: 1.3075534 z: 4.671779
D/CrashAlert(  523): Handler :2
D/CAAccData(  523): x: 8.921328 y: 1.2666923 z: 4.7535014
D/CAAccData(  523): x: 8.921328 y: 1.4573772 z: 4.630918
D/CAAccData(  523): x: 9.425281 y: 1.4165162 z: 4.5628166
D/CAAccData(  523): x: 9.425281 y: 1.4982382 z: 4.4810944
D/CAAccData(  523): x: 9.847511 y: 1.4573772 z: 4.5628166
D/dalvikvm(  523): GC freed 8526 objects / 524536 bytes in 96ms
D/CAAccData(  523): x: 10.079058 y: 1.4982382 z: 4.5219555
D/CAAccData(  523): x: 10.337844 y: 1.4982382 z: 4.5219555
D/CAAccData(  523): x: 10.7192135 y: 1.4573772 z: 4.399372
D/CAAccData(  523): x: 10.147159 y: 1.4165162 z: 4.140586
D/CAAccData(  523): x: 10.760075 y: 1.4982382 z: 4.0588636
D/CAAccData(  523): x: 10.310603 y: 1.4573772 z: 3.9090397
D/CAAccData(  523): x: 10.18802 y: 1.4982382 z: 3.9771416
D/CAAccData(  523): x: 9.534244 y: 1.4165162 z: 3.445948
D/CrashAlert(  523): Handler :2
D/CAAccData(  523): x: 9.466142 y: 1.4573772 z: 3.486809
D/CAAccData(  523): x: 9.466142 y: 1.3756552 z: 3.3642259
D/CAAccTime(  523): Tue Jun 22 18:27:48 Europe/Amsterdam 2010
D/CAAccData(  523): x: 9.697687 y: 1.4982382 z: 3.445948
D/CAAccData(  523): x: 10.310603 y: 1.4982382 z: 3.568531
D/CAAccData(  523): x: 10.147159 y: 1.334794 z: 3.5957718
D/CAAccData(  523): x: 9.493382 y: 1.6480621 z: 3.9499009
D/CAAccData(  523): x: 9.724928 y: 1.4165162 z: 3.8681788
D/CAAccData(  523): x: 9.615966 y: 1.5390993 z: 4.0180025
D/CAAccData(  523): x: 8.430995 y: 1.4982382 z: 3.8273177
D/CAAccData(  523): x: 7.7772183 y: 1.4982382 z: 3.636633
D/LocationManagerService(  144): Acquired wakelock
I/CrashAlert(  523): ort geaendert 23.5
D/CrashAlertGPS(  523): 84.6
D/LocationManagerService(  144): Released wakelock
D/CAAccData(  523): x: 8.730643 y: 1.4982382 z: 3.405087
D/CAAccData(  523): x: 9.847511 y: 1.334794 z: 3.5957718
D/CAAccData(  523): x: 10.18802 y: 1.3756552 z: 3.6774938
D/CAAccData(  523): x: 10.56939 y: 1.4982382 z: 3.718355
D/CrashAlert(  523): Handler :2
D/CAAccData(  523): x: 11.182305 y: 1.3756552 z: 3.8681788
D/CAAccData(  523): x: 11.372991 y: 1.3756552 z: 3.636633
D/CAAccData(  523): x: 10.882658 y: 1.4982382 z: 3.5957718
D/CAAccData(  523): x: 10.56939 y: 1.4982382 z: 3.3642259
D/CAAccData(  523): x: 10.147159 y: 1.334794 z: 2.9147544
D/CAAccData(  523): x: 9.697687 y: 1.334794 z: 2.8330324
D/CAAccData(  523): x: 9.343558 y: 1.4165162 z: 2.6832085
D/CAAccData(  523): x: 9.193735 y: 1.4165162 z: 2.6014864
D/CAAccData(  523): x: 8.853226 y: 1.3075534 z: 2.3426998
D/CAAccData(  523): x: 9.302697 y: 1.4982382 z: 2.6014864
D/CAAccData(  523): x: 9.275456 y: 1.334794 z: 2.5333846
D/CrashAlert(  523): Handler :2
D/CAAccData(  523): x: 9.275456 y: 1.4165162 z: 2.5333846
D/CAAccData(  523): x: 8.771504 y: 1.3756552 z: 2.3699405
D/CAAccTime(  523): Tue Jun 22 18:27:49 Europe/Amsterdam 2010
D/CAAccData(  523): x: 8.880466 y: 1.4165162 z: 2.4516625
D/CAAccData(  523): x: 9.043911 y: 1.3075534 z: 2.4108016
D/CAAccData(  523): x: 7.8589406 y: 1.4165162 z: 2.3426998
D/CAAccData(  523): x: 8.689782 y: 1.4982382 z: 2.4925237
D/CAAccData(  523): x: 9.084772 y: 1.334794 z: 2.3699405
D/CAAccData(  523): x: 9.384419 y: 1.3756552 z: 2.4108016
D/CAAccData(  523): x: 9.302697 y: 1.4165162 z: 2.1383946
D/LocationManagerService(  144): Acquired wakelock
I/CrashAlert(  523): ort geaendert 23.5
D/CrashAlertGPS(  523): 84.6
D/CrashAlert(  523): 2OnstatusChanged
D/LocationManagerService(  144): Released wakelock
D/CAAccData(  523): x: 9.697687 y: 1.334794 z: 2.070293
D/CAAccData(  523): x: 9.724928 y: 1.2666923 z: 1.7978859
D/CAAccData(  523): x: 9.466142 y: 1.3075534 z: 1.7978859
D/CAAccData(  523): x: 9.534244 y: 1.334794 z: 1.6480621
D/CrashAlert(  523): Handler :2
D/CAAccData(  523): x: 10.147159 y: 1.2258313 z: 1.2666923
D/CAAccData(  523): x: 9.80665 y: 1.2258313 z: 1.1441092
D/CAAccData(  523): x: 10.691973 y: 1.2258313 z: 0.84446156
D/CAAccData(  523): x: 10.991621 y: 0.95342433 z: 0.42223078
D/CAAccData(  523): x: 10.841797 y: 1.1849703 z: 0.3405087
D/CAAccData(  523): x: 10.923519 y: 0.95342433 z: 0.10896278
D/CAAccData(  523): x: 10.691973 y: 1.0760075 z: -0.14982383
D/CAAccData(  523): x: 10.378705 y: 1.0760075 z: -0.42223078
D/CAAccData(  523): x: 10.106298 y: 0.9942854 z: -0.6946377
D/CAAccData(  523): x: 9.956474 y: 0.9942854 z: -0.7218784
D/CAAccData(  523): x: 9.493382 y: 1.0760075 z: -1.0351465
D/CAAccData(  523): x: 9.152874 y: 0.95342433 z: -1.1441092
D/CAAccData(  523): x: 9.343558 y: 0.95342433 z: -1.4982382
D/CrashAlert(  523): Handler :2
D/CAAccData(  523): x: 9.112013 y: 0.84446156 z: -1.4982382
D/CAAccData(  523): x: 9.112013 y: 0.95342433 z: -1.7297841
D/CAAccTime(  523): Tue Jun 22 18:27:50 Europe/Amsterdam 2010
D/CAAccData(  523): x: 9.112013 y: 0.7627395 z: -1.6889231
D/CAAccData(  523): x: 9.084772 y: 0.88532263 z: -1.2258313
D/CAAccData(  523): x: 9.193735 y: 0.8036005 z: -1.7297841
D/CAAccData(  523): x: 8.962189 y: 0.14982383 z: -1.879608
D/CAAccData(  523): x: 9.466142 y: 0.88532263 z: -1.6480621
D/CAAccData(  523): x: 9.234595 y: 0.92618364 z: -1.8387469
D/CAAccData(  523): x: 9.575105 y: 0.84446156 z: -1.879608
D/LocationManagerService(  144): Acquired wakelock
I/CrashAlert(  523): ort geaendert 23.25
D/CrashAlertGPS(  523): 83.7
D/LocationManagerService(  144): Released wakelock
D/CAAccData(  523): x: 9.697687 y: 0.7218784 z: -1.9885708
D/CAAccData(  523): x: 9.697687 y: 0.8036005 z: -2.0294318
D/CAAccData(  523): x: 9.384419 y: 0.84446156 z: -2.2609777
D/CAAccData(  523): x: 9.956474 y: 0.7627395 z: -1.6889231
D/CrashAlert(  523): Handler :2
D/CAAccData(  523): x: 9.915613 y: 0.6537767 z: -2.2609777
D/CAAccData(  523): x: 9.615966 y: 0.88532263 z: -2.1792557
D/CAAccData(  523): x: 9.302697 y: 0.84446156 z: -1.920469
D/CAAccData(  523): x: 9.575105 y: 0.7627395 z: -2.1111538
D/CAAccData(  523): x: 9.847511 y: 0.84446156 z: -1.9477097
D/CAAccData(  523): x: 9.697687 y: 0.7218784 z: -2.0294318
D/CAAccData(  523): x: 10.038197 y: 0.84446156 z: -1.2258313
D/CAAccData(  523): x: 9.765789 y: 0.8036005 z: -1.5390993
D/CAAccData(  523): x: 9.697687 y: 0.84446156 z: -1.4573772
D/CAAccData(  523): x: 9.084772 y: 0.92618364 z: -1.2258313
D/CAAccData(  523): x: 9.112013 y: 0.88532263 z: -1.2258313
D/CAAccData(  523): x: 9.193735 y: 0.88532263 z: -0.9942854
D/CrashAlert(  523): Handler :2
D/CAAccData(  523): x: 8.853226 y: 0.9942854 z: -0.7218784
D/CAAccData(  523): x: 9.656827 y: 0.9942854 z: -0.84446156
D/CAAccData(  523): x: 10.378705 y: 0.8036005 z: -0.8036005
D/CAAccTime(  523): Tue Jun 22 18:27:51 Europe/Amsterdam 2010
D/CAAccData(  523): x: 10.528529 y: 0.88532263 z: -0.6946377
D/CAAccData(  523): x: 11.413852 y: 0.9942854 z: -0.42223078
D/CAAccData(  523): x: 11.454713 y: 0.14982383 z: -0.46309182
D/CAAccData(  523): x: 11.141444 y: 1.0760075 z: -0.19068487
D/CAAccData(  523): x: 11.413852 y: 0.84446156 z: -0.08172209
D/CAAccData(  523): x: 10.882658 y: 1.0351465 z: -0.0
D/LocationManagerService(  144): Acquired wakelock
I/CrashAlert(  523): ort geaendert 24.0
D/CrashAlertGPS(  523): 86.399994
D/LocationManagerService(  144): Released wakelock
D/CAAccData(  523): x: 10.106298 y: 1.0351465 z: 0.23154591
D/CAAccData(  523): x: 10.079058 y: 1.0351465 z: 0.3405087
D/CAAccData(  523): x: 9.765789 y: 1.1168685 z: 0.46309182
D/CrashAlert(  523): Handler :2
D/CAAccData(  523): x: 9.193735 y: 1.0351465 z: 0.5720546
D/CAAccData(  523): x: 9.234595 y: 1.1849703 z: 0.84446156
D/CAAccData(  523): x: 9.152874 y: 1.0760075 z: 1.0351465
D/CAAccData(  523): x: 9.80665 y: 1.0760075 z: 0.9125633
D/CAAccData(  523): x: 10.337844 y: 1.0760075 z: 0.9125633
D/CAAccData(  523): x: 10.337844 y: 1.0760075 z: 1.0760075
D/CAAccData(  523): x: 10.991621 y: 1.1441092 z: 1.1441092
D/CAAccData(  523): x: 10.7192135 y: 0.9942854 z: 1.1849703
D/CAAccData(  523): x: 10.378705 y: 1.0351465 z: 1.1168685
D/CAAccData(  523): x: 9.915613 y: 1.2666923 z: 1.2258313
D/CAAccData(  523): x: 9.80665 y: 0.7218784 z: 1.4573772
D/CAAccData(  523): x: 9.425281 y: 0.08172209 z: 1.4165162
D/CrashAlert(  523): Handler :2
D/CAAccData(  523): x: 8.117727 y: 0.27240697 z: 1.525479
D/CAAccData(  523): x: 8.008764 y: -0.27240697 z: 1.525479
D/CAAccData(  523): x: 7.9270425 y: -0.42223078 z: 1.6480621
D/CAAccData(  523): x: 7.6954966 y: -0.23154591 z: 1.7570249
D/CAAccTime(  523): Tue Jun 22 18:27:52 Europe/Amsterdam 2010
D/CAAccData(  523): x: 7.9679036 y: -0.3405087 z: 1.920469
D/CAAccData(  523): x: 8.539958 y: -0.46309182 z: 1.8387469
D/CAAccData(  523): x: 8.471856 y: -0.61291564 z: 1.920469
D/CAAccData(  523): x: 9.00305 y: -0.9125633 z: 2.1383946
D/CAAccData(  523): x: 8.308413 y: -0.42223078 z: 2.2201166
D/LocationManagerService(  144): Acquired wakelock
I/CrashAlert(  523): ort geaendert 25.25
D/CrashAlertGPS(  523): 90.899994
D/LocationManagerService(  144): Released wakelock
D/CAAccData(  523): x: 9.193735 y: -0.3405087 z: 2.2201166
D/CAAccData(  523): x: 9.575105 y: -0.50395286 z: 2.2201166
D/CAAccData(  523): x: 9.466142 y: -0.5720546 z: 2.2201166
D/CAAccData(  523): x: 10.18802 y: -0.3405087 z: 2.2201166
D/CrashAlert(  523): Handler :2
D/CAAccData(  523): x: 10.038197 y: -0.50395286 z: 2.1383946
D/CAAccData(  523): x: 10.760075 y: -0.53119355 z: 1.9477097
D/CAAccData(  523): x: 10.419566 y: -0.42223078 z: 1.8387469
D/CAAccData(  523): x: 10.079058 y: -0.5720546 z: 1.6480621
D/CAAccData(  523): x: 9.997335 y: -0.42223078 z: 1.7570249
D/CAAccData(  523): x: 9.656827 y: -0.53119355 z: 1.8387469
D/CAAccData(  523): x: 9.302697 y: -0.53119355 z: 1.607201
D/CAAccData(  523): x: 9.00305 y: -0.3405087 z: 1.7570249
D/CAAccData(  523): x: 8.921328 y: -0.9942854 z: 1.7297841
D/CAAccData(  523): x: 8.662541 y: -0.08172209 z: 1.525479
D/CAAccData(  523): x: 7.6273947 y: 0.7218784 z: 1.6480621
D/CAAccData(  523): x: 8.308413 y: -0.42223078 z: 1.7570249
D/CrashAlert(  523): Handler :2
D/CAAccData(  523): x: 8.430995 y: 0.8036005 z: 1.2666923
D/CAAccData(  523): x: 7.9270425 y: 0.6946377 z: 1.607201
D/CAAccData(  523): x: 9.112013 y: -0.38136974 z: 1.879608
D/CAAccData(  523): x: 8.921328 y: 0.88532263 z: 1.607201
D/CAAccTime(  523): Tue Jun 22 18:27:53 Europe/Amsterdam 2010
D/CAAccData(  523): x: 8.962189 y: 0.5720546 z: 1.879608
D/CAAccData(  523): x: 9.152874 y: 0.3405087 z: 1.9885708
D/CAAccData(  523): x: 9.534244 y: 0.6946377 z: 1.7978859
D/CAAccData(  523): x: 9.466142 y: 0.7627395 z: 1.920469
D/LocationManagerService(  144): Acquired wakelock
I/CrashAlert(  523): ort geaendert 25.75
D/CrashAlertGPS(  523): 92.7
D/LocationManagerService(  144): Released wakelock
D/CAAccData(  523): x: 9.343558 y: 0.6946377 z: 1.9477097
D/CAAccData(  523): x: 9.493382 y: 0.8036005 z: 1.56634
D/CAAccData(  523): x: 9.466142 y: 0.8036005 z: 1.4165162
D/CAAccData(  523): x: 8.880466 y: 0.7218784 z: 1.607201
D/CrashAlert(  523): Handler :2
D/CAAccData(  523): x: 9.80665 y: 0.8036005 z: 1.6889231
D/CAAccData(  523): x: 9.234595 y: 0.8036005 z: 1.525479
D/CAAccData(  523): x: 9.575105 y: 0.88532263 z: 1.4165162
D/CAAccData(  523): x: 9.956474 y: 0.8036005 z: 1.2258313
D/CAAccData(  523): x: 9.425281 y: 0.6946377 z: 1.1849703
D/CAAccData(  523): x: 9.888372 y: 0.8036005 z: 1.2258313
D/CAAccData(  523): x: 8.880466 y: 0.7218784 z: 1.4573772
D/CAAccData(  523): x: 9.152874 y: 1.0351465 z: 1.6480621
D/CAAccData(  523): x: 10.079058 y: 0.92618364 z: 1.4165162
D/CAAccData(  523): x: 9.847511 y: 0.88532263 z: 1.3075534
D/CAAccData(  523): x: 9.193735 y: 1.0351465 z: 1.2666923
D/CAAccData(  523): x: 9.575105 y: 0.7627395 z: 0.8036005
D/CrashAlert(  523): Handler :2
D/CAAccData(  523): x: 8.499097 y: 0.8036005 z: 0.9942854
D/CAAccData(  523): x: 7.8180795 y: 0.88532263 z: 1.2666923
D/CAAccData(  523): x: 8.471856 y: 0.88532263 z: 0.84446156
D/CAAccData(  523): x: 8.662541 y: 0.7627395 z: 0.7218784
D/CAAccData(  523): x: 9.084772 y: 0.6537767 z: 0.53119355
D/CAAccData(  523): x: 9.275456 y: 0.61291564 z: 0.38136974
D/CAAccTime(  523): Tue Jun 22 18:27:54 Europe/Amsterdam 2010
D/CAAccData(  523): x: 8.853226 y: 0.6946377 z: 0.53119355
D/CAAccData(  523): x: 9.493382 y: 0.8036005 z: 0.5720546
D/CAAccData(  523): x: 9.575105 y: 0.7218784 z: 0.5720546
D/LocationManagerService(  144): Acquired wakelock
D/dalvikvm(  523): GC freed 8552 objects / 524208 bytes in 103ms
D/CAAccData(  523): x: 9.956474 y: 0.84446156 z: 1.2258313
I/CrashAlert(  523): ort geaendert 25.75
D/CrashAlertGPS(  523): 92.7
D/LocationManagerService(  144): Released wakelock
D/CAAccData(  523): x: 10.310603 y: 0.6946377 z: 0.50395286
D/CAAccData(  523): x: 10.310603 y: 0.6946377 z: 0.46309182
D/CAAccData(  523): x: 10.269742 y: 0.6537767 z: 0.38136974
D/CrashAlert(  523): Handler :2
D/CAAccData(  523): x: 9.724928 y: 0.7627395 z: 0.42223078
D/CAAccData(  523): x: 9.765789 y: 0.92618364 z: 0.61291564
D/CAAccData(  523): x: 9.152874 y: 0.7627395 z: 0.6946377
D/CAAccData(  523): x: 8.730643 y: 0.7627395 z: 0.7627395
D/CAAccData(  523): x: 9.084772 y: 0.7627395 z: 0.88532263
D/CAAccData(  523): x: 8.662541 y: 0.7218784 z: 0.84446156
D/CAAccData(  523): x: 9.234595 y: 0.84446156 z: 0.9125633
D/CAAccData(  523): x: 9.888372 y: 0.8036005 z: 0.84446156
D/CAAccData(  523): x: 9.915613 y: 0.92618364 z: 0.9942854
D/CAAccData(  523): x: 10.419566 y: 0.7627395 z: 1.2258313
D/CAAccData(  523): x: 10.56939 y: 0.6946377 z: 0.95342433
D/CAAccData(  523): x: 10.528529 y: 0.7218784 z: 0.88532263
D/CAAccData(  523): x: 9.615966 y: 0.6946377 z: 0.7627395
D/CAAccData(  523): x: 9.697687 y: 0.84446156 z: 0.50395286
D/CrashAlert(  523): Handler :2
D/CAAccData(  523): x: 8.880466 y: 0.6946377 z: 0.29964766
D/CAAccData(  523): x: 7.6546354 y: 0.8036005 z: 0.27240697
D/CAAccData(  523): x: 8.689782 y: 0.9942854 z: 0.27240697
D/CAAccData(  523): x: 8.076866 y: 0.6537767 z: 0.23154591
D/CAAccData(  523): x: 8.580819 y: 0.7218784 z: 0.27240697
D/CAAccData(  523): x: 8.730643 y: 0.7218784 z: 0.08172209
D/CAAccTime(  523): Tue Jun 22 18:27:55 Europe/Amsterdam 2010
D/CAAccData(  523): x: 9.00305 y: 0.6537767 z: 0.10896278
D/CAAccData(  523): x: 9.343558 y: 0.53119355 z: -0.0
D/CAAccData(  523): x: 9.152874 y: 0.6946377 z: -0.040861044
D/CAAccData(  523): x: 9.466142 y: 0.50395286 z: -0.10896278
D/LocationManagerService(  144): Acquired wakelock
I/CrashAlert(  523): ort geaendert 25.25
D/CrashAlertGPS(  523): 90.899994
D/CrashAlert(  523): 2OnstatusChanged
D/LocationManagerService(  144): Released wakelock
D/CAAccData(  523): x: 9.384419 y: -0.040861044 z: -0.38136974
D/CAAccData(  523): x: 9.493382 y: -0.42223078 z: -0.313268
D/CAAccData(  523): x: 9.275456 y: -0.38136974 z: -0.14982383
D/CrashAlert(  523): Handler :2
D/CAAccData(  523): x: 9.493382 y: -0.6537767 z: -0.19068487
D/CAAccData(  523): x: 9.80665 y: -0.6946377 z: -0.23154591
D/CAAccData(  523): x: 9.724928 y: -0.7218784 z: -0.3405087
D/CAAccData(  523): x: 9.534244 y: -0.5720546 z: -0.23154591
D/CAAccData(  523): x: 9.466142 y: -0.7627395 z: -0.19068487
D/CAAccData(  523): x: 9.193735 y: -0.88532263 z: -0.19068487
D/CAAccData(  523): x: 8.689782 y: -1.3075534 z: -0.040861044
D/CAAccData(  523): x: 8.689782 y: -1.525479 z: 0.08172209
D/CAAccData(  523): x: 8.267551 y: -1.6889231 z: 0.7627395
D/CAAccData(  523): x: 8.349273 y: -1.879608 z: 0.23154591
D/CAAccData(  523): x: 9.152874 y: -1.9477097 z: -0.040861044
D/CAAccData(  523): x: 9.00305 y: -2.1383946 z: 0.040861044
D/CAAccData(  523): x: 9.575105 y: -2.3018389 z: 0.040861044
D/CrashAlert(  523): Handler :2
D/CAAccData(  523): x: 9.615966 y: -2.5606253 z: 0.14982383
D/CAAccData(  523): x: 9.615966 y: -2.5606253 z: 0.19068487
D/CAAccData(  523): x: 9.493382 y: -2.5333846 z: 0.23154591
D/CAAccData(  523): x: 9.697687 y: -2.6423476 z: 0.040861044
D/CAAccData(  523): x: 9.656827 y: -2.8738933 z: -0.0
D/CAAccData(  523): x: 9.765789 y: -3.0237172 z: 0.08172209
D/CAAccData(  523): x: 9.765789 y: -3.3642259 z: 0.08172209
D/CAAccTime(  523): Tue Jun 22 18:27:56 Europe/Amsterdam 2010
D/CAAccData(  523): x: 9.534244 y: -3.445948 z: 0.10896278
D/CAAccData(  523): x: 8.62168 y: -3.486809 z: 0.19068487
D/LocationManagerService(  144): Acquired wakelock
I/CrashAlert(  523): ort geaendert 25.25
D/CrashAlertGPS(  523): 90.899994
D/LocationManagerService(  144): Released wakelock
D/CAAccData(  523): x: 8.349273 y: -3.486809 z: 0.27240697
D/CAAccData(  523): x: 8.349273 y: -3.718355 z: 0.19068487
D/CAAccData(  523): x: 8.308413 y: -3.9771416 z: 0.42223078
D/CAAccData(  523): x: 8.962189 y: -4.3312707 z: 0.14982383
D/CrashAlert(  523): Handler :2
D/CAAccData(  523): x: 9.084772 y: -4.399372 z: 0.08172209
D/CAAccData(  523): x: 9.615966 y: -4.399372 z: -0.040861044
D/CAAccData(  523): x: 9.575105 y: -4.399372 z: -0.040861044
D/CAAccData(  523): x: 9.302697 y: -4.399372 z: 0.14982383
D/CAAccData(  523): x: 9.384419 y: -4.630918 z: -0.08172209
D/CAAccData(  523): x: 8.853226 y: -5.012288 z: -0.040861044
D/CAAccData(  523): x: 9.00305 y: -5.325556 z: 0.040861044
D/CAAccData(  523): x: 9.112013 y: -5.6252036 z: -0.10896278
D/CAAccData(  523): x: 9.765789 y: -5.8976107 z: 0.23154591
D/CAAccData(  523): x: 9.615966 y: -5.8158884 z: 0.19068487
D/CAAccData(  523): x: 10.038197 y: -5.938472 z: 0.19068487
D/CAAccData(  523): x: 9.534244 y: -6.0201936 z: -0.27240697
D/CrashAlert(  523): Handler :2
D/CAAccData(  523): x: 9.152874 y: -5.8158884 z: 0.08172209
D/CAAccData(  523): x: 8.812365 y: -5.6660647 z: 0.10896278
D/CAAccData(  523): x: 7.8180795 y: -5.053149 z: 0.19068487
D/CAAccData(  523): x: 7.7772183 y: -4.3312707 z: 0.19068487
D/CAAccData(  523): x: 8.049625 y: -3.9499009 z: 0.19068487
D/CAAccData(  523): x: 7.6273947 y: -4.099725 z: 0.19068487
D/CAAccData(  523): x: 10.310603 y: -4.0180025 z: 0.19068487
D/CAAccData(  523): x: 8.539958 y: -4.7943625 z: 0.040861044
D/CAAccTime(  523): Tue Jun 22 18:27:57 Europe/Amsterdam 2010
D/LocationManagerService(  144): Acquired wakelock
D/CAAccData(  523): x: 8.62168 y: -5.134871 z: 0.08172209
D/CAAccData(  523): x: 9.765789 y: -4.440233 z: -0.38136974
I/CrashAlert(  523): ort geaendert 25.5
D/CrashAlertGPS(  523): 91.799995
D/LocationManagerService(  144): Released wakelock
D/CAAccData(  523): x: 7.8861814 y: -5.175732 z: 0.14982383
D/CAAccData(  523): x: 7.6954966 y: -4.671779 z: 0.46309182
D/CAAccData(  523): x: 8.158588 y: -4.7943625 z: 0.19068487
D/CrashAlert(  523): Handler :2
D/CAAccData(  523): x: 8.853226 y: -5.012288 z: -0.10896278
D/CAAccData(  523): x: 8.853226 y: -4.944186 z: -0.0
D/CAAccData(  523): x: 9.193735 y: -4.944186 z: -0.08172209
D/CAAccData(  523): x: 9.275456 y: -5.09401 z: -0.10896278
D/CAAccData(  523): x: 9.043911 y: -4.9850473 z: 0.23154591
D/CAAccData(  523): x: 8.267551 y: -4.5219555 z: 0.08172209
D/CAAccData(  523): x: 8.430995 y: -4.140586 z: -0.0
D/CAAccData(  523): x: 8.076866 y: -4.372132 z: 0.08172209
D/CAAccData(  523): x: 8.308413 y: -4.630918 z: 0.08172209
D/CAAccData(  523): x: 8.19945 y: -4.8216033 z: 0.14982383
D/CAAccData(  523): x: 7.6546354 y: -5.012288 z: 0.27240697
D/CAAccData(  523): x: 8.158588 y: -5.175732 z: 0.42223078
D/CAAccData(  523): x: 8.689782 y: -5.202973 z: 0.42223078
D/CAAccData(  523): x: 9.084772 y: -5.134871 z: 0.50395286
D/CrashAlert(  523): Handler :2
D/CAAccData(  523): x: 9.112013 y: -5.284695 z: 0.6946377
D/CAAccData(  523): x: 9.193735 y: -5.434519 z: 0.8036005
D/CAAccData(  523): x: 9.234595 y: -5.7477865 z: 0.7627395
D/CAAccData(  523): x: 9.084772 y: -6.238119 z: 1.0351465
D/CAAccData(  523): x: 9.152874 y: -6.5922484 z: 1.2666923
D/CAAccData(  523): x: 9.275456 y: -7.014479 z: 1.2666923
D/CAAccData(  523): x: 8.921328 y: -7.1234417 z: 1.607201
D/CAAccData(  523): x: 9.152874 y: -7.205164 z: 1.4982382
D/CAAccData(  523): x: 8.880466 y: -7.205164 z: 1.4573772
D/CAAccTime(  523): Tue Jun 22 18:27:58 Europe/Amsterdam 2010
D/CAAccData(  523): x: 9.084772 y: -7.014479 z: 1.7570249
D/LocationManagerService(  144): Acquired wakelock
I/CrashAlert(  523): ort geaendert 26.0
D/CrashAlertGPS(  523): 93.6
D/LocationManagerService(  144): Released wakelock
D/CAAccData(  523): x: 8.921328 y: -7.205164 z: 1.8387469
D/CAAccData(  523): x: 9.275456 y: -6.973618 z: 2.2201166
D/CAAccData(  523): x: 9.084772 y: -6.891896 z: 2.2201166
D/CrashAlert(  523): Handler :2
D/CAAccData(  523): x: 8.662541 y: -6.5922484 z: 2.2609777
D/CAAccData(  523): x: 8.62168 y: -6.238119 z: 2.3426998
D/CAAccData(  523): x: 8.880466 y: -6.0474343 z: 2.4925237
D/CAAccData(  523): x: 9.00305 y: -5.8158884 z: 2.6832085
D/CAAccData(  523): x: 9.043911 y: -5.47538 z: 3.1054392
D/CAAccData(  523): x: 8.880466 y: -5.434519 z: 3.0237172
D/CAAccData(  523): x: 8.962189 y: -5.243834 z: 3.0645783
D/CAAccData(  523): x: 9.152874 y: -5.012288 z: 3.3642259
D/CAAccData(  523): x: 9.275456 y: -4.944186 z: 3.5276701
D/CAAccData(  523): x: 9.112013 y: -4.5219555 z: 3.5957718
D/CAAccData(  523): x: 9.534244 y: -4.2495484 z: 3.8273177
D/CAAccData(  523): x: 9.234595 y: -3.9771416 z: 3.6774938
D/CAAccData(  523): x: 9.275456 y: -3.405087 z: 3.8273177
D/CrashAlert(  523): Handler :2
D/CAAccData(  523): x: 9.275456 y: -3.255263 z: 4.140586
D/CAAccData(  523): x: 9.615966 y: -3.255263 z: 4.1814466
D/CAAccData(  523): x: 9.697687 y: -2.8738933 z: 4.2904096
D/CAAccData(  523): x: 9.343558 y: -2.7921712 z: 4.5628166
D/CAAccData(  523): x: 9.112013 y: -2.8330324 z: 4.440233
D/CAAccData(  523): x: 9.466142 y: -2.5333846 z: 4.630918
D/CAAccData(  523): x: 9.656827 y: -2.3426998 z: 5.175732
D/CAAccData(  523): x: 9.302697 y: -1.607201 z: 5.09401
D/LocationManagerService(  144): Acquired wakelock
I/CrashAlert(  523): ort geaendert 25.25
D/CrashAlertGPS(  523): 90.899994
D/LocationManagerService(  144): Released wakelock
D/CAAccTime(  523): Tue Jun 22 18:27:59 Europe/Amsterdam 2010
D/CAAccData(  523): x: 9.575105 y: -1.0351465 z: 5.5162406
D/CAAccData(  523): x: 9.615966 y: -1.0351465 z: 5.9793324
D/CAAccData(  523): x: 9.724928 y: -0.88532263 z: 6.1291566
D/CAAccData(  523): x: 9.888372 y: -0.8036005 z: 6.2789803
D/CrashAlert(  523): Handler :2
D/CAAccData(  523): x: 10.038197 y: -0.95342433 z: 6.66035
D/CAAccData(  523): x: 9.847511 y: -0.88532263 z: 6.851035
D/CAAccData(  523): x: 9.466142 y: -0.6946377 z: 7.04172
D/CAAccData(  523): x: 9.234595 y: -0.84446156 z: 7.082581
D/CAAccData(  523): x: 9.343558 y: -0.9125633 z: 7.246025
D/CAAccData(  523): x: 9.384419 y: -0.6946377 z: 7.273266
D/CAAccData(  523): x: 8.880466 y: -0.88532263 z: 7.205164
D/CAAccData(  523): x: 8.730643 y: -0.88532263 z: 7.246025
D/CAAccData(  523): x: 8.689782 y: -0.88532263 z: 7.43671
D/CAAccData(  523): x: 9.193735 y: -0.84446156 z: 7.6273947
D/CAAccData(  523): x: 9.493382 y: -0.84446156 z: 8.049625
D/CAAccData(  523): x: 9.466142 y: -0.84446156 z: 7.9270425
D/CAAccData(  523): x: 9.656827 y: -0.7218784 z: 8.158588
D/CrashAlert(  523): Handler :2
D/CAAccData(  523): x: 9.724928 y: -0.84446156 z: 8.240311
D/CAAccData(  523): x: 10.038197 y: -0.53119355 z: 8.539958
D/CAAccData(  523): x: 9.915613 y: -0.23154591 z: 8.539958
D/CAAccData(  523): x: 9.343558 y: -0.29964766 z: 8.240311
D/CAAccData(  523): x: 9.534244 y: -0.23154591 z: 8.240311
D/CAAccData(  523): x: 9.615966 y: 0.040861044 z: 8.008764
D/CAAccData(  523): x: 9.343558 y: 0.27240697 z: 7.8861814
D/CAAccData(  523): x: 9.80665 y: 0.42223078 z: 8.390134
D/CAAccData(  523): x: 9.384419 y: 0.6946377 z: 7.7363577
D/LocationManagerService(  144): Acquired wakelock
I/CrashAlert(  523): ort geaendert 24.75
D/CrashAlertGPS(  523): 89.1
D/CrashAlert(  523): 2OnstatusChanged
D/LocationManagerService(  144): Released wakelock
D/CAAccTime(  523): Tue Jun 22 18:28:00 Europe/Amsterdam 2010
D/CAAccData(  523): x: 9.343558 y: 0.7218784 z: 7.6954966
D/CAAccData(  523): x: 9.765789 y: 0.88532263 z: 8.158588
D/CAAccData(  523): x: 9.575105 y: 0.8036005 z: 7.8180795
D/CAAccData(  523): x: 9.765789 y: 0.92618364 z: 7.7363577
D/CrashAlert(  523): Handler :2
D/CAAccData(  523): x: 9.997335 y: 0.8036005 z: 7.8861814
D/CAAccData(  523): x: 9.997335 y: 0.92618364 z: 7.7363577
D/CAAccData(  523): x: 10.038197 y: 1.0351465 z: 7.7772183
D/CAAccData(  523): x: 9.697687 y: 0.95342433 z: 7.504812
D/CAAccData(  523): x: 9.615966 y: 0.95342433 z: 7.246025
D/CAAccData(  523): x: 9.697687 y: 1.1168685 z: 7.3549876
D/dalvikvm(  523): GC freed 8543 objects / 524144 bytes in 98ms
D/CAAccData(  523): x: 10.147159 y: 1.1849703 z: 7.3958488
D/CAAccData(  523): x: 9.80665 y: 1.1441092 z: 7.3141265
D/CAAccData(  523): x: 9.302697 y: 1.1441092 z: 6.932757
D/CAAccData(  523): x: 9.466142 y: 1.4573772 z: 7.1234417
D/CAAccData(  523): x: 9.724928 y: 1.2666923 z: 7.1234417
D/CAAccData(  523): x: 10.147159 y: 1.3756552 z: 7.43671
D/CAAccData(  523): x: 9.724928 y: 1.6480621 z: 7.1234417
D/CrashAlert(  523): Handler :2
D/CAAccData(  523): x: 9.343558 y: 1.4165162 z: 6.782933
D/CAAccData(  523): x: 10.147159 y: 1.6480621 z: 7.273266
D/CAAccData(  523): x: 10.079058 y: 1.7570249 z: 6.851035
D/CAAccData(  523): x: 10.106298 y: 1.7978859 z: 7.1234417
D/CAAccData(  523): x: 9.915613 y: 2.070293 z: 6.891896
D/CAAccData(  523): x: 10.18802 y: 2.0294318 z: 6.6331096
D/CAAccData(  523): x: 10.528529 y: 2.1111538 z: 6.510526
D/CAAccData(  523): x: 10.038197 y: 1.9885708 z: 6.1700177
D/LocationManagerService(  144): Acquired wakelock
I/CrashAlert(  523): ort geaendert 23.0
D/CrashAlertGPS(  523): 82.799995
D/LocationManagerService(  144): Released wakelock
D/CAAccData(  523): x: 9.888372 y: 2.0294318 z: 5.706926
D/CAAccTime(  523): Tue Jun 22 18:28:01 Europe/Amsterdam 2010
D/CAAccData(  523): x: 9.847511 y: 1.9885708 z: 5.6252036
D/CAAccData(  523): x: 10.337844 y: 2.1111538 z: 5.706926
D/CAAccData(  523): x: 9.697687 y: 2.0294318 z: 5.284695
D/CrashAlert(  523): Handler :2
D/CAAccData(  523): x: 9.575105 y: 2.1111538 z: 5.243834
D/CAAccData(  523): x: 9.193735 y: 2.152015 z: 5.175732
D/CAAccData(  523): x: 8.880466 y: 1.9885708 z: 4.903325
D/CAAccData(  523): x: 8.921328 y: 2.070293 z: 4.9850473
D/CAAccData(  523): x: 8.962189 y: 2.2201166 z: 5.09401
D/CAAccData(  523): x: 8.853226 y: 2.070293 z: 5.09401
D/CAAccData(  523): x: 9.112013 y: 2.2201166 z: 5.012288
D/CAAccData(  523): x: 9.234595 y: 2.0294318 z: 4.944186
D/CAAccData(  523): x: 9.193735 y: 1.9885708 z: 5.407278
D/CAAccData(  523): x: 9.534244 y: 2.3426998 z: 4.944186
D/CAAccData(  523): x: 9.915613 y: 2.2609777 z: 5.134871
D/CAAccData(  523): x: 9.724928 y: 2.070293 z: 5.053149
D/CAAccData(  523): x: 9.765789 y: 2.2201166 z: 4.8216033
D/CrashAlert(  523): Handler :2
D/CAAccData(  523): x: 9.915613 y: 2.2201166 z: 4.7535014
D/CAAccData(  523): x: 9.724928 y: 2.0294318 z: 4.671779
D/CAAccData(  523): x: 9.80665 y: 2.2609777 z: 4.399372
D/CAAccData(  523): x: 9.724928 y: 2.3018389 z: 4.2086873
D/CAAccData(  523): x: 9.575105 y: 2.1792557 z: 4.0588636
D/CAAccData(  523): x: 9.302697 y: 2.3018389 z: 3.759216
D/CAAccData(  523): x: 9.302697 y: 2.2201166 z: 3.6774938
D/CAAccData(  523): x: 9.384419 y: 2.2201166 z: 3.568531
D/CAAccData(  523): x: 8.962189 y: 2.2201166 z: 3.1054392
D/CAAccData(  523): x: 9.302697 y: 1.8387469 z: 3.214402
D/LocationManagerService(  144): Acquired wakelock
I/CrashAlert(  523): ort geaendert 19.75
D/CrashAlertGPS(  523): 71.1
D/LocationManagerService(  144): Released wakelock
D/CAAccData(  523): x: 8.853226 y: 0.8036005 z: 2.982856
D/CAAccTime(  523): Tue Jun 22 18:28:02 Europe/Amsterdam 2010
D/CAAccData(  523): x: 9.152874 y: 0.6946377 z: 2.8330324
D/CAAccData(  523): x: 9.00305 y: 0.5720546 z: 2.7921712
D/CrashAlert(  523): Handler :2
D/CAAccData(  523): x: 9.302697 y: -0.040861044 z: 2.7921712
D/CAAccData(  523): x: 9.234595 y: 0.27240697 z: 2.5333846
D/CAAccData(  523): x: 9.234595 y: 0.0 z: 2.5606253
D/CAAccData(  523): x: 9.00305 y: -0.9125633 z: 2.3699405
D/CAAccData(  523): x: 9.656827 y: -0.27240697 z: 2.070293
D/CAAccData(  523): x: 9.275456 y: -0.23154591 z: 1.7297841
D/CAAccData(  523): x: 8.921328 y: -0.23154591 z: 1.6889231
D/CAAccData(  523): x: 9.493382 y: -0.29964766 z: 1.3756552
D/CAAccData(  523): x: 9.697687 y: -0.53119355 z: 0.6946377
D/CAAccData(  523): x: 9.575105 y: -0.9125633 z: 0.29964766
D/CAAccData(  523): x: 9.493382 y: -1.2258313 z: -0.14982383
D/CAAccData(  523): x: 9.724928 y: -1.7978859 z: -0.46309182
D/CAAccData(  523): x: 9.915613 y: -2.5333846 z: -0.7627395
D/CAAccData(  523): x: 9.915613 y: -2.3699405 z: -1.0760075
D/CrashAlert(  523): Handler :2
D/CAAccData(  523): x: 9.425281 y: -2.5333846 z: -1.4982382
D/CAAccData(  523): x: 9.847511 y: -2.6832085 z: -1.7297841
D/CAAccData(  523): x: 9.888372 y: -2.6832085 z: -1.9885708
D/CAAccData(  523): x: 9.765789 y: -2.7513103 z: -2.2609777
D/CAAccData(  523): x: 8.962189 y: -2.7240696 z: -2.3018389
D/CAAccData(  523): x: 9.00305 y: -2.8738933 z: -2.7921712
D/CAAccData(  523): x: 9.152874 y: -2.9556155 z: -3.0645783
D/CAAccData(  523): x: 8.771504 y: -3.0645783 z: -3.173541
D/CAAccData(  523): x: 8.853226 y: -2.982856 z: -3.405087
D/LocationManagerService(  144): Acquired wakelock
I/CrashAlert(  523): ort geaendert 15.0
D/CrashAlertGPS(  523): 54.0
D/LocationManagerService(  144): Released wakelock
D/CAAccData(  523): x: 8.771504 y: -3.0237172 z: -3.636633
D/CAAccData(  523): x: 8.771504 y: -2.7240696 z: -3.9090397
D/CAAccTime(  523): Tue Jun 22 18:28:03 Europe/Amsterdam 2010
D/CAAccData(  523): x: 9.043911 y: -2.3699405 z: -4.3312707
D/CAAccData(  523): x: 8.771504 y: -1.7978859 z: -4.399372
D/CrashAlert(  523): Handler :2
D/CAAccData(  523): x: 9.193735 y: -1.7978859 z: -4.630918
D/CAAccData(  523): x: 9.343558 y: -1.8387469 z: -4.7126403
D/CAAccData(  523): x: 9.152874 y: -1.7297841 z: -4.5628166
D/CAAccData(  523): x: 8.812365 y: -1.9885708 z: -4.5219555
D/CAAccData(  523): x: 8.812365 y: -2.6423476 z: -4.5219555
D/CAAccData(  523): x: 9.00305 y: -3.255263 z: -4.440233
D/CAAccData(  523): x: 8.771504 y: -3.718355 z: -4.4810944
D/CAAccData(  523): x: 9.043911 y: -4.0180025 z: -4.140586
D/CAAccData(  523): x: 9.234595 y: -4.140586 z: -4.903325
D/CAAccData(  523): x: 8.771504 y: -4.0180025 z: -5.09401
D/CAAccData(  523): x: 9.00305 y: -4.1814466 z: -5.284695
D/CAAccData(  523): x: 9.193735 y: -4.3312707 z: -5.5571017
D/CAAccData(  523): x: 9.615966 y: -4.3312707 z: -6.0882955
D/CrashAlert(  523): Handler :2
D/CAAccData(  523): x: 8.921328 y: -4.3312707 z: -6.4424243
D/CAAccData(  523): x: 9.112013 y: -4.440233 z: -6.510526
D/CAAccData(  523): x: 9.302697 y: -4.4810944 z: -6.782933
D/CAAccData(  523): x: 8.62168 y: -4.4810944 z: -6.851035
D/CAAccData(  523): x: 9.00305 y: -4.7126403 z: -7.1234417
D/CAAccData(  523): x: 8.962189 y: -4.8216033 z: -7.0553403
D/CAAccData(  523): x: 9.084772 y: -4.862464 z: -7.5456724
D/CAAccData(  523): x: 8.853226 y: -4.9850473 z: -7.7772183
D/CAAccData(  523): x: 8.730643 y: -4.8216033 z: -7.7363577
D/LocationManagerService(  144): Acquired wakelock
I/CrashAlert(  523): ort geaendert 14.0
D/CrashAlertGPS(  523): 50.399998
D/LocationManagerService(  144): Released wakelock
D/CAAccData(  523): x: 8.771504 y: -4.944186 z: -8.049625
D/CAAccData(  523): x: 8.62168 y: -4.9850473 z: -7.9679036
D/CAAccTime(  523): Tue Jun 22 18:28:04 Europe/Amsterdam 2010
D/CAAccData(  523): x: 9.112013 y: -4.7535014 z: -8.62168
D/CAAccData(  523): x: 8.812365 y: -3.6774938 z: -8.539958
D/CrashAlert(  523): Handler :2
D/CAAccData(  523): x: 8.349273 y: -2.982856 z: -8.390134
D/CAAccData(  523): x: 8.308413 y: -2.7921712 z: -8.662541
D/CAAccData(  523): x: 8.19945 y: -2.7240696 z: -8.662541
D/CAAccData(  523): x: 7.9679036 y: -2.7513103 z: -7.8861814
D/CAAccData(  523): x: 8.117727 y: -2.3018389 z: -7.3958488
D/CAAccData(  523): x: 7.6954966 y: -2.5333846 z: -7.7363577
D/CAAccData(  523): x: 7.5865335 y: -2.5333846 z: -8.117727
D/CAAccData(  523): x: 8.19945 y: -2.6832085 z: -8.580819
D/CAAccData(  523): x: 8.19945 y: -2.7240696 z: -8.539958
D/CAAccData(  523): x: 8.580819 y: -2.9556155 z: -8.539958
D/CAAccData(  523): x: 8.962189 y: -2.8738933 z: -8.771504
D/CAAccData(  523): x: 8.812365 y: -3.1054392 z: -8.771504
D/CAAccData(  523): x: 9.112013 y: -3.0645783 z: -9.193735
D/CrashAlert(  523): Handler :2
D/CAAccData(  523): x: 9.466142 y: -3.214402 z: -9.466142
D/CAAccData(  523): x: 9.384419 y: -3.336985 z: -9.80665
D/CAAccData(  523): x: 9.534244 y: -3.336985 z: -9.847511
D/CAAccData(  523): x: 9.493382 y: -3.214402 z: -9.724928
D/CAAccData(  523): x: 9.915613 y: -3.3642259 z: -9.656827
D/CAAccData(  523): x: 9.425281 y: -3.3642259 z: -9.656827
D/CAAccData(  523): x: 9.043911 y: -3.1054392 z: -9.80665
D/CAAccData(  523): x: 9.302697 y: -3.255263 z: -9.80665
D/CAAccData(  523): x: 9.084772 y: -3.255263 z: -9.724928
D/CAAccData(  523): x: 9.575105 y: -3.336985 z: -10.079058
D/LocationManagerService(  144): Acquired wakelock
I/CrashAlert(  523): ort geaendert 13.25
D/CrashAlertGPS(  523): 47.699997
D/LocationManagerService(  144): Released wakelock
D/CAAccData(  523): x: 9.425281 y: -3.1463003 z: -9.888372
D/CAAccData(  523): x: 9.575105 y: -3.214402 z: -10.119919
D/CAAccTime(  523): Tue Jun 22 18:28:05 Europe/Amsterdam 2010
D/CAAccData(  523): x: 9.997335 y: -3.173541 z: -10.079058
D/CrashAlert(  523): Handler :2
D/CAAccData(  523): x: 9.466142 y: -2.9556155 z: -9.765789
D/CAAccData(  523): x: 9.425281 y: -3.1054392 z: -9.956474
D/CAAccData(  523): x: 9.697687 y: -3.1463003 z: -10.18802
D/CAAccData(  523): x: 9.765789 y: -3.173541 z: -9.847511
D/CAAccData(  523): x: 9.384419 y: -2.982856 z: -9.656827
D/CAAccData(  523): x: 9.425281 y: -3.0237172 z: -9.724928
D/CAAccData(  523): x: 8.962189 y: -2.982856 z: -9.425281
D/CAAccData(  523): x: 8.921328 y: -3.0237172 z: -9.302697
D/CAAccData(  523): x: 8.880466 y: -2.8330324 z: -9.302697
D/CAAccData(  523): x: 9.00305 y: -2.7240696 z: -9.466142
D/CAAccData(  523): x: 9.302697 y: -2.7921712 z: -9.384419
D/CAAccData(  523): x: 9.302697 y: -2.6423476 z: -9.343558
D/CAAccData(  523): x: 9.275456 y: -2.6014864 z: -9.275456
D/CrashAlert(  523): Handler :2
D/CAAccData(  523): x: 9.193735 y: -2.7921712 z: -9.152874
D/CAAccData(  523): x: 9.275456 y: -2.6832085 z: -9.575105
D/CAAccData(  523): x: 9.534244 y: -2.7240696 z: -9.697687
D/CAAccData(  523): x: 9.575105 y: -2.7240696 z: -9.765789
D/CAAccData(  523): x: 9.615966 y: -2.4516625 z: -10.119919
D/CAAccData(  523): x: 9.493382 y: -2.4925237 z: -9.956474
D/CAAccData(  523): x: 9.466142 y: -2.3699405 z: -9.956474
D/CAAccData(  523): x: 9.302697 y: -2.1383946 z: -9.697687
D/LocationManagerService(  144): Acquired wakelock
I/CrashAlert(  523): ort geaendert 12.5
D/CrashAlertGPS(  523): 45.0
D/LocationManagerService(  144): Released wakelock
D/CAAccData(  523): x: 8.921328 y: -2.1383946 z: -9.534244
D/CAAccData(  523): x: 8.812365 y: -1.9885708 z: -9.615966
D/CAAccData(  523): x: 9.152874 y: -1.9477097 z: -9.915613
D/CAAccTime(  523): Tue Jun 22 18:28:06 Europe/Amsterdam 2010
D/CAAccData(  523): x: 8.880466 y: -1.7570249 z: -9.193735
D/CrashAlert(  523): Handler :2
D/CAAccData(  523): x: 9.112013 y: -1.525479 z: -9.425281
D/CAAccData(  523): x: 9.043911 y: -1.56634 z: -8.894087
D/CAAccData(  523): x: 8.62168 y: -1.2666923 z: -8.853226
D/CAAccData(  523): x: 8.771504 y: -1.1849703 z: -8.921328
D/CAAccData(  523): x: 9.112013 y: -1.3075534 z: -9.00305
D/CAAccData(  523): x: 9.152874 y: -1.0351465 z: -8.662541
D/CAAccData(  523): x: 8.962189 y: -1.0351465 z: -8.471856
D/CAAccData(  523): x: 8.430995 y: -0.7627395 z: -8.539958
D/CAAccData(  523): x: 8.430995 y: -0.5720546 z: -8.049625
D/CAAccData(  523): x: 8.62168 y: -0.61291564 z: -7.9679036
D/CAAccData(  523): x: 8.921328 y: -0.6537767 z: -7.8861814
D/CAAccData(  523): x: 9.152874 y: -0.53119355 z: -7.9270425
D/CAAccData(  523): x: 9.152874 y: -0.53119355 z: -7.7363577
D/CrashAlert(  523): Handler :2
D/CAAccData(  523): x: 8.880466 y: -0.3405087 z: -7.668256
D/CAAccData(  523): x: 9.043911 y: -0.3405087 z: -7.5865335
D/CAAccData(  523): x: 8.771504 y: -0.29964766 z: -7.164303
D/CAAccData(  523): x: 8.962189 y: -0.7627395 z: -7.205164
D/CAAccData(  523): x: 9.425281 y: -0.14982383 z: -7.273266
D/LocationManagerService(  144): Acquired wakelock
D/dalvikvm(  523): GC freed 8544 objects / 524064 bytes in 133ms
D/CAAccData(  523): x: 9.302697 y: -0.08172209 z: -6.973618
I/CrashAlert(  523): ort geaendert 12.0
D/CrashAlertGPS(  523): 43.199997
D/LocationManagerService(  144): Released wakelock
D/CAAccData(  523): x: 9.534244 y: 0.040861044 z: -7.014479
D/CAAccData(  523): x: 9.466142 y: 0.040861044 z: -6.891896
D/CAAccData(  523): x: 9.534244 y: 0.040861044 z: -6.782933
D/CAAccData(  523): x: 9.302697 y: 0.08172209 z: -6.66035
D/CAAccData(  523): x: 9.466142 y: 0.10896278 z: -6.5513873
D/CAAccData(  523): x: 8.921328 y: 0.08172209 z: -6.5513873
D/CAAccTime(  523): Tue Jun 22 18:28:07 Europe/Amsterdam 2010
D/CAAccData(  523): x: 9.193735 y: 0.040861044 z: -6.5513873
D/CrashAlert(  523): Handler :2
D/CAAccData(  523): x: 8.880466 y: 0.23154591 z: -6.5922484
D/CAAccData(  523): x: 9.152874 y: 0.19068487 z: -6.469665
D/CAAccData(  523): x: 9.615966 y: 0.27240697 z: -6.510526
D/CAAccData(  523): x: 9.847511 y: 0.53119355 z: -6.3198414
D/CAAccData(  523): x: 9.534244 y: 0.50395286 z: -5.8567495
D/CAAccData(  523): x: 9.384419 y: 0.61291564 z: -5.5571017
D/CAAccData(  523): x: 9.343558 y: 0.7627395 z: -5.2165933
D/CAAccData(  523): x: 9.343558 y: 0.8036005 z: -4.140586
D/CAAccData(  523): x: 9.697687 y: 0.9942854 z: -4.3312707
D/CAAccData(  523): x: 9.888372 y: 1.1168685 z: -3.990762
D/CAAccData(  523): x: 9.615966 y: 1.1168685 z: -3.445948
D/CAAccData(  523): x: 9.575105 y: 1.2666923 z: -3.0237172
D/CAAccData(  523): x: 9.888372 y: 1.2258313 z: -2.982856
D/CrashAlert(  523): Handler :2
D/CAAccData(  523): x: 9.575105 y: 1.3756552 z: -2.7921712
D/CAAccData(  523): x: 9.847511 y: 1.4165162 z: -2.5606253
D/CAAccData(  523): x: 9.615966 y: 1.334794 z: -2.5333846
D/CAAccData(  523): x: 9.615966 y: 1.3756552 z: -2.6014864
D/CAAccData(  523): x: 9.656827 y: 1.4982382 z: -2.5606253
D/CAAccData(  523): x: 9.724928 y: 1.4573772 z: -2.5333846
D/CAAccData(  523): x: 9.534244 y: 1.4982382 z: -2.5333846
D/CAAccData(  523): x: 9.724928 y: 1.4573772 z: -2.5333846
D/CAAccData(  523): x: 9.234595 y: 1.4982382 z: -2.3426998
D/CAAccData(  523): x: 9.302697 y: 1.4982382 z: -2.152015
D/CAAccData(  523): x: 9.302697 y: 1.56634 z: -1.9477097
D/CAAccData(  523): x: 9.302697 y: 1.6889231 z: -1.9477097
D/CAAccData(  523): x: 9.152874 y: 1.5390993 z: -1.879608
D/CAAccTime(  523): Tue Jun 22 18:28:08 Europe/Amsterdam 2010
D/CAAccData(  523): x: 9.234595 y: 1.56634 z: -1.7297841
D/CrashAlert(  523): Handler :2
D/CAAccData(  523): x: 9.193735 y: 1.6889231 z: -1.607201
D/CAAccData(  523): x: 9.343558 y: 1.607201 z: -1.4982382
D/dalvikvm(  144): GC freed 23962 objects / 1458936 bytes in 234ms
D/CAAccData(  523): x: 9.234595 y: 1.6480621 z: -1.4165162
I/CrashAlert(  523): ort geaendert 11.25
D/CrashAlertGPS(  523): 40.5
D/LocationManagerService(  144): Acquired wakelock
D/LocationManagerService(  144): Released wakelock
D/CAAccData(  523): x: 9.575105 y: 1.607201 z: -1.3075534
D/CAAccData(  523): x: 9.234595 y: 1.6480621 z: -1.2258313
D/CAAccData(  523): x: 9.466142 y: 1.6889231 z: -1.1849703
D/CAAccData(  523): x: 9.534244 y: 1.607201 z: -1.0351465
D/CAAccData(  523): x: 9.302697 y: 1.7570249 z: -0.92618364
D/CAAccData(  523): x: 9.425281 y: 1.6889231 z: -0.8036005
D/CAAccData(  523): x: 9.384419 y: 1.7297841 z: -0.7218784
D/CAAccData(  523): x: 9.384419 y: 1.7570249 z: -0.5720546
D/CAAccData(  523): x: 9.656827 y: 1.7570249 z: -0.50395286
D/CrashAlert(  523): Handler :2
D/CAAccData(  523): x: 9.697687 y: 1.7978859 z: -0.19068487
D/CAAccData(  523): x: 9.425281 y: 1.7978859 z: -0.08172209
D/CAAccData(  523): x: 9.466142 y: 1.7978859 z: 0.08172209
D/CAAccData(  523): x: 9.847511 y: 1.8387469 z: 0.14982383
D/CAAccData(  523): x: 9.615966 y: 1.879608 z: 0.19068487
D/CAAccData(  523): x: 9.234595 y: 1.920469 z: 0.3405087
D/CAAccData(  523): x: 9.193735 y: 1.920469 z: 0.46309182
D/CAAccData(  523): x: 9.152874 y: 1.920469 z: 0.27240697
D/LocationManagerService(  144): Acquired wakelock
I/CrashAlert(  523): ort geaendert 10.25
D/CrashAlertGPS(  523): 36.899998
D/LocationManagerService(  144): Released wakelock
D/CAAccData(  523): x: 9.084772 y: 1.9477097 z: 0.42223078
D/CAAccData(  523): x: 8.880466 y: 1.920469 z: 0.3405087
D/CAAccData(  523): x: 9.043911 y: 1.920469 z: 0.38136974
D/CAAccData(  523): x: 9.343558 y: 1.9885708 z: 0.42223078
D/CrashAlert(  523): Handler :2
D/CAAccTime(  523): Tue Jun 22 18:28:09 Europe/Amsterdam 2010
D/CAAccData(  523): x: 9.00305 y: 1.3756552 z: 0.7627395
D/CAAccData(  523): x: 9.384419 y: 1.879608 z: 0.27240697
D/CAAccData(  523): x: 9.466142 y: 1.9477097 z: 0.23154591
D/CAAccData(  523): x: 9.534244 y: 1.9477097 z: 0.08172209
D/CAAccData(  523): x: 9.425281 y: 1.879608 z: 0.08172209
D/CAAccData(  523): x: 9.615966 y: 1.8387469 z: 0.040861044
D/CAAccData(  523): x: 9.656827 y: 1.879608 z: -0.23154591
D/CAAccData(  523): x: 9.534244 y: 1.7570249 z: -0.27240697
D/CAAccData(  523): x: 9.575105 y: 1.7570249 z: -0.14982383
D/CAAccData(  523): x: 9.384419 y: 1.7297841 z: -0.313268
D/CAAccData(  523): x: 9.724928 y: 1.607201 z: -0.27240697
D/CAAccData(  523): x: 9.80665 y: 1.2666923 z: -0.5720546
D/CAAccData(  523): x: 9.275456 y: 0.95342433 z: -0.53119355
D/CrashAlert(  523): Handler :2
D/CAAccData(  523): x: 9.302697 y: 0.6946377 z: -0.61291564
D/CAAccData(  523): x: 9.343558 y: 0.42223078 z: -0.61291564
D/CAAccData(  523): x: 9.112013 y: 0.23154591 z: -0.6537767
D/CAAccData(  523): x: 8.812365 y: 0.14982383 z: -0.7218784
D/CAAccData(  523): x: 8.853226 y: -0.10896278 z: -0.7218784
D/CAAccData(  523): x: 8.812365 y: -0.3405087 z: -0.0
D/CAAccData(  523): x: 9.234595 y: -0.42223078 z: -0.6946377
D/CAAccData(  523): x: 9.193735 y: -0.42223078 z: -0.6537767
D/CAAccData(  523): x: 9.112013 y: -0.61291564 z: -0.53119355
D/LocationManagerService(  144): Acquired wakelock
I/CrashAlert(  523): ort geaendert 9.0
D/CrashAlertGPS(  523): 32.399998
D/LocationManagerService(  144): Released wakelock
D/CAAccData(  523): x: 9.493382 y: -0.50395286 z: -0.42223078
D/CAAccData(  523): x: 9.80665 y: -0.5720546 z: -0.53119355
D/CAAccData(  523): x: 9.697687 y: -0.6946377 z: -0.61291564
D/CAAccData(  523): x: 9.697687 y: -0.50395286 z: -0.3405087
D/CrashAlert(  523): Handler :2
D/CAAccTime(  523): Tue Jun 22 18:28:10 Europe/Amsterdam 2010
D/CAAccData(  523): x: 9.80665 y: -0.84446156 z: -0.50395286
D/CAAccData(  523): x: 9.888372 y: -0.95342433 z: -0.53119355
D/CAAccData(  523): x: 9.724928 y: -0.84446156 z: -0.42223078
D/CAAccData(  523): x: 9.193735 y: -0.95342433 z: -0.3405087
D/CAAccData(  523): x: 9.275456 y: -0.84446156 z: -0.3405087
D/CAAccData(  523): x: 9.275456 y: -1.334794 z: -0.42223078
D/CAAccData(  523): x: 9.275456 y: -1.4165162 z: -0.42223078
D/CAAccData(  523): x: 8.812365 y: -1.4165162 z: -0.38136974
D/CAAccData(  523): x: 8.771504 y: -1.525479 z: -0.3405087
D/CAAccData(  523): x: 9.00305 y: -1.7570249 z: -0.42223078
D/CAAccData(  523): x: 9.425281 y: -1.9885708 z: -0.3405087
D/CAAccData(  523): x: 9.343558 y: -1.8387469 z: -0.27240697
D/CrashAlert(  523): Handler :2
D/CAAccData(  523): x: 9.043911 y: -1.9477097 z: -0.19068487
D/CAAccData(  523): x: 9.425281 y: -2.0294318 z: -0.0
D/CAAccData(  523): x: 9.724928 y: -2.1111538 z: 0.08172209
D/CAAccData(  523): x: 9.534244 y: -1.9885708 z: 0.27240697
D/CAAccData(  523): x: 9.343558 y: -2.0294318 z: 0.53119355
D/CAAccData(  523): x: 9.534244 y: -1.9477097 z: 0.50395286
D/CAAccData(  523): x: 9.343558 y: -1.9885708 z: 0.6946377
D/CAAccData(  523): x: 9.193735 y: -1.9477097 z: 0.88532263
D/CAAccData(  523): x: 9.343558 y: -1.920469 z: 0.9125633
D/LocationManagerService(  144): Acquired wakelock
I/CrashAlert(  523): ort geaendert 8.5
D/CrashAlertGPS(  523): 30.599998
D/LocationManagerService(  144): Released wakelock
D/CAAccData(  523): x: 9.00305 y: -1.9885708 z: 0.9942854
D/CAAccData(  523): x: 9.193735 y: -1.9885708 z: 1.1168685
D/CAAccData(  523): x: 9.234595 y: -1.9477097 z: 1.1849703
D/CAAccData(  523): x: 8.962189 y: -1.920469 z: 1.334794
D/CrashAlert(  523): Handler :2
D/CAAccData(  523): x: 9.00305 y: -1.9477097 z: 1.3075534
D/CAAccTime(  523): Tue Jun 22 18:28:11 Europe/Amsterdam 2010
D/CAAccData(  523): x: 9.343558 y: -1.920469 z: 1.2258313
D/CAAccData(  523): x: 8.921328 y: -1.879608 z: 1.4165162
D/CAAccData(  523): x: 8.771504 y: -1.879608 z: 1.525479
D/CAAccData(  523): x: 8.689782 y: -1.879608 z: 1.4165162
D/CAAccData(  523): x: 8.499097 y: -1.9477097 z: 1.4165162
D/CAAccData(  523): x: 8.499097 y: -1.920469 z: 1.607201
D/CAAccData(  523): x: 8.730643 y: -1.920469 z: 1.56634
D/CAAccData(  523): x: 8.499097 y: -1.920469 z: 1.56634
D/CAAccData(  523): x: 8.771504 y: -1.9885708 z: 1.879608
D/CAAccData(  523): x: 8.853226 y: -1.920469 z: 1.9885708
D/CAAccData(  523): x: 9.152874 y: -1.879608 z: 1.920469
D/CAAccData(  523): x: 9.275456 y: -2.070293 z: 2.1111538
D/CrashAlert(  523): Handler :2
D/CAAccData(  523): x: 9.493382 y: -1.920469 z: 2.1792557
D/CAAccData(  523): x: 9.493382 y: -1.7978859 z: 2.4108016
D/CAAccData(  523): x: 9.084772 y: -2.0294318 z: 2.5606253
D/CAAccData(  523): x: 9.575105 y: -1.9885708 z: 2.6423476
D/CAAccData(  523): x: 9.724928 y: -1.920469 z: 2.7513103
D/CAAccData(  523): x: 9.493382 y: -2.0294318 z: 2.7513103
D/CAAccData(  523): x: 9.615966 y: -2.0294318 z: 3.0237172
D/CAAccData(  523): x: 9.575105 y: -1.879608 z: 3.0645783
D/CAAccData(  523): x: 9.493382 y: -1.8387469 z: 3.255263
D/LocationManagerService(  144): Acquired wakelock
I/CrashAlert(  523): ort geaendert 7.25
D/CrashAlertGPS(  523): 26.099998
D/LocationManagerService(  144): Released wakelock
D/CAAccData(  523): x: 9.275456 y: -1.879608 z: 3.568531
D/CAAccData(  523): x: 9.275456 y: -1.4573772 z: 3.5957718
D/CAAccData(  523): x: 9.302697 y: -0.95342433 z: 3.8681788
D/CAAccData(  523): x: 8.962189 y: -0.88532263 z: 3.718355
D/CrashAlert(  523): Handler :2
D/CAAccData(  523): x: 8.962189 y: -0.6946377 z: 3.718355
D/CAAccTime(  523): Tue Jun 22 18:28:12 Europe/Amsterdam 2010
D/CAAccData(  523): x: 9.043911 y: -0.6946377 z: 3.9499009
D/CAAccData(  523): x: 9.275456 y: -0.8036005 z: 4.0180025
D/CAAccData(  523): x: 9.384419 y: -0.53119355 z: 4.099725
D/CAAccData(  523): x: 9.384419 y: -0.6946377 z: 3.9499009
D/CAAccData(  523): x: 9.615966 y: -0.5720546 z: 3.9090397
D/CAAccData(  523): x: 9.80665 y: -0.50395286 z: 4.0588636
D/CAAccData(  523): x: 10.269742 y: -0.42223078 z: 4.140586
D/CAAccData(  523): x: 10.106298 y: -0.23154591 z: 4.0588636
D/CAAccData(  523): x: 9.765789 y: -0.3405087 z: 4.140586
D/CAAccData(  523): x: 9.956474 y: -0.23154591 z: 4.1814466
D/CAAccData(  523): x: 9.724928 y: -0.27240697 z: 4.2904096
D/CAAccData(  523): x: 9.997335 y: 0.10896278 z: 4.3312707
D/CrashAlert(  523): Handler :2
D/CAAccData(  523): x: 9.915613 y: -0.14982383 z: 4.4810944
D/CAAccData(  523): x: 9.956474 y: -0.040861044 z: 4.399372
D/CAAccData(  523): x: 9.425281 y: 0.50395286 z: 4.5219555
D/CAAccData(  523): x: 9.493382 y: 0.14982383 z: 4.5628166
D/CAAccData(  523): x: 9.575105 y: 0.42223078 z: 4.5900574
D/CAAccData(  523): x: 9.697687 y: 0.46309182 z: 4.5900574
D/CAAccData(  523): x: 9.724928 y: 0.5720546 z: 4.671779
D/CAAccData(  523): x: 9.493382 y: 0.5720546 z: 4.4810944
D/CAAccData(  523): x: 9.888372 y: 0.61291564 z: 4.5628166
D/LocationManagerService(  144): Acquired wakelock
I/CrashAlert(  523): ort geaendert 9.0
D/CrashAlertGPS(  523): 32.399998
D/LocationManagerService(  144): Released wakelock
D/CAAccData(  523): x: 9.656827 y: 0.7218784 z: 4.5900574
D/CAAccData(  523): x: 9.425281 y: 0.7218784 z: 4.440233
D/CAAccData(  523): x: 9.997335 y: 0.6946377 z: 4.2904096
D/CAAccData(  523): x: 9.847511 y: 0.8036005 z: 4.1814466
D/CrashAlert(  523): Handler :2
D/CAAccData(  523): x: 9.956474 y: 0.88532263 z: 4.1814466
D/CAAccTime(  523): Tue Jun 22 18:28:13 Europe/Amsterdam 2010
D/CAAccData(  523): x: 9.765789 y: 0.95342433 z: 4.0588636
D/CAAccData(  523): x: 9.697687 y: 0.88532263 z: 3.9499009
D/dalvikvm(  523): GC freed 8533 objects / 524248 bytes in 109ms
D/CAAccData(  523): x: 9.915613 y: 1.1168685 z: 3.9499009
