D/CAAccData(  523): x: 9.152874 y: 1.7297841 z: -0.0
D/CrashAlert(  523): Handler :2
D/CAAccData(  523): x: 9.384419 y: 1.879608 z: 0.040861044
D/CAAccData(  523): x: 9.343558 y: 1.8387469 z: 0.08172209
D/LocationManagerService(  144): Acquired wakelock
I/CrashAlert(  523): ort geaendert 19.0
D/CrashAlertGPS(  523): 68.4
D/LocationManagerService(  144): Released wakelock
D/CAAccData(  523): x: 9.084772 y: 1.7978859 z: 0.10896278
D/CAAccData(  523): x: 9.193735 y: 1.920469 z: 0.23154591
D/CAAccData(  523): x: 9.112013 y: 1.920469 z: 0.23154591
D/CAAccData(  523): x: 9.466142 y: 1.8387469 z: 0.23154591
D/CAAccData(  523): x: 9.493382 y: 1.879608 z: 0.14982383
D/CAAccData(  523): x: 9.697687 y: 1.879608 z: 0.08172209
D/CAAccData(  523): x: 9.493382 y: 1.7978859 z: 0.040861044
D/CAAccData(  523): x: 9.534244 y: 1.8387469 z: 0.14982383
D/CAAccData(  523): x: 9.384419 y: 1.879608 z: 0.23154591
D/CAAccData(  523): x: 9.656827 y: 1.879608 z: 0.23154591
D/CAAccData(  523): x: 9.493382 y: 1.7570249 z: 0.08172209
D/CrashAlert(  523): Handler :2
D/CAAccData(  523): x: 9.384419 y: 1.920469 z: 0.10896278
D/CAAccData(  523): x: 9.384419 y: 1.8387469 z: 0.08172209
D/CAAccData(  523): x: 9.343558 y: 1.7978859 z: 0.040861044
D/CAAccTime(  523): Tue Jun 22 18:26:24 Europe/Amsterdam 2010
D/CAAccData(  523): x: 9.466142 y: 1.7570249 z: 0.08172209
D/CAAccData(  523): x: 9.234595 y: 1.7570249 z: 0.14982383
D/CAAccData(  523): x: 9.384419 y: 1.8387469 z: -0.040861044
D/CAAccData(  523): x: 9.152874 y: 1.6889231 z: -0.10896278
D/CAAccData(  523): x: 9.302697 y: 1.7570249 z: 0.040861044
D/CAAccData(  523): x: 9.343558 y: 1.7297841 z: -0.08172209
D/CAAccData(  523): x: 9.152874 y: 1.7570249 z: -0.0
D/CAAccData(  523): x: 9.234595 y: 1.6889231 z: -0.10896278
D/CAAccData(  523): x: 9.425281 y: 1.8387469 z: -0.08172209
D/CAAccData(  523): x: 9.384419 y: 1.7297841 z: -0.040861044
D/CrashAlert(  523): Handler :2
D/CAAccData(  523): x: 9.343558 y: 1.7297841 z: 0.14982383
D/CAAccData(  523): x: 9.615966 y: 1.7570249 z: 0.040861044
D/LocationManagerService(  144): Acquired wakelock
I/CrashAlert(  523): ort geaendert 16.75
D/CrashAlertGPS(  523): 60.3
D/LocationManagerService(  144): Released wakelock
D/CAAccData(  523): x: 9.534244 y: 1.7297841 z: 0.040861044
D/CAAccData(  523): x: 9.724928 y: 1.6480621 z: 0.040861044
D/CAAccData(  523): x: 9.888372 y: 1.6480621 z: 0.10896278
D/CAAccData(  523): x: 9.697687 y: 1.6480621 z: 0.040861044
D/CAAccData(  523): x: 9.80665 y: 1.607201 z: 0.10896278
D/CAAccData(  523): x: 9.765789 y: 1.6889231 z: -0.040861044
D/CAAccData(  523): x: 9.724928 y: 1.7297841 z: -0.0
D/CAAccData(  523): x: 9.656827 y: 1.607201 z: -0.040861044
D/CAAccData(  523): x: 9.765789 y: 1.6480621 z: -0.040861044
D/CAAccData(  523): x: 9.466142 y: 1.6889231 z: -0.040861044
D/CAAccData(  523): x: 9.384419 y: 1.6480621 z: -0.040861044
D/CrashAlert(  523): Handler :2
D/CAAccData(  523): x: 9.112013 y: 1.6480621 z: -0.040861044
D/CAAccData(  523): x: 9.302697 y: 1.6480621 z: -0.10896278
D/CAAccData(  523): x: 9.275456 y: 1.5390993 z: -0.27240697
D/CAAccTime(  523): Tue Jun 22 18:26:25 Europe/Amsterdam 2010
D/CAAccData(  523): x: 9.275456 y: 1.4165162 z: -0.19068487
D/CAAccData(  523): x: 9.343558 y: 1.4573772 z: -0.10896278
D/CAAccData(  523): x: 9.656827 y: 1.4982382 z: -0.14982383
D/CAAccData(  523): x: 9.493382 y: 1.3756552 z: -0.19068487
D/CAAccData(  523): x: 9.724928 y: 1.4165162 z: -0.08172209
D/CAAccData(  523): x: 9.765789 y: 1.4573772 z: -0.14982383
D/CAAccData(  523): x: 9.765789 y: 1.4165162 z: -0.14982383
D/CAAccData(  523): x: 9.888372 y: 1.4573772 z: -0.10896278
D/CAAccData(  523): x: 9.888372 y: 1.334794 z: -0.0
D/CrashAlert(  523): Handler :2
D/CAAccData(  523): x: 9.724928 y: 1.4165162 z: -0.10896278
D/CAAccData(  523): x: 9.888372 y: 1.334794 z: -0.10896278
D/LocationManagerService(  144): Acquired wakelock
I/CrashAlert(  523): ort geaendert 16.25
D/CrashAlertGPS(  523): 58.5
D/LocationManagerService(  144): Released wakelock
D/CAAccData(  523): x: 9.697687 y: 1.334794 z: -0.23154591
D/CAAccData(  523): x: 9.765789 y: 1.3756552 z: -0.23154591
D/CAAccData(  523): x: 9.915613 y: 1.334794 z: -0.19068487
D/CAAccData(  523): x: 9.847511 y: 1.3075534 z: -0.10896278
D/CAAccData(  523): x: 9.956474 y: 1.3756552 z: -0.10896278
D/CAAccData(  523): x: 9.997335 y: 1.334794 z: 0.08172209
D/CAAccData(  523): x: 10.038197 y: 1.3756552 z: -0.0
D/CAAccData(  523): x: 10.147159 y: 1.56634 z: 0.23154591
D/CAAccData(  523): x: 10.038197 y: 1.6480621 z: 0.14982383
D/CAAccData(  523): x: 10.18802 y: 1.6889231 z: 0.38136974
D/CrashAlert(  523): Handler :2
D/CAAccData(  523): x: 10.18802 y: 1.7297841 z: 0.46309182
D/CAAccData(  523): x: 9.997335 y: 1.7978859 z: 0.42223078
D/CAAccData(  523): x: 10.147159 y: 1.7978859 z: 0.27240697
D/CAAccData(  523): x: 10.079058 y: 1.7978859 z: 0.46309182
D/CAAccTime(  523): Tue Jun 22 18:26:26 Europe/Amsterdam 2010
D/CAAccData(  523): x: 10.038197 y: 1.920469 z: 0.38136974
D/CAAccData(  523): x: 9.997335 y: 1.879608 z: 0.42223078
D/CAAccData(  523): x: 9.915613 y: 1.879608 z: 0.3405087
D/CAAccData(  523): x: 9.724928 y: 1.920469 z: 0.42223078
D/CAAccData(  523): x: 9.765789 y: 1.920469 z: 0.46309182
D/CAAccData(  523): x: 9.493382 y: 1.9477097 z: 0.50395286
D/CAAccData(  523): x: 9.656827 y: 1.920469 z: 0.6537767
D/CAAccData(  523): x: 9.384419 y: 1.920469 z: 0.5720546
D/CAAccData(  523): x: 9.534244 y: 1.9477097 z: 0.61291564
D/CrashAlert(  523): Handler :2
D/CAAccData(  523): x: 9.384419 y: 1.9477097 z: 0.5720546
D/LocationManagerService(  144): Acquired wakelock
I/CrashAlert(  523): ort geaendert 16.5
D/CrashAlertGPS(  523): 59.399998
D/LocationManagerService(  144): Released wakelock
D/CAAccData(  523): x: 9.493382 y: 1.9477097 z: 0.5720546
D/CAAccData(  523): x: 9.343558 y: 1.920469 z: 0.6946377
D/CAAccData(  523): x: 9.425281 y: 1.8387469 z: 0.7218784
D/CAAccData(  523): x: 9.193735 y: 1.9885708 z: 0.6537767
D/CAAccData(  523): x: 9.112013 y: 1.9477097 z: 0.7627395
D/CAAccData(  523): x: 8.689782 y: 1.879608 z: 0.7627395
D/CAAccData(  523): x: 8.962189 y: 2.070293 z: 0.9125633
D/CAAccData(  523): x: 9.043911 y: 1.920469 z: 0.9942854
D/CAAccData(  523): x: 8.812365 y: 2.0294318 z: 1.1849703
D/CAAccData(  523): x: 9.302697 y: 1.8387469 z: 0.9942854
D/CAAccData(  523): x: 10.079058 y: 1.879608 z: 1.1441092
D/CrashAlert(  523): Handler :2
D/CAAccData(  523): x: 10.228881 y: 1.7978859 z: 1.4982382
D/CAAccData(  523): x: 10.310603 y: 1.7570249 z: 1.56634
D/CAAccData(  523): x: 10.228881 y: 1.9477097 z: 1.7297841
D/CAAccData(  523): x: 10.147159 y: 1.7297841 z: 1.607201
D/CAAccTime(  523): Tue Jun 22 18:26:27 Europe/Amsterdam 2010
D/CAAccData(  523): x: 9.765789 y: 1.9477097 z: 1.56634
D/CAAccData(  523): x: 9.193735 y: 1.7570249 z: 1.607201
D/CAAccData(  523): x: 8.962189 y: 1.879608 z: 1.6480621
D/CAAccData(  523): x: 8.962189 y: 1.607201 z: 1.4165162
D/CAAccData(  523): x: 8.880466 y: 1.2258313 z: 1.525479
D/CAAccData(  523): x: 9.275456 y: 0.88532263 z: 1.4982382
D/CAAccData(  523): x: 9.112013 y: 0.42223078 z: 1.525479
D/CAAccData(  523): x: 9.575105 y: 0.313268 z: 1.4982382
D/CrashAlert(  523): Handler :2
D/CAAccData(  523): x: 9.384419 y: -0.3405087 z: 1.4982382
D/LocationManagerService(  144): Acquired wakelock
I/CrashAlert(  523): ort geaendert 16.0
D/CrashAlertGPS(  523): 57.6
D/LocationManagerService(  144): Released wakelock
D/CAAccData(  523): x: 9.493382 y: -0.10896278 z: 1.4573772
D/CAAccData(  523): x: 9.234595 y: -0.3405087 z: 1.2258313
D/CAAccData(  523): x: 9.043911 y: -0.38136974 z: 1.3075534
D/CAAccData(  523): x: 8.921328 y: -0.9125633 z: 1.2666923
D/CAAccData(  523): x: 8.853226 y: -0.19068487 z: 1.1168685
D/CAAccData(  523): x: 9.043911 y: -0.38136974 z: 1.4165162
D/CAAccData(  523): x: 8.880466 y: -0.38136974 z: 1.1441092
D/CAAccData(  523): x: 9.112013 y: -0.29964766 z: 1.0760075
D/CAAccData(  523): x: 8.962189 y: -0.38136974 z: 1.334794
D/CAAccData(  523): x: 9.00305 y: -0.42223078 z: 1.3075534
D/CAAccData(  523): x: 9.302697 y: -0.29964766 z: 1.1441092
D/CrashAlert(  523): Handler :2
D/CAAccData(  523): x: 9.00305 y: -0.42223078 z: 1.2666923
D/CAAccData(  523): x: 9.193735 y: -0.29964766 z: 1.3756552
D/CAAccData(  523): x: 10.079058 y: -0.46309182 z: 1.3756552
D/CAAccData(  523): x: 9.956474 y: -0.42223078 z: 1.3756552
D/CAAccData(  523): x: 9.80665 y: -0.23154591 z: 1.607201
D/CAAccTime(  523): Tue Jun 22 18:26:28 Europe/Amsterdam 2010
D/CAAccData(  523): x: 9.697687 y: 0.040861044 z: 1.2258313
D/CAAccData(  523): x: 10.528529 y: 0.08172209 z: 1.2666923
D/CAAccData(  523): x: 10.106298 y: 0.5720546 z: 1.2258313
D/CAAccData(  523): x: 9.493382 y: 0.9942854 z: 1.2666923
D/CAAccData(  523): x: 9.384419 y: 0.3405087 z: 1.2666923
D/CAAccData(  523): x: 9.80665 y: 0.27240697 z: 1.1168685
D/CAAccData(  523): x: 8.689782 y: 1.1168685 z: 1.1441092
D/CAAccData(  523): x: 9.084772 y: 0.3405087 z: 1.525479
D/CrashAlert(  523): Handler :2
D/CAAccData(  523): x: 9.043911 y: 0.6537767 z: 1.3075534
D/CAAccData(  523): x: 9.724928 y: 0.95342433 z: 1.3075534
D/LocationManagerService(  144): Acquired wakelock
I/CrashAlert(  523): ort geaendert 16.5
D/CrashAlertGPS(  523): 59.399998
D/LocationManagerService(  144): Released wakelock
D/CAAccData(  523): x: 9.043911 y: 0.6946377 z: 1.334794
D/CAAccData(  523): x: 9.997335 y: 0.7218784 z: 1.3075534
D/CAAccData(  523): x: 9.697687 y: 0.92618364 z: 1.1441092
D/CAAccData(  523): x: 9.384419 y: 0.84446156 z: 1.4165162
D/dalvikvm(  523): GC freed 8492 objects / 522552 bytes in 104ms
D/CAAccData(  523): x: 9.656827 y: 0.88532263 z: 1.1441092
D/CAAccData(  523): x: 9.575105 y: 0.92618364 z: 1.1441092
D/CAAccData(  523): x: 9.915613 y: 1.0351465 z: 1.0760075
D/CAAccData(  523): x: 9.997335 y: 0.9942854 z: 1.0351465
D/CAAccData(  523): x: 9.724928 y: 1.1441092 z: 1.0760075
D/CAAccData(  523): x: 9.915613 y: 1.1168685 z: 0.84446156
D/CAAccData(  523): x: 9.997335 y: 1.0760075 z: 1.0351465
D/CrashAlert(  523): Handler :2
D/CAAccData(  523): x: 9.847511 y: 1.334794 z: 1.1168685
D/CAAccData(  523): x: 9.493382 y: 1.1441092 z: 1.0760075
D/CAAccData(  523): x: 9.234595 y: 1.3075534 z: 1.2666923
D/CAAccData(  523): x: 9.493382 y: 1.4165162 z: 1.3075534
D/CAAccData(  523): x: 9.00305 y: 1.3075534 z: 1.1849703
D/CAAccData(  523): x: 9.425281 y: 1.3075534 z: 1.2258313
D/CAAccTime(  523): Tue Jun 22 18:26:29 Europe/Amsterdam 2010
D/CAAccData(  523): x: 9.697687 y: 1.2666923 z: 1.0351465
D/CAAccData(  523): x: 9.00305 y: 1.3075534 z: 1.1441092
D/CAAccData(  523): x: 9.656827 y: 1.4165162 z: 1.3075534
D/CAAccData(  523): x: 9.956474 y: 1.2666923 z: 1.1168685
D/CAAccData(  523): x: 10.147159 y: 1.2666923 z: 1.0760075
D/CAAccData(  523): x: 9.847511 y: 1.4165162 z: 0.7218784
D/CAAccData(  523): x: 9.80665 y: 1.1849703 z: 0.61291564
D/CrashAlert(  523): Handler :2
D/CAAccData(  523): x: 9.765789 y: 1.2258313 z: 0.7218784
D/CAAccData(  523): x: 8.853226 y: 1.2666923 z: 0.7627395
D/LocationManagerService(  144): Acquired wakelock
I/CrashAlert(  523): ort geaendert 16.75
D/CrashAlertGPS(  523): 60.3
D/LocationManagerService(  144): Released wakelock
D/CAAccData(  523): x: 8.390134 y: 1.2258313 z: 0.84446156
D/CAAccData(  523): x: 8.19945 y: 1.2258313 z: 0.7218784
D/CAAccData(  523): x: 8.390134 y: 1.0760075 z: 0.88532263
D/CAAccData(  523): x: 8.62168 y: 1.0760075 z: 0.95342433
D/CAAccData(  523): x: 8.853226 y: 0.84446156 z: 1.0351465
D/CAAccData(  523): x: 8.962189 y: 0.313268 z: 1.1441092
D/CAAccData(  523): x: 9.425281 y: 0.6946377 z: 1.0760075
D/CAAccData(  523): x: 9.425281 y: 0.7218784 z: 1.1168685
D/CAAccData(  523): x: 9.466142 y: 0.53119355 z: 0.9125633
D/CAAccData(  523): x: 9.425281 y: 0.313268 z: 0.9125633
D/CAAccData(  523): x: 9.343558 y: 0.23154591 z: 0.7218784
D/CrashAlert(  523): Handler :2
D/CAAccData(  523): x: 9.00305 y: -0.10896278 z: 0.5720546
D/CAAccData(  523): x: 8.853226 y: -0.29964766 z: 0.42223078
D/CAAccData(  523): x: 8.853226 y: -0.42223078 z: 0.9125633
D/CAAccData(  523): x: 8.499097 y: -0.38136974 z: 0.23154591
D/CAAccData(  523): x: 8.539958 y: -0.61291564 z: 0.08172209
D/CAAccData(  523): x: 8.62168 y: -0.61291564 z: -0.14982383
D/CAAccTime(  523): Tue Jun 22 18:26:30 Europe/Amsterdam 2010
D/CAAccData(  523): x: 8.539958 y: -0.61291564 z: -0.19068487
D/CAAccData(  523): x: 8.580819 y: -0.6946377 z: -0.313268
D/CAAccData(  523): x: 8.771504 y: -0.88532263 z: -0.3405087
D/CAAccData(  523): x: 9.00305 y: -0.8036005 z: -0.46309182
D/CAAccData(  523): x: 8.771504 y: -0.9125633 z: -0.42223078
D/CAAccData(  523): x: 9.275456 y: -0.84446156 z: -0.46309182
D/CAAccData(  523): x: 9.302697 y: -0.95342433 z: -0.5720546
D/CrashAlert(  523): Handler :2
D/CAAccData(  523): x: 9.534244 y: -0.9942854 z: -0.5720546
D/CAAccData(  523): x: 9.656827 y: -1.1441092 z: -0.6537767
D/LocationManagerService(  144): Acquired wakelock
I/CrashAlert(  523): ort geaendert 17.75
D/CrashAlertGPS(  523): 63.899998
D/LocationManagerService(  144): Released wakelock
D/CAAccData(  523): x: 9.724928 y: -1.4982382 z: -0.8036005
D/CAAccData(  523): x: 9.575105 y: -1.6480621 z: -0.8036005
D/CAAccData(  523): x: 9.615966 y: -1.8387469 z: -1.0760075
D/CAAccData(  523): x: 9.343558 y: -1.9477097 z: -1.0351465
D/CAAccData(  523): x: 9.575105 y: -2.1111538 z: -1.1168685
D/CAAccData(  523): x: 9.152874 y: -2.1792557 z: -1.1168685
D/CAAccData(  523): x: 9.343558 y: -2.3018389 z: -0.9942854
D/CAAccData(  523): x: 9.234595 y: -2.4925237 z: -0.95342433
D/CAAccData(  523): x: 9.043911 y: -2.7921712 z: -0.14982383
D/CAAccData(  523): x: 9.00305 y: -3.0645783 z: -0.6946377
D/CAAccData(  523): x: 9.00305 y: -3.255263 z: -0.6946377
D/CrashAlert(  523): Handler :2
D/CAAccData(  523): x: 9.152874 y: -3.405087 z: -0.6946377
D/CAAccData(  523): x: 9.152874 y: -3.568531 z: -0.7627395
D/CAAccData(  523): x: 9.043911 y: -3.636633 z: -0.7627395
D/CAAccData(  523): x: 9.234595 y: -3.636633 z: -0.7218784
D/CAAccData(  523): x: 9.302697 y: -3.7864566 z: -0.7627395
D/CAAccData(  523): x: 9.425281 y: -3.8273177 z: -0.7218784
D/CAAccData(  523): x: 9.534244 y: -3.8681788 z: -0.5720546
D/CAAccTime(  523): Tue Jun 22 18:26:31 Europe/Amsterdam 2010
D/CAAccData(  523): x: 9.425281 y: -3.9499009 z: -0.53119355
D/CAAccData(  523): x: 9.234595 y: -3.8681788 z: -0.313268
D/CAAccData(  523): x: 9.425281 y: -3.9090397 z: -0.19068487
D/CAAccData(  523): x: 9.343558 y: -3.9090397 z: -0.0
D/CAAccData(  523): x: 9.193735 y: -3.8273177 z: 0.38136974
D/CAAccData(  523): x: 9.084772 y: -3.8273177 z: 0.53119355
D/CAAccData(  523): x: 9.112013 y: -3.9090397 z: 0.8036005
D/CrashAlert(  523): Handler :2
D/CAAccData(  523): x: 9.234595 y: -3.718355 z: 1.1441092
D/LocationManagerService(  144): Acquired wakelock
I/CrashAlert(  523): ort geaendert 18.75
D/CrashAlertGPS(  523): 67.5
D/LocationManagerService(  144): Released wakelock
D/CAAccData(  523): x: 9.302697 y: -3.8273177 z: 1.4165162
D/CAAccData(  523): x: 9.302697 y: -3.7864566 z: 6.428804
D/CAAccData(  523): x: 9.466142 y: -3.718355 z: 1.7978859
D/CAAccData(  523): x: 9.534244 y: -3.7864566 z: 7.04172
D/CAAccData(  523): x: 9.425281 y: -3.718355 z: 2.1792557
D/CAAccData(  523): x: 9.575105 y: -3.718355 z: 2.4108016
D/CAAccData(  523): x: 9.615966 y: -3.7864566 z: 7.504812
D/CAAccData(  523): x: 9.425281 y: -3.718355 z: 2.7921712
D/CAAccData(  523): x: 9.575105 y: -3.718355 z: 3.0237172
D/CAAccData(  523): x: 9.384419 y: -3.8273177 z: 7.9679036
D/CAAccData(  523): x: 9.534244 y: -3.6774938 z: 3.486809
D/CrashAlert(  523): Handler :2
D/CAAccData(  523): x: 9.112013 y: -3.718355 z: 3.568531
D/CAAccData(  523): x: 9.275456 y: -3.759216 z: 3.718355
D/CAAccData(  523): x: 9.493382 y: -3.759216 z: 3.759216
D/CAAccData(  523): x: 9.152874 y: -3.718355 z: 3.7864566
D/CAAccData(  523): x: 9.00305 y: -3.5957718 z: 3.9771416
D/CAAccData(  523): x: 8.962189 y: -3.6774938 z: 4.2904096
D/CAAccData(  523): x: 8.853226 y: -3.486809 z: 4.3312707
D/CAAccTime(  523): Tue Jun 22 18:26:33 Europe/Amsterdam 2010
D/CAAccData(  523): x: 9.234595 y: -3.214402 z: 4.5628166
D/CAAccData(  523): x: 9.234595 y: -3.173541 z: 4.372132
D/CAAccData(  523): x: 9.152874 y: -2.9147544 z: 4.440233
D/CAAccData(  523): x: 9.302697 y: -2.6423476 z: 4.8216033
D/CAAccData(  523): x: 9.302697 y: -2.4108016 z: 5.134871
D/CAAccData(  523): x: 9.466142 y: -2.1111538 z: 5.325556
D/CrashAlert(  523): Handler :2
D/CAAccData(  523): x: 9.466142 y: -1.920469 z: 5.243834
D/CAAccData(  523): x: 9.575105 y: -1.4982382 z: 5.366417
D/LocationManagerService(  144): Acquired wakelock
I/CrashAlert(  523): ort geaendert 18.25
D/CrashAlertGPS(  523): 65.7
D/LocationManagerService(  144): Released wakelock
D/CAAccData(  523): x: 9.425281 y: -1.1849703 z: 5.284695
D/CAAccData(  523): x: 9.534244 y: -0.95342433 z: 5.5162406
D/CAAccData(  523): x: 9.425281 y: -0.7627395 z: 5.47538
D/CAAccData(  523): x: 9.697687 y: -0.84446156 z: 5.6252036
D/CAAccData(  523): x: 9.493382 y: -0.61291564 z: 5.6252036
D/CAAccData(  523): x: 9.234595 y: -0.61291564 z: 5.5162406
D/CAAccData(  523): x: 9.275456 y: -0.6537767 z: 5.5571017
D/CAAccData(  523): x: 9.084772 y: -0.46309182 z: 5.8158884
D/CAAccData(  523): x: 9.384419 y: -0.29964766 z: 6.0201936
D/CAAccData(  523): x: 9.384419 y: -0.38136974 z: 5.8976107
D/CAAccData(  523): x: 9.425281 y: -0.42223078 z: 5.938472
D/CrashAlert(  523): Handler :2
D/CAAccData(  523): x: 9.043911 y: -0.27240697 z: 6.1291566
D/CAAccData(  523): x: 9.384419 y: -0.3405087 z: 6.4015636
D/CAAccData(  523): x: 8.962189 y: -0.42223078 z: 6.510526
D/CAAccData(  523): x: 9.656827 y: -0.38136974 z: 6.701211
D/CAAccData(  523): x: 9.697687 y: -0.42223078 z: 6.428804
D/CAAccData(  523): x: 9.765789 y: -0.46309182 z: 6.6331096
D/CAAccData(  523): x: 9.575105 y: -0.42223078 z: 6.5513873
D/CAAccData(  523): x: 9.615966 y: -0.50395286 z: 6.891896
D/CAAccTime(  523): Tue Jun 22 18:26:34 Europe/Amsterdam 2010
D/CAAccData(  523): x: 9.956474 y: -0.3405087 z: 7.4639506
D/CAAccData(  523): x: 9.765789 y: -0.19068487 z: 7.4639506
D/CAAccData(  523): x: 9.575105 y: -0.42223078 z: 7.246025
D/CAAccData(  523): x: 9.493382 y: -0.23154591 z: 7.205164
D/CAAccData(  523): x: 9.534244 y: -0.23154591 z: 7.3958488
D/CAAccData(  523): x: 9.493382 y: -0.3405087 z: 7.164303
D/CrashAlert(  523): Handler :2
D/CAAccData(  523): x: 9.384419 y: -0.29964766 z: 7.04172
D/CAAccData(  523): x: 9.234595 y: -0.38136974 z: 6.891896
D/LocationManagerService(  144): Acquired wakelock
I/CrashAlert(  523): ort geaendert 19.0
D/CrashAlertGPS(  523): 68.4
D/LocationManagerService(  144): Released wakelock
D/CAAccData(  523): x: 8.962189 y: -1.0760075 z: 6.5922484
D/CAAccData(  523): x: 8.689782 y: -0.3405087 z: 6.6331096
D/CAAccData(  523): x: 8.962189 y: -0.3405087 z: 6.932757
D/CAAccData(  523): x: 9.425281 y: -0.29964766 z: 6.932757
D/CAAccData(  523): x: 9.534244 y: -0.27240697 z: 6.932757
D/CAAccData(  523): x: 9.384419 y: -0.23154591 z: 6.932757
D/CAAccData(  523): x: 9.493382 y: -0.27240697 z: 6.742072
D/CAAccData(  523): x: 9.534244 y: -0.29964766 z: 6.932757
D/CAAccData(  523): x: 9.466142 y: -0.23154591 z: 7.014479
D/CAAccData(  523): x: 9.302697 y: -0.23154591 z: 6.5922484
D/CrashAlert(  523): Handler :2
D/CAAccData(  523): x: 9.152874 y: -0.27240697 z: 6.5513873
D/CAAccData(  523): x: 9.043911 y: -0.3405087 z: 6.742072
D/CAAccData(  523): x: 9.152874 y: -0.27240697 z: 6.5922484
D/CAAccData(  523): x: 9.275456 y: -0.42223078 z: 6.4015636
D/CAAccData(  523): x: 9.302697 y: -0.42223078 z: 6.4015636
D/CAAccData(  523): x: 9.384419 y: -0.27240697 z: 6.510526
D/CAAccData(  523): x: 9.275456 y: -0.3405087 z: 6.6331096
D/CAAccTime(  523): Tue Jun 22 18:26:35 Europe/Amsterdam 2010
D/CAAccData(  523): x: 9.534244 y: -0.38136974 z: 6.5513873
D/CAAccData(  523): x: 9.765789 y: -0.38136974 z: 6.701211
D/CAAccData(  523): x: 10.079058 y: -0.50395286 z: 6.8237944
D/CAAccData(  523): x: 9.656827 y: -0.46309182 z: 6.66035
D/CAAccData(  523): x: 9.697687 y: -0.38136974 z: 6.851035
D/CrashAlert(  523): Handler :2
D/CAAccData(  523): x: 9.765789 y: -0.46309182 z: 6.932757
D/LocationManagerService(  144): Acquired wakelock
I/CrashAlert(  523): ort geaendert 19.25
D/CrashAlertGPS(  523): 69.299995
D/LocationManagerService(  144): Released wakelock
D/CAAccData(  523): x: 9.697687 y: -0.5720546 z: 6.742072
D/CAAccData(  523): x: 9.656827 y: -0.46309182 z: 6.851035
D/CAAccData(  523): x: 9.888372 y: -0.50395286 z: 6.932757
D/CAAccData(  523): x: 9.534244 y: -0.50395286 z: 7.014479
D/CAAccData(  523): x: 9.697687 y: -0.46309182 z: 6.891896
D/CAAccData(  523): x: 9.724928 y: -0.61291564 z: 7.04172
D/CAAccData(  523): x: 9.656827 y: -0.6537767 z: 7.04172
D/CAAccData(  523): x: 9.847511 y: -0.8036005 z: 7.04172
D/CAAccData(  523): x: 9.493382 y: -0.95342433 z: 7.273266
D/CAAccData(  523): x: 9.493382 y: -1.1168685 z: 7.082581
D/CAAccData(  523): x: 9.425281 y: -0.38136974 z: 7.3549876
D/CrashAlert(  523): Handler :2
D/CAAccData(  523): x: 9.534244 y: -0.53119355 z: 7.8589406
D/CAAccData(  523): x: 9.466142 y: 0.19068487 z: 7.205164
D/CAAccData(  523): x: 9.724928 y: 0.10896278 z: 7.5456724
D/CAAccData(  523): x: 9.193735 y: 0.19068487 z: 7.082581
D/CAAccData(  523): x: 9.043911 y: 0.27240697 z: 7.3958488
D/CAAccData(  523): x: 8.853226 y: 0.14982383 z: 7.3549876
D/CAAccData(  523): x: 9.656827 y: 0.10896278 z: 7.5456724
D/dalvikvm(  523): GC freed 8538 objects / 523656 bytes in 97ms
D/CAAccData(  523): x: 9.615966 y: 0.10896278 z: 7.6273947
D/CAAccTime(  523): Tue Jun 22 18:26:36 Europe/Amsterdam 2010
D/CAAccData(  523): x: 9.697687 y: 0.10896278 z: 7.43671
D/CAAccData(  523): x: 9.956474 y: -0.040861044 z: 7.43671
D/CAAccData(  523): x: 9.888372 y: 0.14982383 z: 7.3141265
D/CAAccData(  523): x: 9.697687 y: 0.19068487 z: 7.246025
D/CAAccData(  523): x: 9.343558 y: 0.27240697 z: 7.3141265
D/CrashAlert(  523): Handler :2
D/CAAccData(  523): x: 9.615966 y: 0.313268 z: 7.504812
D/LocationManagerService(  144): Acquired wakelock
I/CrashAlert(  523): ort geaendert 18.25
D/CrashAlertGPS(  523): 65.7
D/LocationManagerService(  144): Released wakelock
D/CAAccData(  523): x: 9.234595 y: 0.42223078 z: 7.246025
D/CAAccData(  523): x: 9.724928 y: 0.5720546 z: 7.6954966
D/CAAccData(  523): x: 9.724928 y: 0.53119355 z: 7.43671
D/CAAccData(  523): x: 9.534244 y: 0.6946377 z: 7.3958488
D/CAAccData(  523): x: 9.384419 y: 0.6946377 z: 7.164303
D/CAAccData(  523): x: 9.302697 y: 0.7218784 z: 7.014479
D/CAAccData(  523): x: 9.084772 y: 0.7218784 z: 6.782933
D/CAAccData(  523): x: 9.343558 y: 0.7218784 z: 6.932757
D/CAAccData(  523): x: 9.043911 y: 0.14982383 z: 6.4015636
D/CAAccData(  523): x: 8.962189 y: 0.88532263 z: 6.428804
D/CAAccData(  523): x: 9.234595 y: 0.84446156 z: 6.3607025
D/CrashAlert(  523): Handler :2
D/CAAccData(  523): x: 9.112013 y: 1.0351465 z: 6.2789803
D/CAAccData(  523): x: 9.112013 y: 0.9942854 z: 5.938472
D/CAAccData(  523): x: 9.493382 y: 1.1849703 z: 5.938472
D/CAAccData(  523): x: 9.466142 y: 1.2666923 z: 5.47538
D/CAAccData(  523): x: 9.425281 y: 1.2666923 z: 4.9850473
D/CAAccData(  523): x: 9.384419 y: 1.3075534 z: 4.440233
D/CAAccData(  523): x: 9.343558 y: 1.3756552 z: 4.0180025
D/CAAccData(  523): x: 9.302697 y: 1.3756552 z: 3.405087
D/CAAccData(  523): x: 9.656827 y: 1.2666923 z: 2.8330324
D/CAAccData(  523): x: 9.275456 y: 1.2666923 z: 2.070293
D/CAAccTime(  523): Tue Jun 22 18:26:37 Europe/Amsterdam 2010
D/CAAccData(  523): x: 9.384419 y: 1.3756552 z: 1.4982382
D/CAAccData(  523): x: 9.152874 y: 1.334794 z: 0.95342433
D/CrashAlert(  523): Handler :2
D/CAAccData(  523): x: 9.466142 y: 1.2666923 z: 0.61291564
D/CAAccData(  523): x: 9.343558 y: 1.2258313 z: 0.08172209
D/LocationManagerService(  144): Acquired wakelock
I/CrashAlert(  523): ort geaendert 17.25
D/CrashAlertGPS(  523): 62.1
D/LocationManagerService(  144): Released wakelock
D/CAAccData(  523): x: 9.534244 y: 1.1168685 z: -0.53119355
D/CAAccData(  523): x: 9.193735 y: 1.1168685 z: -0.84446156
D/CAAccData(  523): x: 9.193735 y: 1.1168685 z: -1.1441092
D/CAAccData(  523): x: 9.275456 y: 1.0760075 z: -1.4165162
D/CAAccData(  523): x: 9.112013 y: 0.95342433 z: -1.7297841
D/CAAccData(  523): x: 9.302697 y: 1.0760075 z: -1.879608
D/CAAccData(  523): x: 9.193735 y: 1.1168685 z: -1.879608
D/CAAccData(  523): x: 9.234595 y: 0.9942854 z: -1.920469
D/CAAccData(  523): x: 9.275456 y: 0.95342433 z: -2.2201166
D/CAAccData(  523): x: 9.425281 y: 1.1441092 z: -2.070293
D/CAAccData(  523): x: 9.302697 y: 1.1168685 z: -1.8387469
D/CrashAlert(  523): Handler :2
D/CAAccData(  523): x: 9.302697 y: 1.0760075 z: -2.070293
D/CAAccData(  523): x: 9.302697 y: 1.1441092 z: -2.1111538
D/CAAccData(  523): x: 9.493382 y: 1.2666923 z: -2.0294318
D/CAAccData(  523): x: 9.534244 y: 1.1168685 z: -2.1111538
D/CAAccData(  523): x: 9.302697 y: 1.1849703 z: -2.070293
D/CAAccData(  523): x: 9.466142 y: 1.334794 z: -2.3018389
D/CAAccData(  523): x: 9.275456 y: 1.2666923 z: -2.1792557
D/CAAccData(  523): x: 9.112013 y: 1.2258313 z: -1.9477097
D/CAAccData(  523): x: 9.384419 y: 1.4165162 z: -1.920469
D/CAAccData(  523): x: 9.466142 y: 1.334794 z: -2.070293
D/CAAccData(  523): x: 9.384419 y: 1.3756552 z: -1.920469
D/CAAccTime(  523): Tue Jun 22 18:26:38 Europe/Amsterdam 2010
D/CAAccData(  523): x: 9.275456 y: 1.4982382 z: -1.7297841
D/CrashAlert(  523): Handler :2
D/CAAccData(  523): x: 9.343558 y: 1.4982382 z: -1.607201
D/LocationManagerService(  144): Acquired wakelock
I/CrashAlert(  523): ort geaendert 16.25
D/CrashAlertGPS(  523): 58.5
D/CrashAlert(  523): 2OnstatusChanged
D/LocationManagerService(  144): Released wakelock
D/CAAccData(  523): x: 9.425281 y: 1.5390993 z: -1.4573772
D/CAAccData(  523): x: 9.656827 y: 1.56634 z: -1.4165162
D/CAAccData(  523): x: 9.302697 y: 1.6889231 z: -1.4165162
D/CAAccData(  523): x: 9.425281 y: 1.6480621 z: -1.2666923
D/CAAccData(  523): x: 9.615966 y: 1.6480621 z: -1.1849703
D/CAAccData(  523): x: 9.466142 y: 1.7297841 z: -1.1168685
D/CAAccData(  523): x: 9.615966 y: 1.7297841 z: -1.1441092
D/CAAccData(  523): x: 9.275456 y: 1.7570249 z: -1.1168685
D/CAAccData(  523): x: 9.234595 y: 1.6889231 z: -0.7218784
D/CAAccData(  523): x: 9.384419 y: 1.7978859 z: -0.8036005
D/CAAccData(  523): x: 9.697687 y: 1.607201 z: -0.6537767
D/CAAccData(  523): x: 9.888372 y: 1.7570249 z: -0.53119355
D/CrashAlert(  523): Handler :2
D/CAAccData(  523): x: 9.615966 y: 1.7570249 z: -0.42223078
D/CAAccData(  523): x: 9.384419 y: 1.8387469 z: -0.040861044
D/CAAccData(  523): x: 9.656827 y: 1.7978859 z: 0.08172209
D/CAAccData(  523): x: 10.038197 y: 1.8387469 z: 0.23154591
D/CAAccData(  523): x: 9.997335 y: 1.7978859 z: 0.14982383
D/CAAccData(  523): x: 9.724928 y: 1.7570249 z: 0.27240697
D/CAAccData(  523): x: 9.656827 y: 1.8387469 z: 0.46309182
D/CAAccData(  523): x: 9.656827 y: 1.920469 z: 0.53119355
D/CAAccData(  523): x: 9.656827 y: 1.920469 z: 0.5720546
D/CAAccData(  523): x: 9.534244 y: 1.9477097 z: 0.7218784
D/CAAccData(  523): x: 9.343558 y: 1.879608 z: 0.7627395
D/CAAccData(  523): x: 8.921328 y: 1.3756552 z: 0.8036005
D/CAAccTime(  523): Tue Jun 22 18:26:39 Europe/Amsterdam 2010
D/CAAccData(  523): x: 9.234595 y: 1.9477097 z: 1.0760075
D/CrashAlert(  523): Handler :2
D/CAAccData(  523): x: 9.384419 y: 1.9477097 z: 1.1168685
D/LocationManagerService(  144): Acquired wakelock
I/CrashAlert(  523): ort geaendert 14.25
D/CrashAlertGPS(  523): 51.3
D/LocationManagerService(  144): Released wakelock
D/CAAccData(  523): x: 9.466142 y: 1.9477097 z: 1.0351465
D/CAAccData(  523): x: 9.384419 y: 1.9477097 z: 1.1441092
D/CAAccData(  523): x: 9.343558 y: 1.7297841 z: 1.334794
D/CAAccData(  523): x: 9.466142 y: 1.6889231 z: 1.4982382
D/CAAccData(  523): x: 9.656827 y: 1.5390993 z: 1.6889231
D/CAAccData(  523): x: 9.534244 y: 1.4982382 z: 1.8387469
D/CAAccData(  523): x: 9.493382 y: 1.4982382 z: 1.920469
D/CAAccData(  523): x: 9.656827 y: 1.4982382 z: 2.070293
D/CAAccData(  523): x: 9.493382 y: 1.3756552 z: 2.1792557
D/CAAccData(  523): x: 9.534244 y: 1.334794 z: 2.1792557
D/CAAccData(  523): x: 9.697687 y: 1.3756552 z: 2.1792557
D/CAAccData(  523): x: 9.615966 y: 1.2666923 z: 2.3018389
D/CrashAlert(  523): Handler :2
D/CAAccData(  523): x: 9.847511 y: 1.3075534 z: 2.3426998
D/CAAccData(  523): x: 9.765789 y: 1.3075534 z: 2.1792557
D/CAAccData(  523): x: 9.997335 y: 1.1849703 z: 2.5333846
D/CAAccData(  523): x: 9.847511 y: 1.3075534 z: 2.3699405
D/CAAccData(  523): x: 10.228881 y: 1.3075534 z: 2.3426998
D/CAAccData(  523): x: 9.80665 y: 1.1441092 z: 2.3699405
D/CAAccData(  523): x: 9.847511 y: 1.2666923 z: 2.4516625
D/CAAccData(  523): x: 9.697687 y: 1.2666923 z: 2.3018389
D/CAAccData(  523): x: 9.697687 y: 1.2258313 z: 2.4516625
D/CAAccData(  523): x: 9.493382 y: 1.3075534 z: 2.3699405
D/CAAccData(  523): x: 9.575105 y: 1.3075534 z: 2.5606253
D/CAAccTime(  523): Tue Jun 22 18:26:40 Europe/Amsterdam 2010
D/CAAccData(  523): x: 9.615966 y: 1.2258313 z: 2.4925237
D/CrashAlert(  523): Handler :2
D/CAAccData(  523): x: 9.343558 y: 1.1849703 z: 2.4108016
D/LocationManagerService(  144): Acquired wakelock
I/CrashAlert(  523): ort geaendert 13.0
D/CrashAlertGPS(  523): 46.8
D/LocationManagerService(  144): Released wakelock
D/CAAccData(  523): x: 9.765789 y: 1.2666923 z: 2.6423476
D/CAAccData(  523): x: 9.724928 y: 1.1168685 z: 2.5606253
D/CAAccData(  523): x: 9.847511 y: 1.1849703 z: 2.5333846
D/CAAccData(  523): x: 9.765789 y: 1.1849703 z: 2.5606253
D/CAAccData(  523): x: 9.915613 y: 1.1849703 z: 2.6014864
D/CAAccData(  523): x: 9.765789 y: 1.3756552 z: 2.5606253
D/CAAccData(  523): x: 9.656827 y: 1.1441092 z: 2.5606253
D/CAAccData(  523): x: 9.656827 y: 1.2258313 z: 2.4108016
D/CAAccData(  523): x: 9.466142 y: 1.3075534 z: 2.2609777
D/CAAccData(  523): x: 9.425281 y: 1.1441092 z: 2.3426998
D/CAAccData(  523): x: 9.697687 y: 1.1849703 z: 2.1383946
D/CrashAlert(  523): Handler :2
D/CAAccData(  523): x: 9.575105 y: 1.2258313 z: 2.1383946
D/CAAccData(  523): x: 9.656827 y: 1.2258313 z: 1.9885708
D/CAAccData(  523): x: 9.765789 y: 1.1168685 z: 1.7978859
D/CAAccData(  523): x: 9.915613 y: 0.88532263 z: 1.7978859
D/CAAccData(  523): x: 9.80665 y: 0.61291564 z: 1.607201
D/CAAccData(  523): x: 9.656827 y: 0.38136974 z: 1.2666923
D/CAAccData(  523): x: 9.234595 y: -0.040861044 z: 1.1849703
D/CAAccData(  523): x: 9.384419 y: -0.10896278 z: 1.0351465
D/CAAccData(  523): x: 8.853226 y: -0.38136974 z: 0.8036005
D/CAAccData(  523): x: 8.880466 y: -0.29964766 z: 0.7218784
D/CAAccData(  523): x: 8.539958 y: -0.27240697 z: 0.61291564
D/CAAccTime(  523): Tue Jun 22 18:26:41 Europe/Amsterdam 2010
D/CAAccData(  523): x: 8.921328 y: -0.50395286 z: 0.7627395
D/CrashAlert(  523): Handler :2
D/CAAccData(  523): x: 8.880466 y: -0.29964766 z: 0.61291564
D/LocationManagerService(  144): Acquired wakelock
I/CrashAlert(  523): ort geaendert 12.25
D/CrashAlertGPS(  523): 44.1
D/LocationManagerService(  144): Released wakelock
D/CAAccData(  523): x: 9.00305 y: -0.38136974 z: 1.0760075
D/CAAccData(  523): x: 9.302697 y: -0.61291564 z: 0.27240697
D/CAAccData(  523): x: 9.466142 y: -0.42223078 z: -0.0
D/CAAccData(  523): x: 9.343558 y: -0.42223078 z: 0.040861044
D/CAAccData(  523): x: 9.302697 y: -0.53119355 z: -0.0
D/CAAccData(  523): x: 9.724928 y: -0.46309182 z: -0.53119355
D/CAAccData(  523): x: 9.493382 y: -0.5720546 z: -0.7218784
D/CAAccData(  523): x: 9.343558 y: -0.5720546 z: -0.6946377
D/CAAccData(  523): x: 9.275456 y: -0.5720546 z: -0.84446156
D/CAAccData(  523): x: 9.302697 y: -0.5720546 z: -0.95342433
D/CAAccData(  523): x: 9.656827 y: -0.6946377 z: -1.2666923
D/CrashAlert(  523): Handler :2
D/CAAccData(  523): x: 9.765789 y: -0.9942854 z: -1.2666923
D/CAAccData(  523): x: 9.493382 y: -0.95342433 z: -1.3075534
D/CAAccData(  523): x: 9.656827 y: -0.88532263 z: -1.4982382
D/CAAccData(  523): x: 9.956474 y: -0.95342433 z: -1.5390993
D/CAAccData(  523): x: 9.997335 y: -0.84446156 z: -1.56634
D/CAAccData(  523): x: 9.765789 y: -0.61291564 z: -1.5390993
D/CAAccData(  523): x: 9.697687 y: -0.61291564 z: -1.5390993
D/CAAccData(  523): x: 9.847511 y: -0.19068487 z: -1.56634
D/CAAccData(  523): x: 9.534244 y: -0.23154591 z: -1.607201
D/CAAccData(  523): x: 9.656827 y: -0.38136974 z: -1.56634
D/CAAccData(  523): x: 9.697687 y: -0.23154591 z: -1.6480621
D/CAAccData(  523): x: 9.765789 y: -0.14982383 z: -1.7978859
D/CAAccData(  523): x: 9.493382 y: -0.14982383 z: -1.56634
D/CrashAlert(  523): Handler :2
D/CAAccTime(  523): Tue Jun 22 18:26:42 Europe/Amsterdam 2010
D/CAAccData(  523): x: 9.656827 y: -0.23154591 z: -1.7297841
D/LocationManagerService(  144): Acquired wakelock
I/CrashAlert(  523): ort geaendert 11.25
D/CrashAlertGPS(  523): 40.5
D/LocationManagerService(  144): Released wakelock
D/CAAccData(  523): x: 9.724928 y: -0.040861044 z: -1.8387469
D/CAAccData(  523): x: 9.724928 y: -0.08172209 z: -1.7978859
D/CAAccData(  523): x: 9.888372 y: -0.14982383 z: -1.7978859
D/CAAccData(  523): x: 9.534244 y: 0.040861044 z: -2.070293
D/CAAccData(  523): x: 9.615966 y: 0.08172209 z: -1.7978859
D/CAAccData(  523): x: 9.915613 y: -0.040861044 z: -1.879608
D/CAAccData(  523): x: 9.80665 y: 0.10896278 z: -1.9885708
D/CAAccData(  523): x: 9.466142 y: 0.23154591 z: -1.9885708
D/dalvikvm(  523): GC freed 8553 objects / 524576 bytes in 97ms
D/CAAccData(  523): x: 9.112013 y: 0.14982383 z: -1.9885708
D/CAAccData(  523): x: 9.656827 y: 0.23154591 z: -1.9477097
D/CAAccData(  523): x: 9.575105 y: 0.27240697 z: -2.0294318
D/CAAccData(  523): x: 9.575105 y: 0.23154591 z: -2.1111538
D/CrashAlert(  523): Handler :2
D/CAAccData(  523): x: 9.234595 y: 0.3405087 z: -1.9477097
D/CAAccData(  523): x: 9.234595 y: 0.313268 z: -1.9477097
D/CAAccData(  523): x: 9.302697 y: 0.3405087 z: -1.9477097
D/CAAccData(  523): x: 9.425281 y: 0.313268 z: -2.0294318
D/CAAccData(  523): x: 9.343558 y: 0.46309182 z: -1.9477097
D/CAAccData(  523): x: 9.275456 y: 0.313268 z: -2.0294318
D/CAAccData(  523): x: 9.425281 y: 0.313268 z: -2.070293
D/CAAccData(  523): x: 9.302697 y: 0.38136974 z: -2.1792557
D/CAAccData(  523): x: 9.275456 y: 0.23154591 z: -2.3426998
D/CAAccData(  523): x: 9.302697 y: 0.38136974 z: -2.3018389
D/CAAccData(  523): x: 9.493382 y: 0.46309182 z: -2.3699405
D/CAAccData(  523): x: 9.384419 y: 0.42223078 z: -2.5606253
D/CAAccData(  523): x: 9.343558 y: 0.5720546 z: -2.5606253
D/CrashAlert(  523): Handler :2
D/CAAccData(  523): x: 9.234595 y: 0.46309182 z: -2.6014864
D/LocationManagerService(  144): Acquired wakelock
I/CrashAlert(  523): ort geaendert 10.25
D/CrashAlertGPS(  523): 36.899998
D/LocationManagerService(  144): Released wakelock
D/CAAccTime(  523): Tue Jun 22 18:26:43 Europe/Amsterdam 2010
D/CAAccData(  523): x: 9.152874 y: 0.46309182 z: -2.6832085
D/CAAccData(  523): x: 9.343558 y: 0.61291564 z: -2.6423476
D/CAAccData(  523): x: 9.425281 y: 0.61291564 z: -2.5606253
D/CAAccData(  523): x: 9.384419 y: 0.5720546 z: -2.5606253
D/CAAccData(  523): x: 9.425281 y: 0.5720546 z: -2.5333846
D/CAAccData(  523): x: 9.466142 y: 0.5720546 z: -2.4516625
D/CAAccData(  523): x: 9.697687 y: 0.53119355 z: -2.5333846
D/CAAccData(  523): x: 9.765789 y: 0.6946377 z: -2.3699405
D/CAAccData(  523): x: 9.80665 y: 0.7627395 z: -2.1792557
D/CAAccData(  523): x: 9.956474 y: 0.6946377 z: -2.152015
D/CAAccData(  523): x: 9.888372 y: 0.8036005 z: -2.2201166
D/CAAccData(  523): x: 9.724928 y: 0.84446156 z: -1.3756552
D/CrashAlert(  523): Handler :2
D/CAAccData(  523): x: 9.575105 y: 0.84446156 z: -1.3756552
D/CAAccData(  523): x: 9.80665 y: 0.95342433 z: -2.0294318
D/CAAccData(  523): x: 9.765789 y: 0.88532263 z: -1.9477097
D/CAAccData(  523): x: 9.997335 y: 0.84446156 z: -1.607201
D/CAAccData(  523): x: 9.275456 y: 0.92618364 z: -1.7978859
D/CAAccData(  523): x: 9.275456 y: 1.1168685 z: -1.7570249
D/CAAccData(  523): x: 8.962189 y: 0.95342433 z: -1.7978859
D/CAAccData(  523): x: 9.493382 y: 0.88532263 z: -1.7297841
D/CAAccData(  523): x: 8.539958 y: 1.0760075 z: -1.607201
D/CAAccData(  523): x: 8.19945 y: 0.9942854 z: -1.9885708
D/CAAccData(  523): x: 8.240311 y: 1.0351465 z: -1.9477097
D/CAAccData(  523): x: 8.689782 y: 0.95342433 z: -1.879608
D/CAAccData(  523): x: 8.730643 y: 0.95342433 z: -1.7978859
D/CrashAlert(  523): Handler :2
D/CAAccData(  523): x: 9.534244 y: 0.88532263 z: -1.6480621
D/CAAccData(  523): x: 9.343558 y: 0.9942854 z: -1.607201
D/LocationManagerService(  144): Acquired wakelock
I/CrashAlert(  523): ort geaendert 9.25
D/CrashAlertGPS(  523): 33.3
D/LocationManagerService(  144): Released wakelock
D/CAAccTime(  523): Tue Jun 22 18:26:44 Europe/Amsterdam 2010
D/CAAccData(  523): x: 9.847511 y: 0.9942854 z: -1.7297841
D/CAAccData(  523): x: 10.106298 y: 0.88532263 z: -1.7570249
D/CAAccData(  523): x: 10.7192135 y: 0.88532263 z: -1.7297841
D/CAAccData(  523): x: 10.079058 y: 1.1168685 z: -1.607201
D/CAAccData(  523): x: 10.337844 y: 0.84446156 z: -1.56634
D/CAAccData(  523): x: 9.765789 y: 0.95342433 z: -1.5390993
D/CAAccData(  523): x: 9.384419 y: 1.1168685 z: -1.4982382
D/CAAccData(  523): x: 8.689782 y: 1.0351465 z: -1.3756552
D/CAAccData(  523): x: 8.921328 y: 0.88532263 z: -1.334794
D/CAAccData(  523): x: 9.425281 y: 1.1849703 z: -1.4573772
D/CAAccData(  523): x: 8.539958 y: 0.9942854 z: -1.4573772
D/CAAccData(  523): x: 9.043911 y: 0.95342433 z: -1.3756552
D/CrashAlert(  523): Handler :2
D/CAAccData(  523): x: 9.193735 y: 1.0760075 z: -1.2666923
D/CAAccData(  523): x: 9.493382 y: 0.95342433 z: -1.334794
D/CAAccData(  523): x: 9.615966 y: 1.0351465 z: -1.3756552
D/CAAccData(  523): x: 9.724928 y: 0.95342433 z: -1.1441092
D/CAAccData(  523): x: 9.466142 y: 0.92618364 z: -1.1441092
D/CAAccData(  523): x: 9.343558 y: 1.0760075 z: -1.1441092
D/CAAccData(  523): x: 9.193735 y: 1.0760075 z: -0.7218784
D/CAAccData(  523): x: 9.152874 y: 1.0760075 z: -0.7627395
D/CAAccData(  523): x: 9.384419 y: 0.9942854 z: -0.6537767
D/CAAccData(  523): x: 9.193735 y: 1.0760075 z: -0.50395286
D/CAAccData(  523): x: 9.302697 y: 1.0351465 z: -0.5720546
D/CAAccData(  523): x: 9.152874 y: 1.1168685 z: -0.5720546
D/CAAccData(  523): x: 9.534244 y: 1.0760075 z: -0.53119355
D/CrashAlert(  523): Handler :2
D/CAAccData(  523): x: 9.697687 y: 1.1441092 z: -0.50395286
D/LocationManagerService(  144): Acquired wakelock
I/CrashAlert(  523): ort geaendert 14.5
D/CrashAlertGPS(  523): 52.199997
D/LocationManagerService(  144): Released wakelock
D/CAAccData(  523): x: 9.575105 y: 1.1168685 z: -0.53119355
D/CAAccTime(  523): Tue Jun 22 18:26:45 Europe/Amsterdam 2010
D/CAAccData(  523): x: 9.193735 y: 1.0760075 z: -0.46309182
D/CAAccData(  523): x: 9.575105 y: 1.1441092 z: -0.53119355
D/CAAccData(  523): x: 9.084772 y: 1.0760075 z: -0.53119355
D/CAAccData(  523): x: 9.466142 y: 1.1441092 z: -0.46309182
D/CAAccData(  523): x: 9.193735 y: 1.1441092 z: -0.53119355
D/CAAccData(  523): x: 9.343558 y: 0.9942854 z: -0.61291564
D/CAAccData(  523): x: 9.724928 y: 1.1441092 z: -0.5720546
D/CAAccData(  523): x: 10.079058 y: 0.92618364 z: -0.313268
D/CAAccData(  523): x: 9.80665 y: 1.1849703 z: -0.27240697
D/CAAccData(  523): x: 9.997335 y: 1.1849703 z: -0.50395286
D/CAAccData(  523): x: 10.310603 y: 0.92618364 z: -0.38136974
D/CrashAlert(  523): Handler :2
D/CAAccData(  523): x: 10.038197 y: 1.2258313 z: -0.42223078
D/CAAccData(  523): x: 9.765789 y: 1.1849703 z: -0.5720546
D/CAAccData(  523): x: 9.80665 y: 0.95342433 z: -0.5720546
D/CAAccData(  523): x: 9.697687 y: 1.1168685 z: -0.38136974
D/CAAccData(  523): x: 9.193735 y: 1.1168685 z: -0.42223078
D/CAAccData(  523): x: 8.921328 y: 1.1168685 z: -0.42223078
D/CAAccData(  523): x: 9.00305 y: 1.1849703 z: -0.46309182
D/CAAccData(  523): x: 8.962189 y: 1.0351465 z: -0.5720546
D/CAAccData(  523): x: 9.152874 y: 1.1441092 z: -0.61291564
D/CAAccData(  523): x: 8.539958 y: 1.1441092 z: -0.5720546
D/CAAccData(  523): x: 8.880466 y: 1.0760075 z: -0.5720546
D/CAAccData(  523): x: 8.853226 y: 1.1441092 z: -0.84446156
D/CAAccData(  523): x: 9.043911 y: 0.9942854 z: -0.7627395
D/CrashAlert(  523): Handler :2
D/CAAccData(  523): x: 9.425281 y: 1.1168685 z: -0.6537767
D/LocationManagerService(  144): Acquired wakelock
I/CrashAlert(  523): ort geaendert 18.75
D/CrashAlertGPS(  523): 67.5
D/LocationManagerService(  144): Released wakelock
D/CAAccData(  523): x: 9.575105 y: 1.0351465 z: -0.5720546
D/CAAccTime(  523): Tue Jun 22 18:26:46 Europe/Amsterdam 2010
D/CAAccData(  523): x: 9.956474 y: 1.1168685 z: -0.42223078
D/CAAccData(  523): x: 9.915613 y: 0.9942854 z: -0.38136974
D/CAAccData(  523): x: 10.038197 y: 1.1441092 z: -0.313268
D/CAAccData(  523): x: 9.915613 y: 1.2258313 z: -0.38136974
D/CAAccData(  523): x: 9.915613 y: 1.0351465 z: -0.46309182
D/CAAccData(  523): x: 9.724928 y: 1.1849703 z: -0.27240697
D/CAAccData(  523): x: 9.615966 y: 1.0760075 z: -0.42223078
D/CAAccData(  523): x: 9.656827 y: 1.1441092 z: -0.5720546
D/CAAccData(  523): x: 9.724928 y: 1.1441092 z: -0.42223078
D/CAAccData(  523): x: 9.765789 y: 1.1441092 z: -0.38136974
D/CAAccData(  523): x: 9.80665 y: 1.1441092 z: -0.3405087
D/CrashAlert(  523): Handler :2
D/CAAccData(  523): x: 9.656827 y: 1.1441092 z: -0.3405087
D/CAAccData(  523): x: 9.656827 y: 1.1849703 z: -0.19068487
D/CAAccData(  523): x: 9.493382 y: 1.0760075 z: -0.040861044
D/CAAccData(  523): x: 9.043911 y: 1.2666923 z: 0.040861044
D/CAAccData(  523): x: 9.275456 y: 1.2666923 z: 0.10896278
D/CAAccData(  523): x: 9.043911 y: 1.1168685 z: 0.27240697
D/CAAccData(  523): x: 8.880466 y: 1.3756552 z: 0.46309182
D/CAAccData(  523): x: 8.962189 y: 1.3075534 z: 0.38136974
D/CAAccData(  523): x: 9.575105 y: 1.1441092 z: 0.50395286
D/CAAccData(  523): x: 9.302697 y: 1.3075534 z: 0.5720546
D/CAAccData(  523): x: 9.043911 y: 1.3075534 z: 0.3405087
D/CAAccData(  523): x: 9.234595 y: 1.2258313 z: 0.23154591
D/CAAccData(  523): x: 9.466142 y: 1.1849703 z: 0.42223078
D/CrashAlert(  523): Handler :2
D/CAAccData(  523): x: 8.880466 y: 1.3756552 z: 0.38136974
D/CAAccData(  523): x: 9.112013 y: 1.2666923 z: 0.19068487
D/LocationManagerService(  144): Acquired wakelock
I/CrashAlert(  523): ort geaendert 20.0
D/CrashAlertGPS(  523): 72.0
D/LocationManagerService(  144): Released wakelock
D/CAAccData(  523): x: 8.880466 y: 1.2258313 z: 0.08172209
D/CAAccTime(  523): Tue Jun 22 18:26:47 Europe/Amsterdam 2010
D/CAAccData(  523): x: 9.384419 y: 1.3075534 z: 0.29964766
D/CAAccData(  523): x: 9.152874 y: 1.2258313 z: 0.3405087
D/CAAccData(  523): x: 9.112013 y: 1.3075534 z: 0.14982383
D/CAAccData(  523): x: 9.425281 y: 1.2258313 z: 0.27240697
D/CAAccData(  523): x: 9.343558 y: 1.1849703 z: 0.61291564
D/CAAccData(  523): x: 9.302697 y: 1.4165162 z: 0.6537767
D/CAAccData(  523): x: 9.193735 y: 1.1849703 z: 0.8036005
D/CAAccData(  523): x: 9.575105 y: 1.3075534 z: 1.0351465
D/CAAccData(  523): x: 9.275456 y: 1.2666923 z: 0.88532263
D/CAAccData(  523): x: 9.302697 y: 1.3756552 z: 1.0760075
D/CrashAlert(  523): Handler :2
D/CAAccData(  523): x: 9.615966 y: 1.3075534 z: 1.0760075
D/CAAccData(  523): x: 9.152874 y: 1.2666923 z: 1.1849703
D/CAAccData(  523): x: 9.425281 y: 1.4165162 z: 1.0760075
D/CAAccData(  523): x: 9.234595 y: 1.3075534 z: 0.95342433
D/CAAccData(  523): x: 9.80665 y: 1.3075534 z: 0.8036005
D/CAAccData(  523): x: 9.493382 y: 1.3075534 z: 0.6537767
D/CAAccData(  523): x: 9.997335 y: 1.3075534 z: 0.46309182
D/CAAccData(  523): x: 9.915613 y: 1.1849703 z: 0.23154591
D/CAAccData(  523): x: 9.466142 y: 1.2666923 z: 0.29964766
D/CAAccData(  523): x: 9.724928 y: 1.0351465 z: 0.10896278
D/CAAccData(  523): x: 9.656827 y: 0.95342433 z: 0.040861044
D/CAAccData(  523): x: 9.084772 y: 0.92618364 z: -0.040861044
D/CrashAlert(  523): Handler :2
D/CAAccData(  523): x: 9.234595 y: 0.6537767 z: -0.10896278
D/LocationManagerService(  144): Acquired wakelock
I/CrashAlert(  523): ort geaendert 21.25
D/CrashAlertGPS(  523): 76.5
D/LocationManagerService(  144): Released wakelock
D/CAAccData(  523): x: 9.084772 y: 0.6537767 z: -0.313268
D/CAAccData(  523): x: 9.384419 y: 0.50395286 z: -0.42223078
D/CAAccTime(  523): Tue Jun 22 18:26:48 Europe/Amsterdam 2010
D/CAAccData(  523): x: 9.043911 y: 0.3405087 z: -0.313268
D/CAAccData(  523): x: 9.384419 y: 0.46309182 z: -0.313268
D/CAAccData(  523): x: 9.234595 y: 0.3405087 z: -0.38136974
D/CAAccData(  523): x: 8.853226 y: 0.38136974 z: -0.040861044
D/CAAccData(  523): x: 8.853226 y: 0.3405087 z: -0.313268
D/CAAccData(  523): x: 9.193735 y: 0.19068487 z: -0.313268
D/CAAccData(  523): x: 8.730643 y: 0.313268 z: -0.23154591
D/CAAccData(  523): x: 8.853226 y: 0.313268 z: -0.3405087
D/CAAccData(  523): x: 9.466142 y: 0.27240697 z: -0.19068487
D/CAAccData(  523): x: 9.384419 y: 0.14982383 z: -0.08172209
D/CrashAlert(  523): Handler :2
D/CAAccData(  523): x: 9.425281 y: 0.313268 z: -0.0
D/CAAccData(  523): x: 9.697687 y: 0.19068487 z: 0.14982383
D/CAAccData(  523): x: 9.697687 y: 0.23154591 z: 0.27240697
D/CAAccData(  523): x: 9.765789 y: 0.14982383 z: 0.3405087
D/CAAccData(  523): x: 9.724928 y: 0.19068487 z: 0.3405087
D/CAAccData(  523): x: 9.534244 y: 0.23154591 z: 0.42223078
D/CAAccData(  523): x: 9.193735 y: 0.14982383 z: 0.38136974
D/CAAccData(  523): x: 9.425281 y: 0.0 z: 0.19068487
D/dalvikvm(  523): GC freed 8534 objects / 523872 bytes in 96ms
D/CAAccData(  523): x: 8.771504 y: 0.040861044 z: 0.14982383
D/CAAccData(  523): x: 8.689782 y: 0.14982383 z: 0.23154591
D/CAAccData(  523): x: 8.390134 y: -0.10896278 z: -0.10896278
D/CAAccData(  523): x: 9.152874 y: -0.08172209 z: 0.040861044
D/CAAccData(  523): x: 8.349273 y: -0.08172209 z: 0.10896278
D/CrashAlert(  523): Handler :2
D/CAAccData(  523): x: 8.539958 y: 0.0 z: -0.0
D/CAAccData(  523): x: 9.275456 y: -0.040861044 z: -0.10896278
D/LocationManagerService(  144): Acquired wakelock
I/CrashAlert(  523): ort geaendert 22.25
D/CrashAlertGPS(  523): 80.1
D/LocationManagerService(  144): Released wakelock
D/CAAccData(  523): x: 8.921328 y: -0.040861044 z: 0.29964766
D/CAAccData(  523): x: 9.275456 y: -0.040861044 z: 0.14982383
D/CAAccTime(  523): Tue Jun 22 18:26:49 Europe/Amsterdam 2010
D/CAAccData(  523): x: 9.888372 y: -0.08172209 z: -0.08172209
D/CAAccData(  523): x: 9.888372 y: -0.10896278 z: -0.0
D/CAAccData(  523): x: 9.80665 y: -0.10896278 z: -0.0
D/CAAccData(  523): x: 10.56939 y: -0.10896278 z: 0.08172209
D/CAAccData(  523): x: 9.656827 y: -0.08172209 z: 0.14982383
D/CAAccData(  523): x: 9.234595 y: 0.040861044 z: 0.42223078
D/CAAccData(  523): x: 8.430995 y: -0.040861044 z: 0.29964766
D/CAAccData(  523): x: 9.575105 y: -0.19068487 z: 0.3405087
D/CAAccData(  523): x: 7.9270425 y: 0.040861044 z: 0.53119355
D/CAAccData(  523): x: 7.3958488 y: 0.10896278 z: 0.61291564
D/CrashAlert(  523): Handler :2
D/CAAccData(  523): x: 8.499097 y: -0.040861044 z: 0.27240697
D/CAAccData(  523): x: 9.466142 y: -0.19068487 z: 0.23154591
D/CAAccData(  523): x: 8.962189 y: -0.7627395 z: 0.53119355
D/CAAccData(  523): x: 8.539958 y: 0.040861044 z: 0.46309182
D/CAAccData(  523): x: 8.962189 y: -0.10896278 z: 0.3405087
D/CAAccData(  523): x: 9.343558 y: -0.29964766 z: 0.53119355
D/CAAccData(  523): x: 9.00305 y: -0.23154591 z: 0.50395286
D/CAAccData(  523): x: 9.234595 y: -0.50395286 z: 0.23154591
D/CAAccData(  523): x: 10.18802 y: -0.5720546 z: 0.08172209
D/CAAccData(  523): x: 10.079058 y: -0.7218784 z: -0.0
D/CAAccData(  523): x: 10.147159 y: -1.2258313 z: 0.10896278
D/CAAccData(  523): x: 10.760075 y: -0.7218784 z: 0.19068487
D/CAAccData(  523): x: 10.691973 y: -0.84446156 z: 0.23154591
D/CrashAlert(  523): Handler :2
D/CAAccData(  523): x: 9.534244 y: -0.6537767 z: 0.19068487
D/CAAccData(  523): x: 10.269742 y: -0.9942854 z: 0.040861044
D/LocationManagerService(  144): Acquired wakelock
I/CrashAlert(  523): ort geaendert 22.75
D/CrashAlertGPS(  523): 81.9
D/LocationManagerService(  144): Released wakelock
D/CAAccData(  523): x: 9.466142 y: -0.6946377 z: -0.10896278
D/CAAccData(  523): x: 9.112013 y: -0.88532263 z: -0.27240697
D/CAAccTime(  523): Tue Jun 22 18:26:50 Europe/Amsterdam 2010
D/CAAccData(  523): x: 8.921328 y: -0.8036005 z: -0.3405087
D/CAAccData(  523): x: 8.580819 y: -0.8036005 z: -0.46309182
D/CAAccData(  523): x: 8.771504 y: -0.7627395 z: -0.53119355
D/CAAccData(  523): x: 8.662541 y: -0.9125633 z: -0.6946377
D/CAAccData(  523): x: 8.771504 y: -0.88532263 z: -0.6946377
D/CAAccData(  523): x: 8.580819 y: -0.88532263 z: -0.7218784
D/CAAccData(  523): x: 8.349273 y: -0.84446156 z: -0.6537767
D/CAAccData(  523): x: 8.689782 y: -0.88532263 z: -0.7627395
D/CAAccData(  523): x: 8.771504 y: -0.95342433 z: -0.7627395
D/CrashAlert(  523): Handler :2
D/CAAccData(  523): x: 8.662541 y: -0.9125633 z: -0.5720546
D/CAAccData(  523): x: 9.193735 y: -0.95342433 z: -0.6537767
D/CAAccData(  523): x: 9.656827 y: -0.88532263 z: -0.6537767
D/CAAccData(  523): x: 9.615966 y: -0.88532263 z: -0.6946377
D/CAAccData(  523): x: 9.915613 y: -0.9125633 z: -0.6537767
D/CAAccData(  523): x: 9.80665 y: -0.88532263 z: -0.50395286
D/CAAccData(  523): x: 9.302697 y: -0.9125633 z: -0.46309182
D/CAAccData(  523): x: 9.043911 y: -0.84446156 z: -0.6537767
D/CAAccData(  523): x: 8.921328 y: -0.9125633 z: -0.6946377
D/CAAccData(  523): x: 8.539958 y: -1.0351465 z: -0.6946377
D/CAAccData(  523): x: 8.267551 y: -0.95342433 z: -0.8036005
D/CAAccData(  523): x: 8.008764 y: -1.1168685 z: -0.84446156
D/CAAccData(  523): x: 8.390134 y: -1.0760075 z: -0.8036005
D/CrashAlert(  523): Handler :2
D/CAAccData(  523): x: 8.62168 y: -1.1849703 z: -0.92618364
D/LocationManagerService(  144): Acquired wakelock
I/CrashAlert(  523): ort geaendert 23.0
D/CrashAlertGPS(  523): 82.799995
D/LocationManagerService(  144): Released wakelock
D/CAAccData(  523): x: 8.962189 y: -1.1441092 z: -0.8036005
D/CAAccData(  523): x: 9.234595 y: -1.3075534 z: -0.84446156
D/CAAccData(  523): x: 9.697687 y: -1.2258313 z: -0.7627395
D/CAAccTime(  523): Tue Jun 22 18:26:51 Europe/Amsterdam 2010
D/CAAccData(  523): x: 10.106298 y: -1.3756552 z: -0.7627395
D/CAAccData(  523): x: 9.915613 y: -1.3756552 z: -0.5720546
D/CAAccData(  523): x: 10.106298 y: -1.4573772 z: -0.7218784
D/CAAccData(  523): x: 10.038197 y: -1.4982382 z: -0.6537767
D/CAAccData(  523): x: 9.847511 y: -1.4982382 z: -0.53119355
D/CAAccData(  523): x: 9.697687 y: -1.4982382 z: -0.42223078
D/CAAccData(  523): x: 9.656827 y: -1.4982382 z: -0.3405087
