D/CAAccData(  572): x: -10.038197 y: 0.08172209 z: -0.3405087
D/CAAccData(  572): x: -9.997335 y: 0.10896278 z: -0.08172209
D/CAAccData(  572): x: -10.079058 y: 0.08172209 z: -0.14982383
D/CAAccData(  572): x: -9.888372 y: 0.040861044 z: -0.14982383
D/CAAccData(  572): x: -10.038197 y: -0.10896278 z: -0.14982383
D/CAAccData(  572): x: -10.038197 y: -0.10896278 z: -0.19068487
D/CAAccTime(  572): Tue Jun 22 09:41:46 Europe/Amsterdam 2010
D/CAAccData(  572): x: -9.956474 y: -0.14982383 z: -0.27240697
D/CAAccData(  572): x: -9.997335 y: -0.19068487 z: -0.23154591
D/CAAccData(  572): x: -9.888372 y: -0.27240697 z: -0.19068487
D/CAAccData(  572): x: -9.997335 y: -0.23154591 z: -0.27240697
D/CAAccData(  572): x: -9.997335 y: -0.27240697 z: -0.27240697
D/CrashAlert(  572): Handler :1
I/CrashAlert(  572): Status bleibt aktiv
D/CAAccData(  572): x: -10.038197 y: -0.29964766 z: -0.23154591
D/CAAccData(  572): x: -10.119919 y: -0.27240697 z: -0.27240697
D/CAAccData(  572): x: -9.997335 y: -0.38136974 z: -0.3405087
D/CAAccData(  572): x: -10.038197 y: -0.27240697 z: -0.313268
D/CAAccData(  572): x: -10.147159 y: -0.38136974 z: -0.313268
D/CAAccData(  572): x: -10.147159 y: -0.38136974 z: -0.50395286
D/CAAccData(  572): x: -9.997335 y: -0.27240697 z: -0.38136974
D/CAAccData(  572): x: -10.038197 y: -0.27240697 z: -0.23154591
D/CAAccData(  572): x: -10.038197 y: -0.3405087 z: -0.23154591
D/CAAccData(  572): x: -9.997335 y: -0.27240697 z: -0.27240697
D/CAAccData(  572): x: -9.915613 y: -0.38136974 z: -0.38136974
D/CAAccData(  572): x: -9.915613 y: -0.46309182 z: -0.38136974
D/CrashAlert(  572): Handler :1
I/CrashAlert(  572): Status bleibt aktiv
D/CAAccData(  572): x: -9.915613 y: -0.38136974 z: -0.42223078
D/CAAccData(  572): x: -9.997335 y: -0.46309182 z: -0.38136974
D/CAAccData(  572): x: -10.038197 y: -0.3405087 z: -0.38136974
D/CAAccData(  572): x: -10.119919 y: -0.3405087 z: -0.27240697
D/dalvikvm(  572): GC freed 8358 objects / 524096 bytes in 97ms
D/CAAccData(  572): x: -10.079058 y: -0.3405087 z: -0.313268
D/CAAccData(  572): x: -10.038197 y: -0.3405087 z: -0.42223078
D/CAAccData(  572): x: -10.119919 y: -0.38136974 z: -0.50395286
D/CAAccData(  572): x: -10.079058 y: -0.38136974 z: -0.53119355
D/CAAccTime(  572): Tue Jun 22 09:41:47 Europe/Amsterdam 2010
D/CAAccData(  572): x: -9.997335 y: -0.42223078 z: -0.42223078
D/CAAccData(  572): x: -9.997335 y: -0.3405087 z: -0.38136974
D/CAAccData(  572): x: -10.038197 y: -0.38136974 z: -0.42223078
D/CAAccData(  572): x: -9.956474 y: -0.38136974 z: -0.42223078
D/CAAccData(  572): x: -10.079058 y: -0.38136974 z: -0.46309182
D/CrashAlert(  572): Handler :1
I/CrashAlert(  572): Status bleibt aktiv
D/CAAccData(  572): x: -10.079058 y: -0.38136974 z: -0.53119355
D/CAAccData(  572): x: -9.997335 y: -0.38136974 z: -0.42223078
D/CAAccData(  572): x: -9.915613 y: -0.3405087 z: -0.42223078
D/CAAccData(  572): x: -9.956474 y: -0.38136974 z: -0.3405087
D/CAAccData(  572): x: -9.997335 y: -0.38136974 z: -0.38136974
D/CAAccData(  572): x: -10.038197 y: -0.3405087 z: -0.38136974
D/CAAccData(  572): x: -9.915613 y: -0.29964766 z: -0.50395286
D/CAAccData(  572): x: -9.997335 y: -0.3405087 z: -0.46309182
D/CAAccData(  572): x: -9.956474 y: -0.38136974 z: -0.5720546
D/CAAccData(  572): x: -9.956474 y: -0.46309182 z: -0.53119355
D/CAAccData(  572): x: -10.038197 y: -0.46309182 z: -0.42223078
D/CAAccData(  572): x: -9.915613 y: -0.46309182 z: -0.3405087
D/CAAccData(  572): x: -10.079058 y: -0.50395286 z: -0.38136974
D/CrashAlert(  572): Handler :1
I/CrashAlert(  572): Status bleibt aktiv
D/CAAccData(  572): x: -10.079058 y: -0.46309182 z: -0.38136974
D/CAAccData(  572): x: -10.119919 y: -0.46309182 z: -0.46309182
D/CAAccData(  572): x: -10.038197 y: -0.7627395 z: -0.50395286
D/CAAccData(  572): x: -10.119919 y: -0.7627395 z: -0.53119355
D/CAAccData(  572): x: -9.956474 y: -0.88532263 z: -0.61291564
D/CAAccData(  572): x: -9.915613 y: -0.84446156 z: -0.53119355
D/CAAccData(  572): x: -9.997335 y: -0.8036005 z: -0.53119355
D/CAAccData(  572): x: -10.079058 y: -0.88532263 z: -0.53119355
D/CAAccTime(  572): Tue Jun 22 09:41:48 Europe/Amsterdam 2010
D/CAAccData(  572): x: -9.956474 y: -0.8036005 z: -0.50395286
D/CAAccData(  572): x: -9.956474 y: -0.9125633 z: -0.50395286
D/CAAccData(  572): x: -9.956474 y: -0.95342433 z: -0.5720546
D/CAAccData(  572): x: -9.956474 y: -1.1441092 z: -0.46309182
D/CAAccData(  572): x: -9.915613 y: -1.0351465 z: -0.42223078
D/CrashAlert(  572): Handler :1
I/CrashAlert(  572): Status bleibt aktiv
D/CAAccData(  572): x: -9.997335 y: -1.0351465 z: -0.46309182
D/CAAccData(  572): x: -10.038197 y: -0.9942854 z: -0.46309182
D/CAAccData(  572): x: -9.997335 y: -0.9942854 z: -0.5720546
D/CAAccData(  572): x: -9.997335 y: -0.9125633 z: -0.53119355
D/CAAccData(  572): x: -9.997335 y: -0.9125633 z: -0.5720546
D/CAAccData(  572): x: -10.038197 y: -0.9942854 z: -0.61291564
D/CAAccData(  572): x: -9.956474 y: -1.0351465 z: -0.61291564
D/CAAccData(  572): x: -9.915613 y: -1.0760075 z: -0.53119355
D/CAAccData(  572): x: -9.888372 y: -1.0760075 z: -0.53119355
D/CAAccData(  572): x: -9.997335 y: -0.95342433 z: -0.61291564
D/CAAccData(  572): x: -9.956474 y: -0.95342433 z: -0.53119355
D/CAAccData(  572): x: -9.956474 y: -0.9942854 z: -0.46309182
D/CAAccData(  572): x: -10.038197 y: -0.9942854 z: -0.61291564
D/CrashAlert(  572): Handler :1
I/CrashAlert(  572): Status bleibt aktiv
D/CAAccData(  572): x: -10.038197 y: -1.0351465 z: -0.5720546
D/CAAccData(  572): x: -9.915613 y: -0.9942854 z: -0.50395286
D/CAAccData(  572): x: -9.997335 y: -1.0351465 z: -0.5720546
D/CAAccData(  572): x: -9.956474 y: -1.0351465 z: -0.50395286
D/CAAccData(  572): x: -9.915613 y: -0.9942854 z: -0.38136974
D/CAAccData(  572): x: -9.997335 y: -0.95342433 z: -0.50395286
D/CAAccData(  572): x: -9.997335 y: -1.0351465 z: -0.6537767
D/CAAccData(  572): x: -9.915613 y: -0.9942854 z: -0.50395286
D/CAAccTime(  572): Tue Jun 22 09:41:49 Europe/Amsterdam 2010
D/CAAccData(  572): x: -10.038197 y: -1.0351465 z: -0.6537767
D/CAAccData(  572): x: -10.079058 y: -1.1168685 z: -0.7627395
D/CAAccData(  572): x: -10.038197 y: -1.0351465 z: -0.6537767
D/CAAccData(  572): x: -9.915613 y: -0.95342433 z: -0.42223078
D/CrashAlert(  572): Handler :1
I/CrashAlert(  572): Status bleibt aktiv
D/CAAccData(  572): x: -10.119919 y: -0.9942854 z: -0.313268
D/CAAccData(  572): x: -9.956474 y: -1.0351465 z: -0.46309182
D/CAAccData(  572): x: -9.997335 y: -1.0351465 z: -0.6946377
D/CAAccData(  572): x: -10.038197 y: -1.0351465 z: -0.61291564
D/CAAccData(  572): x: -9.997335 y: -1.0351465 z: -0.313268
D/CAAccData(  572): x: -9.956474 y: -0.9942854 z: -0.50395286
D/CAAccData(  572): x: -9.956474 y: -0.95342433 z: -0.6537767
D/CAAccData(  572): x: -9.956474 y: -0.9942854 z: -0.61291564
D/CAAccData(  572): x: -10.038197 y: -0.9942854 z: -0.3405087
D/CAAccData(  572): x: -10.038197 y: -0.9942854 z: -0.46309182
D/CAAccData(  572): x: -9.956474 y: -0.9942854 z: -0.61291564
D/CAAccData(  572): x: -10.079058 y: -0.88532263 z: -0.6537767
D/CrashAlert(  572): Handler :1
I/CrashAlert(  572): Status bleibt aktiv
D/CAAccData(  572): x: -10.079058 y: -0.88532263 z: -0.61291564
D/CAAccData(  572): x: -10.079058 y: -0.84446156 z: -0.5720546
D/CAAccData(  572): x: -9.888372 y: -0.88532263 z: -0.50395286
D/CAAccData(  572): x: -9.915613 y: -0.84446156 z: -0.50395286
D/CAAccData(  572): x: -9.915613 y: -0.7627395 z: -0.53119355
D/CAAccData(  572): x: -9.997335 y: -0.7627395 z: -0.46309182
D/CAAccData(  572): x: -9.997335 y: -0.6946377 z: -0.46309182
D/CAAccData(  572): x: -9.956474 y: -0.7218784 z: -0.53119355
D/CAAccTime(  572): Tue Jun 22 09:41:50 Europe/Amsterdam 2010
D/CAAccData(  572): x: -9.956474 y: -0.61291564 z: -0.50395286
D/CAAccData(  572): x: -9.956474 y: -0.5720546 z: -0.53119355
D/CAAccData(  572): x: -9.956474 y: -0.61291564 z: -0.50395286
D/CrashAlert(  572): Handler :1
I/CrashAlert(  572): Status bleibt aktiv
D/CAAccData(  572): x: -10.038197 y: -0.5720546 z: -0.46309182
D/CAAccData(  572): x: -9.997335 y: -0.53119355 z: -0.42223078
D/CAAccData(  572): x: -9.915613 y: -0.46309182 z: -0.50395286
D/CAAccData(  572): x: -9.956474 y: -0.50395286 z: -0.5720546
D/CAAccData(  572): x: -10.038197 y: -0.50395286 z: -0.53119355
D/CAAccData(  572): x: -10.079058 y: -0.46309182 z: -0.53119355
D/GpsLocationProvider(  144): TTFF: 147131
D/LocationManagerService(  144): Acquired wakelock
I/CrashAlert(  572): ort geaendert 4.0
D/CrashAlertGPS(  572): 14.4
D/CrashAlert(  572): 1OnstatusChanged
D/LocationManagerService(  144): Released wakelock
D/CAAccData(  572): x: -10.038197 y: -0.50395286 z: -0.53119355
D/CAAccData(  572): x: -9.997335 y: -0.46309182 z: -0.50395286
D/CAAccData(  572): x: -9.997335 y: -0.46309182 z: -0.46309182
D/CAAccData(  572): x: -9.915613 y: -0.46309182 z: -0.53119355
D/CAAccData(  572): x: -9.915613 y: -0.38136974 z: -0.50395286
D/CAAccData(  572): x: -9.997335 y: -0.3405087 z: -0.50395286
D/CrashAlert(  572): Handler :1
I/CrashAlert(  572): Status bleibt aktiv
D/CAAccData(  572): x: -9.997335 y: -0.38136974 z: -0.50395286
D/CAAccData(  572): x: -9.956474 y: -0.29964766 z: -0.50395286
D/CAAccData(  572): x: -9.915613 y: -0.27240697 z: -0.50395286
D/CAAccData(  572): x: -9.915613 y: -0.29964766 z: -0.50395286
D/CAAccData(  572): x: -9.956474 y: -0.3405087 z: -0.38136974
D/CAAccData(  572): x: -10.079058 y: -0.46309182 z: -0.42223078
D/CAAccData(  572): x: -9.997335 y: -0.3405087 z: -0.50395286
D/CAAccData(  572): x: -9.915613 y: -0.50395286 z: -0.53119355
D/CAAccData(  572): x: -10.079058 y: -0.50395286 z: -0.61291564
D/CAAccData(  572): x: -10.038197 y: -0.38136974 z: -0.6537767
D/CAAccTime(  572): Tue Jun 22 09:41:51 Europe/Amsterdam 2010
D/CAAccData(  572): x: -9.997335 y: -0.50395286 z: -0.53119355
D/CAAccData(  572): x: -10.119919 y: -0.46309182 z: -0.3405087
D/CrashAlert(  572): Handler :1
I/CrashAlert(  572): Status bleibt aktiv
D/CAAccData(  572): x: -10.038197 y: -0.50395286 z: -0.46309182
D/CAAccData(  572): x: -9.888372 y: -0.46309182 z: -0.0
D/CAAccData(  572): x: -9.997335 y: -0.50395286 z: -0.61291564
D/CAAccData(  572): x: -10.038197 y: -0.46309182 z: -0.53119355
D/CAAccData(  572): x: -10.119919 y: -0.50395286 z: -0.3405087
D/CAAccData(  572): x: -9.997335 y: -0.42223078 z: -0.3405087
D/CAAccData(  572): x: -9.997335 y: -0.46309182 z: -0.53119355
D/LocationManagerService(  144): Acquired wakelock
I/CrashAlert(  572): ort geaendert 4.0
D/CrashAlertGPS(  572): 14.4
D/CrashAlert(  572): 2OnstatusChanged
D/LocationManagerService(  144): Released wakelock
D/CAAccData(  572): x: -9.997335 y: -0.53119355 z: -0.8036005
D/CAAccData(  572): x: -9.956474 y: -0.50395286 z: -0.8036005
D/CAAccData(  572): x: -9.997335 y: -0.46309182 z: -0.7218784
D/CAAccData(  572): x: -10.038197 y: -0.50395286 z: -0.50395286
D/CAAccData(  572): x: -10.079058 y: -0.46309182 z: -0.42223078
D/CAAccData(  572): x: -10.079058 y: -0.50395286 z: -0.53119355
D/CrashAlert(  572): Handler :1
I/CrashAlert(  572): Status bleibt aktiv
D/CAAccData(  572): x: -10.038197 y: -0.53119355 z: -0.8036005
D/CAAccData(  572): x: -10.038197 y: -0.50395286 z: -0.7218784
D/CAAccData(  572): x: -9.997335 y: -0.46309182 z: -0.46309182
D/CAAccData(  572): x: -9.997335 y: -0.50395286 z: -0.3405087
D/CAAccData(  572): x: -9.956474 y: -0.50395286 z: -0.46309182
D/CAAccData(  572): x: -10.079058 y: -0.53119355 z: -0.6537767
D/CAAccData(  572): x: -9.997335 y: -0.46309182 z: -0.50395286
D/CAAccData(  572): x: -9.915613 y: -0.46309182 z: -0.53119355
D/CAAccData(  572): x: -10.038197 y: -0.53119355 z: -0.50395286
D/CAAccData(  572): x: -9.915613 y: -0.50395286 z: -0.7627395
D/CAAccTime(  572): Tue Jun 22 09:41:52 Europe/Amsterdam 2010
D/CAAccData(  572): x: -9.915613 y: -0.46309182 z: -0.7218784
D/CAAccData(  572): x: -9.997335 y: -0.50395286 z: -0.50395286
D/CrashAlert(  572): Handler :1
I/CrashAlert(  572): Status bleibt aktiv
D/CAAccData(  572): x: -9.915613 y: -0.46309182 z: -0.53119355
D/CAAccData(  572): x: -9.888372 y: -0.50395286 z: -0.6946377
D/CAAccData(  572): x: -10.119919 y: -0.53119355 z: -0.6537767
D/CAAccData(  572): x: -10.038197 y: -0.50395286 z: -0.5720546
D/CAAccData(  572): x: -9.997335 y: -0.50395286 z: -0.46309182
D/CAAccData(  572): x: -10.038197 y: -0.50395286 z: -0.61291564
D/LocationManagerService(  144): Acquired wakelock
I/CrashAlert(  572): ort geaendert 4.0
D/CrashAlertGPS(  572): 14.4
D/LocationManagerService(  144): Released wakelock
D/CAAccData(  572): x: -10.038197 y: -0.50395286 z: -0.6946377
D/CAAccData(  572): x: -9.915613 y: -0.53119355 z: -0.8036005
D/CAAccData(  572): x: -9.956474 y: -0.46309182 z: -0.7218784
D/CAAccData(  572): x: -9.956474 y: -0.50395286 z: -0.46309182
D/CAAccData(  572): x: -10.038197 y: -0.5720546 z: -0.53119355
D/CAAccData(  572): x: -10.038197 y: -0.50395286 z: -0.6537767
D/CrashAlert(  572): Handler :1
I/CrashAlert(  572): Status bleibt aktiv
D/CAAccData(  572): x: -9.956474 y: -0.50395286 z: -0.7627395
D/CAAccData(  572): x: -10.079058 y: -0.50395286 z: -0.6537767
D/CAAccData(  572): x: -9.80665 y: -0.46309182 z: -0.50395286
D/CAAccData(  572): x: -9.915613 y: -0.53119355 z: -0.53119355
D/CAAccData(  572): x: -9.956474 y: -0.53119355 z: -0.61291564
D/CAAccData(  572): x: -9.956474 y: -0.50395286 z: -0.7627395
D/CAAccData(  572): x: -9.997335 y: -0.53119355 z: -0.7218784
D/CAAccData(  572): x: -9.956474 y: -0.42223078 z: -0.53119355
D/CAAccData(  572): x: -9.956474 y: -0.50395286 z: -0.61291564
D/CAAccData(  572): x: -9.956474 y: -0.50395286 z: -0.88532263
D/CAAccData(  572): x: -10.079058 y: -0.5720546 z: -0.7218784
D/CAAccTime(  572): Tue Jun 22 09:41:53 Europe/Amsterdam 2010
D/CAAccData(  572): x: -10.079058 y: -0.50395286 z: -0.5720546
D/CrashAlert(  572): Handler :1
I/CrashAlert(  572): Status bleibt aktiv
D/CAAccData(  572): x: -10.038197 y: -0.53119355 z: -0.50395286
D/CAAccData(  572): x: -10.079058 y: -0.50395286 z: -0.5720546
D/CAAccData(  572): x: -9.997335 y: -0.53119355 z: -0.61291564
D/CAAccData(  572): x: -9.956474 y: -0.50395286 z: -0.6537767
D/CAAccData(  572): x: -9.997335 y: -0.50395286 z: -0.7218784
D/CAAccData(  572): x: -9.915613 y: -0.50395286 z: -0.6537767
D/LocationManagerService(  144): Acquired wakelock
D/dalvikvm(  572): GC freed 8413 objects / 522768 bytes in 112ms
D/CAAccData(  572): x: -9.915613 y: -0.50395286 z: -0.6946377
I/CrashAlert(  572): ort geaendert 4.0
D/CrashAlertGPS(  572): 14.4
D/LocationManagerService(  144): Released wakelock
D/CAAccData(  572): x: -9.997335 y: -0.53119355 z: -0.5720546
D/CAAccData(  572): x: -9.956474 y: -0.42223078 z: -0.5720546
D/CAAccData(  572): x: -9.915613 y: -0.53119355 z: -0.6537767
D/CAAccData(  572): x: -9.997335 y: -0.53119355 z: -0.5720546
D/CAAccData(  572): x: -10.038197 y: -0.50395286 z: -0.50395286
D/CAAccData(  572): x: -9.997335 y: -0.5720546 z: -0.61291564
D/CAAccData(  572): x: -10.038197 y: -0.5720546 z: -0.53119355
D/CrashAlert(  572): Handler :1
I/CrashAlert(  572): Status bleibt aktiv
D/CAAccData(  572): x: -10.079058 y: -0.50395286 z: -0.5720546
D/CAAccData(  572): x: -9.956474 y: -0.53119355 z: -0.6537767
D/CAAccData(  572): x: -9.956474 y: -0.50395286 z: -0.7218784
D/CAAccData(  572): x: -9.997335 y: -0.53119355 z: -0.6537767
D/CAAccData(  572): x: -10.119919 y: -0.5720546 z: -0.6946377
D/CAAccData(  572): x: -9.997335 y: -0.50395286 z: -0.6537767
D/CAAccData(  572): x: -10.079058 y: -0.50395286 z: -0.50395286
D/CAAccData(  572): x: -10.079058 y: -0.50395286 z: -0.46309182
D/CAAccData(  572): x: -9.997335 y: -0.50395286 z: -0.50395286
D/CAAccData(  572): x: -9.997335 y: -0.50395286 z: -0.53119355
D/CAAccData(  572): x: -9.956474 y: -0.50395286 z: -0.5720546
D/CAAccData(  572): x: -9.915613 y: -0.46309182 z: -0.6946377
D/CAAccTime(  572): Tue Jun 22 09:41:54 Europe/Amsterdam 2010
D/CAAccData(  572): x: -9.915613 y: -0.53119355 z: -0.7627395
D/CrashAlert(  572): Handler :1
I/CrashAlert(  572): Status bleibt aktiv
D/CAAccData(  572): x: -9.888372 y: -0.46309182 z: -0.8036005
D/CAAccData(  572): x: -9.915613 y: -0.53119355 z: -0.8036005
D/CAAccData(  572): x: -9.956474 y: -0.50395286 z: -0.7218784
D/CAAccData(  572): x: -10.038197 y: -0.53119355 z: -0.5720546
D/CAAccData(  572): x: -10.038197 y: -0.46309182 z: -0.50395286
D/CAAccData(  572): x: -10.038197 y: -0.50395286 z: -0.46309182
D/CAAccData(  572): x: -10.079058 y: -0.53119355 z: -0.42223078
D/LocationManagerService(  144): Acquired wakelock
I/CrashAlert(  572): ort geaendert 4.0
D/CrashAlertGPS(  572): 14.4
D/LocationManagerService(  144): Released wakelock
D/CAAccData(  572): x: -10.079058 y: -0.50395286 z: -0.50395286
D/CAAccData(  572): x: -9.956474 y: -0.53119355 z: -0.61291564
D/CAAccData(  572): x: -9.956474 y: -0.50395286 z: -0.7218784
D/CAAccData(  572): x: -9.956474 y: -0.53119355 z: -0.84446156
D/CAAccData(  572): x: -9.915613 y: -0.50395286 z: -0.6946377
D/CAAccData(  572): x: -9.997335 y: -0.53119355 z: -0.53119355
D/CrashAlert(  572): Handler :1
I/CrashAlert(  572): Status bleibt aktiv
D/CAAccData(  572): x: -9.956474 y: -0.50395286 z: -0.6946377
D/CAAccData(  572): x: -9.997335 y: -0.53119355 z: -0.7627395
D/CAAccData(  572): x: -10.038197 y: -0.50395286 z: -0.5720546
D/CAAccData(  572): x: -9.997335 y: -0.53119355 z: -0.46309182
D/CAAccData(  572): x: -9.956474 y: -0.5720546 z: -0.61291564
D/CAAccData(  572): x: -9.997335 y: -0.50395286 z: -0.6946377
D/CAAccData(  572): x: -9.956474 y: -0.5720546 z: -0.5720546
D/CAAccData(  572): x: -9.915613 y: -0.53119355 z: -0.53119355
D/CAAccData(  572): x: -10.038197 y: -0.50395286 z: -0.7218784
D/CAAccData(  572): x: -9.997335 y: -0.5720546 z: -0.7627395
D/CAAccData(  572): x: -10.079058 y: -0.50395286 z: -0.53119355
D/CAAccTime(  572): Tue Jun 22 09:41:55 Europe/Amsterdam 2010
D/CAAccData(  572): x: -9.997335 y: -0.50395286 z: -0.50395286
D/CrashAlert(  572): Handler :1
I/CrashAlert(  572): Status bleibt aktiv
D/CAAccData(  572): x: -9.997335 y: -0.53119355 z: -0.6946377
D/CAAccData(  572): x: -10.079058 y: -0.53119355 z: -0.8036005
D/CAAccData(  572): x: -10.038197 y: -0.50395286 z: -0.7218784
D/CAAccData(  572): x: -10.038197 y: -0.50395286 z: -0.5720546
D/CAAccData(  572): x: -9.956474 y: -0.53119355 z: -0.50395286
D/CAAccData(  572): x: -9.956474 y: -0.50395286 z: -0.7218784
D/LocationManagerService(  144): Acquired wakelock
I/CrashAlert(  572): ort geaendert 3.75
D/CrashAlertGPS(  572): 13.5
D/LocationManagerService(  144): Released wakelock
D/CAAccData(  572): x: -10.038197 y: -0.5720546 z: -0.8036005
D/CAAccData(  572): x: -9.956474 y: -0.5720546 z: -0.7627395
D/CAAccData(  572): x: -9.915613 y: -0.46309182 z: -0.7218784
D/CAAccData(  572): x: -9.956474 y: -0.53119355 z: -0.6537767
D/CAAccData(  572): x: -9.997335 y: -0.50395286 z: -0.5720546
D/CAAccData(  572): x: -9.956474 y: -0.50395286 z: -0.61291564
D/CrashAlert(  572): Handler :1
I/CrashAlert(  572): Status bleibt aktiv
D/CAAccData(  572): x: -9.997335 y: -0.53119355 z: -0.7218784
D/CAAccData(  572): x: -9.997335 y: -0.53119355 z: -0.7627395
D/CAAccData(  572): x: -10.079058 y: -0.5720546 z: -0.7218784
D/CAAccData(  572): x: -9.997335 y: -0.50395286 z: -0.61291564
D/CAAccData(  572): x: -9.956474 y: -0.50395286 z: -0.53119355
D/CAAccData(  572): x: -10.038197 y: -0.50395286 z: -0.50395286
D/CAAccData(  572): x: -9.956474 y: -0.53119355 z: -0.61291564
D/CAAccData(  572): x: -10.079058 y: -0.5720546 z: -0.7627395
D/CAAccData(  572): x: -10.119919 y: -0.53119355 z: -0.6537767
D/CAAccData(  572): x: -9.997335 y: -0.53119355 z: -0.53119355
D/CAAccData(  572): x: -9.997335 y: -0.5720546 z: -0.61291564
D/CAAccData(  572): x: -9.956474 y: -0.46309182 z: -0.14982383
D/CrashAlert(  572): Handler :1
I/CrashAlert(  572): Status bleibt aktiv
D/CAAccTime(  572): Tue Jun 22 09:41:56 Europe/Amsterdam 2010
D/CAAccData(  572): x: -9.915613 y: -0.53119355 z: -0.6946377
D/CAAccData(  572): x: -10.038197 y: -0.5720546 z: -0.5720546
D/CAAccData(  572): x: -9.915613 y: -0.46309182 z: -0.53119355
D/CAAccData(  572): x: -9.915613 y: -0.53119355 z: -0.7218784
D/CAAccData(  572): x: -9.956474 y: -0.53119355 z: -0.7627395
D/CAAccData(  572): x: -9.997335 y: -0.50395286 z: -0.7627395
D/CAAccData(  572): x: -10.038197 y: -0.50395286 z: -0.6537767
D/LocationManagerService(  144): Acquired wakelock
I/CrashAlert(  572): ort geaendert 3.75
D/CrashAlertGPS(  572): 13.5
D/LocationManagerService(  144): Released wakelock
D/CAAccData(  572): x: -9.915613 y: -0.50395286 z: -0.6537767
D/CAAccData(  572): x: -10.038197 y: -0.50395286 z: -0.53119355
D/CAAccData(  572): x: -9.915613 y: -0.46309182 z: -0.5720546
D/CAAccData(  572): x: -9.956474 y: -0.50395286 z: -0.6946377
D/CAAccData(  572): x: -9.997335 y: -0.46309182 z: -0.6946377
D/CrashAlert(  572): Handler :1
I/CrashAlert(  572): Status bleibt aktiv
D/CAAccData(  572): x: -9.997335 y: -0.46309182 z: -0.5720546
D/CAAccData(  572): x: -9.956474 y: -0.46309182 z: -0.0
D/CAAccData(  572): x: -10.038197 y: -0.46309182 z: -0.7218784
D/CAAccData(  572): x: -10.038197 y: -0.46309182 z: -0.6946377
D/CAAccData(  572): x: -10.079058 y: -0.50395286 z: -0.50395286
D/CAAccData(  572): x: -9.997335 y: -0.46309182 z: -0.6946377
D/CAAccData(  572): x: -9.997335 y: -0.53119355 z: -0.8036005
D/CAAccData(  572): x: -9.956474 y: -0.50395286 z: -0.6537767
D/CAAccData(  572): x: -9.956474 y: -0.61291564 z: -0.50395286
D/CAAccData(  572): x: -9.915613 y: -0.46309182 z: -0.5720546
D/CAAccData(  572): x: -9.915613 y: -0.46309182 z: -0.7218784
D/CrashAlert(  572): Handler :1
I/CrashAlert(  572): Status bleibt aktiv
D/CAAccTime(  572): Tue Jun 22 09:41:57 Europe/Amsterdam 2010
D/CAAccData(  572): x: -9.888372 y: -0.42223078 z: -0.6946377
D/CAAccData(  572): x: -9.956474 y: -0.53119355 z: -0.61291564
D/CAAccData(  572): x: -10.079058 y: -0.50395286 z: -0.6946377
D/CAAccData(  572): x: -10.079058 y: -0.50395286 z: -0.8036005
D/CAAccData(  572): x: -10.147159 y: -0.46309182 z: -0.6946377
D/CAAccData(  572): x: -10.038197 y: -0.50395286 z: -0.53119355
D/LocationManagerService(  144): Acquired wakelock
I/CrashAlert(  572): ort geaendert 3.75
D/CrashAlertGPS(  572): 13.5
D/LocationManagerService(  144): Released wakelock
D/CAAccData(  572): x: -9.956474 y: -0.46309182 z: -0.6946377
D/CAAccData(  572): x: -9.915613 y: -0.53119355 z: -0.8036005
D/CAAccData(  572): x: -9.915613 y: -0.46309182 z: -0.14982383
D/CAAccData(  572): x: -9.956474 y: -0.46309182 z: -0.7218784
D/CAAccData(  572): x: -9.956474 y: -0.46309182 z: -0.50395286
D/CAAccData(  572): x: -9.956474 y: -0.50395286 z: -0.53119355
D/CrashAlert(  572): Handler :1
I/CrashAlert(  572): Status bleibt aktiv
D/CAAccData(  572): x: -9.997335 y: -0.46309182 z: -0.6537767
D/CAAccData(  572): x: -9.997335 y: -0.50395286 z: -0.84446156
D/CAAccData(  572): x: -10.038197 y: -0.50395286 z: -0.7627395
D/CAAccData(  572): x: -10.038197 y: -0.46309182 z: -0.6537767
D/CAAccData(  572): x: -9.997335 y: -0.46309182 z: -0.0
D/CAAccData(  572): x: -9.956474 y: -0.50395286 z: -0.61291564
D/CAAccData(  572): x: -9.956474 y: -0.46309182 z: -0.14982383
D/CAAccData(  572): x: -9.915613 y: -0.42223078 z: -0.14982383
D/CAAccData(  572): x: -10.038197 y: -0.53119355 z: -0.53119355
D/CAAccData(  572): x: -9.997335 y: -0.46309182 z: -0.50395286
D/CAAccData(  572): x: -10.079058 y: -0.53119355 z: -0.7218784
D/CAAccData(  572): x: -10.079058 y: -0.50395286 z: -0.6946377
D/CrashAlert(  572): Handler :1
I/CrashAlert(  572): Status bleibt aktiv
D/CAAccData(  572): x: -9.997335 y: -0.42223078 z: -0.50395286
D/CAAccTime(  572): Tue Jun 22 09:41:58 Europe/Amsterdam 2010
D/CAAccData(  572): x: -9.956474 y: -0.42223078 z: -0.53119355
D/CAAccData(  572): x: -9.915613 y: -0.50395286 z: -0.7218784
D/CAAccData(  572): x: -9.956474 y: -0.50395286 z: -0.84446156
D/CAAccData(  572): x: -9.997335 y: -0.42223078 z: -0.8036005
D/CAAccData(  572): x: -10.038197 y: -0.46309182 z: -0.5720546
D/LocationManagerService(  144): Acquired wakelock
I/CrashAlert(  572): ort geaendert 3.75
D/CrashAlertGPS(  572): 13.5
D/LocationManagerService(  144): Released wakelock
D/CAAccData(  572): x: -9.997335 y: -0.50395286 z: -0.8036005
D/CAAccData(  572): x: -10.038197 y: -0.50395286 z: -0.7627395
D/CAAccData(  572): x: -10.079058 y: -0.46309182 z: -0.7218784
D/CAAccData(  572): x: -10.038197 y: -0.46309182 z: -0.53119355
D/CAAccData(  572): x: -9.997335 y: -0.46309182 z: -0.5720546
D/CrashAlert(  572): Handler :1
I/CrashAlert(  572): Status bleibt aktiv
D/CAAccData(  572): x: -9.956474 y: -0.50395286 z: -0.7627395
D/CAAccData(  572): x: -10.038197 y: -0.46309182 z: -0.0
D/CAAccData(  572): x: -10.038197 y: -0.46309182 z: -0.53119355
D/CAAccData(  572): x: -9.956474 y: -0.50395286 z: -0.6946377
D/CAAccData(  572): x: -9.997335 y: -0.50395286 z: -0.8036005
D/CAAccData(  572): x: -10.119919 y: -0.46309182 z: -0.7218784
D/CAAccData(  572): x: -9.956474 y: -0.50395286 z: -0.61291564
D/CAAccData(  572): x: -10.079058 y: -0.53119355 z: -0.6946377
D/CAAccData(  572): x: -9.956474 y: -0.42223078 z: -0.8036005
D/CAAccData(  572): x: -9.956474 y: -0.42223078 z: -0.5720546
D/CAAccData(  572): x: -10.038197 y: -0.53119355 z: -0.46309182
D/CAAccData(  572): x: -9.997335 y: -0.46309182 z: -0.6946377
D/CrashAlert(  572): Handler :1
I/CrashAlert(  572): Status bleibt aktiv
D/CAAccData(  572): x: -9.956474 y: -0.42223078 z: -0.14982383
D/CAAccTime(  572): Tue Jun 22 09:41:59 Europe/Amsterdam 2010
D/CAAccData(  572): x: -10.119919 y: -0.46309182 z: -0.53119355
D/CAAccData(  572): x: -9.997335 y: -0.46309182 z: -0.6946377
D/CAAccData(  572): x: -9.915613 y: -0.42223078 z: -0.8036005
D/CAAccData(  572): x: -10.079058 y: -0.50395286 z: -0.7627395
D/CAAccData(  572): x: -9.956474 y: -0.50395286 z: -0.6946377
D/LocationManagerService(  144): Acquired wakelock
I/CrashAlert(  572): ort geaendert 3.75
D/CrashAlertGPS(  572): 13.5
D/LocationManagerService(  144): Released wakelock
D/CAAccData(  572): x: -9.997335 y: -0.42223078 z: -0.0
D/CAAccData(  572): x: -10.079058 y: -0.46309182 z: -0.53119355
D/CAAccData(  572): x: -10.079058 y: -0.50395286 z: -0.50395286
D/CAAccData(  572): x: -10.038197 y: -0.46309182 z: -0.6946377
D/CAAccData(  572): x: -10.079058 y: -0.46309182 z: -0.8036005
D/CrashAlert(  572): Handler :1
I/CrashAlert(  572): Status bleibt aktiv
D/CAAccData(  572): x: -9.956474 y: -0.42223078 z: -0.6537767
D/CAAccData(  572): x: -9.997335 y: -0.46309182 z: -0.7218784
D/CAAccData(  572): x: -10.038197 y: -0.46309182 z: -0.6537767
D/CAAccData(  572): x: -9.915613 y: -0.42223078 z: -0.6946377
D/CAAccData(  572): x: -9.956474 y: -0.42223078 z: -0.7218784
D/CAAccData(  572): x: -10.038197 y: -0.46309182 z: -0.6946377
D/CAAccData(  572): x: -10.038197 y: -0.42223078 z: -0.5720546
D/CAAccData(  572): x: -9.997335 y: -0.42223078 z: -0.5720546
D/CAAccData(  572): x: -9.915613 y: -0.46309182 z: -0.50395286
D/dalvikvm(  572): GC freed 8380 objects / 522480 bytes in 118ms
D/CAAccData(  572): x: -10.038197 y: -0.50395286 z: -0.6946377
D/CAAccData(  572): x: -9.997335 y: -0.50395286 z: -0.7627395
D/CAAccData(  572): x: -9.956474 y: -0.46309182 z: -0.14982383
D/CAAccData(  572): x: -9.997335 y: -0.46309182 z: -0.7218784
D/CAAccData(  572): x: -10.079058 y: -0.42223078 z: -0.6537767
D/CrashAlert(  572): Handler :1
I/CrashAlert(  572): Status bleibt aktiv
D/CAAccData(  572): x: -9.997335 y: -0.46309182 z: -0.0
D/CAAccData(  572): x: -10.079058 y: -0.46309182 z: -0.50395286
D/CAAccTime(  572): Tue Jun 22 09:42:00 Europe/Amsterdam 2010
D/CAAccData(  572): x: -10.079058 y: -0.46309182 z: -0.42223078
D/CAAccData(  572): x: -10.038197 y: -0.50395286 z: -0.50395286
D/CAAccData(  572): x: -10.038197 y: -0.46309182 z: -0.6946377
D/CAAccData(  572): x: -10.079058 y: -0.46309182 z: -0.6537767
D/LocationManagerService(  144): Acquired wakelock
I/CrashAlert(  572): ort geaendert 3.75
D/CrashAlertGPS(  572): 13.5
D/LocationManagerService(  144): Released wakelock
D/CAAccData(  572): x: -9.956474 y: -0.46309182 z: -0.6537767
D/CAAccData(  572): x: -9.997335 y: -0.42223078 z: -0.0
D/CAAccData(  572): x: -9.956474 y: -0.46309182 z: -0.53119355
D/CAAccData(  572): x: -9.956474 y: -0.46309182 z: -0.0
D/CAAccData(  572): x: -9.997335 y: -0.46309182 z: -0.14982383
D/CrashAlert(  572): Handler :1
I/CrashAlert(  572): Status bleibt aktiv
D/CAAccData(  572): x: -10.079058 y: -0.50395286 z: -0.7627395
D/CAAccData(  572): x: -10.079058 y: -0.46309182 z: -0.50395286
D/CAAccData(  572): x: -9.997335 y: -0.42223078 z: -0.50395286
D/CAAccData(  572): x: -10.038197 y: -0.46309182 z: -0.6537767
D/CAAccData(  572): x: -10.038197 y: -0.50395286 z: -0.6537767
D/CAAccData(  572): x: -10.038197 y: -0.50395286 z: -0.42223078
D/CAAccData(  572): x: -9.956474 y: -0.46309182 z: -0.5720546
D/CAAccData(  572): x: -9.915613 y: -0.42223078 z: -0.6537767
D/CAAccData(  572): x: -10.079058 y: -0.53119355 z: -0.7218784
D/CAAccData(  572): x: -10.079058 y: -0.50395286 z: -0.6946377
D/CAAccData(  572): x: -9.956474 y: -0.46309182 z: -0.0
D/CAAccData(  572): x: -9.997335 y: -0.50395286 z: -0.6537767
D/CrashAlert(  572): Handler :1
I/CrashAlert(  572): Status bleibt aktiv
D/CAAccData(  572): x: -10.038197 y: -0.50395286 z: -0.8036005
D/CAAccData(  572): x: -9.997335 y: -0.46309182 z: -0.0
D/CAAccData(  572): x: -9.915613 y: -0.42223078 z: -0.50395286
D/CAAccTime(  572): Tue Jun 22 09:42:01 Europe/Amsterdam 2010
D/CAAccData(  572): x: -9.915613 y: -0.42223078 z: -0.0
D/CAAccData(  572): x: -9.997335 y: -0.46309182 z: -0.7218784
D/CAAccData(  572): x: -10.079058 y: -0.46309182 z: -0.5720546
D/LocationManagerService(  144): Acquired wakelock
I/CrashAlert(  572): ort geaendert 3.75
D/CrashAlertGPS(  572): 13.5
D/LocationManagerService(  144): Released wakelock
D/CAAccData(  572): x: -10.038197 y: -0.50395286 z: -0.61291564
D/CAAccData(  572): x: -10.038197 y: -0.46309182 z: -0.7218784
D/CAAccData(  572): x: -10.038197 y: -0.42223078 z: -0.14982383
D/CAAccData(  572): x: -9.956474 y: -0.50395286 z: -0.7627395
D/CAAccData(  572): x: -10.038197 y: -0.46309182 z: -0.5720546
D/CAAccData(  572): x: -9.956474 y: -0.42223078 z: -0.53119355
D/CrashAlert(  572): Handler :1
I/CrashAlert(  572): Status bleibt aktiv
D/CAAccData(  572): x: -9.956474 y: -0.46309182 z: -0.14982383
D/CAAccData(  572): x: -9.915613 y: -0.50395286 z: -0.7627395
D/CAAccData(  572): x: -10.038197 y: -0.46309182 z: -0.5720546
D/CAAccData(  572): x: -10.147159 y: -0.50395286 z: -0.53119355
D/CAAccData(  572): x: -10.038197 y: -0.50395286 z: -0.5720546
D/CAAccData(  572): x: -10.038197 y: -0.53119355 z: -0.61291564
D/CAAccData(  572): x: -10.038197 y: -0.46309182 z: -0.6537767
D/CAAccData(  572): x: -9.956474 y: -0.42223078 z: -0.14982383
D/CAAccData(  572): x: -9.956474 y: -0.46309182 z: -0.6537767
D/CAAccData(  572): x: -9.915613 y: -0.42223078 z: -0.5720546
D/CAAccData(  572): x: -9.915613 y: -0.46309182 z: -0.53119355
D/CAAccData(  572): x: -9.888372 y: -0.42223078 z: -0.6537767
D/CAAccData(  572): x: -9.956474 y: -0.46309182 z: -0.8036005
D/CrashAlert(  572): Handler :1
I/CrashAlert(  572): Status bleibt aktiv
D/CAAccData(  572): x: -10.079058 y: -0.46309182 z: -0.84446156
D/CAAccData(  572): x: -10.119919 y: -0.50395286 z: -0.6946377
D/CAAccData(  572): x: -10.079058 y: -0.46309182 z: -0.5720546
D/CAAccTime(  572): Tue Jun 22 09:42:02 Europe/Amsterdam 2010
D/CAAccData(  572): x: -9.997335 y: -0.42223078 z: -0.5720546
D/CAAccData(  572): x: -9.956474 y: -0.46309182 z: -0.7218784
D/CAAccData(  572): x: -9.997335 y: -0.50395286 z: -0.7218784
D/LocationManagerService(  144): Acquired wakelock
I/CrashAlert(  572): ort geaendert 3.5
D/CrashAlertGPS(  572): 12.599999
D/LocationManagerService(  144): Released wakelock
D/CAAccData(  572): x: -9.956474 y: -0.46309182 z: -0.8036005
D/CAAccData(  572): x: -9.915613 y: -0.50395286 z: -0.53119355
D/CAAccData(  572): x: -9.956474 y: -0.61291564 z: -0.5720546
D/CAAccData(  572): x: -9.915613 y: -0.46309182 z: -0.6946377
D/CAAccData(  572): x: -9.956474 y: -0.46309182 z: -0.8036005
D/CAAccData(  572): x: -9.997335 y: -0.42223078 z: -0.8036005
D/CrashAlert(  572): Handler :1
I/CrashAlert(  572): Status bleibt aktiv
D/CAAccData(  572): x: -9.997335 y: -0.50395286 z: -0.8036005
D/CAAccData(  572): x: -9.997335 y: -0.42223078 z: -0.6946377
D/CAAccData(  572): x: -9.956474 y: -0.38136974 z: -0.0
D/CAAccData(  572): x: -9.997335 y: -0.50395286 z: -0.6946377
D/CAAccData(  572): x: -9.997335 y: -0.53119355 z: -0.8036005
D/CAAccData(  572): x: -10.038197 y: -0.46309182 z: -0.8036005
D/CAAccData(  572): x: -10.079058 y: -0.50395286 z: -0.8036005
D/CAAccData(  572): x: -10.079058 y: -0.53119355 z: -0.6537767
D/CAAccData(  572): x: -10.038197 y: -0.50395286 z: -0.6537767
D/CAAccData(  572): x: -9.997335 y: -0.53119355 z: -0.7218784
D/CAAccData(  572): x: -9.915613 y: -0.50395286 z: -0.84446156
D/CAAccData(  572): x: -9.956474 y: -0.53119355 z: -0.84446156
D/CAAccData(  572): x: -9.915613 y: -0.46309182 z: -0.7218784
D/CrashAlert(  572): Handler :1
I/CrashAlert(  572): Status bleibt aktiv
D/CAAccData(  572): x: -9.915613 y: -0.46309182 z: -0.5720546
D/CAAccData(  572): x: -9.915613 y: -0.46309182 z: -0.46309182
D/CAAccData(  572): x: -9.915613 y: -0.42223078 z: -0.0
D/CAAccData(  572): x: -9.915613 y: -0.46309182 z: -0.6946377
D/CAAccTime(  572): Tue Jun 22 09:42:03 Europe/Amsterdam 2010
D/CAAccData(  572): x: -9.997335 y: -0.50395286 z: -0.8036005
D/CAAccData(  572): x: -9.997335 y: -0.46309182 z: -0.84446156
D/CAAccData(  572): x: -9.997335 y: -0.46309182 z: -0.8036005
D/LocationManagerService(  144): Acquired wakelock
I/CrashAlert(  572): ort geaendert 3.5
D/CrashAlertGPS(  572): 12.599999
D/LocationManagerService(  144): Released wakelock
D/CAAccData(  572): x: -9.915613 y: -0.46309182 z: -0.8036005
D/CAAccData(  572): x: -9.997335 y: -0.42223078 z: -0.7218784
D/CAAccData(  572): x: -9.956474 y: -0.42223078 z: -0.5720546
D/CAAccData(  572): x: -9.956474 y: -0.50395286 z: -0.61291564
D/CAAccData(  572): x: -9.997335 y: -0.46309182 z: -0.14982383
D/CrashAlert(  572): Handler :1
I/CrashAlert(  572): Status bleibt aktiv
D/CAAccData(  572): x: -10.038197 y: -0.46309182 z: -0.7218784
D/CAAccData(  572): x: -10.038197 y: -0.46309182 z: -0.0
D/CAAccData(  572): x: -9.997335 y: -0.46309182 z: -0.6537767
D/CAAccData(  572): x: -10.038197 y: -0.50395286 z: -0.84446156
D/CAAccData(  572): x: -10.038197 y: -0.46309182 z: -0.8036005
D/CAAccData(  572): x: -9.997335 y: -0.50395286 z: -0.6946377
D/CAAccData(  572): x: -9.997335 y: -0.50395286 z: -0.7218784
D/CAAccData(  572): x: -9.956474 y: -0.46309182 z: -0.14982383
D/CAAccData(  572): x: -9.997335 y: -0.50395286 z: -0.7218784
D/CAAccData(  572): x: -10.038197 y: -0.50395286 z: -0.61291564
D/CAAccData(  572): x: -9.956474 y: -0.42223078 z: -0.42223078
D/CAAccData(  572): x: -9.956474 y: -0.50395286 z: -0.53119355
D/CrashAlert(  572): Handler :1
I/CrashAlert(  572): Status bleibt aktiv
D/CAAccData(  572): x: -9.956474 y: -0.46309182 z: -0.7218784
D/CAAccData(  572): x: -10.038197 y: -0.50395286 z: -0.84446156
D/CAAccData(  572): x: -10.119919 y: -0.46309182 z: -0.14982383
D/CAAccData(  572): x: -9.997335 y: -0.46309182 z: -0.5720546
D/CAAccData(  572): x: -9.915613 y: -0.42223078 z: -0.0
D/CAAccTime(  572): Tue Jun 22 09:42:04 Europe/Amsterdam 2010
D/CAAccData(  572): x: -9.956474 y: -0.50395286 z: -0.8036005
D/LocationManagerService(  144): Acquired wakelock
I/CrashAlert(  572): ort geaendert 3.5
D/CrashAlertGPS(  572): 12.599999
D/LocationManagerService(  144): Released wakelock
D/CAAccData(  572): x: -9.915613 y: -0.50395286 z: -0.6537767
D/CAAccData(  572): x: -9.915613 y: -0.46309182 z: -0.8036005
D/CAAccData(  572): x: -9.956474 y: -0.42223078 z: -0.84446156
D/CAAccData(  572): x: -9.997335 y: -0.50395286 z: -0.7218784
D/CAAccData(  572): x: -10.038197 y: -0.50395286 z: -0.6537767
D/CAAccData(  572): x: -10.079058 y: -0.42223078 z: -0.0
D/CrashAlert(  572): Handler :1
I/CrashAlert(  572): Status bleibt aktiv
D/CAAccData(  572): x: -10.119919 y: -0.53119355 z: -0.6537767
D/CAAccData(  572): x: -10.079058 y: -0.50395286 z: -0.7627395
D/CAAccData(  572): x: -9.997335 y: -0.46309182 z: -0.8036005
D/CAAccData(  572): x: -9.997335 y: -0.46309182 z: -0.14982383
D/CAAccData(  572): x: -10.038197 y: -0.46309182 z: -0.6537767
D/CAAccData(  572): x: -9.888372 y: -0.42223078 z: -0.50395286
D/CAAccData(  572): x: -9.915613 y: -0.42223078 z: -0.5720546
D/CAAccData(  572): x: -9.915613 y: -0.46309182 z: -0.5720546
D/dalvikvm(  209): GC freed 30 objects / 1864 bytes in 144ms
D/CAAccData(  572): x: -10.038197 y: -0.50395286 z: -0.61291564
D/CAAccData(  572): x: -10.038197 y: -0.50395286 z: -0.6946377
D/CAAccData(  572): x: -10.038197 y: -0.46309182 z: -0.84446156
D/CAAccData(  572): x: -9.956474 y: -0.50395286 z: -0.84446156
D/CrashAlert(  572): Handler :1
I/CrashAlert(  572): Status bleibt aktiv
D/CAAccData(  572): x: -9.915613 y: -0.50395286 z: -0.8036005
D/CAAccData(  572): x: -9.997335 y: -0.50395286 z: -0.7218784
D/CAAccData(  572): x: -9.956474 y: -0.46309182 z: -0.6537767
D/CAAccData(  572): x: -9.956474 y: -0.46309182 z: -0.6946377
D/CAAccData(  572): x: -9.997335 y: -0.42223078 z: -0.8036005
D/CAAccTime(  572): Tue Jun 22 09:42:05 Europe/Amsterdam 2010
D/CAAccData(  572): x: -10.079058 y: -0.42223078 z: -0.0
D/LocationManagerService(  144): Acquired wakelock
I/CrashAlert(  572): ort geaendert 3.5
D/CrashAlertGPS(  572): 12.599999
D/LocationManagerService(  144): Released wakelock
D/CAAccData(  572): x: -10.038197 y: -0.46309182 z: -0.5720546
D/CAAccData(  572): x: -10.079058 y: -0.46309182 z: -0.5720546
D/CAAccData(  572): x: -10.038197 y: -0.50395286 z: -0.6537767
D/CAAccData(  572): x: -10.038197 y: -0.50395286 z: -0.7218784
D/CAAccData(  572): x: -9.956474 y: -0.46309182 z: -0.84446156
D/CAAccData(  572): x: -9.997335 y: -0.46309182 z: -0.8036005
D/CrashAlert(  572): Handler :1
I/CrashAlert(  572): Status bleibt aktiv
D/CAAccData(  572): x: -9.915613 y: -0.46309182 z: -0.14982383
D/CAAccData(  572): x: -9.915613 y: -0.46309182 z: -0.6946377
D/CAAccData(  572): x: -9.997335 y: -0.46309182 z: -0.5720546
D/CAAccData(  572): x: -9.997335 y: -0.53119355 z: -0.53119355
D/CAAccData(  572): x: -9.997335 y: -0.50395286 z: -0.6946377
D/CAAccData(  572): x: -9.997335 y: -0.46309182 z: -0.14982383
D/CAAccData(  572): x: -10.038197 y: -0.50395286 z: -0.84446156
D/CAAccData(  572): x: -10.079058 y: -0.53119355 z: -0.7627395
D/CAAccData(  572): x: -10.038197 y: -0.50395286 z: -0.6537767
D/CAAccData(  572): x: -10.038197 y: -0.50395286 z: -0.5720546
D/CAAccData(  572): x: -9.997335 y: -0.46309182 z: -0.53119355
D/CAAccData(  572): x: -9.956474 y: -0.46309182 z: -0.5720546
D/CAAccData(  572): x: -9.915613 y: -0.53119355 z: -0.6537767
D/CrashAlert(  572): Handler :1
I/CrashAlert(  572): Status bleibt aktiv
D/CAAccData(  572): x: -9.915613 y: -0.42223078 z: -0.14982383
D/CAAccData(  572): x: -9.997335 y: -0.50395286 z: -0.84446156
D/CAAccData(  572): x: -9.997335 y: -0.46309182 z: -0.8036005
D/CAAccData(  572): x: -10.079058 y: -0.42223078 z: -0.7218784
D/CAAccData(  572): x: -10.079058 y: -0.42223078 z: -0.6537767
D/CAAccData(  572): x: -10.119919 y: -0.46309182 z: -0.5720546
D/CAAccData(  572): x: -10.119919 y: -0.46309182 z: -0.53119355
D/LocationManagerService(  144): Acquired wakelock
I/CrashAlert(  572): ort geaendert 3.7831864
D/CrashAlertGPS(  572): 13.619471
D/LocationManagerService(  144): Released wakelock
D/CAAccTime(  572): Tue Jun 22 09:42:06 Europe/Amsterdam 2010
D/dalvikvm(  572): GC freed 8392 objects / 524560 bytes in 109ms
D/CAAccData(  572): x: -10.079058 y: -0.46309182 z: -0.46309182
D/CAAccData(  572): x: -9.997335 y: -0.46309182 z: -0.53119355
D/CAAccData(  572): x: -9.915613 y: -0.46309182 z: -0.53119355
D/CAAccData(  572): x: -9.997335 y: -0.46309182 z: -0.42223078
D/CAAccData(  572): x: -9.915613 y: -0.42223078 z: -0.50395286
D/CAAccData(  572): x: -9.956474 y: -0.46309182 z: -0.7218784
D/CrashAlert(  572): Handler :1
I/CrashAlert(  572): Status bleibt aktiv
D/CAAccData(  572): x: -9.956474 y: -0.46309182 z: -0.14982383
D/CAAccData(  572): x: -9.956474 y: -0.46309182 z: -0.6946377
D/CAAccData(  572): x: -10.079058 y: -0.46309182 z: -0.0
D/CAAccData(  572): x: -10.119919 y: -0.53119355 z: -0.5720546
D/CAAccData(  572): x: -10.079058 y: -0.46309182 z: -0.50395286
D/CAAccData(  572): x: -10.038197 y: -0.46309182 z: -0.53119355
D/CAAccData(  572): x: -9.997335 y: -0.50395286 z: -0.61291564
D/CAAccData(  572): x: -9.997335 y: -0.46309182 z: -0.14982383
D/CAAccData(  572): x: -9.956474 y: -0.50395286 z: -0.7627395
D/CAAccData(  572): x: -9.997335 y: -0.46309182 z: -0.6946377
D/CAAccData(  572): x: -9.997335 y: -0.46309182 z: -0.0
D/CAAccData(  572): x: -9.956474 y: -0.50395286 z: -0.5720546
D/CAAccData(  572): x: -9.997335 y: -0.46309182 z: -0.50395286
D/CAAccData(  572): x: -9.956474 y: -0.42223078 z: -0.53119355
D/CrashAlert(  572): Handler :1
I/CrashAlert(  572): Status bleibt aktiv
D/CAAccData(  572): x: -9.997335 y: -0.50395286 z: -0.53119355
D/CAAccData(  572): x: -9.997335 y: -0.50395286 z: -0.5720546
D/CAAccData(  572): x: -9.997335 y: -0.42223078 z: -0.0
D/CAAccData(  572): x: -9.997335 y: -0.53119355 z: -0.6946377
D/CAAccData(  572): x: -10.038197 y: -0.46309182 z: -0.6946377
D/CAAccData(  572): x: -10.038197 y: -0.42223078 z: -0.6537767
D/CAAccData(  572): x: -9.956474 y: -0.42223078 z: -0.5720546
D/LocationManagerService(  144): Acquired wakelock
I/CrashAlert(  572): ort geaendert 3.5
D/CrashAlertGPS(  572): 12.599999
D/LocationManagerService(  144): Released wakelock
D/CAAccTime(  572): Tue Jun 22 09:42:07 Europe/Amsterdam 2010
D/CAAccData(  572): x: -9.997335 y: -0.46309182 z: -0.53119355
D/CAAccData(  572): x: -9.956474 y: -0.50395286 z: -0.53119355
D/CAAccData(  572): x: -9.997335 y: -0.42223078 z: -0.46309182
D/CAAccData(  572): x: -10.038197 y: -0.46309182 z: -0.0
D/CAAccData(  572): x: -10.038197 y: -0.50395286 z: -0.6537767
D/CrashAlert(  572): Handler :1
I/CrashAlert(  572): Status bleibt aktiv
D/CAAccData(  572): x: -10.038197 y: -0.42223078 z: -0.6946377
D/CAAccData(  572): x: -10.079058 y: -0.50395286 z: -0.61291564
D/CAAccData(  572): x: -10.038197 y: -0.46309182 z: -0.5720546
D/CAAccData(  572): x: -10.038197 y: -0.46309182 z: -0.42223078
D/CAAccData(  572): x: -9.997335 y: -0.46309182 z: -0.53119355
D/CAAccData(  572): x: -9.888372 y: -0.50395286 z: -0.6946377
D/CAAccData(  572): x: -9.956474 y: -0.46309182 z: -0.6946377
D/CAAccData(  572): x: -9.956474 y: -0.50395286 z: -0.7218784
D/CAAccData(  572): x: -9.956474 y: -0.50395286 z: -0.6946377
D/CAAccData(  572): x: -9.997335 y: -0.42223078 z: -0.5720546
D/CAAccData(  572): x: -9.997335 y: -0.46309182 z: -0.53119355
D/CAAccData(  572): x: -9.956474 y: -0.46309182 z: -0.5720546
D/CAAccData(  572): x: -10.038197 y: -0.42223078 z: -0.6537767
D/CrashAlert(  572): Handler :1
I/CrashAlert(  572): Status bleibt aktiv
D/CAAccData(  572): x: -10.038197 y: -0.50395286 z: -0.6537767
D/CAAccData(  572): x: -9.956474 y: -0.46309182 z: -0.6946377
D/CAAccData(  572): x: -10.038197 y: -0.46309182 z: -0.0
D/CAAccData(  572): x: -9.997335 y: -0.46309182 z: -0.5720546
D/CAAccData(  572): x: -9.997335 y: -0.42223078 z: -0.50395286
D/CAAccData(  572): x: -9.997335 y: -0.46309182 z: -0.50395286
D/LocationManagerService(  144): Acquired wakelock
I/CrashAlert(  572): ort geaendert 3.25
D/CrashAlertGPS(  572): 11.7
D/LocationManagerService(  144): Released wakelock
D/CAAccData(  572): x: -9.956474 y: -0.46309182 z: -0.6537767
D/CAAccTime(  572): Tue Jun 22 09:42:08 Europe/Amsterdam 2010
D/CAAccData(  572): x: -9.915613 y: -0.42223078 z: -0.6537767
D/CAAccData(  572): x: -9.997335 y: -0.46309182 z: -0.7218784
D/CAAccData(  572): x: -10.079058 y: -0.50395286 z: -0.6946377
D/CAAccData(  572): x: -10.079058 y: -0.46309182 z: -0.0
D/CAAccData(  572): x: -10.079058 y: -0.46309182 z: -0.53119355
D/CAAccData(  572): x: -10.119919 y: -0.50395286 z: -0.50395286
D/CrashAlert(  572): Handler :1
I/CrashAlert(  572): Status bleibt aktiv
D/CAAccData(  572): x: -10.079058 y: -0.42223078 z: -0.50395286
D/CAAccData(  572): x: -10.038197 y: -0.50395286 z: -0.50395286
D/CAAccData(  572): x: -10.038197 y: -0.46309182 z: -0.53119355
D/CAAccData(  572): x: -9.997335 y: -0.50395286 z: -0.5720546
D/CAAccData(  572): x: -9.997335 y: -0.50395286 z: -0.6537767
D/CAAccData(  572): x: -10.038197 y: -0.46309182 z: -0.6537767
D/CAAccData(  572): x: -9.915613 y: -0.50395286 z: -0.6537767
D/CAAccData(  572): x: -9.915613 y: -0.46309182 z: -0.6946377
D/CAAccData(  572): x: -9.888372 y: -0.42223078 z: -0.0
D/CAAccData(  572): x: -9.956474 y: -0.50395286 z: -0.53119355
D/CAAccData(  572): x: -9.888372 y: -0.46309182 z: -0.0
D/CAAccData(  572): x: -9.915613 y: -0.46309182 z: -0.6537767
D/CAAccData(  572): x: -9.915613 y: -0.46309182 z: -0.6946377
D/CrashAlert(  572): Handler :1
I/CrashAlert(  572): Status bleibt aktiv
D/CAAccData(  572): x: -9.997335 y: -0.46309182 z: -0.7218784
D/CAAccData(  572): x: -10.038197 y: -0.46309182 z: -0.6946377
D/CAAccData(  572): x: -10.038197 y: -0.42223078 z: -0.6946377
D/CAAccData(  572): x: -10.038197 y: -0.50395286 z: -0.6537767
D/CAAccData(  572): x: -10.079058 y: -0.46309182 z: -0.5720546
D/CAAccData(  572): x: -10.038197 y: -0.46309182 z: -0.50395286
D/CAAccData(  572): x: -10.079058 y: -0.50395286 z: -0.50395286
D/LocationManagerService(  144): Acquired wakelock
I/CrashAlert(  572): ort geaendert 3.25
D/CrashAlertGPS(  572): 11.7
D/LocationManagerService(  144): Released wakelock
D/CAAccData(  572): x: -10.038197 y: -0.50395286 z: -0.50395286
D/CAAccTime(  572): Tue Jun 22 09:42:09 Europe/Amsterdam 2010
D/CAAccData(  572): x: -10.038197 y: -0.50395286 z: -0.53119355
D/CAAccData(  572): x: -9.997335 y: -0.38136974 z: -0.6537767
D/CAAccData(  572): x: -10.038197 y: -0.50395286 z: -0.7218784
D/CAAccData(  572): x: -9.997335 y: -0.46309182 z: -0.8036005
D/CAAccData(  572): x: -10.038197 y: -0.50395286 z: -0.7627395
D/CrashAlert(  572): Handler :1
I/CrashAlert(  572): Status bleibt aktiv
D/CAAccData(  572): x: -9.997335 y: -0.46309182 z: -0.6537767
D/CAAccData(  572): x: -9.997335 y: -0.46309182 z: -0.0
D/CAAccData(  572): x: -9.997335 y: -0.50395286 z: -0.61291564
D/CAAccData(  572): x: -9.956474 y: -0.46309182 z: -0.7218784
D/CAAccData(  572): x: -9.956474 y: -0.50395286 z: -0.8036005
D/CAAccData(  572): x: -9.956474 y: -0.46309182 z: -0.84446156
D/CAAccData(  572): x: -9.956474 y: -0.50395286 z: -0.7218784
D/CAAccData(  572): x: -9.956474 y: -0.46309182 z: -0.6537767
D/CAAccData(  572): x: -10.038197 y: -0.46309182 z: -0.0
D/CAAccData(  572): x: -10.038197 y: -0.46309182 z: -0.14982383
D/CAAccData(  572): x: -9.997335 y: -0.42223078 z: -0.84446156
D/CAAccData(  572): x: -9.997335 y: -0.50395286 z: -0.7218784
D/CAAccData(  572): x: -10.038197 y: -0.42223078 z: -0.0
D/CrashAlert(  572): Handler :1
I/CrashAlert(  572): Status bleibt aktiv
D/CAAccData(  572): x: -9.997335 y: -0.46309182 z: -0.0
D/CAAccData(  572): x: -9.956474 y: -0.46309182 z: -0.14982383
D/CAAccData(  572): x: -9.997335 y: -0.46309182 z: -0.88532263
D/CAAccData(  572): x: -10.038197 y: -0.46309182 z: -0.6946377
D/CAAccData(  572): x: -10.038197 y: -0.46309182 z: -0.5720546
D/CAAccData(  572): x: -9.997335 y: -0.50395286 z: -0.7627395
I/CrashAlert(  572): ort geaendert 3.25
D/CrashAlertGPS(  572): 11.7
D/LocationManagerService(  144): Acquired wakelock
D/LocationManagerService(  144): Released wakelock
D/CAAccTime(  572): Tue Jun 22 09:42:10 Europe/Amsterdam 2010
D/CAAccData(  572): x: -9.997335 y: -0.50395286 z: -0.7218784
D/CAAccData(  572): x: -9.956474 y: -0.46309182 z: -0.0
D/CAAccData(  572): x: -9.915613 y: -0.46309182 z: -0.7218784
D/CAAccData(  572): x: -10.038197 y: -0.50395286 z: -0.84446156
D/CAAccData(  572): x: -9.956474 y: -0.46309182 z: -0.7218784
D/CrashAlert(  572): Handler :1
I/CrashAlert(  572): Status bleibt aktiv
D/CAAccData(  572): x: -9.956474 y: -0.42223078 z: -0.7218784
D/CAAccData(  572): x: -9.915613 y: -0.50395286 z: -0.88532263
D/CAAccData(  572): x: -9.956474 y: -0.61291564 z: -0.8036005
D/CAAccData(  572): x: -9.956474 y: -0.50395286 z: -0.88532263
D/CAAccData(  572): x: -9.956474 y: -0.46309182 z: -0.6946377
D/CAAccData(  572): x: -9.956474 y: -0.46309182 z: -0.6537767
D/CAAccData(  572): x: -9.956474 y: -0.50395286 z: -0.7218784
D/CAAccData(  572): x: -9.997335 y: -0.46309182 z: -0.84446156
D/CAAccData(  572): x: -9.997335 y: -0.46309182 z: -0.8036005
D/CAAccData(  572): x: -10.079058 y: -0.42223078 z: -0.0
D/CAAccData(  572): x: -9.915613 y: -0.46309182 z: -0.0
D/CAAccData(  572): x: -9.956474 y: -0.50395286 z: -0.8036005
D/CrashAlert(  572): Handler :1
I/CrashAlert(  572): Status bleibt aktiv
D/CAAccData(  572): x: -9.997335 y: -0.46309182 z: -0.84446156
D/CAAccData(  572): x: -10.038197 y: -0.46309182 z: -0.14982383
D/CAAccData(  572): x: -9.997335 y: -0.46309182 z: -0.6537767
D/CAAccData(  572): x: -9.997335 y: -0.53119355 z: -0.7627395
D/CAAccData(  572): x: -10.038197 y: -0.46309182 z: -0.313268
D/CAAccData(  572): x: -9.956474 y: -0.50395286 z: -0.8036005
D/LocationManagerService(  144): Acquired wakelock
I/CrashAlert(  572): ort geaendert 3.25
D/CrashAlertGPS(  572): 11.7
D/LocationManagerService(  144): Released wakelock
D/CAAccData(  572): x: -9.956474 y: -0.46309182 z: -0.7218784
D/CAAccTime(  572): Tue Jun 22 09:42:11 Europe/Amsterdam 2010
D/CAAccData(  572): x: -9.956474 y: -0.50395286 z: -0.7218784
D/CAAccData(  572): x: -9.888372 y: -0.50395286 z: -0.8036005
D/CAAccData(  572): x: -9.915613 y: -0.50395286 z: -0.88532263
D/CAAccData(  572): x: -9.997335 y: -0.46309182 z: -0.88532263
D/CrashAlert(  572): Handler :1
I/CrashAlert(  572): Status bleibt aktiv
D/CAAccData(  572): x: -9.997335 y: -0.46309182 z: -0.7218784
D/CAAccData(  572): x: -9.956474 y: -0.42223078 z: -0.6537767
D/CAAccData(  572): x: -9.915613 y: -0.50395286 z: -0.8036005
D/CAAccData(  572): x: -9.956474 y: -0.50395286 z: -0.88532263
D/CAAccData(  572): x: -9.997335 y: -0.50395286 z: -0.6946377
D/CAAccData(  572): x: -10.038197 y: -0.50395286 z: -0.6537767
D/CAAccData(  572): x: -9.997335 y: -0.46309182 z: -0.7218784
D/CAAccData(  572): x: -10.038197 y: -0.50395286 z: -0.8036005
D/CAAccData(  572): x: -10.038197 y: -0.46309182 z: -0.14982383
