D/NetworkLocationProvider(  145): onCellLocationChanged [-1,-1]
D/NetworkLocationProvider(  145): onDataConnectionStateChanged 0
I/ActivityThread(  403): Publishing provider media: com.android.providers.media.MediaProvider
D/Jerry   (  240): cursor >android.content.ContentResolver$CursorWrapperInner@4549be30
D/Jerry   (  240): MessagesCustomizeReceiver columnIndex=2 data length=1344
V/MediaProvider(  403): Attached volume: internal
D/CrashAlert(  391): Handler :4711
V/MediaProvider(  403): /sdcard volume ID: -940837170
D/PendingMsgSendReceiverRegister(  240): mRegister is null
D/PendingMsgSendReceiverRegister(  240): register >>>>>>>>>>
D/PendingMsgSendReceiverRegister(  240): start to register receiver
V/MediaProvider(  403): Attached volume: external
I/ActivityThread(  403): Publishing provider downloads: com.android.providers.downloads.DownloadProvider
D/PendingMsgSendReceiverRegister(  240): register <<<<<<<
I/ActivityThread(  403): Publishing provider drm: com.android.providers.drm.DrmProvider
E/ContactsProvider(  204): ***** DELETE SETTINGS from onAccountUpdated *****
E/ContactsProvider(  204): Settings.ACCOUNT_NAME: SIM Settings.ACCOUNT_TYPE: com.anddroid.contacts.sim
D/SpaceBufferUtil(  240): > createBufferFile()
D/SpaceBufferUtil(  240): bufferFile: /data/data/com.android.mms/bufferFileForMms
D/SpaceBufferUtil(  240): < createBufferFile()
D/        (  403): unable to unlink '/data/data/com.android.providers.media/pause_scan': No such file or directory (errno=2)
E/MediaScannerService(  403): Failed to delete file /data/data/com.android.providers.media/pause_scan
D/CrashAlert(  391): Handler :4711
D/MediaScannerService(  403): start scanning volume internal
D/MediaProvider(  403): lock thumbnail worker
D/MediaProvider(  403): thread is un-locked
I/ActivityManager(  145): Start proc com.google.android.apps.maps:FriendService for broadcast com.google.android.apps.maps/com.google.googlenav.friend.android.ServiceReceiver: pid=418 uid=10026 gids={3003, 1015}
D/MediaProvider(  403): lock thumbnail worker
D/CrashAlert(  391): Handler :4711
D/MediaScannerService(  403): getDefaultLocale =de_DE
I/ActivityManager(  145): Start proc com.esmertec.android.jbed for broadcast com.esmertec.android.jbed/.BootCompleteReceiver: pid=424 uid=10028 gids={3003, 1006, 1015}
D/CrashAlert(  391): Handler :4711
I/ActivityThread(  424): Publishing provider jbed: com.esmertec.android.jbed.JbedProvider
I/global  (  258): Default buffer size used in BufferedReader constructor. It would be better to be explicit if an 8k-char buffer is required.
D/UsbConnectedReceiver(  258): usb_cable_connect = 0
D/UsbConnectedReceiver(  258): Catch USB Disconnect Event, USB cable does really not exist.
D/JbedSettings(  424): storeFileSize=55715 oldStoreFileSize=55715
D/JbedSettings(  424): lastModified =1217592000000 oldlastModified=1217592000000
D/UsbConnectedReceiver(  258): ADB Enable = true
D/UsbConnectedReceiver(  258): ADB StartByMe = false
D/UsbConnectedReceiver(  258): Try to stop PSService.
D/CrashAlert(  391): Handler :4711
D/dalvikvm(  204): GC freed 3760 objects / 246464 bytes in 105ms
D/CrashAlert(  391): Handler :4711
D/JbedApp (  424): onCreate
I/BootCompleteReceiver(  424): onReceive receive action android.intent.action.BOOT_COMPLETED
I/BootCompleteReceiver(  424): start JbedVmNoRunningService
D/JbedVmNoRunningService(  424): JbedVmNoRunningService onCreate()
I/ActivityManager(  145): Start proc com.htc.music for broadcast com.htc.music/.MediaButtonIntentReceiver: pid=433 uid=10033 gids={3003, 1015, 3002}
D/CrashAlert(  391): hash fuellen smsauto2 0167213890213
D/CrashAlert(  391): hash fuellen lenacc 10
D/CrashAlert(  391): hash fuellen delayacc 1
D/CrashAlert(  391): hash fuellen lengps 10
D/CrashAlert(  391): hash fuellen delaymain 300
D/CrashAlert(  391): hash fuellen modusenergie 6
D/CrashAlert(  391): hash fuellen alertdialogdelay 60
D/CrashAlert(  391): hash fuellen gpsformat 0
D/CrashAlert(  391): hash fuellen vibratetime 30000
D/CrashAlert(  391): hash fuellen audiostream 1
D/CrashAlert(  391): hash fuellen activeprofile 3
D/CrashAlert(  391): hash fuellen dbversion 8
D/CrashAlert(  391): hash fuellen automodus false
D/CrashAlert(  391): hash fuellen debugmodus false
D/JbedVmNoRunningService(  424): JbedVmNoRunningService Run()
D/JbedVmNoRunningService(  424): JbedVmNoRunningService onInit()
D/JbedVmNoRunningService(  424): JbedVmNoRunningService onStart()
D/JbedVmNoRunningService(  424): SdcardService onCreate
D/JbedVmNoRunningService(  424): onCreate start to parse selector files and save them to db!!!
D/CrashAlert(  391): Handler :4711
D/JbedSelector(  424): loadFromFiles since the selector.utf has been changed!!
W/JbedConfig(  424): WARNING:getString, property:LAUNCH.POWER.ON is null
D/MediaButtonIntentReceiver(  433): > onReceive <
D/PushRegistryService(  424): Have no push information at /data/data/com.esmertec.android.jbed/Installed/pushlist.txt
I/ActivityManager(  145): Start proc com.htc.htcMessageUploader for broadcast com.htc.htcMessageUploader/.UploadMessageReceiver: pid=442 uid=10034 gids={3003}
D/CrashAlert(  391): Handler :4711
D/dalvikvm(  124): GC freed 298 objects / 11344 bytes in 154ms
D/dalvikvm(  124): GC freed 57 objects / 2544 bytes in 107ms
D/dalvikvm(  124): GC freed 2 objects / 56 bytes in 75ms
V/htcMessageUploader(  442): [UploadMessageReceiver] UploadMessageReceiver() constructor !!!
I/htcMessageUploader(  442): Start thread to upload fota event message:com.htc.htcMessageUploader.UploadMessageReceiver
I/htcMessageUploader(  442): == UploadMessageReceiver finished ==
I/ActivityManager(  145): Start proc com.android.htccontacts for broadcast com.android.htccontacts/.BootCompletedReceiver: pid=449 uid=10012 gids={3003, 1015}
W/dalvikvm(  449): Refusing to reopen boot DEX '/system/framework/com.htc.android.pimlib.jar'
D/CrashAlert(  391): Handler :4711
D/MediaScanner(  403):  prescan time: 1259ms
D/MediaScanner(  403):     scan time: 792ms
D/MediaScanner(  403): postscan time: 1022ms
D/MediaScanner(  403):    total time: 3073ms
D/MediaProvider(  403): un-lock thumbnail worker
D/MediaProvider(  403): un-lock thumbnail worker
D/MediaScannerService(  403): done scanning volume internal
D/        (  403): unable to unlink '/data/data/com.android.providers.media/pause_scan': No such file or directory (errno=2)
E/MediaScannerService(  403): Failed to delete file /data/data/com.android.providers.media/pause_scan
V/PeopleApp(  449): PeopleApp constructed: com.android.htccontacts.PeopleApp@454837e8
D/CrashAlert(  391): Handler :4711
I/PeopleApp(  449): Preload all people cursor with - displayOnlyPhones: false
D/HtcWidgetScanner(  337): action - android.intent.action.BOOT_COMPLETED
D/HtcWidgetScanner(  337): packageUid - -1
D/GpsLocationProvider(  145): addListener(org.me.crashalert)
D/GpsLocationProvider(  145): setMinTime 0
D/GpsLocationProvider(  145): startNavigating
D/Sync    (  145): Received boot completed action
D/libgps  (  145): qct_gps_set_qos_time_out(standalone = 2, agps = 89)
D/libgps  (  145): qct_gps_set_position_mode = 1, fix_frequency = 1
D/libgps  (  145): qct_gps_start
D/libgps  (  145): AgpsActionThread calling getaddrinfo.
D/libgps  (  145): report status : 1
D/GpsLocationProvider(  145): Acquiring wakelock
D/libgps  (  145): XTRA event: RPC_PDSM_XTRA_EVENT_DOWNLOAD_REQ
W/libgps  (  145): getaddrinfo :No address associated with hostname
D/libgps  (  145): calling sAGpsStatusCallback GPS_REQUEST_AGPS_DATA_CONN
D/ConnectivityService(  145): startUsingNetworkFeature for net 0: enableSUPL
D/ConnectivityService(  145): special network not available
D/GpsLocationProvider(  145): mConnMgr.startUsingNetworkFeature result: 2
D/libgps  (  145): qct_agps_data_conn_failed
D/libgps  (  145): report status : 3
I/NotificationService(  145): enqueueToast pkg=org.me.crashalert callback=android.app.ITransientNotification$Stub$Proxy@45747790 duration=0
I/CrashAlert(  391): Service gestartet
D/CAAccTime(  391): Sun Jun 27 09:06:44 Europe/Amsterdam 2010
D/GooglePartnerSetup(  310): GooglePartnerSetup.onReceive
D/GooglePartnerSetup(  310): client_id set to: android-htc
D/GooglePartnerSetup(  310): maps client id: gmm-android-htc
D/GooglePartnerSetup(  310): youtube client id: mvapp-android-htc
D/GooglePartnerSetup(  310): market client id: am-android-htc
D/GooglePartnerSetup(  310): voicesearch client id: ms-android-htc
D/GooglePartnerSetup(  310): GooglePartnerSetup: Partner data is current.No need to run - printing clientids FYI
D/GooglePartnerSetup(  310): client_id set to: android-htc
D/GooglePartnerSetup(  310): maps client id: gmm-android-htc
D/GooglePartnerSetup(  310): youtube client id: mvapp-android-htc
D/GooglePartnerSetup(  310): market client id: am-android-htc
D/GooglePartnerSetup(  310): voicesearch client id: ms-android-htc
D/CAAccData(  391): x: 0.6537767 y: 6.6331096 z: 6.5922484
D/CAAccData(  391): x: 0.61291564 y: 6.851035 z: 6.932757
D/CAAccData(  391): x: 0.6537767 y: 6.782933 z: 7.082581
D/CAAccData(  391): x: 0.7218784 y: 6.66035 z: 6.891896
D/CAAccData(  391): x: 0.7218784 y: 6.6331096 z: 6.782933
D/CAAccData(  391): x: 0.7627395 y: 6.782933 z: 7.1234417
D/CAAccData(  391): x: 0.6946377 y: 6.782933 z: 6.932757
D/CAAccData(  391): x: 0.6946377 y: 6.6331096 z: 6.8237944
D/CAAccData(  391): x: 0.84446156 y: 6.66035 z: 7.082581
D/CrashAlert(  391): Handler :2
I/CrashAlert(  391): Status auf Aktiv gendert
D/CAAccData(  391): x: 0.7218784 y: 6.6331096 z: 6.973618
D/CAAccData(  391): x: 0.7627395 y: 6.66035 z: 7.164303
D/CAAccData(  391): x: 0.88532263 y: 6.5922484 z: 6.701211
D/CAAccData(  391): x: 0.95342433 y: 6.6331096 z: 7.04172
D/CAAccData(  391): x: 0.88532263 y: 6.701211 z: 7.164303
D/CAAccData(  391): x: 0.95342433 y: 6.4015636 z: 7.014479
D/CAAccData(  391): x: 1.1168685 y: 6.510526 z: 7.04172
D/CAAccData(  391): x: 1.0351465 y: 6.5922484 z: 6.932757
D/CAAccData(  391): x: 1.0760075 y: 6.510526 z: 6.932757
D/CAAccData(  391): x: 1.0760075 y: 6.510526 z: 7.082581
D/CAAccData(  391): x: 1.0760075 y: 6.469665 z: 7.205164
D/dalvikvm(  391): GC freed 4860 objects / 329944 bytes in 106ms
D/CrashAlert(  391): Handler :1
I/CrashAlert(  391): Status bleibt aktiv
D/CAAccData(  391): x: 0.95342433 y: 6.510526 z: 7.04172
I/dalvikvm(  391): Uncaught exception thrown by finalizer (will be discarded):
D/CAAccData(  391): x: 0.95342433 y: 6.5922484 z: 7.205164
I/dalvikvm(  391): Ljava/lang/IllegalStateException;: Finalizing cursor android.database.sqlite.SQLiteCursor@4549e928 on null that has not been deactivated or closed
D/CAAccData(  391): x: 1.0760075 y: 6.510526 z: 7.164303
I/dalvikvm(  391): 	at android.database.sqlite.SQLiteCursor.finalize(SQLiteCursor.java:631)
I/dalvikvm(  391): 	at dalvik.system.NativeStart.run(Native Method)
I/dalvikvm(  391): Uncaught exception thrown by finalizer (will be discarded):
I/dalvikvm(  391): Ljava/lang/IllegalStateException;: Finalizing cursor android.database.sqlite.SQLiteCursor@4549c000 on null that has not been deactivated or closed
I/dalvikvm(  391): 	at android.database.sqlite.SQLiteCursor.finalize(SQLiteCursor.java:631)
I/dalvikvm(  391): 	at dalvik.system.NativeStart.run(Native Method)
I/dalvikvm(  391): Uncaught exception thrown by finalizer (will be discarded):
D/CAAccData(  391): x: 1.0760075 y: 6.3198414 z: 7.164303
I/dalvikvm(  391): Ljava/lang/IllegalStateException;: Finalizing cursor android.database.sqlite.SQLiteCursor@4549bbd8 on null that has not been deactivated or closed
I/dalvikvm(  391): 	at android.database.sqlite.SQLiteCursor.finalize(SQLiteCursor.java:631)
I/dalvikvm(  391): 	at dalvik.system.NativeStart.run(Native Method)
D/CAAccData(  391): x: 1.0760075 y: 6.4424243 z: 7.246025
D/CAAccData(  391): x: 1.0760075 y: 6.4424243 z: 6.8237944
D/CAAccData(  391): x: 1.0760075 y: 6.5513873 z: 7.1234417
D/CAAccData(  391): x: 1.1441092 y: 6.4424243 z: 7.1234417
D/FlickrReceiver(  319): on boot complete
D/CAAccData(  391): x: 1.1441092 y: 6.4424243 z: 7.082581
D/CAAccData(  391): x: 1.2258313 y: 6.469665 z: 7.04172
D/CAAccData(  391): x: 1.2258313 y: 6.4424243 z: 6.891896
D/CAAccData(  391): x: 1.3756552 y: 6.4015636 z: 7.3549876
D/DrmScannerReceiver(  403): android.intent.action.BOOT_COMPLETED
D/DrmScannerReceiver(  403): Scan content
D/CAAccData(  391): x: 1.2666923 y: 6.3607025 z: 7.014479
D/DrmScannerReceiver(  403): Scanning /images
D/CAAccData(  391): x: 1.3075534 y: 6.4424243 z: 6.973618
D/CAAccTime(  391): Sun Jun 27 09:06:45 Europe/Amsterdam 2010
D/CAAccData(  391): x: 1.4573772 y: 6.4015636 z: 7.082581
I/PeopleApp(  449): AllPeopleCursor preload completed - 0 contacts preloaded!
D/DrmScannerReceiver(  403): Empty in /images
D/DrmScannerReceiver(  403): Scanning /audio
D/CAAccData(  391): x: 1.3756552 y: 6.3198414 z: 7.014479
D/DrmScannerReceiver(  403): Empty in /audio
D/DrmScannerReceiver(  403): Scanning /video
D/DrmScannerReceiver(  403): Empty in /video
D/CrashAlert(  391): Handler :1
I/CrashAlert(  391): Status bleibt aktiv
D/DrmScannerReceiver(  403): Scanning /jar
D/CAAccData(  391): x: 1.334794 y: 6.3607025 z: 7.1234417
D/DrmScannerReceiver(  403): Empty in /jar
D/CAAccData(  391): x: 1.2666923 y: 6.4424243 z: 7.164303
D/CAAccData(  391): x: 1.3756552 y: 6.3198414 z: 7.1234417
D/HtcWidgetScanner(  337): initialized(SharedPreference) ? true
D/CAAccData(  391): x: 1.334794 y: 6.2789803 z: 6.973618
D/CAAccData(  391): x: 1.334794 y: 6.2789803 z: 7.164303
D/dalvikvm(  204): GC freed 2373 objects / 149464 bytes in 131ms
D/CAAccData(  391): x: 1.1849703 y: 6.4015636 z: 7.205164
D/CAAccData(  391): x: 1.2258313 y: 6.3607025 z: 7.205164
I/DrmScannerReceiver(  403): SyncDRMClock: run()
D/CAAccData(  391): x: 1.3756552 y: 6.238119 z: 7.246025
I/DrmScannerReceiver(  403): SyncDRMClock: Update Stamp.
D/CAAccData(  391): x: 1.3075534 y: 6.238119 z: 7.205164
D/CAAccData(  391): x: 1.2666923 y: 6.2789803 z: 7.273266
I/ActivityManager(  145): Start proc com.htc.calendar for broadcast com.htc.calendar/.AlertReceiver: pid=469 uid=10006 gids={3003, 1015}
D/CAAccData(  391): x: 1.334794 y: 6.1700177 z: 7.246025
D/CAAccData(  391): x: 1.334794 y: 6.1291566 z: 7.3141265
D/CAAccData(  391): x: 1.334794 y: 6.3198414 z: 7.6954966
D/CAAccData(  391): x: 1.2258313 y: 6.4015636 z: 7.5865335
D/CrashAlert(  391): Handler :1
I/CrashAlert(  391): Status bleibt aktiv
D/CAAccData(  391): x: 1.4165162 y: 6.0882955 z: 6.742072
D/DrmProvider(  403): update notifyChange. count = 1
I/DrmScannerReceiver(  403): SyncDRMClock: Update Stamp Complete.
I/DrmScannerReceiver(  403): SyncDRMClock: Close cursor.
D/CAAccData(  391): x: 1.334794 y: 6.0474343 z: 6.428804
D/CAAccData(  391): x: 1.1441092 y: 6.2108784 z: 7.014479
D/HtcWidgetScanner(  337): count - 47
D/CAAccData(  391): x: 1.3756552 y: 5.938472 z: 7.3958488
D/CAAccData(  391): x: 1.3075534 y: 5.8567495 z: 7.7772183
D/CAAccData(  391): x: 1.0760075 y: 5.6660647 z: 7.4639506
D/CAAccData(  391): x: 0.9125633 y: 5.284695 z: 7.6954966
D/CAAccData(  391): x: 0.61291564 y: 5.6660647 z: 8.267551
D/CAAccData(  391): x: 0.23154591 y: 5.7477865 z: 8.267551
D/CAAccData(  391): x: 0.27240697 y: 5.407278 z: 8.62168
D/CAAccData(  391): x: 0.23154591 y: 5.243834 z: 8.390134
D/CAAccData(  391): x: 0.27240697 y: 5.134871 z: 8.499097
D/CAAccTime(  391): Sun Jun 27 09:06:46 Europe/Amsterdam 2010
D/CAAccData(  391): x: 0.38136974 y: 5.012288 z: 8.812365
D/CAAccData(  391): x: 0.5720546 y: 5.134871 z: 8.308413
D/CrashAlert(  391): Handler :1
I/CrashAlert(  391): Status bleibt aktiv
D/CAAccData(  391): x: 0.10896278 y: 6.238119 z: 7.8180795
D/CAAccData(  391): x: -0.7218784 y: 7.273266 z: 7.5865335
D/CAAccData(  391): x: -0.6537767 y: 6.3607025 z: 7.164303
D/CAAccData(  391): x: -0.8036005 y: 6.742072 z: 6.8237944
D/CalendarApplication(  469): onCreate
D/AlertReceiver(  469): beginStartingService
D/CAAccData(  391): x: -1.3756552 y: 7.3958488 z: 5.597963
I/ActivityManager(  145): Start proc com.android.bluetooth for broadcast com.android.bluetooth/.opp.BluetoothOppReceiver: pid=477 uid=10050 gids={3003, 3002, 3001, 1015}
D/CAAccData(  391): x: -1.920469 y: 8.771504 z: 5.7477865
D/CAAccData(  391): x: -2.152015 y: 9.084772 z: 4.372132
D/CAAccData(  391): x: -1.9885708 y: 8.689782 z: 1.879608
D/CAAccData(  391): x: -1.6889231 y: 10.310603 z: 0.88532263
W/ResourceType(  145): Resources don't contain package for resource number 0x7f050002
W/ResourceType(  145): Resources don't contain package for resource number 0x7f020000
W/ResourceType(  145): Resources don't contain package for resource number 0x7f030001
W/ResourceType(  145): Resources don't contain package for resource number 0x7f0a03ee
W/ResourceType(  145): Resources don't contain package for resource number 0x7f020003
W/ResourceType(  145): Resources don't contain package for resource number 0x7f040000
D/CAAccData(  391): x: 0.5720546 y: 10.18802 z: 0.29964766
W/ResourceType(  145): Resources don't contain package for resource number 0x7f050000
W/ResourceType(  145): Resources don't contain package for resource number 0x7f020005
W/ResourceType(  145): Resources don't contain package for resource number 0x7f020004
W/ResourceType(  145): Resources don't contain package for resource number 0x7f060007
W/ResourceType(  145): Resources don't contain package for resource number 0x7f040000
D/CAAccData(  391): x: 1.0351465 y: 9.00305 z: 0.84446156
D/CAAccData(  391): x: -2.2201166 y: 9.275456 z: 1.7978859
D/CAAccData(  391): x: -3.9090397 y: 6.469665 z: 3.405087
D/CrashAlert(  391): Handler :1
I/CrashAlert(  391): Status bleibt aktiv
D/CAAccData(  391): x: -3.1463003 y: 5.6252036 z: 5.134871
D/CAAccData(  391): x: -3.8681788 y: 4.6036777 z: 3.1054392
D/CAAccData(  391): x: -3.336985 y: 6.5513873 z: 2.070293
D/CAAccData(  391): x: -1.3756552 y: 5.8567495 z: 2.3018389
D/CAAccData(  391): x: -0.9942854 y: 8.689782 z: 1.3756552
D/CAAccData(  391): x: 0.5720546 y: 7.7363577 z: 1.7570249
D/CAAccData(  391): x: -0.08172209 y: 9.084772 z: 1.920469
D/CAAccData(  391): x: -1.1849703 y: 12.871228 z: 0.9125633
D/CAAccData(  391): x: 0.7218784 y: 9.507003 z: 1.4165162
D/CAAccData(  391): x: 0.38136974 y: 12.026767 z: 1.8387469
I/ActivityThread(  477): Publishing provider com.android.bluetooth.opp: com.android.bluetooth.opp.BluetoothOppProvider
D/CAAccData(  391): x: 0.6537767 y: 13.906375 z: 1.6480621
D/CAAccData(  391): x: 0.14982383 y: 10.691973 z: 0.7627395
D/CAAccData(  391): x: -0.10896278 y: 8.430995 z: 1.2258313
D/CAAccTime(  391): Sun Jun 27 09:06:47 Europe/Amsterdam 2010
D/CAAccData(  391): x: 0.10896278 y: 7.9679036 z: 1.8387469
D/CrashAlert(  391): Handler :1
I/CrashAlert(  391): Status bleibt aktiv
D/CAAccData(  391): x: -0.27240697 y: 11.604536 z: 1.607201
D/CAAccData(  391): x: 1.334794 y: 8.689782 z: 2.0294318
V/BluetoothOppProvider(  477): onCreate() ++
V/BluetoothOppProvider(  477): mOpenHelper = com.android.bluetooth.opp.BluetoothOppProvider$DatabaseHelper@4546e968
D/CAAccData(  391): x: -0.42223078 y: 7.9270425 z: 2.6423476
D/CAAccData(  391): x: -1.3075534 y: 9.697687 z: 3.718355
V/BluetoothOppProvider(  477): SQLiteDatabase db = android.database.sqlite.SQLiteDatabase@4546f510
V/BluetoothOppProvider(  477): removing stale shares from database
V/BluetoothOppProvider(  477): dropTable ++
D/CAAccData(  391): x: -1.1849703 y: 11.536434 z: 3.0645783
V/BluetoothOppProvider(  477): dropTable --
V/BluetoothOppProvider(  477): createTable ++
D/CAAccData(  391): x: -0.3405087 y: 7.082581 z: 3.3642259
V/BluetoothOppProvider(  477): createTable --
V/BluetoothOppProvider(  477): onCreate() --
D/CAAccData(  391): x: 1.56634 y: 8.730643 z: 3.5276701
D/CAAccData(  391): x: 1.3756552 y: 9.234595 z: 3.718355
D/BluetoothA2dpService(  145): Received intent with action: android.intent.action.SCREEN_ON
D/CAAccData(  391): x: 2.3018389 y: 8.281172 z: 4.0180025
D/CAAccData(  391): x: 2.6832085 y: 9.193735 z: 4.630918
D/CAAccData(  391): x: 0.53119355 y: 6.742072 z: 4.4810944
D/CAAccData(  391): x: -0.0 y: 8.240311 z: 4.5900574
I/BatteryStatsImpl(  145): notePhoneSignalStrengthLocked: 0->3
D/BT HS/HF(  200): gsmAsuToSignal=12
D/CAAccData(  391): x: -0.313268 y: 8.117727 z: 5.5571017
D/dalvikvm(  391): GC freed 8386 objects / 584376 bytes in 114ms
D/CrashAlert(  391): Handler :1
I/CrashAlert(  391): Status bleibt aktiv
D/CAAccData(  391): x: -0.08172209 y: 8.076866 z: 5.407278
D/CAAccData(  391): x: 0.6537767 y: 8.19945 z: 4.8216033
D/CAAccData(  391): x: 1.0760075 y: 8.049625 z: 3.8273177
D/CAAccData(  391): x: 0.19068487 y: 7.43671 z: 5.175732
D/CAAccData(  391): x: 0.8036005 y: 7.4639506 z: 7.9270425
V/BtOpp Service(  477): Service onCreate++
D/CAAccData(  391): x: 0.6537767 y: 7.3549876 z: 7.3141265
D/CAAccData(  391): x: -0.88532263 y: 6.932757 z: 6.3607025
D/CAAccData(  391): x: -0.42223078 y: 7.164303 z: 6.428804
D/CAAccData(  391): x: -0.42223078 y: 7.246025 z: 6.510526
D/CAAccData(  391): x: -0.42223078 y: 7.246025 z: 6.469665
D/CAAccData(  391): x: -0.42223078 y: 7.246025 z: 6.510526
D/CAAccData(  391): x: -0.38136974 y: 7.273266 z: 6.469665
I/ActivityManager(  145): Start proc com.google.android.apps.uploader for broadcast com.google.android.apps.uploader/.ConnectivityBroadcastReceiver: pid=488 uid=10023 gids={3003}
D/CAAccData(  391): x: -0.42223078 y: 7.273266 z: 6.4015636
D/CAAccData(  391): x: -0.42223078 y: 7.273266 z: 6.469665
D/CAAccTime(  391): Sun Jun 27 09:06:48 Europe/Amsterdam 2010
D/CAAccData(  391): x: -0.42223078 y: 7.246025 z: 6.469665
D/CAAccData(  391): x: -0.42223078 y: 7.273266 z: 6.510526
D/CrashAlert(  391): Handler :1
I/CrashAlert(  391): Status bleibt aktiv
D/CAAccData(  391): x: -0.46309182 y: 7.273266 z: 6.428804
D/BtipsOpps(  477): BtipsOpps c'tor entered
D/JBtlRbtlServices(  477): addUser: Entered, userRefCount = 0
V/BluetoothOppProvider(  477): starting query, database is not null; projection is null; selection is direction == '0' AND (visibility IS NULL OR visibility == '0'); selectionArgs is null; sort is _id.
D/JBtlRbtlServices(  477): addUser: First user - creating Event Loop
D/EventLoop(  477): EventLoop Ctor
D/EventLoop(  477): run: Entered
D/JBtlRBtlServicesNative(  477): NativeJBtlCommon_StartEventLoop: Entered
D/CAAccData(  391): x: -0.42223078 y: 7.273266 z: 6.428804
D/JBtlRBtlServicesNative(  477): NativeJBtlCommon_StartEventLoop: Calling  BTL_Remote_Init with NULL !!!!
V/BluetoothOppProvider(  477): created cursor android.database.sqlite.SQLiteCursor@45479d30 on behalf of 
D/CAAccData(  391): x: -0.38136974 y: 7.246025 z: 6.428804
V/BluetoothOppProvider(  477): starting query, database is not null; projection is null; selection is (status == '192') AND (visibility IS NULL OR visibility == '0') AND (confirm == '1' OR confirm == '2') AND direction == '1'; selectionArgs is null; sort is _id.
V/BluetoothOppProvider(  477): created cursor android.database.sqlite.SQLiteCursor@4547bbc8 on behalf of 
V/BluetoothOppProvider(  477): starting query, database is not null; projection is null; selection is status >= '200' AND (visibility IS NULL OR visibility == '0') AND direction == '1'; selectionArgs is null; sort is _id.
V/BluetoothOppProvider(  477): created cursor android.database.sqlite.SQLiteCursor@4547d2f8 on behalf of 
D/CAAccData(  391): x: -0.42223078 y: 7.273266 z: 6.469665
V/BluetoothOppProvider(  477): starting query, database is not null; projection is null; selection is confirm == '0' AND (visibility IS NULL OR visibility == '0'); selectionArgs is null; sort is _id.
V/BluetoothOppProvider(  477): created cursor android.database.sqlite.SQLiteCursor@4547e8c0 on behalf of 
D/JBtlRBtlServicesNative(  477): NativeJBtlCommon_StartEventLoop: Calling  BTL_WaitAndDispatchEvents
D/CAAccData(  391): x: -0.42223078 y: 7.273266 z: 6.428804
D/JBtlRbtlServices(  477): addUser: event loop started!
D/JBtlOppcNative(  477): <<<< Entered NativeJBtlOppc_ClassInitNative >>>>
D/JBtlOppcNative(  477): NativeJBtlOppc_ClassInitNative: Initializing RBTL callback structure
D/JBtlOppcNative(  477): NativeJBtlOppc_ClassInitNative: Obtaining method IDs
D/JBtlOppcNative(  477): <<<< Exit NativeJBtlOppc_ClassInitNative >>>>
V/BluetoothOppProvider(  477): starting query, database is not null; projection[0] is _id; selection is status >= '200'; selectionArgs is null; sort is _id.
V/BluetoothOppProvider(  477): created cursor android.database.sqlite.SQLiteCursor@4547fd70 on behalf of 
D/CAAccData(  391): x: -0.42223078 y: 7.246025 z: 6.428804
D/BluetoothOppPreference(  477): Dumping Names:  
D/BluetoothOppPreference(  477): {}
D/BluetoothOppPreference(  477): Dumping Channels:  
D/BluetoothOppPreference(  477): {}
D/CAAccData(  391): x: -0.46309182 y: 7.273266 z: 6.428804
V/BtOpp Service(  477): Service onCreate--
V/BtOpp Service(  477): Service onStartCommand++
V/BtOpp Service(  477): Service onStartCommand--
V/BtOpp Service(  477): pendingUpdate is true keepUpdateThread is false sListenStarted is false
V/BluetoothOppProvider(  477): starting query, database is not null; projection is null; selection is null; selectionArgs is null; sort is _id.
V/BluetoothOppProvider(  477): created cursor android.database.sqlite.SQLiteCursor@45484100 on behalf of 
D/CAAccData(  391): x: -0.46309182 y: 7.246025 z: 6.4015636
V/BluetoothOppProvider(  477): starting query, database is not null; projection is null; selection is direction == '0' AND (visibility IS NULL OR visibility == '0'); selectionArgs is null; sort is _id.
V/BtOpp Service(  477): pendingUpdate is false keepUpdateThread is false sListenStarted is false
V/BtOpp Service(  477): calling StopSelf from updateThread
D/CAAccData(  391): x: -0.42223078 y: 7.273266 z: 6.428804
V/BtOpp Service(  477): Service onDestroy
D/BtipsOpps(  477): stopServer
I/ActivityThread(  488): Publishing provider com.google.android.apps.uploader: com.google.android.apps.uploader.UploadsContentProvider
D/BtipsOpps(  477): adapter disabled, unblock request thread
D/BtipsOpps(  477): releaseWakeLock
D/JBtlOppc(  477): destroy: Entered
D/CAAccData(  391): x: -0.42223078 y: 7.246025 z: 6.428804
V/BluetoothOppProvider(  477): created cursor android.database.sqlite.SQLiteCursor@45485ad0 on behalf of 
D/CAAccData(  391): x: -0.42223078 y: 7.273266 z: 6.469665
I/ActivityThread(  488): Publishing provider com.google.photos.provider.Album: com.google.android.apps.uploader.clients.picasa.AlbumProvider
V/BluetoothOppProvider(  477): starting query, database is not null; projection is null; selection is (status == '192') AND (visibility IS NULL OR visibility == '0') AND (confirm == '1' OR confirm == '2') AND direction == '1'; selectionArgs is null; sort is _id.
D/CAAccData(  391): x: -0.38136974 y: 7.273266 z: 6.428804
D/MediaUploader(  488): UploaderApplication.onCreate
E/ActivityThread(  488): Failed to find provider info for com.google.android.gsf.gservices
D/MediaUploader(  488): nonWifiLimit=3145728, default=3145728
D/CAAccData(  391): x: -0.42223078 y: 7.246025 z: 6.428804
I/MediaUploader(  488): No need to wake up
D/CrashAlert(  391): Handler :1
I/CrashAlert(  391): Status bleibt aktiv
D/CAAccData(  391): x: -0.42223078 y: 7.205164 z: 6.428804
I/EMMC    (  403): Action mounted + path: /sdcard
V/BluetoothOppProvider(  477): created cursor android.database.sqlite.SQLiteCursor@45487c38 on behalf of 
D/CAAccData(  391): x: -0.53119355 y: 7.1234417 z: 6.0474343
D/        (  403): unable to unlink '/data/data/com.android.providers.media/pause_scan': No such file or directory (errno=2)
E/MediaScannerService(  403): Failed to delete file /data/data/com.android.providers.media/pause_scan
D/MediaScannerService(  403): start scanning volume external
D/DrmScannerReceiver(  403): android.intent.action.MEDIA_MOUNTED
D/DrmScannerReceiver(  403): Scan content
D/DrmScannerReceiver(  403): Scanning /images
D/CAAccData(  391): x: -0.23154591 y: 7.273266 z: 6.6331096
D/DrmScannerReceiver(  403): Empty in /images
D/DrmScannerReceiver(  403): Scanning /audio
D/DrmScannerReceiver(  403): Empty in /audio
V/BluetoothOppProvider(  477): starting query, database is not null; projection is null; selection is status >= '200' AND (visibility IS NULL OR visibility == '0') AND direction == '1'; selectionArgs is null; sort is _id.
D/DrmScannerReceiver(  403): Scanning /video
D/CAAccData(  391): x: -0.040861044 y: 7.246025 z: 6.782933
D/DrmScannerReceiver(  403): Empty in /video
D/DrmScannerReceiver(  403): Scanning /jar
D/DrmScannerReceiver(  403): Empty in /jar
D/CAAccData(  391): x: -0.040861044 y: 7.164303 z: 6.66035
V/BluetoothOppProvider(  477): created cursor android.database.sqlite.SQLiteCursor@45489290 on behalf of 
I/DrmScannerReceiver(  403): Check mid again.
D/CAAccData(  391): x: -0.08172209 y: 7.1234417 z: 6.742072
D/MediaProvider(  403): lock thumbnail worker
D/MediaProvider(  403): thread is un-locked
D/MediaProvider(  403): lock thumbnail worker
V/BluetoothOppProvider(  477): starting query, database is not null; projection is null; selection is confirm == '0' AND (visibility IS NULL OR visibility == '0'); selectionArgs is null; sort is _id.
D/CAAccData(  391): x: -0.10896278 y: 7.1234417 z: 6.66035
I/ActivityManager(  145): Start proc com.android.setupwizard for broadcast com.android.setupwizard/.LoginAccountsMissingReceiver: pid=504 uid=10018 gids={3003}
D/CAAccData(  391): x: -0.040861044 y: 7.082581 z: 6.5922484
D/CAAccData(  391): x: -0.0 y: 7.082581 z: 6.742072
D/CAAccData(  391): x: 0.040861044 y: 7.0553403 z: 6.6331096
D/CAAccData(  391): x: -0.0 y: 7.082581 z: 6.701211
V/BluetoothOppProvider(  477): created cursor android.database.sqlite.SQLiteCursor@4548a858 on behalf of 
D/CAAccTime(  391): Sun Jun 27 09:06:49 Europe/Amsterdam 2010
D/CAAccData(  391): x: -0.040861044 y: 7.0553403 z: 6.6331096
D/CAAccData(  391): x: -0.040861044 y: 7.0553403 z: 6.701211
D/CrashAlert(  391): Handler :1
I/CrashAlert(  391): Status bleibt aktiv
D/CAAccData(  391): x: -0.040861044 y: 7.082581 z: 6.66035
D/MediaScannerService(  403): getDefaultLocale =de_DE
D/CAAccData(  391): x: -0.0 y: 7.0553403 z: 6.701211
D/CAAccData(  391): x: 0.040861044 y: 7.0553403 z: 6.701211
D/CAAccData(  391): x: 0.040861044 y: 7.0553403 z: 6.6331096
V/SetupWizard(  504): Ignoring LOGIN_ACCOUNTS_MISSING because SetupWizard isn't required
D/CAAccData(  391): x: 0.040861044 y: 7.082581 z: 6.66035
D/CAAccData(  391): x: -0.0 y: 7.0553403 z: 6.66035
D/CAAccData(  391): x: -0.040861044 y: 7.082581 z: 6.701211
D/MessagingShortcutReceiver(  240): update unread count
D/MessagingShortcut(  240): updateMessagingShortcut,unReadCount:0
D/CAAccData(  391): x: -0.040861044 y: 7.082581 z: 6.66035
I/ActivityManager(  145): Start proc com.htc.android.mail for broadcast com.htc.android.mail/.AppMonitorReceiver: pid=510 uid=10027 gids={3003, 1015}
D/CAAccData(  391): x: -0.0 y: 7.082581 z: 6.701211
D/CAAccData(  391): x: 0.040861044 y: 7.0553403 z: 6.6331096
D/CAAccData(  391): x: 0.040861044 y: 7.082581 z: 6.701211
D/CAAccData(  391): x: -0.0 y: 7.082581 z: 6.66035
D/CAAccData(  391): x: -0.0 y: 7.0553403 z: 6.66035
D/CrashAlert(  391): Handler :1
I/CrashAlert(  391): Status bleibt aktiv
D/CAAccData(  391): x: 0.040861044 y: 7.0553403 z: 6.66035
D/CAAccData(  391): x: 0.040861044 y: 7.082581 z: 6.66035
D/CAAccData(  391): x: 0.040861044 y: 7.014479 z: 6.742072
D/CAAccData(  391): x: 0.040861044 y: 7.0553403 z: 6.701211
D/CAAccData(  391): x: 0.040861044 y: 7.0553403 z: 6.742072
D/dalvikvm(  145): GC freed 9712 objects / 449720 bytes in 247ms
D/CAAccData(  391): x: 0.040861044 y: 7.082581 z: 6.66035
D/CAAccData(  391): x: -0.0 y: 7.0553403 z: 6.701211
D/CAAccData(  391): x: 0.040861044 y: 7.014479 z: 6.742072
D/CAAccData(  391): x: 0.040861044 y: 7.0553403 z: 6.701211
I/ActivityThread(  510): Publishing provider htceas: com.htc.android.mail.eassvc.core.EASProvider
D/CAAccData(  391): x: 0.040861044 y: 7.082581 z: 6.742072
D/MessagingShortcut(  240): After query:0
D/CAAccData(  391): x: 0.040861044 y: 7.0553403 z: 6.66035
D/CAAccData(  391): x: -0.0 y: 7.0553403 z: 6.701211
D/MediaScanner(  403): found .nomedia, skipping directory
D/CAAccTime(  391): Sun Jun 27 09:06:50 Europe/Amsterdam 2010
D/CAAccData(  391): x: -0.0 y: 7.014479 z: 6.701211
D/CrashAlert(  391): Handler :1
I/CrashAlert(  391): Status bleibt aktiv
D/CAAccData(  391): x: 0.040861044 y: 7.0553403 z: 6.701211
D/CAAccData(  391): x: 0.08172209 y: 7.082581 z: 6.701211
D/CAAccData(  391): x: 0.040861044 y: 7.0553403 z: 6.66035
D/CAAccData(  391): x: 0.040861044 y: 7.082581 z: 6.701211
D/CAAccData(  391): x: 0.040861044 y: 7.014479 z: 6.6331096
D/CAAccData(  391): x: 0.040861044 y: 7.0553403 z: 6.701211
I/ActivityThread(  510): Publishing provider mail: com.htc.android.mail.MailProvider
D/CAAccData(  391): x: 0.040861044 y: 7.082581 z: 6.701211
D/CAAccData(  391): x: 0.040861044 y: 7.082581 z: 6.742072
D/CAAccData(  391): x: 0.08172209 y: 7.0553403 z: 6.66035
D/CAAccData(  391): x: 0.040861044 y: 7.0553403 z: 6.701211
D/CAAccData(  391): x: 0.040861044 y: 7.0553403 z: 6.66035
D/CAAccData(  391): x: 0.040861044 y: 7.0553403 z: 6.701211
D/CAAccData(  391): x: -0.0 y: 7.0553403 z: 6.742072
D/CrashAlert(  391): Handler :1
I/CrashAlert(  391): Status bleibt aktiv
D/CAAccData(  391): x: 0.040861044 y: 7.0553403 z: 6.701211
D/MessagingShortcutReceiver(  240): update unread count
D/MessagingShortcut(  240): updateMessagingShortcut,unReadCount:0
D/MessagingShortcut(  240): After query:0
D/CAAccData(  391): x: 0.040861044 y: 7.014479 z: 6.701211
D/AppMonitorReceiver(  510): 06021143 update mail shortcut>
D/CAAccData(  391): x: 0.14982383 y: 7.0553403 z: 6.742072
D/CAAccData(  391): x: 0.040861044 y: 7.0553403 z: 6.6331096
D/CAAccData(  391): x: -0.0 y: 7.0553403 z: 6.701211
D/CAAccData(  391): x: -0.0 y: 7.0553403 z: 6.66035
D/CAAccData(  391): x: 0.040861044 y: 7.0553403 z: 6.701211
D/CAAccData(  391): x: 0.040861044 y: 7.082581 z: 6.701211
D/CAAccData(  391): x: 0.040861044 y: 7.0553403 z: 6.701211
D/MessagingShortcutReceiver(  240): update unread count
D/CAAccTime(  391): Sun Jun 27 09:06:51 Europe/Amsterdam 2010
D/CAAccData(  391): x: 0.040861044 y: 7.0553403 z: 6.742072
D/CrashAlert(  391): Handler :1
I/CrashAlert(  391): Status bleibt aktiv
D/MessagingShortcut(  240): updateMessagingShortcut,unReadCount:0
D/CAAccData(  391): x: -0.0 y: 7.0553403 z: 6.66035
D/CAAccData(  391): x: 0.040861044 y: 7.0553403 z: 6.701211
D/MessagingShortcutReceiver(  240): update unread count
D/MessagingShortcut(  240): After query:0
D/CAAccData(  391): x: 0.040861044 y: 7.014479 z: 6.66035
D/CAAccData(  391): x: 0.08172209 y: 7.0553403 z: 6.701211
D/MessagingShortcut(  240): updateMessagingShortcut,unReadCount:0
D/CAAccData(  391): x: 0.040861044 y: 7.0553403 z: 6.701211
D/MessagingShortcut(  240): After query:0
D/CAAccData(  391): x: 0.040861044 y: 7.082581 z: 6.701211
D/CAAccData(  391): x: 0.040861044 y: 7.0553403 z: 6.701211
V/a       (  449): People received Contact DB Ready Intent
I/ActivityManager(  145): Start proc com.android.settings for broadcast com.android.settings/.MLReceiver: pid=524 uid=1000 gids={3003, 3002, 3001, 2001}
D/WSP     (  258): [Receiver] auto sync agent, auto sync is enabled, reset schedule
D/CAAccData(  391): x: 0.040861044 y: 7.082581 z: 6.66035
D/CAAccData(  391): x: 0.040861044 y: 7.0553403 z: 6.66035
D/CAAccData(  391): x: 0.040861044 y: 7.0553403 z: 6.742072
D/CrashAlert(  391): Handler :1
I/CrashAlert(  391): Status bleibt aktiv
D/CAAccData(  391): x: 0.040861044 y: 7.014479 z: 6.66035
D/CAAccData(  391): x: 0.040861044 y: 7.0553403 z: 6.701211
D/CAAccData(  391): x: 0.040861044 y: 7.014479 z: 6.701211
I/ActivityThread(  524): Publishing provider com.android.settings.provider.suggestion: com.android.settings.globalsearch.SuggestionProvider
D/CAAccData(  391): x: 0.08172209 y: 7.0553403 z: 6.66035
D/CAAccData(  391): x: 0.08172209 y: 7.0553403 z: 6.701211
W/Addapter(  209): info.icon:2130837554
D/CAAccData(  391): x: 0.040861044 y: 7.082581 z: 6.6331096
D/CAAccData(  391): x: 0.08172209 y: 7.082581 z: 6.742072
D/CAAccData(  391): x: -0.0 y: 7.014479 z: 6.66035
W/Addapter(  209): info.icon:2130837538
W/Addapter(  209): info.icon:2130837525
W/Addapter(  209): info.icon:2130837832
W/Addapter(  209): info.icon:2130837509
D/CAAccData(  391): x: 0.040861044 y: 7.0553403 z: 6.742072
W/Addapter(  209): info.icon:2130837505
W/Addapter(  209): info.icon:2130837504
I/MediaScanner(  403): mOriginalCount = 13, prune thumb flag = false
D/MediaScanner(  403):  prescan time: 248ms
D/MediaScanner(  403):     scan time: 1005ms
D/MediaScanner(  403): postscan time: 1535ms
D/MediaScanner(  403):    total time: 2788ms
D/CAAccData(  391): x: 0.040861044 y: 7.0553403 z: 6.701211
D/MediaProvider(  403): un-lock thumbnail worker
D/MediaProvider(  403): un-lock thumbnail worker
D/MediaScannerService(  403): done scanning volume external
D/        (  403): unable to unlink '/data/data/com.android.providers.media/pause_scan': No such file or directory (errno=2)
E/MediaScannerService(  403): Failed to delete file /data/data/com.android.providers.media/pause_scan
D/CAAccData(  391): x: 0.040861044 y: 7.0553403 z: 6.66035
D/CAAccData(  391): x: 0.040861044 y: 7.0553403 z: 6.701211
D/Addapter(  209): text : Get more HTC widgets
D/CAAccData(  391): x: -0.0 y: 7.014479 z: 6.6331096
D/CAAccData(  391): x: -0.0 y: 7.014479 z: 6.66035
D/CrashAlert(  391): Handler :1
I/CrashAlert(  391): Status bleibt aktiv
V/AutoSetting(  258): receiver - ***onReceive: com.htc.app.autosetting.location
D/CAAccTime(  391): Sun Jun 27 09:06:52 Europe/Amsterdam 2010
D/CAAccData(  391): x: -0.19068487 y: 6.8237944 z: 6.4015636
D/Sync    (  145): Received sSubscribedFeedsRefreshIntent
D/CAAccData(  391): x: 0.08172209 y: 7.014479 z: 6.742072
D/CAAccData(  391): x: 0.08172209 y: 7.0553403 z: 6.742072
D/CAAccData(  391): x: 0.10896278 y: 7.0553403 z: 6.6331096
D/VoiceDialerReceiver(  352): onReceive Intent { act=android.intent.action.PACKAGE_CHANGED dat=package:com.android.stk flg=0x20000000 cmp=com.android.voicedialer/.VoiceDialerReceiver (has extras) }
D/HtcWidgetScanner(  337): action - android.intent.action.PACKAGE_CHANGED
D/HtcWidgetScanner(  337): packageUid - 1001
D/CAAccData(  391): x: 0.08172209 y: 7.0553403 z: 6.6331096
D/CAAccData(  391): x: 0.08172209 y: 7.0553403 z: 6.66035
D/CAAccData(  391): x: 0.08172209 y: 7.0553403 z: 6.782933
D/AutoSetting(  258): service - Network Operator=
V/AutoSetting(  258): receiver - (com.htc.app.autosetting.location) ALARM_LOCATION,lastMCC:null,mcc:null,notifyWhenNoResult: true
D/CAAccData(  391): x: 0.040861044 y: 7.0553403 z: 6.8237944
D/CAAccData(  391): x: 0.040861044 y: 7.014479 z: 6.782933
V/AutoSetting(  258): receiver - startAutosettingService, action: com.htc.app.autosetting.location,notifyWhenNoResult:true
D/CAAccData(  391): x: -0.0 y: 6.973618 z: 6.6331096
D/CAAccData(  391): x: -0.040861044 y: 7.082581 z: 6.742072
D/CAAccData(  391): x: 0.08172209 y: 7.014479 z: 6.6331096
D/CAAccData(  391): x: -0.040861044 y: 7.0553403 z: 6.782933
D/CAAccData(  391): x: 0.040861044 y: 7.082581 z: 6.66035
D/CrashAlert(  391): Handler :1
I/CrashAlert(  391): Status bleibt aktiv
D/CAAccData(  391): x: 0.040861044 y: 7.0553403 z: 6.742072
D/CAAccData(  391): x: 0.08172209 y: 6.973618 z: 6.701211
D/AutoSetting(  258): service - ***setupWizardIsCompleted: true
D/AutoSetting(  258): service - onStart(), id = 0
D/AutoSetting(  258): service - new wake lock
D/AutoSetting(  258): service - wake lock acquire
D/CAAccData(  391): x: -0.0 y: 7.0553403 z: 6.66035
D/AutoSetting(  258): service - onStart(), Checking location times = 1
D/AutoSetting(  258): service - onStart(), Checking location change = true
D/AutoSetting(  258): service - onStart(), Set city info = true
D/AutoSetting(  258): service - onStart(), Set network time info = true
D/AutoSetting(  258): service - onStart(), Set network timezone info = true
D/AutoSetting(  258): service - onStart(), Set notify when no result = true
D/CAAccData(  391): x: 0.040861044 y: 7.014479 z: 6.701211
D/CAAccData(  391): x: 0.040861044 y: 7.0553403 z: 6.742072
D/CAAccData(  391): x: 0.08172209 y: 7.014479 z: 6.701211
D/CAAccData(  391): x: 0.08172209 y: 6.973618 z: 6.742072
D/CAAccData(  391): x: 0.08172209 y: 7.014479 z: 6.66035
D/LocationManager(  258): Constructor: service = android.location.ILocationManager$Stub$Proxy@454cfda8
V/HtcLocationService(  258): service - onCreate()
V/HtcLocationService(  258): service - onBind()
D/CAAccData(  391): x: 0.040861044 y: 7.0553403 z: 6.6331096
D/CAAccData(  391): x: 0.040861044 y: 7.246025 z: 6.510526
D/CAAccData(  391): x: 0.040861044 y: 7.205164 z: 6.6331096
D/CAAccData(  391): x: -0.0 y: 7.1234417 z: 6.469665
D/CAAccData(  391): x: 0.040861044 y: 7.246025 z: 6.5922484
D/CrashAlert(  391): Handler :1
I/CrashAlert(  391): Status bleibt aktiv
D/CAAccTime(  391): Sun Jun 27 09:06:53 Europe/Amsterdam 2010
D/CAAccData(  391): x: 0.040861044 y: 7.164303 z: 6.428804
D/CAAccData(  391): x: 0.040861044 y: 7.273266 z: 6.469665
D/CAAccData(  391): x: 0.08172209 y: 7.43671 z: 6.4015636
D/CAAccData(  391): x: 0.040861044 y: 7.4639506 z: 6.238119
D/CAAccData(  391): x: 0.08172209 y: 7.5865335 z: 6.238119
I/WSP     (  258): [Receiver] EVENT - ALARM MANAGER (AUTO-SYNC)
D/CAAccData(  391): x: 0.040861044 y: 7.6273947 z: 6.1291566
I/WSP     (  258): [Receiver] next auto-sync alarm event is 180 mins later, at time: Sun Jun 27 12:06:53 Europe/Amsterdam 2010
D/dalvikvm(  391): GC freed 8320 objects / 526768 bytes in 126ms
D/CAAccData(  391): x: 0.040861044 y: 7.7363577 z: 6.0474343
D/CAAccData(  391): x: 0.040861044 y: 7.7363577 z: 5.8567495
D/CAAccData(  391): x: 0.040861044 y: 7.7363577 z: 5.938472
D/CAAccData(  391): x: 0.040861044 y: 7.8861814 z: 5.8567495
D/CAAccData(  391): x: 0.040861044 y: 7.9679036 z: 5.6660647
D/CAAccData(  391): x: -0.040861044 y: 8.308413 z: 5.407278
V/AutoSetting(  258): receiver - ***onReceive: com.htc.app.autosetting.location
D/CAAccData(  391): x: 0.08172209 y: 8.499097 z: 5.053149
D/CrashAlert(  391): Handler :1
I/CrashAlert(  391): Status bleibt aktiv
D/AutoSetting(  258): service - Network Operator=
V/AutoSetting(  258): receiver - (com.htc.app.autosetting.location) ALARM_LOCATION,lastMCC:null,mcc:null,notifyWhenNoResult: true
D/CAAccData(  391): x: 0.08172209 y: 8.689782 z: 4.8216033
D/CAAccData(  391): x: 0.08172209 y: 8.771504 z: 4.671779
D/CAAccData(  391): x: 0.08172209 y: 8.962189 z: 4.5219555
V/AutoSetting(  258): receiver - startAutosettingService, action: com.htc.app.autosetting.location,notifyWhenNoResult:true
D/CAAccData(  391): x: 0.08172209 y: 9.084772 z: 4.399372
D/CAAccData(  391): x: 0.040861044 y: 9.152874 z: 4.3312707
D/AutoSetting(  258): service - ***setupWizardIsCompleted: true
D/AutoSetting(  258): service - onStart(), id = 1
D/AutoSetting(  258): service - ***setupWizardIsCompleted: true
D/AutoSetting(  258): service - ***chkConnected, mbReqChecking:true,mbApplyAll:true
D/AutoSetting(  258): service - ***no network is avaiable
D/CAAccData(  391): x: -0.040861044 y: 9.193735 z: 4.3312707
D/AutoSetting(  258): service - doAutoSettings(), isNetworkAvailable: false, isUseWirelessNetworks: false, isTimeAutoState: true
D/AutoSetting(  258): service - Network Operator=
D/AutoSetting(  258): *****processOnTimeZoneId, mbNotifyNoResult=true
D/AutoSetting(  258): service - ***setupWizardIsCompleted: true
D/AutoSetting(  258): *****NITZ=
D/AutoSetting(  258): service - Network Operator=
D/AutoSetting(  258): *****MCC=-1
D/CAAccData(  391): x: -0.040861044 y: 9.234595 z: 4.372132
D/CAAccData(  391): x: -0.08172209 y: 9.275456 z: 4.372132
D/CAAccData(  391): x: -0.08172209 y: 9.275456 z: 4.2495484
D/CAAccData(  391): x: -0.10896278 y: 9.302697 z: 4.1814466
D/CAAccData(  391): x: -0.08172209 y: 9.302697 z: 4.140586
D/CAAccData(  391): x: -0.0 y: 9.302697 z: 3.9771416
D/CAAccData(  391): x: 0.10896278 y: 9.302697 z: 3.8273177
D/CrashAlert(  391): Handler :1
I/CrashAlert(  391): Status bleibt aktiv
D/CAAccData(  391): x: 0.10896278 y: 9.302697 z: 4.0180025
V/HtcLocationService(  258): service - onDestroy()
D/CAAccTime(  391): Sun Jun 27 09:06:54 Europe/Amsterdam 2010
D/CAAccData(  391): x: 0.040861044 y: 9.534244 z: 3.9771416
D/LocationManager(  258): removeUpdates: listener = com.htc.htclocationservice.HtcLocationServiceAgent$7@454ca0a0
D/CAAccData(  391): x: -0.040861044 y: 9.534244 z: 3.9771416
D/CAAccData(  391): x: -0.0 y: 9.507003 z: 4.0180025
D/AutoSetting(  258): service - stop self
D/AutoSetting(  258): service - wake lock release
D/CAAccData(  391): x: -0.08172209 y: 9.575105 z: 3.9499009
D/AutoSetting(  258): service - stop self
D/CAAccData(  391): x: -0.14982383 y: 9.656827 z: 3.8273177
D/CAAccData(  391): x: -0.14982383 y: 9.697687 z: 3.759216
D/CAAccData(  391): x: 0.08172209 y: 9.697687 z: 3.759216
D/CAAccData(  391): x: 0.27240697 y: 9.656827 z: 3.759216
D/CAAccData(  391): x: 0.14982383 y: 9.80665 z: 3.6774938
D/CAAccData(  391): x: 0.040861044 y: 9.888372 z: 3.759216
D/CAAccData(  391): x: -0.0 y: 9.80665 z: 3.568531
D/CAAccData(  391): x: 0.040861044 y: 9.656827 z: 3.2961242
D/CAAccData(  391): x: -0.10896278 y: 9.765789 z: 3.445948
D/CrashAlert(  391): Handler :1
I/CrashAlert(  391): Status bleibt aktiv
D/CAAccData(  391): x: -0.27240697 y: 9.765789 z: 3.568531
D/CAAccData(  391): x: -0.46309182 y: 9.534244 z: 3.568531
D/CAAccData(  391): x: -0.50395286 y: 9.384419 z: 3.445948
D/CAAccData(  391): x: -0.27240697 y: 8.689782 z: 2.9147544
D/CAAccData(  391): x: -0.19068487 y: 9.575105 z: 3.8273177
D/CAAccData(  391): x: -0.19068487 y: 9.697687 z: 4.3312707
D/CAAccData(  391): x: -0.10896278 y: 9.765789 z: 4.7535014
D/CAAccData(  391): x: -0.040861044 y: 8.921328 z: 4.7126403
D/CAAccData(  391): x: -0.3405087 y: 8.19945 z: 5.175732
D/CAAccData(  391): x: -0.313268 y: 7.6954966 z: 5.284695
D/CrashAlert(  391): Handler :1
I/CrashAlert(  391): Status bleibt aktiv
D/CAAccTime(  391): Sun Jun 27 09:06:55 Europe/Amsterdam 2010
D/CAAccData(  391): x: -0.38136974 y: 8.349273 z: 5.5571017
D/CAAccData(  391): x: -0.0 y: 8.430995 z: 5.9793324
D/CAAccData(  391): x: 0.3405087 y: 8.281172 z: 5.706926
D/CAAccData(  391): x: 0.5720546 y: 8.539958 z: 5.7477865
D/CAAccData(  391): x: -0.27240697 y: 8.240311 z: 5.012288
D/CAAccData(  391): x: -0.9942854 y: 8.499097 z: 5.175732
D/CAAccData(  391): x: -0.88532263 y: 8.076866 z: 4.7126403
D/CAAccData(  391): x: -0.53119355 y: 7.8180795 z: 4.7126403
D/CAAccData(  391): x: -1.0760075 y: 8.281172 z: 5.325556
D/CAAccData(  391): x: -0.5720546 y: 8.390134 z: 5.134871
D/CAAccData(  391): x: 0.10896278 y: 8.499097 z: 5.284695
D/CAAccData(  391): x: -0.10896278 y: 8.689782 z: 5.7477865
D/CrashAlert(  391): Handler :1
I/CrashAlert(  391): Status bleibt aktiv
D/CAAccData(  391): x: -0.14982383 y: 8.308413 z: 5.325556
D/CAAccData(  391): x: -0.19068487 y: 7.9679036 z: 4.862464
D/CAAccData(  391): x: -0.3405087 y: 6.66035 z: 3.718355
D/CAAccData(  391): x: -0.7627395 y: 7.5456724 z: 4.7943625
D/CAAccData(  391): x: -0.61291564 y: 8.076866 z: 5.284695
D/CAAccData(  391): x: -1.3075534 y: 9.888372 z: 7.9270425
D/CAAccData(  391): x: -0.61291564 y: 9.847511 z: 8.349273
D/CAAccData(  391): x: -0.46309182 y: 8.730643 z: 7.014479
D/CAAccData(  391): x: -0.95342433 y: 8.539958 z: 7.1234417
D/CAAccData(  391): x: -0.27240697 y: 7.8589406 z: 5.325556
D/CAAccData(  391): x: -0.7218784 y: 6.701211 z: 4.2495484
D/CAAccData(  391): x: -0.6946377 y: 6.1700177 z: 3.255263
D/CrashAlert(  391): Handler :1
I/CrashAlert(  391): Status bleibt aktiv
D/CAAccTime(  391): Sun Jun 27 09:06:56 Europe/Amsterdam 2010
D/CAAccData(  391): x: -0.7218784 y: 7.504812 z: 5.09401
D/CAAccData(  391): x: -0.6946377 y: 8.580819 z: 6.891896
D/CAAccData(  391): x: -0.95342433 y: 9.084772 z: 6.3198414
D/CAAccData(  391): x: -0.23154591 y: 8.471856 z: 5.243834
D/CAAccData(  391): x: -0.10896278 y: 8.349273 z: 5.09401
D/CAAccData(  391): x: -0.040861044 y: 8.349273 z: 5.5571017
D/CAAccData(  391): x: -0.5720546 y: 7.246025 z: 5.243834
D/CAAccData(  391): x: -0.6537767 y: 7.205164 z: 5.6252036
D/CAAccData(  391): x: -0.3405087 y: 7.205164 z: 5.597963
D/CAAccData(  391): x: -0.3405087 y: 7.5865335 z: 5.5571017
D/CAAccData(  391): x: -0.10896278 y: 7.6954966 z: 5.407278
D/CrashAlert(  391): Handler :1
I/CrashAlert(  391): Status bleibt aktiv
D/CAAccData(  391): x: -0.3405087 y: 8.19945 z: 5.7477865
D/CAAccData(  391): x: -0.50395286 y: 7.7772183 z: 5.5571017
D/CAAccData(  391): x: -0.313268 y: 7.8180795 z: 5.938472
D/CAAccData(  391): x: -0.19068487 y: 7.504812 z: 6.0474343
D/CAAccData(  391): x: 0.040861044 y: 7.082581 z: 6.1291566
D/CAAccData(  391): x: -0.14982383 y: 7.082581 z: 6.510526
D/CAAccData(  391): x: 0.040861044 y: 7.014479 z: 6.5513873
D/CAAccData(  391): x: -0.040861044 y: 7.43671 z: 6.469665
D/CAAccData(  391): x: -0.19068487 y: 7.43671 z: 6.238119
D/CAAccData(  391): x: -0.14982383 y: 7.504812 z: 6.2108784
D/CAAccData(  391): x: -0.10896278 y: 7.504812 z: 6.1291566
D/CAAccData(  391): x: -0.040861044 y: 7.1234417 z: 6.3198414
D/CrashAlert(  391): Handler :1
I/CrashAlert(  391): Status bleibt aktiv
D/CAAccData(  391): x: -0.08172209 y: 7.014479 z: 6.5513873
D/CAAccTime(  391): Sun Jun 27 09:06:57 Europe/Amsterdam 2010
D/CAAccData(  391): x: -0.0 y: 6.973618 z: 6.6331096
D/CAAccData(  391): x: 0.040861044 y: 6.932757 z: 6.6331096
D/CAAccData(  391): x: 0.14982383 y: 6.891896 z: 6.6331096
D/CAAccData(  391): x: 0.10896278 y: 6.851035 z: 6.701211
D/CAAccData(  391): x: 0.10896278 y: 6.891896 z: 6.742072
D/CAAccData(  391): x: -0.0 y: 6.701211 z: 6.891896
D/CAAccData(  391): x: 0.08172209 y: 6.782933 z: 6.782933
D/CAAccData(  391): x: 0.10896278 y: 6.932757 z: 6.851035
D/CAAccData(  391): x: 0.08172209 y: 6.851035 z: 6.851035
D/CAAccData(  391): x: 0.040861044 y: 6.891896 z: 6.891896
D/CrashAlert(  391): Handler :1
I/CrashAlert(  391): Status bleibt aktiv
D/CAAccData(  391): x: 0.10896278 y: 6.782933 z: 6.973618
D/CAAccData(  391): x: 0.08172209 y: 6.742072 z: 6.932757
D/CAAccData(  391): x: -0.0 y: 6.701211 z: 7.014479
D/CAAccData(  391): x: 0.10896278 y: 6.701211 z: 7.014479
D/CAAccData(  391): x: 0.08172209 y: 6.891896 z: 7.082581
D/CAAccData(  391): x: 0.040861044 y: 6.8237944 z: 7.014479
