D/CrashAlert(  572): Handler :4711
D/CrashAlert(  572): Handler :4711
D/CrashAlert(  572): Handler :4711
D/CrashAlert(  572): Handler :4711
D/CrashAlert(  572): Handler :4711
D/CrashAlert(  572): Handler :4711
D/CrashAlert(  572): Handler :4711
D/CrashAlert(  572): Handler :4711
D/CrashAlert(  572): Handler :4711
D/CrashAlert(  572): Handler :4711
D/CrashAlert(  572): Handler :4711
D/CrashAlert(  572): Handler :4711
D/CrashAlert(  572): Handler :4711
D/CrashAlert(  572): Handler :4711
D/CrashAlert(  572): Handler :4711
D/CrashAlert(  572): Handler :4711
D/CrashAlert(  572): Handler :4711
D/CrashAlert(  572): Handler :4711
D/CrashAlert(  572): Handler :4711
D/CrashAlert(  572): Handler :4711
D/CrashAlert(  572): Handler :4711
D/CrashAlert(  572): Handler :4711
D/CrashAlert(  572): Handler :4711
D/CrashAlert(  572): Handler :4711
D/CrashAlert(  572): Handler :4711
D/CrashAlert(  572): Handler :4711
D/CrashAlert(  572): Handler :4711
D/CrashAlert(  572): Handler :4711
D/CrashAlert(  572): Handler :4711
D/CrashAlert(  572): Handler :4711
D/CrashAlert(  572): Handler :4711
D/CrashAlert(  572): Handler :4711
D/CrashAlert(  572): Handler :4711
D/CrashAlert(  572): Handler :4711
D/CrashAlert(  572): Handler :4711
I/power   (  144): *** set_screen_state 0
D/KeyguardViewManager(  144): show()
D/SurfaceFlinger(  144): About to give-up screen, flinger = 0x149d10
D/SurfaceFlinger(  144): screen given-up
D/Sensors (  144): close_akm, fd=127
D/HtcLockScreen(  144): onScreenRestart
D/CrashAlert(  572): Handler :4711
I/HtcLockScreen(  144): HtcLockScreen:onResume 
D/BluetoothA2dpService(  144): Received intent with action: android.intent.action.SCREEN_OFF
D/KeyguardViewMediator(  144): handleKeyguardDoneDrawing: notifying mWaitingUntilKeyguardVisible
D/AK8973  (  129): Compass CLOSE 
D/ContactWidget Matrix(  209): Received intent:android.intent.action.SCREEN_OFF
D/CrashAlert(  572): Handler :4711
D/CrashAlert(  572): Handler :4711
D/KeyguardViewMediator(  144): wakeWhenReadyLocked(6)
D/KeyguardViewMediator(  144): mWakeAndHandOff.acquire() -- start
D/KeyguardViewMediator(  144): mWakeAndHandOff.acquire() -- end
D/KeyguardViewMediator(  144): handleWakeWhenReady(6)
D/KeyguardViewMediator(  144): pokeWakelock(15000)
I/power   (  144): *** set_screen_state 1
D/PowerManagerService(  144): PowerManagerService, no ringing
I/HtcLockScreen(  144): HtcLockScreen:onResume 
W/dalvikvm(  144): disableGcForExternalAlloc: false
D/BluetoothA2dpService(  144): Received intent with action: android.intent.action.SCREEN_ON
D/BT HS/HF(  200): gsmAsuToSignal=14
D/CrashAlert(  572): Handler :4711
D/ContactWidget Matrix(  209): Received intent:android.intent.action.SCREEN_ON
D/SurfaceFlinger(  144): Screen about to return, flinger = 0x149d10
D/SurfaceFlinger(  144): screen returned
D/SurfaceFlinger(  144): wakeup flip
D/CrashAlert(  572): Handler :4711
D/CrashAlert(  572): Handler :4711
D/CrashAlert(  572): Handler :4711
D/CrashAlert(  572): Handler :4711
I/HtcLockScreen(  144): touch ACTION_DOWN
D/CrashAlert(  572): Handler :4711
I/HtcLockScreen(  144): touch ACTION_UP
W/dalvikvm(  144): disableGcForExternalAlloc: true
D/HtcLockScreen(  144): up animationn done
W/dalvikvm(  144): disableGcForExternalAlloc: false
D/CrashAlert(  572): Handler :4711
D/CrashAlert(  572): Handler :4711
I/HtcLockScreen(  144): touch ACTION_DOWN
D/KeyguardViewMediator(  144): pokeWakelock(15000)
I/HtcLockScreen(  144): touch ACTION_UP
D/HtcLockScreen(  144): do not match unlock conditions
D/CrashAlert(  572): Handler :4711
D/CrashAlert(  572): Handler :4711
D/CrashAlert(  572): Handler :4711
D/CrashAlert(  572): Handler :4711
D/CrashAlert(  572): Handler :4711
D/CrashAlert(  572): Handler :4711
D/CrashAlert(  572): Handler :4711
D/CrashAlert(  572): Handler :4711
D/CrashAlert(  572): Handler :4711
D/KeyguardViewMediator(  144): pokeWakelock(15000)
I/HtcLockScreen(  144): Press Menu key to unlock screen
I/HtcLockScreen(  144): HtcLockScreen:onPause
D/HtcLockScreen(  144): onScreenPause
D/KeyguardViewManager(  144): hide()
D/AK8973  (  129): Compass Start
D/Sensors (  144): open_akm, fd=94
W/InputManagerService(  144): Window already focused, ignoring focus gain of: com.android.internal.view.IInputMethodClient$Stub$Proxy@4562ae68
D/CrashAlert(  572): Handler :4711
D/CrashAlert(  572): hash fuellen smsauto2 0167213890213
D/CrashAlert(  572): hash fuellen lenacc 10
D/CrashAlert(  572): hash fuellen delayacc 1
D/CrashAlert(  572): hash fuellen lengps 10
D/CrashAlert(  572): hash fuellen delaymain 300
D/CrashAlert(  572): hash fuellen modusenergie 6
D/CrashAlert(  572): hash fuellen alertdialogdelay 60
D/CrashAlert(  572): hash fuellen gpsformat 0
D/CrashAlert(  572): hash fuellen vibratetime 30000
D/CrashAlert(  572): hash fuellen audiostream 1
D/CrashAlert(  572): hash fuellen activeprofile 3
D/CrashAlert(  572): hash fuellen dbversion 8
D/CrashAlert(  572): hash fuellen automodus false
D/CrashAlert(  572): hash fuellen debugmodus false
D/CrashAlert(  572): Handler :4711
D/CrashAlert(  572): Handler :4711
D/CrashAlert(  572): Handler :4711
D/CrashAlert(  572): Handler :4711
D/CrashAlert(  572): Handler :4711
D/CrashAlert(  572): Handler :4711
D/GpsLocationProvider(  144): addListener(org.me.crashalert)
D/GpsLocationProvider(  144): setMinTime 0
D/GpsLocationProvider(  144): startNavigating
D/libgps  (  144): qct_gps_set_qos_time_out(standalone = 2, agps = 89)
D/libgps  (  144): qct_gps_set_position_mode = 1, fix_frequency = 1
D/libgps  (  144): qct_gps_start
D/libgps  (  144): AgpsActionThread calling getaddrinfo.
D/libgps  (  144): report status : 1
D/GpsLocationProvider(  144): Acquiring wakelock
D/libgps  (  144): XTRA event: RPC_PDSM_XTRA_EVENT_DOWNLOAD_REQ
W/libgps  (  144): getaddrinfo :No address associated with hostname
D/libgps  (  144): calling sAGpsStatusCallback GPS_REQUEST_AGPS_DATA_CONN
D/ConnectivityService(  144): startUsingNetworkFeature for net 0: enableSUPL
D/ConnectivityService(  144): special network not available
D/GpsLocationProvider(  144): mConnMgr.startUsingNetworkFeature result: 2
D/libgps  (  144): qct_agps_data_conn_failed
D/libgps  (  144): report status : 3
I/NotificationService(  144): enqueueToast pkg=org.me.crashalert callback=android.app.ITransientNotification$Stub$Proxy@45627508 duration=0
I/CrashAlert(  572): Service gestartet
D/CAAccTime(  572): Tue Jun 22 09:39:23 Europe/Amsterdam 2010
D/CAAccData(  572): x: -0.38136974 y: 4.3312707 z: 8.812365
D/CrashAlert(  572): Handler :2
I/CrashAlert(  572): Status auf Aktiv gendert
D/CAAccData(  572): x: -0.7627395 y: 4.2495484 z: 9.043911
D/CAAccData(  572): x: -0.46309182 y: 4.4810944 z: 8.730643
D/CAAccData(  572): x: -0.23154591 y: 4.5219555 z: 8.430995
D/CAAccData(  572): x: -0.46309182 y: 4.2904096 z: 8.662541
D/CAAccData(  572): x: -0.46309182 y: 4.3312707 z: 9.00305
D/CAAccData(  572): x: -0.23154591 y: 4.630918 z: 8.580819
D/CAAccData(  572): x: -0.08172209 y: 4.7535014 z: 8.580819
D/CAAccData(  572): x: -0.10896278 y: 4.5219555 z: 8.771504
D/CAAccData(  572): x: -0.14982383 y: 4.6036777 z: 8.499097
D/CAAccData(  572): x: 0.040861044 y: 4.7943625 z: 8.812365
D/CAAccData(  572): x: -0.23154591 y: 4.4810944 z: 8.771504
D/dalvikvm(  572): GC freed 5303 objects / 328736 bytes in 102ms
D/CAAccData(  572): x: -0.3405087 y: 4.4810944 z: 8.62168
I/dalvikvm(  572): Uncaught exception thrown by finalizer (will be discarded):
D/CAAccData(  572): x: 0.040861044 y: 4.671779 z: 8.771504
D/CAAccData(  572): x: -0.23154591 y: 4.399372 z: 8.430995
I/dalvikvm(  572): Ljava/lang/IllegalStateException;: Finalizing cursor android.database.sqlite.SQLiteCursor@454a5408 on null that has not been deactivated or closed
D/CrashAlert(  572): Handler :1
I/CrashAlert(  572): Status bleibt aktiv
I/dalvikvm(  572): 	at android.database.sqlite.SQLiteCursor.finalize(SQLiteCursor.java:631)
D/CAAccData(  572): x: -0.14982383 y: 4.5219555 z: 8.62168
I/dalvikvm(  572): 	at dalvik.system.NativeStart.run(Native Method)
I/dalvikvm(  572): Uncaught exception thrown by finalizer (will be discarded):
I/dalvikvm(  572): Ljava/lang/IllegalStateException;: Finalizing cursor android.database.sqlite.SQLiteCursor@454a2ae0 on null that has not been deactivated or closed
I/dalvikvm(  572): 	at android.database.sqlite.SQLiteCursor.finalize(SQLiteCursor.java:631)
I/dalvikvm(  572): 	at dalvik.system.NativeStart.run(Native Method)
I/dalvikvm(  572): Uncaught exception thrown by finalizer (will be discarded):
I/dalvikvm(  572): Ljava/lang/IllegalStateException;: Finalizing cursor android.database.sqlite.SQLiteCursor@454a26b8 on null that has not been deactivated or closed
I/dalvikvm(  572): 	at android.database.sqlite.SQLiteCursor.finalize(SQLiteCursor.java:631)
I/dalvikvm(  572): 	at dalvik.system.NativeStart.run(Native Method)
D/CAAccData(  572): x: -0.0 y: 4.671779 z: 8.853226
D/CAAccData(  572): x: -0.19068487 y: 4.4810944 z: 8.580819
D/CAAccData(  572): x: -0.040861044 y: 4.6036777 z: 8.662541
D/CAAccData(  572): x: 0.10896278 y: 4.630918 z: 8.730643
D/CAAccData(  572): x: -0.14982383 y: 4.5628166 z: 8.689782
D/CAAccData(  572): x: -0.23154591 y: 4.6036777 z: 8.921328
D/CAAccData(  572): x: 0.040861044 y: 4.7943625 z: 8.771504
D/CAAccData(  572): x: 0.10896278 y: 4.7943625 z: 8.240311
D/CAAccData(  572): x: 0.08172209 y: 4.630918 z: 8.471856
D/CAAccData(  572): x: -0.0 y: 4.671779 z: 8.390134
D/CAAccData(  572): x: 0.19068487 y: 4.7535014 z: 8.158588
D/CAAccData(  572): x: 0.7218784 y: 4.7943625 z: 8.853226
D/CrashAlert(  572): Handler :1
I/CrashAlert(  572): Status bleibt aktiv
D/CAAccData(  572): x: 0.46309182 y: 4.4810944 z: 8.921328
D/CAAccData(  572): x: 0.46309182 y: 4.140586 z: 8.730643
D/CAAccData(  572): x: 0.7218784 y: 4.8216033 z: 8.539958
D/CAAccTime(  572): Tue Jun 22 09:39:24 Europe/Amsterdam 2010
D/CAAccData(  572): x: 0.53119355 y: 4.671779 z: 8.471856
D/CAAccData(  572): x: 0.6537767 y: 4.7126403 z: 8.62168
D/CAAccData(  572): x: 0.53119355 y: 4.7126403 z: 8.19945
D/CAAccData(  572): x: 0.53119355 y: 4.7126403 z: 8.853226
D/CAAccData(  572): x: 0.61291564 y: 4.5628166 z: 8.730643
D/CAAccData(  572): x: 0.38136974 y: 4.671779 z: 8.471856
D/CAAccData(  572): x: 0.61291564 y: 4.8216033 z: 8.62168
D/CAAccData(  572): x: 0.38136974 y: 4.5219555 z: 8.662541
D/CAAccData(  572): x: 0.5720546 y: 4.7943625 z: 8.430995
D/CrashAlert(  572): Handler :1
I/CrashAlert(  572): Status bleibt aktiv
D/CAAccData(  572): x: 0.6946377 y: 4.7943625 z: 8.499097
D/CAAccData(  572): x: 0.42223078 y: 4.5628166 z: 8.471856
D/CAAccData(  572): x: 0.53119355 y: 4.7126403 z: 8.730643
D/CAAccData(  572): x: 0.53119355 y: 4.7126403 z: 8.390134
D/CAAccData(  572): x: 0.50395286 y: 4.671779 z: 8.580819
D/CAAccData(  572): x: 0.53119355 y: 4.671779 z: 8.62168
D/CAAccData(  572): x: 0.42223078 y: 4.7126403 z: 8.471856
D/CAAccData(  572): x: 0.46309182 y: 4.671779 z: 8.689782
D/CAAccData(  572): x: 0.38136974 y: 4.630918 z: 8.499097
D/CAAccData(  572): x: 0.42223078 y: 3.990762 z: 8.539958
D/CAAccData(  572): x: 0.61291564 y: 4.7535014 z: 8.471856
D/CAAccData(  572): x: 0.42223078 y: 4.630918 z: 8.580819
D/CAAccData(  572): x: 0.53119355 y: 4.671779 z: 8.730643
D/CrashAlert(  572): Handler :1
I/CrashAlert(  572): Status bleibt aktiv
D/CAAccData(  572): x: 0.42223078 y: 4.140586 z: 8.471856
D/CAAccData(  572): x: 0.53119355 y: 4.671779 z: 8.430995
D/CAAccData(  572): x: 0.46309182 y: 3.990762 z: 8.730643
D/CAAccData(  572): x: 0.29964766 y: 4.671779 z: 8.730643
D/CAAccTime(  572): Tue Jun 22 09:39:26 Europe/Amsterdam 2010
D/CAAccData(  572): x: 0.5720546 y: 4.862464 z: 8.539958
D/CAAccData(  572): x: 0.50395286 y: 4.671779 z: 8.539958
D/CAAccData(  572): x: 0.3405087 y: 4.5219555 z: 8.430995
D/CAAccData(  572): x: 0.53119355 y: 4.7535014 z: 8.539958
D/CAAccData(  572): x: 0.46309182 y: 4.7943625 z: 8.499097
D/CAAccData(  572): x: 0.27240697 y: 4.5628166 z: 8.471856
D/CAAccData(  572): x: 0.53119355 y: 4.7535014 z: 8.771504
D/CAAccData(  572): x: 0.3405087 y: 4.7943625 z: 8.580819
D/CAAccData(  572): x: 0.3405087 y: 4.140586 z: 8.499097
D/CrashAlert(  572): Handler :1
I/CrashAlert(  572): Status bleibt aktiv
D/CAAccData(  572): x: 0.5720546 y: 4.8216033 z: 8.580819
D/CAAccData(  572): x: 0.3405087 y: 3.990762 z: 8.471856
D/CAAccData(  572): x: 0.46309182 y: 4.7943625 z: 8.539958
D/CAAccData(  572): x: 0.3405087 y: 4.862464 z: 8.662541
D/CAAccData(  572): x: 0.19068487 y: 4.630918 z: 8.539958
D/CAAccData(  572): x: 0.53119355 y: 4.903325 z: 8.580819
D/CAAccData(  572): x: 0.50395286 y: 4.944186 z: 8.689782
D/CAAccData(  572): x: 0.38136974 y: 4.8216033 z: 8.390134
D/CAAccData(  572): x: 0.46309182 y: 4.862464 z: 8.580819
D/CAAccData(  572): x: 0.29964766 y: 4.7943625 z: 8.689782
D/CAAccData(  572): x: 0.19068487 y: 4.8216033 z: 8.62168
D/CAAccData(  572): x: 0.42223078 y: 5.243834 z: 8.853226
D/CAAccData(  572): x: 0.53119355 y: 5.5162406 z: 9.00305
D/CAAccData(  572): x: 0.53119355 y: 5.434519 z: 9.425281
D/CrashAlert(  572): Handler :1
I/CrashAlert(  572): Status bleibt aktiv
D/CAAccData(  572): x: 0.27240697 y: 5.597963 z: 9.724928
D/CAAccData(  572): x: 0.84446156 y: 5.5571017 z: 9.193735
D/CAAccData(  572): x: 0.23154591 y: 4.944186 z: 8.539958
D/CAAccData(  572): x: -0.42223078 y: 4.7535014 z: 8.539958
D/CAAccData(  572): x: 0.50395286 y: 4.862464 z: 8.921328
D/CAAccTime(  572): Tue Jun 22 09:39:27 Europe/Amsterdam 2010
D/CAAccData(  572): x: 0.42223078 y: 4.903325 z: 8.19945
D/CAAccData(  572): x: 0.3405087 y: 4.7943625 z: 7.7363577
D/CAAccData(  572): x: 1.1849703 y: 4.944186 z: 8.390134
D/CAAccData(  572): x: 1.2258313 y: 4.7943625 z: 8.430995
D/CAAccData(  572): x: 1.0760075 y: 5.284695 z: 8.62168
D/CAAccData(  572): x: 1.3075534 y: 5.012288 z: 7.8861814
D/CAAccData(  572): x: 0.8036005 y: 4.9850473 z: 7.43671
D/CAAccData(  572): x: 0.42223078 y: 4.5628166 z: 7.7363577
D/CrashAlert(  572): Handler :1
I/CrashAlert(  572): Status bleibt aktiv
D/CAAccData(  572): x: -0.313268 y: 4.440233 z: 7.5865335
D/CAAccData(  572): x: -0.08172209 y: 4.7126403 z: 7.273266
D/CAAccData(  572): x: 0.19068487 y: 4.944186 z: 7.8180795
D/CAAccData(  572): x: 0.08172209 y: 4.7126403 z: 8.049625
D/dalvikvm(  572): GC freed 8727 objects / 582592 bytes in 98ms
D/CAAccData(  572): x: 0.29964766 y: 4.944186 z: 8.62168
D/CAAccData(  572): x: 0.46309182 y: 5.012288 z: 8.62168
D/CAAccData(  572): x: 0.19068487 y: 4.7535014 z: 8.349273
D/CAAccData(  572): x: 0.14982383 y: 4.5219555 z: 8.117727
D/CAAccData(  572): x: 0.19068487 y: 4.7535014 z: 8.539958
D/CAAccData(  572): x: 0.38136974 y: 4.7943625 z: 8.962189
D/CAAccData(  572): x: 0.53119355 y: 5.053149 z: 8.117727
D/CAAccData(  572): x: 0.53119355 y: 5.175732 z: 7.7363577
D/CAAccData(  572): x: 0.3405087 y: 4.862464 z: 8.962189
D/CrashAlert(  572): Handler :1
I/CrashAlert(  572): Status bleibt aktiv
D/CAAccData(  572): x: 0.23154591 y: 4.8216033 z: 8.267551
D/CAAccData(  572): x: 0.42223078 y: 5.09401 z: 8.117727
D/CAAccData(  572): x: 0.19068487 y: 4.9850473 z: 8.730643
D/CAAccData(  572): x: 0.3405087 y: 4.944186 z: 8.158588
D/CAAccData(  572): x: 0.27240697 y: 4.8216033 z: 7.6954966
D/CAAccData(  572): x: 0.3405087 y: 5.012288 z: 8.499097
D/CAAccTime(  572): Tue Jun 22 09:39:28 Europe/Amsterdam 2010
D/CAAccData(  572): x: 0.3405087 y: 4.9850473 z: 8.62168
D/CAAccData(  572): x: -0.08172209 y: 4.440233 z: 8.539958
D/CAAccData(  572): x: 0.19068487 y: 5.012288 z: 8.308413
D/CAAccData(  572): x: 0.19068487 y: 4.5219555 z: 8.117727
D/CAAccData(  572): x: -0.14982383 y: 4.6036777 z: 8.471856
D/CAAccData(  572): x: 0.08172209 y: 4.5628166 z: 8.499097
D/CAAccData(  572): x: 0.08172209 y: 4.5628166 z: 8.117727
D/CrashAlert(  572): Handler :1
I/CrashAlert(  572): Status bleibt aktiv
D/CAAccData(  572): x: -0.0 y: 4.1814466 z: 9.997335
D/CAAccData(  572): x: -0.10896278 y: 4.671779 z: 8.812365
D/CAAccData(  572): x: 0.23154591 y: 4.440233 z: 8.390134
D/CAAccData(  572): x: -1.334794 y: 4.372132 z: 9.302697
D/CAAccData(  572): x: -0.14982383 y: 4.5628166 z: 8.117727
D/CAAccData(  572): x: 0.29964766 y: 4.903325 z: 9.697687
D/CAAccData(  572): x: 0.040861044 y: 5.325556 z: 9.765789
D/CAAccData(  572): x: 0.7627395 y: 6.2108784 z: 9.466142
D/CAAccData(  572): x: 0.95342433 y: 6.701211 z: 8.921328
D/CAAccData(  572): x: 1.334794 y: 6.851035 z: 9.084772
D/CAAccData(  572): x: 1.9477097 y: 5.243834 z: 7.8589406
D/CAAccData(  572): x: 3.5957718 y: 5.012288 z: 7.082581
D/CAAccData(  572): x: 4.862464 y: 3.6774938 z: 6.973618
D/CAAccData(  572): x: 3.405087 y: 3.759216 z: 7.5865335
D/CrashAlert(  572): Handler :1
I/CrashAlert(  572): Status bleibt aktiv
D/CAAccData(  572): x: 0.7218784 y: 4.630918 z: 10.841797
D/CAAccData(  572): x: 0.50395286 y: 3.9090397 z: 8.076866
D/CAAccData(  572): x: -0.50395286 y: 4.1814466 z: 9.493382
D/CAAccData(  572): x: -2.4925237 y: 4.440233 z: 8.267551
D/CAAccData(  572): x: -3.173541 y: 5.407278 z: 6.66035
D/CAAccTime(  572): Tue Jun 22 09:39:29 Europe/Amsterdam 2010
D/CAAccData(  572): x: -2.5333846 y: 5.9793324 z: 6.5513873
D/CAAccData(  572): x: -2.6423476 y: 6.3198414 z: 6.782933
D/CAAccData(  572): x: -2.5606253 y: 6.5922484 z: 6.973618
D/CAAccData(  572): x: -2.3426998 y: 6.5922484 z: 7.6954966
D/CAAccData(  572): x: -2.6014864 y: 6.510526 z: 7.6546354
D/CAAccData(  572): x: -2.8738933 y: 6.973618 z: 7.43671
D/CAAccData(  572): x: -2.8738933 y: 6.6331096 z: 7.6273947
D/CrashAlert(  572): Handler :1
I/CrashAlert(  572): Status bleibt aktiv
D/CAAccData(  572): x: -2.8738933 y: 6.0201936 z: 7.43671
D/CAAccData(  572): x: -3.0645783 y: 6.1700177 z: 6.66035
D/CAAccData(  572): x: -2.6423476 y: 6.4424243 z: 6.6331096
D/CAAccData(  572): x: -1.7978859 y: 6.0882955 z: 7.43671
D/CAAccData(  572): x: -1.56634 y: 6.701211 z: 6.932757
D/CAAccData(  572): x: -1.4573772 y: 6.6331096 z: 6.66035
D/CAAccData(  572): x: -1.1441092 y: 6.3607025 z: 6.4015636
D/CAAccData(  572): x: -0.7627395 y: 6.66035 z: 6.2108784
D/CAAccData(  572): x: -0.61291564 y: 6.5513873 z: 6.428804
D/CAAccData(  572): x: -0.61291564 y: 6.1700177 z: 6.428804
D/CAAccData(  572): x: -0.10896278 y: 6.66035 z: 6.2789803
D/CAAccData(  572): x: 0.42223078 y: 7.164303 z: 7.4639506
D/CrashAlert(  572): Handler :1
I/CrashAlert(  572): Status bleibt aktiv
D/CAAccData(  572): x: 0.38136974 y: 6.5513873 z: 7.7772183
D/CAAccData(  572): x: -0.53119355 y: 6.2108784 z: 7.164303
D/CAAccData(  572): x: -0.61291564 y: 5.366417 z: 7.8861814
D/CAAccData(  572): x: -1.4573772 y: 5.134871 z: 7.164303
D/CAAccData(  572): x: -1.1168685 y: 4.903325 z: 6.0474343
D/CAAccData(  572): x: 0.50395286 y: 5.284695 z: 7.43671
D/CAAccTime(  572): Tue Jun 22 09:39:30 Europe/Amsterdam 2010
D/CAAccData(  572): x: 0.50395286 y: 6.469665 z: 5.706926
D/CAAccData(  572): x: 1.525479 y: 7.504812 z: 5.134871
D/CAAccData(  572): x: 6.0474343 y: 8.539958 z: 6.2108784
D/CAAccData(  572): x: 3.3642259 y: 10.991621 z: 3.568531
D/CAAccData(  572): x: 3.1054392 y: 9.343558 z: 3.0237172
D/CAAccData(  572): x: 4.7126403 y: 8.771504 z: 2.982856
D/CrashAlert(  572): Handler :1
I/CrashAlert(  572): Status bleibt aktiv
D/CAAccData(  572): x: 4.944186 y: 8.730643 z: 1.9477097
D/CAAccData(  572): x: 4.1814466 y: 8.308413 z: -1.607201
D/CAAccData(  572): x: 1.607201 y: 7.43671 z: -0.8036005
D/CAAccData(  572): x: 3.405087 y: 7.5865335 z: 1.0760075
D/CAAccData(  572): x: 4.2086873 y: 8.308413 z: 2.4516625
D/CAAccData(  572): x: 4.5628166 y: 8.62168 z: 1.7570249
D/CAAccData(  572): x: 5.6660647 y: 8.812365 z: 1.2666923
D/CAAccData(  572): x: 5.9793324 y: 8.158588 z: 1.0760075
D/CAAccData(  572): x: 6.2108784 y: 7.5456724 z: 0.88532263
D/CAAccData(  572): x: 6.1291566 y: 6.701211 z: 0.27240697
D/CAAccData(  572): x: 6.851035 y: 6.2789803 z: -0.0
D/CrashAlert(  572): Handler :1
I/CrashAlert(  572): Status bleibt aktiv
D/CAAccData(  572): x: 7.205164 y: 6.469665 z: 0.14982383
D/CAAccData(  572): x: 6.851035 y: 6.782933 z: 0.42223078
D/CAAccData(  572): x: 6.428804 y: 7.082581 z: 0.95342433
D/CAAccData(  572): x: 6.0882955 y: 7.1234417 z: 1.0760075
D/CAAccData(  572): x: 5.7886477 y: 7.205164 z: 1.2666923
D/CAAccData(  572): x: 5.706926 y: 7.3141265 z: 1.56634
D/CAAccData(  572): x: 5.597963 y: 7.246025 z: 1.525479
D/CAAccTime(  572): Tue Jun 22 09:39:31 Europe/Amsterdam 2010
D/CAAccData(  572): x: 5.434519 y: 7.3549876 z: 1.3756552
D/CAAccData(  572): x: 5.5162406 y: 7.4639506 z: 1.7297841
D/CAAccData(  572): x: 5.8158884 y: 7.0553403 z: 1.525479
D/CAAccData(  572): x: 5.938472 y: 6.891896 z: 1.2666923
D/CAAccData(  572): x: 5.7477865 y: 6.973618 z: 1.334794
D/CAAccData(  572): x: 5.7886477 y: 7.0553403 z: 0.9125633
D/CrashAlert(  572): Handler :1
I/CrashAlert(  572): Status bleibt aktiv
D/CAAccData(  572): x: 6.2108784 y: 7.082581 z: 1.0351465
D/CAAccData(  572): x: 6.1291566 y: 6.891896 z: 1.1849703
D/CAAccData(  572): x: 5.8567495 y: 6.973618 z: 1.1849703
D/CAAccData(  572): x: 6.0201936 y: 7.014479 z: 1.0351465
D/CAAccData(  572): x: 6.0201936 y: 7.082581 z: 1.2258313
D/CAAccData(  572): x: 5.9793324 y: 7.0553403 z: 1.1849703
D/CAAccData(  572): x: 5.8976107 y: 7.014479 z: 1.1441092
D/CAAccData(  572): x: 5.8158884 y: 6.973618 z: 1.0760075
D/CAAccData(  572): x: 5.938472 y: 7.0553403 z: 1.1168685
D/CAAccData(  572): x: 5.8567495 y: 6.973618 z: 1.0760075
D/CAAccData(  572): x: 5.8158884 y: 6.891896 z: 1.0351465
D/CAAccData(  572): x: 6.2108784 y: 7.014479 z: 1.0351465
D/CrashAlert(  572): Handler :1
I/CrashAlert(  572): Status bleibt aktiv
D/CAAccData(  572): x: 6.0882955 y: 7.0553403 z: 1.1849703
D/CAAccData(  572): x: 5.938472 y: 7.0553403 z: 1.1849703
D/CAAccData(  572): x: 5.8158884 y: 7.014479 z: 1.1849703
D/CAAccData(  572): x: 5.8567495 y: 7.1234417 z: 1.334794
D/CAAccData(  572): x: 5.9793324 y: 7.164303 z: 1.4573772
D/CAAccData(  572): x: 5.7886477 y: 7.246025 z: 1.4573772
D/CAAccData(  572): x: 6.1700177 y: 6.973618 z: 1.525479
D/CAAccTime(  572): Tue Jun 22 09:39:32 Europe/Amsterdam 2010
D/CAAccData(  572): x: 6.0201936 y: 6.701211 z: 1.1441092
D/CAAccData(  572): x: 6.3607025 y: 6.0201936 z: 6.891896
D/CAAccData(  572): x: 6.4015636 y: 7.014479 z: 2.2609777
D/CAAccData(  572): x: 6.4015636 y: 6.3607025 z: 2.6423476
D/CAAccData(  572): x: 5.938472 y: 6.510526 z: 3.5276701
D/CAAccData(  572): x: 4.9850473 y: 6.8237944 z: 2.7921712
D/CrashAlert(  572): Handler :1
I/CrashAlert(  572): Status bleibt aktiv
D/CAAccData(  572): x: 4.5219555 y: 7.668256 z: 1.4573772
D/CAAccData(  572): x: 4.5628166 y: 8.430995 z: 1.2666923
D/CAAccData(  572): x: 4.7535014 y: 7.3958488 z: 2.6423476
D/CAAccData(  572): x: 4.630918 y: 7.273266 z: 2.5333846
D/CAAccData(  572): x: 4.5628166 y: 7.3141265 z: 3.214402
D/CAAccData(  572): x: 5.202973 y: 7.3549876 z: 3.718355
D/CAAccData(  572): x: 5.6252036 y: 7.1234417 z: 3.336985
D/CAAccData(  572): x: 5.6252036 y: 6.973618 z: 2.8738933
D/CAAccData(  572): x: 5.597963 y: 6.973618 z: 2.982856
D/CAAccData(  572): x: 5.9793324 y: 6.6331096 z: 3.173541
D/CAAccData(  572): x: 6.0201936 y: 6.5513873 z: 2.7513103
D/CAAccData(  572): x: 5.8976107 y: 6.891896 z: 2.6832085
D/CrashAlert(  572): Handler :1
I/CrashAlert(  572): Status bleibt aktiv
D/CAAccData(  572): x: 5.9793324 y: 7.082581 z: 3.214402
D/CAAccData(  572): x: 5.8158884 y: 6.973618 z: 3.255263
D/CAAccData(  572): x: 5.5162406 y: 6.891896 z: 3.336985
D/CAAccData(  572): x: 5.434519 y: 7.014479 z: 3.568531
D/CAAccData(  572): x: 5.284695 y: 6.8237944 z: 3.3642259
D/CAAccData(  572): x: 5.366417 y: 6.891896 z: 3.1054392
D/CAAccData(  572): x: 5.366417 y: 6.5513873 z: 3.336985
D/CAAccData(  572): x: 5.47538 y: 6.8237944 z: 3.2961242
D/CAAccTime(  572): Tue Jun 22 09:39:33 Europe/Amsterdam 2010
D/CAAccData(  572): x: 5.407278 y: 7.014479 z: 4.2086873
D/CAAccData(  572): x: 4.944186 y: 6.932757 z: 4.140586
D/CAAccData(  572): x: 4.862464 y: 6.782933 z: 4.2086873
D/CAAccData(  572): x: 4.7535014 y: 6.932757 z: 4.2904096
D/CAAccData(  572): x: 4.5900574 y: 7.3141265 z: 4.2904096
D/CrashAlert(  572): Handler :1
I/CrashAlert(  572): Status bleibt aktiv
D/CAAccData(  572): x: 4.7126403 y: 7.3958488 z: 4.3312707
D/CAAccData(  572): x: 4.7535014 y: 7.43671 z: 4.1814466
D/CAAccData(  572): x: 4.7943625 y: 7.3141265 z: 4.140586
D/CAAccData(  572): x: 4.630918 y: 6.932757 z: 3.7864566
D/CAAccData(  572): x: 4.4810944 y: 6.891896 z: 3.8681788
D/CAAccData(  572): x: 4.5900574 y: 7.0553403 z: 4.2495484
D/CAAccData(  572): x: 4.5900574 y: 7.246025 z: 4.440233
D/CAAccData(  572): x: 4.5219555 y: 7.273266 z: 4.5219555
D/CAAccData(  572): x: 4.2495484 y: 7.3958488 z: 4.5900574
D/CAAccData(  572): x: 3.9771416 y: 7.3549876 z: 4.440233
D/CAAccData(  572): x: 3.9771416 y: 7.1234417 z: 4.0180025
D/CAAccData(  572): x: 4.099725 y: 7.164303 z: 3.9771416
D/CAAccData(  572): x: 4.140586 y: 7.3141265 z: 4.2086873
D/CrashAlert(  572): Handler :1
I/CrashAlert(  572): Status bleibt aktiv
D/CAAccData(  572): x: 4.2495484 y: 7.43671 z: 4.5628166
D/CAAccData(  572): x: 4.3312707 y: 7.273266 z: 4.399372
D/CAAccData(  572): x: 4.2904096 y: 7.273266 z: 4.5219555
D/CAAccData(  572): x: 4.1814466 y: 7.164303 z: 4.2904096
D/CAAccData(  572): x: 4.2495484 y: 7.246025 z: 4.3312707
D/CAAccData(  572): x: 4.2495484 y: 7.3958488 z: 4.7126403
D/CAAccData(  572): x: 4.099725 y: 7.246025 z: 4.7126403
D/CAAccData(  572): x: 4.2495484 y: 7.205164 z: 4.671779
D/CAAccData(  572): x: 3.9771416 y: 7.205164 z: 4.7535014
D/CAAccTime(  572): Tue Jun 22 09:39:34 Europe/Amsterdam 2010
D/CAAccData(  572): x: 3.6774938 y: 7.43671 z: 4.8216033
D/CAAccData(  572): x: 3.759216 y: 7.5865335 z: 4.8216033
D/CAAccData(  572): x: 3.5957718 y: 7.3958488 z: 4.8216033
D/CAAccData(  572): x: 3.5276701 y: 7.273266 z: 4.671779
D/CrashAlert(  572): Handler :1
I/CrashAlert(  572): Status bleibt aktiv
D/dalvikvm(  572): GC freed 8651 objects / 526192 bytes in 96ms
D/CAAccData(  572): x: 3.568531 y: 7.273266 z: 4.7126403
D/CAAccData(  572): x: 3.6774938 y: 7.5456724 z: 4.862464
D/CAAccData(  572): x: 3.8681788 y: 7.504812 z: 4.862464
D/CAAccData(  572): x: 3.8273177 y: 7.3141265 z: 4.862464
D/CAAccData(  572): x: 3.5276701 y: 7.246025 z: 4.7943625
D/CAAccData(  572): x: 3.3642259 y: 7.43671 z: 4.7943625
D/CAAccData(  572): x: 3.5276701 y: 7.6273947 z: 4.8216033
D/CAAccData(  572): x: 3.636633 y: 7.6273947 z: 4.7943625
D/CAAccData(  572): x: 3.8273177 y: 7.43671 z: 4.5900574
D/CAAccData(  572): x: 3.8273177 y: 2.4516625 z: 4.7126403
D/CAAccData(  572): x: 3.6774938 y: 7.43671 z: 4.903325
D/CAAccData(  572): x: 3.568531 y: 7.43671 z: 5.012288
D/CAAccData(  572): x: 3.3642259 y: 7.504812 z: 4.944186
D/CAAccData(  572): x: 3.255263 y: 7.3141265 z: 4.862464
D/CrashAlert(  572): Handler :1
I/CrashAlert(  572): Status bleibt aktiv
D/CAAccData(  572): x: 3.3642259 y: 7.205164 z: 4.8216033
D/CAAccData(  572): x: 3.568531 y: 7.5456724 z: 4.903325
D/CAAccData(  572): x: 3.718355 y: 7.8861814 z: 5.053149
D/CAAccData(  572): x: 3.7864566 y: 7.7363577 z: 5.284695
D/CAAccData(  572): x: 3.9090397 y: 7.5456724 z: 5.407278
D/CAAccData(  572): x: 3.568531 y: 7.1234417 z: 5.938472
D/CAAccData(  572): x: 3.486809 y: 7.205164 z: 5.5571017
D/CAAccData(  572): x: 2.6014864 y: 6.782933 z: 5.366417
D/CAAccData(  572): x: 2.5606253 y: 5.9793324 z: 9.80665
D/CAAccTime(  572): Tue Jun 22 09:39:35 Europe/Amsterdam 2010
D/CAAccData(  572): x: 3.255263 y: 5.706926 z: 3.9499009
D/CAAccData(  572): x: 3.9771416 y: 6.66035 z: 3.7864566
D/CAAccData(  572): x: 4.2086873 y: 7.8861814 z: 4.903325
D/CrashAlert(  572): Handler :1
I/CrashAlert(  572): Status bleibt aktiv
D/CAAccData(  572): x: 4.7126403 y: 7.7772183 z: 5.7886477
D/CAAccData(  572): x: 6.2789803 y: 7.1234417 z: 5.8976107
D/CAAccData(  572): x: 5.8158884 y: 5.597963 z: 6.1700177
D/CAAccData(  572): x: 5.6252036 y: 4.5628166 z: 6.469665
D/CAAccData(  572): x: 6.0474343 y: 4.399372 z: 6.3607025
D/CAAccData(  572): x: 4.440233 y: 4.3312707 z: 5.47538
D/CAAccData(  572): x: 2.3699405 y: 4.440233 z: 5.202973
D/CAAccData(  572): x: 0.95342433 y: 5.9793324 z: 5.284695
D/CAAccData(  572): x: 0.08172209 y: 6.742072 z: 5.706926
D/CAAccData(  572): x: 0.19068487 y: 7.246025 z: 6.3607025
D/CAAccData(  572): x: 1.7570249 y: 6.2108784 z: 8.240311
D/CAAccData(  572): x: 4.630918 y: 5.938472 z: 8.499097
D/CAAccData(  572): x: 7.04172 y: 7.1234417 z: 7.5865335
D/CrashAlert(  572): Handler :1
I/CrashAlert(  572): Status bleibt aktiv
D/CAAccData(  572): x: 6.428804 y: 4.862464 z: 8.471856
D/CAAccData(  572): x: 5.134871 y: 3.2961242 z: 7.3549876
D/CAAccData(  572): x: 4.5628166 y: 2.982856 z: 6.469665
D/CAAccData(  572): x: 4.140586 y: 3.405087 z: 7.6546354
D/CAAccData(  572): x: 3.1054392 y: 3.568531 z: 9.466142
D/CAAccData(  572): x: 1.9477097 y: 3.6774938 z: 9.697687
D/CAAccData(  572): x: 1.3075534 y: 4.2086873 z: 9.043911
D/CAAccData(  572): x: 0.6946377 y: 4.2495484 z: 8.390134
D/CAAccData(  572): x: 1.0351465 y: 4.2086873 z: 7.8589406
D/CAAccData(  572): x: 1.7297841 y: 4.099725 z: 8.430995
D/AK8973  (  129): HRET = AKSC_HOF_DSS_START
D/AK8973  (  129): HRET = AKSC_HOF_DSS_REQUEST
D/CrashAlert(  572): Handler :1
I/CrashAlert(  572): Status bleibt aktiv
D/AK8973  (  129): HRET = AKSC_HOF_DSS_REQUEST
D/AK8973  (  129): HRET = AKSC_HOF_DSS_REQUEST
D/AK8973  (  129): HRET = AKSC_HOF_DSS_REQUEST
D/AK8973  (  129): HRET = AKSC_HOF_DSS_REQUEST
D/AK8973  (  129): HRET = AKSC_HOF_DSS_REQUEST
D/AK8973  (  129): HRET = AKSC_HOF_DSS_REQUEST
D/AK8973  (  129): HRET = AKSC_HOF_DSS_COMPLETE
D/CAAccTime(  572): Tue Jun 22 09:39:36 Europe/Amsterdam 2010
D/CAAccData(  572): x: 2.1792557 y: 4.372132 z: 8.962189
D/CAAccData(  572): x: 2.2609777 y: 3.405087 z: 8.049625
D/CAAccData(  572): x: 2.5606253 y: 3.8273177 z: 8.240311
D/CAAccData(  572): x: 2.2201166 y: 3.9090397 z: 8.853226
D/CAAccData(  572): x: 1.8387469 y: 4.140586 z: 8.880466
D/CrashAlert(  572): Handler :1
I/CrashAlert(  572): Status bleibt aktiv
D/CAAccData(  572): x: 1.3075534 y: 3.8681788 z: 8.349273
D/CAAccData(  572): x: 1.6480621 y: 4.0588636 z: 8.539958
D/CAAccData(  572): x: 1.607201 y: 4.099725 z: 8.962189
D/CAAccData(  572): x: 1.920469 y: 4.0180025 z: 8.689782
D/CAAccData(  572): x: 2.2609777 y: 3.9090397 z: 8.240311
D/CAAccData(  572): x: 2.2609777 y: 3.990762 z: 8.62168
D/CAAccData(  572): x: 2.1792557 y: 4.140586 z: 8.812365
D/CAAccData(  572): x: 1.9477097 y: 4.0588636 z: 8.580819
D/CAAccData(  572): x: 1.7978859 y: 4.099725 z: 8.580819
D/CAAccData(  572): x: 1.7297841 y: 4.0588636 z: 8.580819
D/CAAccData(  572): x: 1.7978859 y: 4.099725 z: 8.580819
D/CAAccData(  572): x: 2.070293 y: 3.990762 z: 8.471856
D/CrashAlert(  572): Handler :1
I/CrashAlert(  572): Status bleibt aktiv
D/CAAccData(  572): x: 2.3426998 y: 3.8273177 z: 8.471856
D/CAAccData(  572): x: 2.1383946 y: 3.8273177 z: 8.539958
D/CAAccData(  572): x: 1.9885708 y: 4.0180025 z: 8.539958
D/CAAccData(  572): x: 1.7297841 y: 4.099725 z: 8.62168
D/CAAccData(  572): x: 1.4982382 y: 4.2086873 z: 8.921328
D/CAAccData(  572): x: 1.3756552 y: 4.1814466 z: 8.921328
D/CAAccData(  572): x: 1.525479 y: 3.9090397 z: 8.689782
D/CAAccTime(  572): Tue Jun 22 09:39:37 Europe/Amsterdam 2010
D/CAAccData(  572): x: 1.6480621 y: 3.8273177 z: 8.689782
D/CAAccData(  572): x: 1.6889231 y: 3.9499009 z: 8.812365
D/CAAccData(  572): x: 1.7570249 y: 4.0180025 z: 8.812365
D/CAAccData(  572): x: 1.607201 y: 3.9499009 z: 8.62168
D/CAAccData(  572): x: 1.525479 y: 3.990762 z: 8.539958
D/CrashAlert(  572): Handler :1
I/CrashAlert(  572): Status bleibt aktiv
D/CAAccData(  572): x: 1.56634 y: 4.099725 z: 8.689782
D/CAAccData(  572): x: 1.6480621 y: 4.0588636 z: 8.771504
D/CAAccData(  572): x: 1.6480621 y: 3.990762 z: 8.812365
D/CAAccData(  572): x: 1.56634 y: 3.9499009 z: 8.730643
D/CAAccData(  572): x: 1.525479 y: 3.9090397 z: 8.689782
D/CAAccData(  572): x: 1.4982382 y: 4.0180025 z: 8.730643
D/CAAccData(  572): x: 1.56634 y: 4.0588636 z: 8.730643
D/CAAccData(  572): x: 1.7570249 y: 4.0588636 z: 8.62168
D/CAAccData(  572): x: 1.7570249 y: 4.0180025 z: 8.689782
D/CAAccData(  572): x: 1.7570249 y: 3.990762 z: 8.62168
D/CAAccData(  572): x: 1.6889231 y: 3.9090397 z: 8.662541
D/CAAccData(  572): x: 1.525479 y: 3.990762 z: 8.662541
D/CAAccData(  572): x: 1.525479 y: 3.990762 z: 8.730643
D/CrashAlert(  572): Handler :1
I/CrashAlert(  572): Status bleibt aktiv
D/CAAccData(  572): x: 1.4982382 y: 3.990762 z: 8.771504
D/CAAccData(  572): x: 1.4982382 y: 3.990762 z: 8.689782
D/CAAccData(  572): x: 1.4573772 y: 4.0180025 z: 8.771504
D/CAAccData(  572): x: 1.4982382 y: 4.0180025 z: 8.689782
D/CAAccData(  572): x: 1.525479 y: 4.0180025 z: 8.771504
D/CAAccData(  572): x: 1.525479 y: 4.0180025 z: 8.880466
D/CAAccData(  572): x: 1.4573772 y: 3.9090397 z: 8.771504
D/CAAccData(  572): x: 1.4573772 y: 3.8273177 z: 8.662541
D/CAAccTime(  572): Tue Jun 22 09:39:38 Europe/Amsterdam 2010
D/CAAccData(  572): x: 1.4573772 y: 3.9090397 z: 8.812365
D/CAAccData(  572): x: 1.3075534 y: 3.990762 z: 8.812365
D/CAAccData(  572): x: 1.3756552 y: 4.0588636 z: 8.921328
D/CAAccData(  572): x: 1.334794 y: 4.0588636 z: 8.730643
D/CrashAlert(  572): Handler :1
I/CrashAlert(  572): Status bleibt aktiv
D/CAAccData(  572): x: 1.2666923 y: 3.990762 z: 8.771504
D/CAAccData(  572): x: 1.3075534 y: 3.9090397 z: 8.689782
D/CAAccData(  572): x: 1.3756552 y: 3.9090397 z: 8.812365
D/CAAccData(  572): x: 1.4982382 y: 3.9090397 z: 8.730643
D/CAAccData(  572): x: 1.3756552 y: 3.9499009 z: 8.812365
D/CAAccData(  572): x: 1.1441092 y: 3.9090397 z: 8.962189
D/CAAccData(  572): x: 0.9942854 y: 3.9499009 z: 9.00305
D/CAAccData(  572): x: 1.0760075 y: 4.099725 z: 9.00305
D/CAAccData(  572): x: 1.1849703 y: 4.140586 z: 8.771504
D/CAAccData(  572): x: 1.1441092 y: 4.2495484 z: 8.62168
D/CAAccData(  572): x: 1.1441092 y: 3.990762 z: 8.689782
D/CAAccData(  572): x: 1.1849703 y: 3.9090397 z: 9.00305
D/CrashAlert(  572): Handler :1
I/CrashAlert(  572): Status bleibt aktiv
D/CAAccData(  572): x: 1.1849703 y: 3.990762 z: 9.00305
D/CAAccData(  572): x: 1.1849703 y: 4.0180025 z: 8.853226
D/CAAccData(  572): x: 1.1849703 y: 4.1814466 z: 8.771504
D/CAAccData(  572): x: 1.3756552 y: 4.1814466 z: 8.539958
D/CAAccData(  572): x: 1.3756552 y: 4.2086873 z: 8.471856
D/CAAccData(  572): x: 1.2666923 y: 4.1814466 z: 8.471856
D/CAAccData(  572): x: 1.0760075 y: 4.140586 z: 8.689782
D/CAAccData(  572): x: 1.0351465 y: 4.2904096 z: 8.962189
D/CAAccTime(  572): Tue Jun 22 09:39:39 Europe/Amsterdam 2010
D/CAAccData(  572): x: 1.1849703 y: 4.2904096 z: 8.812365
D/CAAccData(  572): x: 1.4165162 y: 4.2495484 z: 8.499097
D/CAAccData(  572): x: 1.3756552 y: 4.1814466 z: 8.662541
D/CrashAlert(  572): Handler :1
I/CrashAlert(  572): Status bleibt aktiv
D/CAAccData(  572): x: 1.334794 y: 4.140586 z: 8.689782
D/CAAccData(  572): x: 1.2666923 y: 4.140586 z: 8.689782
D/CAAccData(  572): x: 1.1168685 y: 4.2086873 z: 8.730643
D/CAAccData(  572): x: 1.1849703 y: 4.2904096 z: 8.730643
D/CAAccData(  572): x: 1.2666923 y: 4.2495484 z: 8.62168
D/CAAccData(  572): x: 1.334794 y: 4.1814466 z: 8.62168
D/CAAccData(  572): x: 1.3756552 y: 4.099725 z: 8.580819
D/CAAccData(  572): x: 1.334794 y: 4.1814466 z: 8.730643
D/CAAccData(  572): x: 1.1849703 y: 4.2495484 z: 8.689782
D/CAAccData(  572): x: 1.2666923 y: 4.2495484 z: 8.689782
D/CAAccData(  572): x: 1.2666923 y: 4.2086873 z: 8.662541
D/CAAccData(  572): x: 1.3756552 y: 4.140586 z: 8.580819
D/CrashAlert(  572): Handler :1
I/CrashAlert(  572): Status bleibt aktiv
D/CAAccData(  572): x: 1.334794 y: 4.2495484 z: 8.62168
D/CAAccData(  572): x: 1.2666923 y: 4.2086873 z: 8.62168
D/CAAccData(  572): x: 1.2666923 y: 4.0588636 z: 8.62168
D/CAAccData(  572): x: 1.2666923 y: 3.9499009 z: 8.812365
D/CAAccData(  572): x: 1.3075534 y: 4.0180025 z: 8.962189
D/CAAccData(  572): x: 1.3075534 y: 4.0180025 z: 8.880466
D/CAAccData(  572): x: 1.2258313 y: 4.0588636 z: 8.689782
D/CAAccData(  572): x: 1.1441092 y: 4.1814466 z: 8.730643
D/CAAccTime(  572): Tue Jun 22 09:39:40 Europe/Amsterdam 2010
D/CAAccData(  572): x: 1.1849703 y: 4.0588636 z: 8.730643
D/CAAccData(  572): x: 1.1441092 y: 4.0180025 z: 8.689782
D/CAAccData(  572): x: 1.1441092 y: 4.0588636 z: 8.730643
D/CrashAlert(  572): Handler :1
I/CrashAlert(  572): Status bleibt aktiv
D/CAAccData(  572): x: 1.1168685 y: 4.1814466 z: 8.853226
D/CAAccData(  572): x: 1.1849703 y: 4.0588636 z: 8.730643
D/CAAccData(  572): x: 1.1441092 y: 3.990762 z: 8.689782
D/CAAccData(  572): x: 1.1168685 y: 4.0588636 z: 8.812365
D/CAAccData(  572): x: 1.1168685 y: 4.099725 z: 8.812365
D/CAAccData(  572): x: 1.0760075 y: 4.140586 z: 8.730643
D/CAAccData(  572): x: 1.1168685 y: 4.140586 z: 8.730643
D/CAAccData(  572): x: 1.1849703 y: 4.099725 z: 8.689782
D/CAAccData(  572): x: 1.1168685 y: 4.140586 z: 8.812365
D/CAAccData(  572): x: 1.0351465 y: 4.1814466 z: 8.812365
D/CAAccData(  572): x: 0.95342433 y: 4.2495484 z: 8.880466
D/CAAccData(  572): x: 0.9942854 y: 4.140586 z: 8.771504
D/CrashAlert(  572): Handler :1
I/CrashAlert(  572): Status bleibt aktiv
D/CAAccData(  572): x: 1.1441092 y: 3.990762 z: 8.689782
D/CAAccData(  572): x: 1.2666923 y: 4.0180025 z: 8.812365
D/CAAccData(  572): x: 1.1168685 y: 4.0588636 z: 8.962189
D/CAAccData(  572): x: 0.9942854 y: 4.0180025 z: 8.812365
D/CAAccData(  572): x: 0.9942854 y: 3.9499009 z: 8.812365
D/CAAccData(  572): x: 1.0760075 y: 3.990762 z: 9.084772
D/CAAccData(  572): x: 1.1168685 y: 3.9090397 z: 9.00305
D/CAAccData(  572): x: 1.0760075 y: 3.9090397 z: 8.853226
D/CAAccData(  572): x: 1.1441092 y: 3.990762 z: 8.812365
D/CAAccTime(  572): Tue Jun 22 09:39:41 Europe/Amsterdam 2010
D/CAAccData(  572): x: 1.2666923 y: 4.0588636 z: 8.880466
D/dalvikvm(  572): GC freed 8611 objects / 524528 bytes in 117ms
D/CAAccData(  572): x: 1.3075534 y: 3.990762 z: 8.62168
D/CrashAlert(  572): Handler :1
I/CrashAlert(  572): Status bleibt aktiv
D/CAAccData(  572): x: 1.2666923 y: 3.990762 z: 8.62168
D/CAAccData(  572): x: 1.2666923 y: 4.0180025 z: 8.689782
D/CAAccData(  572): x: 1.3075534 y: 4.0180025 z: 8.689782
D/CAAccData(  572): x: 1.3756552 y: 4.0180025 z: 8.853226
D/CAAccData(  572): x: 1.3075534 y: 3.9499009 z: 8.962189
D/CAAccData(  572): x: 1.4165162 y: 3.7864566 z: 8.962189
D/CAAccData(  572): x: 1.334794 y: 3.636633 z: 8.853226
D/CAAccData(  572): x: 1.3075534 y: 3.6774938 z: 8.962189
D/CAAccData(  572): x: 1.1849703 y: 3.8273177 z: 9.112013
D/CAAccData(  572): x: 1.0760075 y: 3.9090397 z: 9.043911
D/CAAccData(  572): x: 1.0760075 y: 3.8273177 z: 8.812365
D/CAAccData(  572): x: 1.2258313 y: 3.6774938 z: 8.689782
D/CAAccData(  572): x: 1.4982382 y: 3.718355 z: 8.853226
D/CAAccData(  572): x: 1.6889231 y: 3.636633 z: 8.880466
D/CAAccData(  572): x: 1.7297841 y: 3.6774938 z: 8.880466
D/CAAccData(  572): x: 1.56634 y: 3.636633 z: 8.771504
D/CrashAlert(  572): Handler :1
I/CrashAlert(  572): Status bleibt aktiv
D/CAAccData(  572): x: 1.4165162 y: 3.759216 z: 8.812365
D/CAAccData(  572): x: 1.4165162 y: 3.8681788 z: 9.084772
D/CAAccData(  572): x: 1.4573772 y: 3.8273177 z: 9.084772
D/CAAccData(  572): x: 1.3075534 y: 3.8273177 z: 8.812365
D/CAAccData(  572): x: 1.2258313 y: 3.8273177 z: 8.812365
D/CAAccData(  572): x: 1.1849703 y: 3.8681788 z: 8.853226
D/CAAccData(  572): x: 1.1849703 y: 3.990762 z: 8.812365
D/CAAccData(  572): x: 1.334794 y: 3.9499009 z: 8.689782
D/CAAccData(  572): x: 1.4165162 y: 3.8681788 z: 8.580819
D/CAAccTime(  572): Tue Jun 22 09:39:42 Europe/Amsterdam 2010
D/CAAccData(  572): x: 1.4982382 y: 3.8681788 z: 8.580819
D/CAAccData(  572): x: 1.4982382 y: 3.9499009 z: 8.689782
D/CAAccData(  572): x: 1.4982382 y: 4.0180025 z: 8.689782
D/CAAccData(  572): x: 1.56634 y: 3.990762 z: 8.62168
D/CrashAlert(  572): Handler :1
I/CrashAlert(  572): Status bleibt aktiv
D/CAAccData(  572): x: 1.4573772 y: 4.0588636 z: 8.689782
D/CAAccData(  572): x: 1.4573772 y: 4.099725 z: 8.62168
D/CAAccData(  572): x: 1.4573772 y: 4.099725 z: 8.689782
D/CAAccData(  572): x: 1.3075534 y: 4.140586 z: 8.730643
D/CAAccData(  572): x: 1.2258313 y: 3.990762 z: 8.730643
D/CAAccData(  572): x: 0.95342433 y: 4.0588636 z: 8.662541
D/CAAccData(  572): x: 0.9125633 y: 4.2086873 z: 8.662541
D/CAAccData(  572): x: 1.4165162 y: 4.0588636 z: 8.853226
D/CAAccData(  572): x: 1.56634 y: 4.0180025 z: 8.962189
D/CAAccData(  572): x: 1.3075534 y: 3.9499009 z: 8.771504
D/CAAccData(  572): x: 1.2666923 y: 3.9090397 z: 8.853226
D/CAAccData(  572): x: 0.88532263 y: 3.568531 z: 8.962189
D/CAAccData(  572): x: 1.0760075 y: 3.8273177 z: 8.771504
D/CrashAlert(  572): Handler :1
I/CrashAlert(  572): Status bleibt aktiv
D/CAAccData(  572): x: 1.0351465 y: 3.9499009 z: 9.084772
D/CAAccData(  572): x: 1.1168685 y: 3.759216 z: 9.084772
D/CAAccData(  572): x: 1.2666923 y: 3.8273177 z: 8.539958
D/CAAccData(  572): x: 1.1849703 y: 3.9090397 z: 8.853226
D/CAAccData(  572): x: 1.334794 y: 3.9090397 z: 9.193735
D/CAAccData(  572): x: 1.1441092 y: 3.636633 z: 8.662541
D/CAAccData(  572): x: 1.0351465 y: 3.6774938 z: 8.853226
D/CAAccData(  572): x: 0.95342433 y: 3.8681788 z: 9.084772
D/CAAccData(  572): x: 0.88532263 y: 4.099725 z: 9.043911
D/CAAccTime(  572): Tue Jun 22 09:39:43 Europe/Amsterdam 2010
D/CAAccData(  572): x: 0.9125633 y: 4.0180025 z: 8.689782
D/CAAccData(  572): x: 1.1168685 y: 3.7864566 z: 8.390134
D/CAAccData(  572): x: 1.3075534 y: 3.8273177 z: 8.880466
D/CAAccData(  572): x: 1.2666923 y: 3.9090397 z: 9.084772
D/CrashAlert(  572): Handler :1
I/CrashAlert(  572): Status bleibt aktiv
D/CAAccData(  572): x: 1.1849703 y: 3.990762 z: 8.880466
D/CAAccData(  572): x: 0.95342433 y: 3.990762 z: 8.921328
D/CAAccData(  572): x: 1.0351465 y: 3.9499009 z: 8.662541
D/CAAccData(  572): x: 1.0760075 y: 3.9090397 z: 8.62168
D/CAAccData(  572): x: 1.1168685 y: 3.9499009 z: 8.853226
D/CAAccData(  572): x: 1.1168685 y: 4.0588636 z: 9.043911
D/CAAccData(  572): x: 1.0760075 y: 3.9090397 z: 8.853226
D/CAAccData(  572): x: 1.1168685 y: 3.8681788 z: 8.880466
D/CAAccData(  572): x: 1.0760075 y: 3.759216 z: 9.043911
D/CAAccData(  572): x: 1.1441092 y: 3.636633 z: 9.00305
D/CAAccData(  572): x: 1.1168685 y: 3.636633 z: 8.880466
D/CAAccData(  572): x: 1.1168685 y: 3.6774938 z: 9.084772
D/CAAccData(  572): x: 1.1849703 y: 3.718355 z: 9.043911
D/CrashAlert(  572): Handler :1
I/CrashAlert(  572): Status bleibt aktiv
D/CAAccData(  572): x: 1.3075534 y: 3.759216 z: 8.921328
D/CAAccData(  572): x: 1.1441092 y: 3.7864566 z: 8.921328
D/CAAccData(  572): x: 1.1441092 y: 3.7864566 z: 8.962189
D/CAAccData(  572): x: 0.9942854 y: 3.718355 z: 8.853226
D/CAAccData(  572): x: 1.1849703 y: 3.5957718 z: 8.771504
D/CAAccData(  572): x: 1.2666923 y: 3.759216 z: 9.193735
D/CAAccData(  572): x: 1.4165162 y: 4.0588636 z: 9.915613
D/CAAccData(  572): x: 0.95342433 y: 4.4810944 z: 9.234595
D/CAAccData(  572): x: 0.50395286 y: 3.7864566 z: 8.158588
D/CAAccTime(  572): Tue Jun 22 09:39:44 Europe/Amsterdam 2010
D/CAAccData(  572): x: 1.0760075 y: 3.8681788 z: 7.04172
D/CAAccData(  572): x: 1.9477097 y: 4.440233 z: 7.7363577
D/CAAccData(  572): x: 1.56634 y: 4.630918 z: 8.880466
D/CAAccData(  572): x: 1.3756552 y: 4.3312707 z: 9.00305
D/CrashAlert(  572): Handler :1
I/CrashAlert(  572): Status bleibt aktiv
D/CAAccData(  572): x: 0.7218784 y: 4.3312707 z: 8.308413
D/CAAccData(  572): x: 0.61291564 y: 4.5219555 z: 9.697687
D/CAAccData(  572): x: 1.1168685 y: 4.7126403 z: 10.841797
D/CAAccData(  572): x: -1.607201 y: 5.5162406 z: 8.962189
D/CAAccData(  572): x: -0.92618364 y: 4.5628166 z: 7.205164
D/CAAccData(  572): x: -1.920469 y: 4.399372 z: 7.014479
D/CAAccData(  572): x: -1.334794 y: 4.7943625 z: 7.9270425
D/CAAccData(  572): x: -0.61291564 y: 5.7886477 z: 7.7363577
D/CAAccData(  572): x: -1.334794 y: 4.5219555 z: 9.234595
D/CAAccData(  572): x: -0.84446156 y: 4.399372 z: 7.5865335
D/CAAccData(  572): x: -0.313268 y: 4.7126403 z: 3.9499009
D/CAAccData(  572): x: 0.040861044 y: 2.9147544 z: 6.2789803
D/CrashAlert(  572): Handler :1
I/CrashAlert(  572): Status bleibt aktiv
D/CAAccData(  572): x: -1.1168685 y: 3.636633 z: 7.3958488
D/CAAccData(  572): x: -6.0201936 y: 5.597963 z: 11.645397
D/CAAccData(  572): x: -9.275456 y: 2.8330324 z: 13.525005
D/CAAccData(  572): x: -6.8237944 y: 2.4516625 z: 9.534244
D/CAAccData(  572): x: -4.862464 y: 2.4516625 z: 5.938472
D/CAAccData(  572): x: -4.099725 y: 3.173541 z: 5.6252036
D/CAAccData(  572): x: -4.5219555 y: 3.6774938 z: 7.3549876
D/CAAccData(  572): x: -5.407278 y: 3.5276701 z: 8.812365
D/CAAccData(  572): x: -5.366417 y: 3.0645783 z: 8.730643
D/CAAccTime(  572): Tue Jun 22 09:39:45 Europe/Amsterdam 2010
D/CAAccData(  572): x: -5.09401 y: 2.9556155 z: 8.117727
D/CAAccData(  572): x: -4.9850473 y: 2.9147544 z: 7.8861814
D/CAAccData(  572): x: -4.8216033 y: 2.982856 z: 8.117727
D/CAAccData(  572): x: -4.903325 y: 3.0645783 z: 7.9679036
D/CrashAlert(  572): Handler :1
I/CrashAlert(  572): Status bleibt aktiv
D/CAAccData(  572): x: -5.284695 y: 3.0645783 z: 7.8861814
D/CAAccData(  572): x: -5.6660647 y: 3.214402 z: 7.7772183
D/CAAccData(  572): x: -5.8976107 y: 3.3778462 z: 7.6273947
D/CAAccData(  572): x: -5.8567495 y: 3.405087 z: 7.6546354
D/CAAccData(  572): x: -5.6660647 y: 3.2961242 z: 7.6954966
D/CAAccData(  572): x: -5.407278 y: 3.173541 z: 7.8180795
D/CAAccData(  572): x: -5.366417 y: 3.0237172 z: 7.7363577
D/CAAccData(  572): x: -5.47538 y: 3.1463003 z: 8.008764
D/CAAccData(  572): x: -5.7477865 y: 3.1463003 z: 7.6954966
D/CAAccData(  572): x: -5.6660647 y: 3.255263 z: 7.5456724
D/CAAccData(  572): x: -5.284695 y: 3.173541 z: 7.7363577
D/CAAccData(  572): x: -5.175732 y: 3.1463003 z: 7.8589406
D/CAAccData(  572): x: -5.325556 y: 3.173541 z: 7.8180795
D/CrashAlert(  572): Handler :1
I/CrashAlert(  572): Status bleibt aktiv
D/CAAccData(  572): x: -5.5162406 y: 3.2961242 z: 7.7772183
D/CAAccData(  572): x: -5.47538 y: 3.405087 z: 7.8180795
D/CAAccData(  572): x: -5.284695 y: 3.3778462 z: 7.6546354
D/CAAccData(  572): x: -5.2165933 y: 3.336985 z: 7.5456724
D/CAAccData(  572): x: -5.284695 y: 3.486809 z: 7.7363577
D/CAAccData(  572): x: -5.284695 y: 3.718355 z: 7.8180795
D/CAAccData(  572): x: -5.366417 y: 3.9499009 z: 7.3958488
D/CAAccData(  572): x: -5.47538 y: 4.099725 z: 7.3958488
D/CAAccData(  572): x: -5.829509 y: 3.6774938 z: 7.164303
D/CAAccData(  572): x: -6.2108784 y: 3.214402 z: 7.082581
D/CAAccTime(  572): Tue Jun 22 09:39:46 Europe/Amsterdam 2010
D/CAAccData(  572): x: -6.2108784 y: 3.255263 z: 7.082581
D/CAAccData(  572): x: -6.469665 y: 3.1463003 z: 7.246025
D/CAAccData(  572): x: -6.1291566 y: 3.0645783 z: 7.6273947
D/CrashAlert(  572): Handler :1
I/CrashAlert(  572): Status bleibt aktiv
D/CAAccData(  572): x: -6.0882955 y: 3.0645783 z: 7.5456724
D/CAAccData(  572): x: -6.2108784 y: 3.214402 z: 7.04172
D/CAAccData(  572): x: -6.5513873 y: 3.445948 z: 7.082581
D/CAAccData(  572): x: -6.5922484 y: 3.7864566 z: 6.973618
D/CAAccData(  572): x: -6.742072 y: 3.7864566 z: 7.164303
D/CAAccData(  572): x: -6.8237944 y: 3.5957718 z: 7.3958488
D/CAAccData(  572): x: -6.2108784 y: 3.405087 z: 6.701211
D/CAAccData(  572): x: -6.0882955 y: 3.5957718 z: 6.428804
D/CAAccData(  572): x: -7.205164 y: 3.6774938 z: 6.891896
D/CAAccData(  572): x: -5.5571017 y: 4.099725 z: 8.689782
D/CAAccData(  572): x: -4.903325 y: 3.2961242 z: 7.8589406
D/CAAccData(  572): x: -5.6660647 y: 3.486809 z: 7.6273947
D/CrashAlert(  572): Handler :1
I/CrashAlert(  572): Status bleibt aktiv
D/CAAccData(  572): x: -3.336985 y: 4.372132 z: 7.8589406
D/CAAccData(  572): x: -2.3699405 y: 3.5957718 z: 8.267551
D/CAAccData(  572): x: -2.982856 y: 3.173541 z: 9.302697
D/CAAccData(  572): x: -2.5606253 y: 3.636633 z: 10.269742
D/CAAccData(  572): x: -4.671779 y: 4.2086873 z: 13.633968
D/CAAccData(  572): x: -2.982856 y: 4.140586 z: 15.894946
D/CAAccData(  572): x: 0.23154591 y: 4.862464 z: 11.495573
D/CAAccData(  572): x: -2.152015 y: 5.706926 z: 7.8861814
D/CAAccData(  572): x: -1.9477097 y: 5.597963 z: 6.1700177
D/CAAccTime(  572): Tue Jun 22 09:39:47 Europe/Amsterdam 2010
D/CAAccData(  572): x: -0.19068487 y: 5.053149 z: 5.284695
D/CAAccData(  572): x: 0.29964766 y: 4.903325 z: 4.372132
D/CrashAlert(  572): Handler :1
I/CrashAlert(  572): Status bleibt aktiv
D/CAAccData(  572): x: 0.3405087 y: 5.284695 z: 5.175732
D/CAAccData(  572): x: -1.56634 y: 4.7535014 z: 5.47538
D/CAAccData(  572): x: -1.879608 y: 4.7943625 z: 3.486809
D/CAAccData(  572): x: -1.8387469 y: 4.7126403 z: 1.56634
D/CAAccData(  572): x: -3.445948 y: 6.6331096 z: 4.5900574
D/CAAccData(  572): x: -2.3426998 y: 5.9793324 z: 7.8589406
D/CAAccData(  572): x: -3.3778462 y: 3.336985 z: 2.7921712
D/CAAccData(  572): x: -6.701211 y: 2.8330324 z: 4.440233
D/CAAccData(  572): x: -5.407278 y: 3.6774938 z: 5.6660647
D/CAAccData(  572): x: -6.6331096 y: 1.7978859 z: 2.7921712
D/CAAccData(  572): x: -8.049625 y: 4.5219555 z: 6.701211
D/CAAccData(  572): x: -4.2495484 y: 3.9499009 z: 8.580819
D/CAAccData(  572): x: -3.405087 y: 1.9885708 z: 10.147159
D/CrashAlert(  572): Handler :1
I/CrashAlert(  572): Status bleibt aktiv
D/CAAccData(  572): x: -3.405087 y: 4.8216033 z: 11.686258
D/CAAccData(  572): x: -1.920469 y: 4.2904096 z: 9.656827
D/CAAccData(  572): x: -4.0588636 y: 2.5606253 z: 7.082581
D/CAAccData(  572): x: -6.510526 y: 1.7570249 z: 3.9771416
D/dalvikvm(  572): GC freed 8605 objects / 524040 bytes in 119ms
D/CAAccData(  572): x: -8.580819 y: 3.9499009 z: 8.689782
D/CAAccData(  572): x: -7.9270425 y: 7.082581 z: 8.771504
D/CAAccData(  572): x: -8.430995 y: 3.636633 z: 6.932757
D/CAAccData(  572): x: -8.921328 y: 3.5276701 z: 6.469665
D/CAAccData(  572): x: -9.302697 y: 3.0237172 z: 5.8158884
D/CAAccData(  572): x: -9.275456 y: 4.0180025 z: 4.7126403
D/CAAccData(  572): x: -8.240311 y: 1.6889231 z: 2.3699405
D/CAAccTime(  572): Tue Jun 22 09:39:48 Europe/Amsterdam 2010
D/CAAccData(  572): x: -9.112013 y: 4.140586 z: 2.6423476
D/CAAccData(  572): x: -10.528529 y: 2.5606253 z: 2.8330324
D/CrashAlert(  572): Handler :1
I/CrashAlert(  572): Status bleibt aktiv
D/CAAccData(  572): x: -9.724928 y: 3.214402 z: 1.4165162
D/CAAccData(  572): x: -8.853226 y: 0.3405087 z: 0.7218784
D/CAAccData(  572): x: -8.921328 y: -0.08172209 z: 1.3756552
D/CAAccData(  572): x: -8.894087 y: 1.7570249 z: 2.2201166
D/CAAccData(  572): x: -8.076866 y: 1.5390993 z: 0.10896278
D/CAAccData(  572): x: -10.95076 y: 3.9090397 z: 3.0237172
