I/SystemServer(  145): Clipboard Service
I/SystemServer(  145): Input Method Service
I/InputManagerService(  145): Enabled input methods: jonasl.ime/.HTCIMEService
I/SystemServer(  145): NetStat Service
I/SystemServer(  145): Connectivity Service
V/ConnectivityService(  145): ConnectivityService starting up
V/ConnectivityService(  145): Starting Wifi Service.
I/WifiService(  145): WifiService starting up with Wi-Fi disabled
I/SystemServer(  145): Accessibility Manager
I/SystemServer(  145): Notification Manager
I/SystemServer(  145): Mount Service
I/SystemServer(  145): Device Storage Monitor
I/SystemServer(  145): Location Manager
I/SystemServer(  145): Search Service
I/SystemServer(  145): Checkin Service
I/SystemServer(  145): HTC Checkin Service.
I/SystemServer(  145): Wallpaper Service
I/SystemServer(  145): Audio Service
I/AudioFlinger(  126): setVoiceVolume(0.666667): before lock mHardwareLock
D/AudioHardwareMSM72XX(  126): setVoiceVolume(0.666667)
I/AudioHardwareMSM72XX(  126): Setting in-call volume to 3 (available range is 0 to 5)
I/AudioFlinger(  126): setVoiceVolume: before lock mHardwareLock
D/AudioFlinger(  126): setStreamVolume(), stream:0, value:0.216840, output:1
D/GpsLocationProvider(  145): /etc/gps.conf_T-MOB101 not exist. Fall back to /etc/gps.conf.
D/AudioFlinger(  126): setStreamVolume(), stream:1, value:0.549541, output:1
D/AudioFlinger(  126): setStreamVolume(), stream:2, value:0.173780, output:1
D/AudioFlinger(  126): setStreamVolume(), stream:3, value:0.229087, output:1
D/AudioFlinger(  126): setStreamVolume(), stream:4, value:0.316228, output:1
D/AudioFlinger(  126): setStreamVolume(), stream:5, value:0.173780, output:1
D/AudioFlinger(  126): setStreamVolume(), stream:8, value:0.042782, output:1
D/AudioFlinger(  126): setStreamVolume(), stream:9, value:0.288403, output:1
D/AudioFlinger(  126): setStreamVolume(), stream:7, value:0.501187, output:1
D/AudioFlinger(  126): setStreamVolume(), stream:8, value:0.216840, output:1
D/AudioFlinger(  126): setStreamVolume(), stream:9, value:0.208930, output:1
D/dalvikvm(  145): Trying to load lib /system/lib/libsoundpool.so 0x0
D/dalvikvm(  145): Added shared lib /system/lib/libsoundpool.so 0x0
D/MediaPlayerService(  126): decode(8, 0, 3994)
D/MediaPlayerService(  126): Create Player playertype=3
I/SystemServer(  145): Headset Observer
I/SystemServer(  145): Dock Observer
W/DockObserver(  145): This kernel does not have dock station support
I/SystemServer(  145): Backup Service
D/        (  126): [LEAK DBG] pid = 126
D/MediaPlayerService(  126): decode(8, 0, 5194)
D/MediaPlayerService(  126): Create Player playertype=3
V/BackupManagerService(  145): Initializing package tracking
V/BackupManagerService(  145): addPackageParticipantsLocked: null
D/        (  126): [LEAK DBG] pid = 126
V/BackupManagerService(  145): Adding 9 backup participants:
V/BackupManagerService(  145):     PackageInfo{4567b750 com.android.browser} agent=com.android.browser.BrowserBackupAgent uid=10049 killAfterRestore=true restoreNeedsApplication=false
V/BackupManagerService(  145):     PackageInfo{4567b820 com.android.mms} agent=com.android.mms.MmsBackupAgent uid=10022 killAfterRestore=true restoreNeedsApplication=false
V/BackupManagerService(  145):     PackageInfo{4567be78 com.htc.CustomizationSetup} agent=com.htc.CustomizationSetup.AccountBackupAgent uid=10006 killAfterRestore=true restoreNeedsApplication=false
V/BackupManagerService(  145):     PackageInfo{4567c310 com.android.providers.telephony} agent=com.android.providers.telephony.MessageBackupAgent uid=1001 killAfterRestore=false restoreNeedsApplication=false
V/BackupManagerService(  145):     PackageInfo{4567c4b0 com.android.providers.settings} agent=com.android.providers.settings.SettingsBackupAgent uid=1000 killAfterRestore=false restoreNeedsApplication=false
V/BackupManagerService(  145):     PackageInfo{456a5e68 com.android.providers.userdictionary} agent=com.android.providers.userdictionary.DictionaryBackupAgent uid=10012 killAfterRestore=false restoreNeedsApplication=false
V/BackupManagerService(  145):     PackageInfo{456a9a80 android} agent=com.android.server.SystemBackupAgent uid=1000 killAfterRestore=false restoreNeedsApplication=false
V/BackupManagerService(  145):     PackageInfo{456a9e90 com.android.vending} agent=com.android.vending.VendingBackupAgent uid=10011 killAfterRestore=false restoreNeedsApplication=true
V/BackupManagerService(  145):     PackageInfo{456aa308 com.htc.provider.settings} agent=com.htc.provider.settings.BackupAgent uid=10006 killAfterRestore=false restoreNeedsApplication=false
I/BackupManagerService(  145): New app com.android.browser never backed up; scheduling
D/MediaPlayerService(  126): decode(8, 0, 7392)
D/MediaPlayerService(  126): Create Player playertype=3
D/BackupManagerService(  145): Now awaiting backup for 1 participants:
D/BackupManagerService(  145):     + BackupRequest{app=ApplicationInfo{45659790 com.android.browser} full=false} agent=com.android.browser.BrowserBackupAgent
I/BackupManagerService(  145): New app com.android.mms never backed up; scheduling
D/BackupManagerService(  145): Now awaiting backup for 2 participants:
D/BackupManagerService(  145):     + BackupRequest{app=ApplicationInfo{45659790 com.android.browser} full=false} agent=com.android.browser.BrowserBackupAgent
D/BackupManagerService(  145):     + BackupRequest{app=ApplicationInfo{455b38d8 com.android.mms} full=false} agent=com.android.mms.MmsBackupAgent
I/BackupManagerService(  145): New app com.htc.CustomizationSetup never backed up; scheduling
D/BackupManagerService(  145): Now awaiting backup for 3 participants:
D/BackupManagerService(  145):     + BackupRequest{app=ApplicationInfo{45659790 com.android.browser} full=false} agent=com.android.browser.BrowserBackupAgent
D/BackupManagerService(  145):     + BackupRequest{app=ApplicationInfo{4560add8 com.htc.CustomizationSetup} full=false} agent=com.htc.CustomizationSetup.AccountBackupAgent
D/BackupManagerService(  145):     + BackupRequest{app=ApplicationInfo{455b38d8 com.android.mms} full=false} agent=com.android.mms.MmsBackupAgent
I/BackupManagerService(  145): New app com.android.providers.telephony never backed up; scheduling
D/        (  126): [LEAK DBG] pid = 126
D/MediaPlayerService(  126): decode(13, 0, 6193)
D/MediaPlayerService(  126): Create Player playertype=3
D/BackupManagerService(  145): Now awaiting backup for 4 participants:
D/BackupManagerService(  145):     + BackupRequest{app=ApplicationInfo{45659790 com.android.browser} full=false} agent=com.android.browser.BrowserBackupAgent
D/BackupManagerService(  145):     + BackupRequest{app=ApplicationInfo{45474da0 com.android.providers.telephony} full=false} agent=com.android.providers.telephony.MessageBackupAgent
D/BackupManagerService(  145):     + BackupRequest{app=ApplicationInfo{4560add8 com.htc.CustomizationSetup} full=false} agent=com.htc.CustomizationSetup.AccountBackupAgent
D/BackupManagerService(  145):     + BackupRequest{app=ApplicationInfo{455b38d8 com.android.mms} full=false} agent=com.android.mms.MmsBackupAgent
I/BackupManagerService(  145): New app com.android.providers.settings never backed up; scheduling
D/BackupManagerService(  145): Now awaiting backup for 5 participants:
D/BackupManagerService(  145):     + BackupRequest{app=ApplicationInfo{454ee028 com.android.providers.settings} full=false} agent=com.android.providers.settings.SettingsBackupAgent
D/BackupManagerService(  145):     + BackupRequest{app=ApplicationInfo{45474da0 com.android.providers.telephony} full=false} agent=com.android.providers.telephony.MessageBackupAgent
D/BackupManagerService(  145):     + BackupRequest{app=ApplicationInfo{4560add8 com.htc.CustomizationSetup} full=false} agent=com.htc.CustomizationSetup.AccountBackupAgent
D/BackupManagerService(  145):     + BackupRequest{app=ApplicationInfo{45659790 com.android.browser} full=false} agent=com.android.browser.BrowserBackupAgent
D/BackupManagerService(  145):     + BackupRequest{app=ApplicationInfo{455b38d8 com.android.mms} full=false} agent=com.android.mms.MmsBackupAgent
I/BackupManagerService(  145): New app com.android.providers.userdictionary never backed up; scheduling
D/        (  126): [LEAK DBG] pid = 126
D/BackupManagerService(  145): Now awaiting backup for 6 participants:
D/BackupManagerService(  145):     + BackupRequest{app=ApplicationInfo{454ee028 com.android.providers.settings} full=false} agent=com.android.providers.settings.SettingsBackupAgent
D/BackupManagerService(  145):     + BackupRequest{app=ApplicationInfo{45474da0 com.android.providers.telephony} full=false} agent=com.android.providers.telephony.MessageBackupAgent
D/BackupManagerService(  145):     + BackupRequest{app=ApplicationInfo{4560add8 com.htc.CustomizationSetup} full=false} agent=com.htc.CustomizationSetup.AccountBackupAgent
D/BackupManagerService(  145):     + BackupRequest{app=ApplicationInfo{454c2590 com.android.providers.userdictionary} full=false} agent=com.android.providers.userdictionary.DictionaryBackupAgent
D/BackupManagerService(  145):     + BackupRequest{app=ApplicationInfo{45659790 com.android.browser} full=false} agent=com.android.browser.BrowserBackupAgent
D/BackupManagerService(  145):     + BackupRequest{app=ApplicationInfo{455b38d8 com.android.mms} full=false} agent=com.android.mms.MmsBackupAgent
I/BackupManagerService(  145): New app android never backed up; scheduling
D/MediaPlayerService(  126): decode(14, 0, 7972)
D/MediaPlayerService(  126): Create Player playertype=3
D/BackupManagerService(  145): Now awaiting backup for 7 participants:
D/BackupManagerService(  145):     + BackupRequest{app=ApplicationInfo{454d92b8 android} full=false} agent=com.android.server.SystemBackupAgent
D/BackupManagerService(  145):     + BackupRequest{app=ApplicationInfo{454ee028 com.android.providers.settings} full=false} agent=com.android.providers.settings.SettingsBackupAgent
D/BackupManagerService(  145):     + BackupRequest{app=ApplicationInfo{45474da0 com.android.providers.telephony} full=false} agent=com.android.providers.telephony.MessageBackupAgent
D/BackupManagerService(  145):     + BackupRequest{app=ApplicationInfo{4560add8 com.htc.CustomizationSetup} full=false} agent=com.htc.CustomizationSetup.AccountBackupAgent
D/BackupManagerService(  145):     + BackupRequest{app=ApplicationInfo{454c2590 com.android.providers.userdictionary} full=false} agent=com.android.providers.userdictionary.DictionaryBackupAgent
D/BackupManagerService(  145):     + BackupRequest{app=ApplicationInfo{45659790 com.android.browser} full=false} agent=com.android.browser.BrowserBackupAgent
D/BackupManagerService(  145):     + BackupRequest{app=ApplicationInfo{455b38d8 com.android.mms} full=false} agent=com.android.mms.MmsBackupAgent
I/BackupManagerService(  145): New app com.android.vending never backed up; scheduling
D/        (  126): [LEAK DBG] pid = 126
D/BackupManagerService(  145): Now awaiting backup for 8 participants:
D/BackupManagerService(  145):     + BackupRequest{app=ApplicationInfo{454d92b8 android} full=false} agent=com.android.server.SystemBackupAgent
D/BackupManagerService(  145):     + BackupRequest{app=ApplicationInfo{45474da0 com.android.providers.telephony} full=false} agent=com.android.providers.telephony.MessageBackupAgent
D/BackupManagerService(  145):     + BackupRequest{app=ApplicationInfo{4560add8 com.htc.CustomizationSetup} full=false} agent=com.htc.CustomizationSetup.AccountBackupAgent
D/BackupManagerService(  145):     + BackupRequest{app=ApplicationInfo{454ee028 com.android.providers.settings} full=false} agent=com.android.providers.settings.SettingsBackupAgent
D/BackupManagerService(  145):     + BackupRequest{app=ApplicationInfo{454c2590 com.android.providers.userdictionary} full=false} agent=com.android.providers.userdictionary.DictionaryBackupAgent
D/BackupManagerService(  145):     + BackupRequest{app=ApplicationInfo{45659790 com.android.browser} full=false} agent=com.android.browser.BrowserBackupAgent
D/BackupManagerService(  145):     + BackupRequest{app=ApplicationInfo{45529dc0 com.android.vending} full=false} agent=com.android.vending.VendingBackupAgent
D/BackupManagerService(  145):     + BackupRequest{app=ApplicationInfo{455b38d8 com.android.mms} full=false} agent=com.android.mms.MmsBackupAgent
I/BackupManagerService(  145): New app com.htc.provider.settings never backed up; scheduling
D/BackupManagerService(  145): Now awaiting backup for 9 participants:
D/BackupManagerService(  145):     + BackupRequest{app=ApplicationInfo{454d92b8 android} full=false} agent=com.android.server.SystemBackupAgent
D/BackupManagerService(  145):     + BackupRequest{app=ApplicationInfo{45474da0 com.android.providers.telephony} full=false} agent=com.android.providers.telephony.MessageBackupAgent
D/BackupManagerService(  145):     + BackupRequest{app=ApplicationInfo{4560add8 com.htc.CustomizationSetup} full=false} agent=com.htc.CustomizationSetup.AccountBackupAgent
D/BackupManagerService(  145):     + BackupRequest{app=ApplicationInfo{455eb148 com.htc.provider.settings} full=false} agent=com.htc.provider.settings.BackupAgent
D/BackupManagerService(  145):     + BackupRequest{app=ApplicationInfo{454ee028 com.android.providers.settings} full=false} agent=com.android.providers.settings.SettingsBackupAgent
D/BackupManagerService(  145):     + BackupRequest{app=ApplicationInfo{454c2590 com.android.providers.userdictionary} full=false} agent=com.android.providers.userdictionary.DictionaryBackupAgent
D/BackupManagerService(  145):     + BackupRequest{app=ApplicationInfo{45659790 com.android.browser} full=false} agent=com.android.browser.BrowserBackupAgent
D/BackupManagerService(  145):     + BackupRequest{app=ApplicationInfo{45529dc0 com.android.vending} full=false} agent=com.android.vending.VendingBackupAgent
D/BackupManagerService(  145):     + BackupRequest{app=ApplicationInfo{455b38d8 com.android.mms} full=false} agent=com.android.mms.MmsBackupAgent
V/BackupManagerService(  145): Registering transport android/com.android.internal.backup.LocalTransport = com.android.internal.backup.LocalTransport@456e1df0
V/BackupManagerService(  145): Starting with transport com.google.android.backup/.BackupTransportService
W/ActivityManager(  145): Unable to start service Intent { cmp=com.google.android.backup/.BackupTransportService }: not found
I/BackupManagerService(  145): Found stale backup journal, scheduling:
I/BackupManagerService(  145):     + com.android.browser
I/BackupManagerService(  145):     + com.android.mms
I/BackupManagerService(  145):     + com.htc.CustomizationSetup
I/BackupManagerService(  145):     + com.android.providers.telephony
I/BackupManagerService(  145):     + com.android.providers.settings
I/BackupManagerService(  145):     + com.android.providers.userdictionary
I/BackupManagerService(  145):     + android
I/BackupManagerService(  145):     + com.android.vending
I/BackupManagerService(  145):     + com.htc.provider.settings
I/BackupManagerService(  145): Backup enabled => false
I/BackupManagerService(  145): Opting out of backup
I/SystemServer(  145): AppWidget Service
I/BrcmBtServiceLoader(  145): >>Nothing need to do when current stack configuration is not Broadcom BTLA!
I/WindowManager(  145): SAFE MODE not enabled
I/ActivityManager(  145): Config changed: { scale=1.0 imsi=0/0 loc=de_DE touch=3 keys=1/1/2 nav=3/1 orien=1 layout=18}
D/KeyguardViewManager(  145): show()
D/Sensors (  145): open_ls, fd=94
D/PowerManagerService(  145): system ready!
I/ActivityManager(  145): System now ready
D/HtcLockScreen(  145): createLockScreenPlugin() ...
D/HtcLockScreen(  145): packageInfo - PackageInfo{45700ca8 com.htc.lockscreen}
I/SystemServer(  145): Making services ready
W/ResourceType(  145): Resources don't contain package for resource number 0x7f03001d
W/ResourceType(  145): Resources don't contain package for resource number 0x7f030007
W/ResourceType(  145): Resources don't contain package for resource number 0x7f030058
D/HtcLockScreen(  145): create lock screen - mCreatedInKeyboardOpen=false,mCreatedInPortrait=false
W/ResourceType(  145): Resources don't contain package for resource number 0x7f03002e
W/ResourceType(  145): Resources don't contain package for resource number 0x7f030002
W/ResourceType(  145): Resources don't contain package for resource number 0x7f030010
D/dalvikvm(  145): GC freed 6286 objects / 442920 bytes in 169ms
W/ResourceType(  145): Resources don't contain package for resource number 0x7f030000
I/Zygote  (  145): Process: zygote socket opened
I/ActivityManager(  145): Start proc jonasl.ime for service jonasl.ime/.HTCIMEService: pid=198 uid=10052 gids={1015}
I/ActivityManager(  145): Start proc com.android.phone for added application com.android.phone: pid=200 uid=1001 gids={3002, 3001, 3003, 1015}
I/ActivityManager(  145): Start proc android.process.acore for added application android.process.acore: pid=204 uid=10012 gids={3003, 1015}
I/ActivityManager(  145): Starting activity: Intent { act=android.intent.action.MAIN cat=[android.intent.category.HOME] flg=0x10000000 cmp=com.htc.launcher/.Launcher }
D/dalvikvm(  209): Rosie launcher will have a 60MB heap
I/ActivityManager(  145): Start proc com.htc.launcher for activity com.htc.launcher/.Launcher: pid=209 uid=9999 gids={3003, 1015, 3002, 3001}
I/HtcLockScreen(  145): touch ACTION_DOWN
D/KeyguardViewMediator(  145): handleKeyguardDoneDrawing: notifying mWaitingUntilKeyguardVisible
W/StatusBar(  145): No icon ID for slot ime
I/HtcLockScreen(  145): -----refreshViewsWhetherSimOk -----: READY
D/HtcLockScreen(  145): onRefreshBatteryInfo: 100
I/HtcLockScreen(  145): touch ACTION_UP
D/HtcLockScreen(  145): do not match unlock conditions
D/HtcLockScreen(  145): onRefreshBatteryInfo: 100
D/KeyguardViewMediator(  145): pokeWakelock(15000)
W/dalvikvm(  209): Refusing to reopen boot DEX '/system/framework/com.htc.framework.jar'
I/ActivityThread(  209): Publishing provider com.htc.launcher.settings: com.htc.launcher.LauncherProvider
I/ActivityThread(  200): Publishing provider search: com.android.providers.telephony.SearchdbProvider
I/RecoverySystem(  145): No recovery log file
V/Aggregator(  145): Creating new aggregator, data dir=/data/data/com.google.android.server.checkin/files
I/ActivityThread(  200): Publishing provider telephony: com.android.providers.telephony.TelephonyProvider
I/ActivityThread(  200): Publishing provider cbchannels: com.android.providers.telephony.CBProvider
I/ActivityThread(  200): Publishing provider icc: com.android.phone.IccProvider
I/ActivityThread(  200): Publishing provider allmessages: com.android.providers.telephony.AllMessagesProvider
I/ActivityThread(  200): Publishing provider htcmsgs: com.android.providers.telephony.HtcMsgsProvider
I/ActivityThread(  200): Publishing provider mms: com.android.providers.telephony.MmsProvider
I/        (  145): getProfileResume(): buf=0, value=0
D/KeyguardViewMediator(  145): pokeWakelock(15000)
I/HtcLockScreen(  145): Press Menu key to unlock screen
I/HtcLockScreen(  145): HtcLockScreen:onPause
D/HtcLockScreen(  145): onScreenPause
D/KeyguardViewManager(  145): hide()
I/ActivityThread(  200): Publishing provider sms: com.android.providers.telephony.SmsProvider
I/ActivityThread(  200): Publishing provider mms-sms: com.android.providers.telephony.MmsSmsProvider
I/ActivityThread(  200): Publishing provider qtext: com.android.providers.telephony.QTextProvider
V/htcCheckinService(  145): Checkin service onCreate()!
I/RecoverySystem(  145): No recovery log file
W/SettingUtil(  209): loadSettings(), cursor == null, content provider is not exist
W/htcCheckinService(  145): No saved kernel log file
D/dalvikvm(  200): Note: class Lcom/android/internal/telephony/BaseCommands; has 161 unimplemented (abstract) methods
I/WifiService(  145): WifiService trying to setNumAllowed to 13 with persist set to false
D/DataConnectionTracker(  200): setDataEnabled(false)
D/dalvikvm(  200): GC freed 2816 objects / 167912 bytes in 185ms
D/dalvikvm(  209): GC freed 2788 objects / 232448 bytes in 97ms
D/DataConnectionTracker(  200): setDataEnabled(false)
D/PhoneApp(  200): [NotificationMgr] begin querying call log
D/PhoneApp(  200): [NotificationMgr] Phone is idle, canceling notification.
D/PhoneApp(  200): [NotificationMgr] cancelInCall()...
D/BT HS/HF(  200): updatePhoneState()
D/BT HS/HF(  200): gsmAsuToSignal=-1
D/BT HS/HF(  200): cdmaSetSecondCallState: Setting mCdmaIsSecondCallActive to false
D/PhoneApp(  200): mProximityWakeLock: null
I/Watchdog(  145): Doing logGlobalMemory
W/ActivityManager(  145): Unable to start service Intent { act=com.android.ussd.IExtendedNetworkService }: not found
D/PhoneApp(  200): Resetting audio state/mode: IDLE
D/PhoneUtils(  200): setAudioMode(MODE_NORMAL)...
D/AudioFlinger(  126): isMusicActive(), mMusicActiveByHardwareAudioDecoderCount:0
D/skia    (  209): -------------- inform VM we've allocated 1228800 bytes in native space
D/skia    (  145): -------------- inform VM we've allocated 1228800 bytes in native space
D/dalvikvm(  200): GC freed 1640 objects / 117928 bytes in 302ms
D/dalvikvm(  209): GC freed 886 objects / 72864 bytes in 312ms
D/dalvikvm(  145): GC freed 8152 objects / 432360 bytes in 403ms
D/skia    (  145): -------------- inform VM we're releasing 1228800 bytes which we couldn't allocate in native
D/skia    (  209): -------------- inform VM we're releasing 1228800 bytes which we couldn't allocate in native
D/dalvikvm(  200): GC freed 374 objects / 32392 bytes in 128ms
D/dalvikvm(  209): GC freed 1237 objects / 79408 bytes in 169ms
I/HtcLockScreen(  145): get INTENT_ACTION_WALLPAPER_CHANGED
D/LocationManagerService(  145): CdmaCellLocation Unavailable
D/KeyguardUpdateMonitor(  145): handleCarrierInfoUpdate: plmn = No service, spn = null
I/HtcLockScreen(  145): -----refreshViewsWhetherSimOk -----: READY
E/StatusBar(  145): getCdmaEriIconIndex returned null, skipping ERI icon update
D/TelephonyRegistry(  145): notifyDataConnection() state=0isDataConnectivityPossible()false, reason=radioTurnedOff
D/TelephonyRegistry(  145): broadcastDataConnectionStateChanged()  state=DISCONNECTEDtypes=null, interfaceName=null
D/TelephonyRegistry(  145): notifyDataConnection() state=0isDataConnectivityPossible()false, reason=gprsDetached
D/TelephonyRegistry(  145): broadcastDataConnectionStateChanged()  state=DISCONNECTEDtypes=null, interfaceName=null
I/ActivityManager(  145): Start proc com.android.mms for broadcast com.android.mms/.transaction.MmsSystemEventReceiver: pid=240 uid=10022 gids={3003, 1015}
D/TelephonyRegistry(  145): notifyDataConnection() state=0isDataConnectivityPossible()false, reason=radioTurnedOff
D/TelephonyRegistry(  145): broadcastDataConnectionStateChanged()  state=DISCONNECTEDtypes=null, interfaceName=null
D/TelephonyRegistry(  145): notifyDataConnection() state=0isDataConnectivityPossible()false, reason=gprsDetached
D/TelephonyRegistry(  145): broadcastDataConnectionStateChanged()  state=DISCONNECTEDtypes=null, interfaceName=null
D/TelephonyRegistry(  145): notifyDataConnection() state=0isDataConnectivityPossible()false, reason=radioTurnedOff
D/TelephonyRegistry(  145): broadcastDataConnectionStateChanged()  state=DISCONNECTEDtypes=null, interfaceName=null
D/TelephonyRegistry(  145): notifyDataConnection() state=0isDataConnectivityPossible()false, reason=gprsDetached
D/TelephonyRegistry(  145): broadcastDataConnectionStateChanged()  state=DISCONNECTEDtypes=null, interfaceName=null
W/StatusBar(  145): updateSimStatusfromPolicy: mSimState = UNKNOWN
D/JBtlRbtlServices(  200): addUser: Entered, userRefCount = 0
D/JBtlRbtlServices(  200): addUser: First user - creating Event Loop
D/EventLoop(  200): EventLoop Ctor
D/EventLoop(  200): run: Entered
D/JBtlRBtlServicesNative(  200): NativeJBtlCommon_StartEventLoop: Entered
D/JBtlRBtlServicesNative(  200): NativeJBtlCommon_StartEventLoop: Calling  BTL_Remote_Init with NULL !!!!
D/dalvikvm(  209): GetFieldID: unable to find field Ljava/util/Hashtable;.loadFactor:F
D/dalvikvm(  209): GetFieldID: unable to find field Ljava/util/Hashtable;.loadFactor:F
D/dalvikvm(  209): GetFieldID: unable to find field Ljava/util/Hashtable;.loadFactor:F
D/dalvikvm(  209): GetFieldID: unable to find field Ljava/util/Hashtable;.loadFactor:F
D/dalvikvm(  209): GetFieldID: unable to find field Ljava/util/Hashtable;.loadFactor:F
D/dalvikvm(  209): GetFieldID: unable to find field Ljava/util/Hashtable;.loadFactor:F
D/JBtlRBtlServicesNative(  200): NativeJBtlCommon_StartEventLoop: Calling  BTL_WaitAndDispatchEvents
D/JBtlRbtlServices(  200): addUser: event loop started!
D/JBtlAgNative(  200): <<<< Entered NativeJBtlAg_ClassInitNative >>>>
D/JBtlAgNative(  200): <<<< Exit NativeJBtlAg_ClassInitNative >>>>
D/BT HSHFP(  200): Starting BluetoothHeadsetService
D/dalvikvm(  209): GetFieldID: unable to find field Ljava/util/Hashtable;.loadFactor:F
D/CallNotifier(  200): onMwiChanged(): 0
D/PhoneApp(  200): [NotificationMgr] updateMwi(): 0
D/CallNotifier(  200): onMwiChanged(): 0
D/PhoneApp(  200): [NotificationMgr] updateMwi(): 0
D/PhoneApp(  200): [NotificationMgr] updateCfi(): false
D/dalvikvm(  209): GetFieldID: unable to find field Ljava/util/Hashtable;.loadFactor:F
D/dalvikvm(  209): GetFieldID: unable to find field Ljava/util/Hashtable;.loadFactor:F
D/dalvikvm(  209): GetFieldID: unable to find field Ljava/util/Hashtable;.loadFactor:F
D/dalvikvm(  209): GetFieldID: unable to find field Ljava/util/Hashtable;.loadFactor:F
D/PhoneApp(  200): [NotificationMgr] updateNetworkSelection()...state = 3 new network 
D/dalvikvm(  209): GetFieldID: unable to find field Ljava/util/Hashtable;.loadFactor:F
D/dalvikvm(  209): GetFieldID: unable to find field Ljava/util/Hashtable;.loadFactor:F
D/TelephonyRegistry(  145): notifyDataConnection() state=0isDataConnectivityPossible()false, reason=dataDisabled
D/TelephonyRegistry(  145): broadcastDataConnectionStateChanged()  state=DISCONNECTEDtypes=null, interfaceName=null
D/dalvikvm(  209): GetFieldID: unable to find field Ljava/util/Hashtable;.loadFactor:F
D/TelephonyRegistry(  145): notifyDataConnection() state=0isDataConnectivityPossible()false, reason=dataDisabled
D/TelephonyRegistry(  145): broadcastDataConnectionStateChanged()  state=DISCONNECTEDtypes=null, interfaceName=null
D/dalvikvm(  209): GetFieldID: unable to find field Ljava/util/Hashtable;.loadFactor:F
D/PhoneApp(  200): ACTION_SIM_STATE_CHANGED:NOT_READY
D/dalvikvm(  209): GetFieldID: unable to find field Ljava/util/Hashtable;.loadFactor:F
D/dalvikvm(  209): GetFieldID: unable to find field Ljava/util/Hashtable;.loadFactor:F
D/dalvikvm(  209): GetFieldID: unable to find field Ljava/util/Hashtable;.loadFactor:F
D/PhoneApp(  200): connection created, binding local service.
D/PhoneApp(  200): [NotificationMgr] hideDataDisconnectedRoaming()...
D/PhoneApp(  200): [NotificationMgr] hideDataDisconnectedRoaming()...
D/PhoneApp(  200): [NotificationMgr] hideDataDisconnectedRoaming()...
D/PhoneApp(  200): [NotificationMgr] hideDataDisconnectedRoaming()...
D/PhoneApp(  200): [NotificationMgr] hideDataDisconnectedRoaming()...
D/PhoneApp(  200): [NotificationMgr] hideDataDisconnectedRoaming()...
D/dalvikvm(  209): GetFieldID: unable to find field Ljava/util/Hashtable;.loadFactor:F
D/KeyguardUpdateMonitor(  145): handleCarrierInfoUpdate: plmn = No service, spn = null
I/HtcLockScreen(  145): -----refreshViewsWhetherSimOk -----: READY
W/StatusBar(  145): updateNetworkNameExt: mSimState = UNKNOWN
E/StatusBar(  145): getCdmaEriIconIndex returned null, skipping ERI icon update
D/dalvikvm(  209): GetFieldID: unable to find field Ljava/util/Hashtable;.loadFactor:F
D/dalvikvm(  209): GetFieldID: unable to find field Ljava/util/Hashtable;.loadFactor:F
D/PhoneApp(  200): [NotificationMgr] hideDataDisconnectedRoaming()...
D/dalvikvm(  209): GetFieldID: unable to find field Ljava/util/Hashtable;.loadFactor:F
D/PhoneApp(  200): [NotificationMgr] hideDataDisconnectedRoaming()...
D/PhoneApp(  200): [NotificationMgr] updateNetworkSelection()...state = 1 new network 
D/dalvikvm(  209): GetFieldID: unable to find field Ljava/util/Hashtable;.loadFactor:F
D/LocationManagerService(  145): CdmaCellLocation Unavailable
D/KeyguardUpdateMonitor(  145): handleCarrierInfoUpdate: plmn = No service, spn = null
I/HtcLockScreen(  145): -----refreshViewsWhetherSimOk -----: READY
E/StatusBar(  145): getCdmaEriIconIndex returned null, skipping ERI icon update
D/dalvikvm(  209): GetFieldID: unable to find field Ljava/util/Hashtable;.loadFactor:F
D/dalvikvm(  209): GetFieldID: unable to find field Ljava/util/Hashtable;.loadFactor:F
D/dalvikvm(  209): GetFieldID: unable to find field Ljava/util/Hashtable;.loadFactor:F
D/dalvikvm(  209): GetFieldID: unable to find field Ljava/util/Hashtable;.loadFactor:F
D/dalvikvm(  209): GetFieldID: unable to find field Ljava/util/Hashtable;.loadFactor:F
D/dalvikvm(  209): GetFieldID: unable to find field Ljava/util/Hashtable;.loadFactor:F
I/HtcLockScreen(  145): -----onSimStateChanged simState=ABSENT
I/HtcLockScreen(  145): -----refreshViewsWhetherSimOk -----: ABSENT
W/StatusBar(  145): updateSimStatusfromPolicy: mSimState = ABSENT
D/dalvikvm(  209): GetFieldID: unable to find field Ljava/util/Hashtable;.loadFactor:F
D/dalvikvm(  209): GetFieldID: unable to find field Ljava/util/Hashtable;.loadFactor:F
D/PhoneApp(  200): ACTION_SIM_STATE_CHANGED:ABSENT
D/PhoneApp(  200): [NotificationMgr] updateNetworkSelection()...state = 2 new network 
W/StatusBar(  145): updateNetworkNameExt: mSimState = ABSENT
E/StatusBar(  145): getCdmaEriIconIndex returned null, skipping ERI icon update
I/ActivityManager(  145): Displayed activity com.htc.launcher/.Launcher: 9828 ms (total 9828 ms)
W/dalvikvm(  145): disableGcForExternalAlloc: false
D/dalvikvm(  209): GetFieldID: unable to find field Ljava/util/Hashtable;.loadFactor:F
D/dalvikvm(  209): GetFieldID: unable to find field Ljava/util/Hashtable;.loadFactor:F
E/StatusBar(  145): getCdmaEriIconIndex returned null, skipping ERI icon update
D/dalvikvm(  209): GetFieldID: unable to find field Ljava/util/Hashtable;.loadFactor:F
D/PowerManagerService(  145): bootCompleted
D/PowerManagerService(  145): PowerManagerService, no ringing
D/dalvikvm(  209): GetFieldID: unable to find field Ljava/util/Hashtable;.loadFactor:F
D/dalvikvm(  209): GetFieldID: unable to find field Ljava/util/Hashtable;.loadFactor:F
E/lights  (  145): write_int failed to open /sys/class/leds/vtkey-backlight/brightness
I/SurfaceFlinger(  145): Boot is finished (27867 ms)
D/gralloc (  145): freeing GPU buffer at 0
D/gralloc (  145): freeing GPU buffer at 307200
D/vold    (  121): Accepted connection from framework
D/vold    (  121): dispatch_cmd(send_ums_status:/sdcard):
D/vold    (  121): dispatch_cmd(mount_volume:/sdcard):
I/vold    (  121): Evaluating dev '/devices/platform/msm_sdcc.2/mmc_host/mmc1/mmc1:aaaa/block/mmcblk0' for mountable filesystems for '/sdcard'
D/dalvikvm(  209): GetFieldID: unable to find field Ljava/util/Hashtable;.loadFactor:F
D/vold    (  121): Volume /sdcard state change from unmounted -> checking
D/vold    (  121): dispatch_cmd(send_ums_status:/emmc):
D/vold    (  121): dispatch_cmd(mount_volume:/emmc):
D/MountListener(  145): handleEvent volume_unmounted:/sdcard
D/dalvikvm(  209): GetFieldID: unable to find field Ljava/util/Hashtable;.loadFactor:F
D/KeyguardUpdateMonitor(  145): handleCarrierInfoUpdate: plmn = No service, spn = null
D/MountListener(  145): handleEvent ums_disabled:/sdcard
D/MountListener(  145): handleEvent ums_disconnected
D/LocationManagerService(  145): receive Intent.ACTION_BOOT_COMPLETED
D/MountListener(  145): handleEvent volume_checking:/sdcard
D/dalvikvm(  209): GetFieldID: unable to find field Ljava/util/Hashtable;.loadFactor:F
I/HtcLockScreen(  145): -----refreshViewsWhetherSimOk -----: ABSENT
I//system/bin/fsck_msdos(  121): ** /dev/block//vold/179:1
I//system/bin/fsck_msdos(  121): ** Phase 1 - Read and Compare FATs
I//system/bin/fsck_msdos(  121): Attempting to allocate 1366 KB for FAT
I/DumpStateReceiver(  145): Added state dump to 1 crashes
D/KeyguardUpdateMonitor(  145): handleCarrierInfoUpdate: plmn = No service, spn = null
D/dalvikvm(  209): GetFieldID: unable to find field Ljava/util/Hashtable;.loadFactor:F
I/HtcLockScreen(  145): -----refreshViewsWhetherSimOk -----: ABSENT
D/MountListener(  145): handleEvent /emmc
D/MountListener(  145): handleEvent ums_disconnected
D/GpsLocationProvider(  145): enable
D/libgps  (  145): qct_gps_init
D/dalvikvm(  209): GetFieldID: unable to find field Ljava/util/Hashtable;.loadFactor:F
D/libgps  (  145): gps_init ui suceeded
D/dalvikvm(  209): GetFieldID: unable to find field Ljava/util/Hashtable;.loadFactor:F
D/dalvikvm(  209): GetFieldID: unable to find field Ljava/util/Hashtable;.loadFactor:F
D/dalvikvm(  209): GetFieldID: unable to find field Ljava/util/Hashtable;.loadFactor:F
D/dalvikvm(  209): GetFieldID: unable to find field Ljava/util/Hashtable;.loadFactor:F
D/dalvikvm(  209): GetFieldID: unable to find field Ljava/util/Hashtable;.loadFactor:F
I/ActivityManager(  145): Start proc com.htc.bgp for content provider com.htc.provider.CustomizationSettings/.CustomizationSettingsProvider: pid=258 uid=10006 gids={3003, 1015}
D/libgps  (  145): gps_init xtra suceeded
D/libgps  (  145): sAtlClient init succeeded
D/libgps  (  145): qct_agps_init
D/libgps  (  145): qct_agps_set_server
D/KeyguardViewMediator(  145): pokeWakelock(15000)
D/KeyguardViewMediator(  145): pokeWakelock(15000)
I//system/bin/fsck_msdos(  121): Attempting to allocate 1366 KB for FAT
I/ActivityThread(  258): Publishing provider calendar: com.android.providers.calendar.CalendarProvider
I//system/bin/fsck_msdos(  121): ** Phase 2 - Check Cluster Chains
W/dalvikvm(  240): Refusing to reopen boot DEX '/system/framework/com.htc.android.pimlib.jar'
I/ActivityThread(  258): Publishing provider com.htc.dcs.provider.utility: com.htc.dcs.service.utility.UtilityProvider
I//system/bin/fsck_msdos(  121): ** Phase 3 - Checking Directories
I/ActivityThread(  258): Publishing provider com.htc.socialnetwork.snprovider: com.htc.socialnetwork.provider.SocialNetworkProvider
I//system/bin/fsck_msdos(  121): ** Phase 4 - Checking for Lost Files
I//system/bin/fsck_msdos(  121): 30 files, 1241756 free (310439 clusters)
I/logwrapper(  121): /system/bin/fsck_msdos terminated by exit(0)
D/vold    (  121): Filesystem check completed OK
I/vold    (  121): Sucessfully mounted vfat filesystem 179:1 on /sdcard (safe-mode on)
D/vold    (  121): Volume /sdcard state change from checking -> mounted
D/MountListener(  145): handleEvent volume_mounted:/sdcard
D/JOGBALL (  145): Jogball, + set_jogball_mode mode=0
D/SocialNetworkProvider(  258): onCreate
I/ActivityThread(  258): Publishing provider com.htc.sync.provider.weather: com.htc.sync.provider.weather.Provider
I/ActivityThread(  258): Publishing provider customization_settings: com.htc.provider.CustomizationSettings.CustomizationSettingsProvider
I/ActivityThread(  258): Publishing provider com.htc.provider.settings: com.htc.provider.settings.NotificationFlashLightProvider
I/ActivityThread(  258): Publishing provider com.htc.provider.weather: com.htc.provider.weather.WeatherProvider
E/DialerApp(  204): DialerApp() constructed: com.android.htcdialer.DialerApp@45482bf0
I/ActivityThread(  204): Publishing provider com.android.globalsearch.SuggestionProvider: com.android.globalsearch.SuggestionProvider
D/CalendarProvider(  258): deleteRowsForRemovedAccounts need to check count: 0
D/CalendarProvider(  258): Facebook account count: 0
D/CalendarProvider(  258): deleteRowsForRemovedAccounts need to check count: 0
D/CalendarProvider(  258): Facebook account count: 0
V/CalendarProvider(  258): onAccountsChanged
I/CalendarProvider(  258): ready to deleteRowsForRemovedAccounts
I/ActivityThread(  240): Publishing provider wappush: com.android.mms.push.PushMessagesProvider
D/CalendarProvider(  258): deleteRowsForRemovedAccounts need to check count: 1
D/CalendarProvider(  258): Facebook account count: 0
D/CalendarProvider(  258): c ==> accountName: null accountType:null
D/dalvikvm(  209): GC freed 8172 objects / 488280 bytes in 128ms
I/ActivityManager(  145): Start proc com.google.process.gapps for service com.google.android.googleapps/.GoogleLoginService: pid=278 uid=10003 gids={3003}
D/CalendarProvider(  258): 1st updateTimezoneDependentFields
I/ActivityThread(  278): Publishing provider com.google.settings: com.google.android.providers.settings.GoogleSettingsProvider
D/dalvikvm(  198): Trying to load lib /system/lib/libt99.so 0x45464288
I/ActivityThread(  278): Publishing provider com.google.android.providers.talk: com.google.android.providers.talk.TalkProvider
I/ActivityThread(  278): Publishing provider com.google.android.providers.enhancedgooglesearch: com.google.android.providers.enhancedgooglesearch.SuggestionProvider
I/ActivityThread(  278): Publishing provider gmail-ls: com.google.android.providers.gmail.MailProvider
I/ActivityThread(  278): Publishing provider com.android.globalsearch.log: com.google.android.providers.enhancedgooglesearch.ClickLogProvider
D/dalvikvm(  198): Added shared lib /system/lib/libt99.so 0x45464288
D/dalvikvm(  209): GC freed 1940 objects / 165864 bytes in 152ms
D/GoogleLoginService(  278): onBind: Intent { act=android.accounts.AccountAuthenticator cmp=com.google.android.googleapps/.GoogleLoginService }
W/GoogleLoginService(  278): Device has no accounts: sending Intent { act=com.google.android.googlelogin.LOGIN_ACCOUNTS_MISSING }
W/CalendarProvider(  258): getPrimaryAccount: no primary account configured.
W/WSP     (  209): [WSPUtility] request cur loc, but there is no sys cur
D/dalvikvm(  145): GC freed 15891 objects / 902192 bytes in 212ms
D/dalvikvm(  209): GC freed 2186 objects / 119824 bytes in 103ms
I/XT9_C   (  198): File "/data/data/jonasl.ime/udb" does not exist.
I/XT9_C   (  198): [loadDefaultRUDB] RUDB size = 20480 (loaded)
W/dalvikvm(  258): Refusing to reopen boot DEX '/system/framework/com.htc.framework.jar'
I/ContactWidget Matrix(  209): Selected group is Favorite_8656150684447252476_6727701920173350445
I/XT9_C   (  198): [RegisterXT9MDB] MDB size=64 (loaded)
I/XT9_C   (  198): Load mdbType=0 time=0.016419(sec)
I/XT9_JNI (  198): [Java_T9_nativeLoad] Native side initialization done.
V/AutoSetting(  258): receiver - ***onReceive: android.intent.action.SIM_STATE_CHANGED
I/ActivityManager(  145): Start proc com.google.android.partnersetup for broadcast com.google.android.partnersetup/.PhoneStateReceiver: pid=310 uid=10041 gids={}
D/dalvikvm(  209): GC freed 2213 objects / 123984 bytes in 133ms
W/WidgetFramwView(  209): Null content view
V/AutoSetting(  258): receiver - (android.intent.action.SIM_STATE_CHANGED) intentKeyIccState: NOT_READY
D/GooglePartnerSetup(  310): PhoneStateReceiver.onReceive
D/dalvikvm(  209): GC freed 2936 objects / 140720 bytes in 127ms
W/Rosie_3D(  209): onWorkspaceStopScroll , CurrentScreen = 3, mIsAnimation = false, mStopAnimation = false
D/GooglePartnerSetup(  310): client_id set to: android-htc
D/dalvikvm(  209): GC freed 165 objects / 9920 bytes in 127ms
D/GooglePartnerSetup(  310): maps client id: gmm-android-htc
D/dalvikvm(  209): GC freed 37 objects / 2496 bytes in 128ms
W/Rosie_3D(  209): TIME_SHOW_CURRECT_PAGE , CurrentScreen = 3
D/GooglePartnerSetup(  310): youtube client id: mvapp-android-htc
D/GooglePartnerSetup(  310): market client id: am-android-htc
D/GooglePartnerSetup(  310): voicesearch client id: ms-android-htc
D/GooglePartnerSetup(  310): PhoneStateReceiver: Client id data is current.No need to run - printing clientids FYI
D/GooglePartnerSetup(  310): client_id set to: android-htc
D/GooglePartnerSetup(  310): maps client id: gmm-android-htc
D/GooglePartnerSetup(  310): youtube client id: mvapp-android-htc
D/GooglePartnerSetup(  310): market client id: am-android-htc
D/GooglePartnerSetup(  310): voicesearch client id: ms-android-htc
I/ActivityManager(  145): Start proc com.htc.bg for broadcast com.htc.CustomizationSetup/.SIMStateChangeReceiver: pid=319 uid=10006 gids={3003, 1015}
D/dalvikvm(  124): GC freed 279 objects / 10680 bytes in 136ms
D/dalvikvm(  124): GC freed 50 objects / 2216 bytes in 147ms
D/dalvikvm(  124): GC freed 2 objects / 48 bytes in 65ms
I/ActivityThread(  319): Publishing provider com.htc.socialnetwork.flickr.provider.StreamProvider: com.htc.socialnetwork.flickr.provider.FlickrStreamProvider
I/ActivityThread(  204): Publishing provider user_dictionary: com.android.providers.userdictionary.UserDictionaryProvider
I/ActivityThread(  204): Publishing provider com.android.globalsearch.stats: com.android.globalsearch.StatsProvider
I/ActivityThread(  204): Publishing provider contacts;com.android.contacts: com.android.providers.contacts.HtcContactsProvider2
W/Addapter(  209): info.icon:2130837554
W/Addapter(  209): info.icon:2130837538
I/ActivityThread(  319): Publishing provider uploads: com.htc.providers.uploads.UploadProvider
W/Addapter(  209): info.icon:2130837525
W/Addapter(  209): info.icon:2130837832
W/Addapter(  209): info.icon:2130837509
D/UploadManager(  319): UploadProvider is running
W/Addapter(  209): info.icon:2130837505
W/Addapter(  209): info.icon:2130837504
W/WSP     (  209): [WSPUtility] request cur loc, but there is no sys cur
I/ActivityThread(  319): Publishing provider com.htc.accounts: com.htc.CustomizationSetup.AccountsProvider
D/Addapter(  209): text : Get more HTC widgets
I/ActivityThread(  319): Publishing provider com.htc.socialnetwork.flickr.provider.CacheImageProvider: com.htc.socialnetwork.flickr.provider.FlickrCacheImageProvider
D/SIMStateChangeReceiver(  319): SIM state: NOT_READY
D/DragLayer(  209): touch event action ACTION_DOWN
V/AutoSetting(  258): receiver - ***onReceive: android.intent.action.SIM_STATE_CHANGED
V/AutoSetting(  258): receiver - (android.intent.action.SIM_STATE_CHANGED) intentKeyIccState: ABSENT
D/GooglePartnerSetup(  310): PhoneStateReceiver.onReceive
D/GooglePartnerSetup(  310): client_id set to: android-htc
D/GooglePartnerSetup(  310): maps client id: gmm-android-htc
D/GooglePartnerSetup(  310): youtube client id: mvapp-android-htc
D/GooglePartnerSetup(  310): market client id: am-android-htc
D/GooglePartnerSetup(  310): voicesearch client id: ms-android-htc
D/GooglePartnerSetup(  310): PhoneStateReceiver: Client id data is current.No need to run - printing clientids FYI
D/GooglePartnerSetup(  310): client_id set to: android-htc
D/GooglePartnerSetup(  310): maps client id: gmm-android-htc
D/GooglePartnerSetup(  310): youtube client id: mvapp-android-htc
D/GooglePartnerSetup(  310): market client id: am-android-htc
D/GooglePartnerSetup(  310): voicesearch client id: ms-android-htc
D/SIMStateChangeReceiver(  319): SIM state: ABSENT
D/OtaStartupReceiver(  200): Not a CDMA phone, no need to process OTA
D/DragLayer(  209): touch event action ACTION_UP
I/GTalkService(  278): [ServiceAutoStarter] --- received boot intent broadcast
V/AutoSetting(  258): receiver - scheduleLocation, action: android.intent.action.SIM_STATE_CHANGED, runImmediately: true
I/ActivityManager(  145): Start proc com.htc.android.worldclock for broadcast com.htc.android.worldclock/.AlarmInitReceiver: pid=329 uid=10005 gids={3003}
V/AutoSetting(  258): receiver - Next check location in 10s, repeating every 10800s
I/ActivityThread(  329): Publishing provider com.htc.android.alarmclock: com.htc.android.worldclock.AlarmProvider
D/dalvikvm(  204): GC freed 3263 objects / 227984 bytes in 1039ms
I/ActivityThread(  329): Publishing provider com.htc.android.worldclock.TimerProvider: com.htc.android.worldclock.TimerProvider
I/ActivityManager(  145): Start proc com.htc.RosieUtility for broadcast com.htc.wdm/.receiver.WDMReceiver: pid=337 uid=1000 gids={3003, 3002, 3001, 2001}
I/AlarmInitService(  329): mBootCompleted = true, mOffAlarm =false
I/ActivityThread(  337): Publishing provider com.htc.wdm.provider.WDMProvider: com.htc.wdm.provider.WDMProvider
I/WDM     (  337): [WDMReceiver] receive boot completed notification, start auto sync agent
I/ActivityManager(  145): Start proc com.android.voicedialer for broadcast com.android.voicedialer/.VoiceDialerReceiver: pid=352 uid=10009 gids={3002}
D/WDM     (  337): [WDMReceiver] autoSyncAgent, is auto-sync? false, server: liveimage.htc.com/wota
I/WSP     (  258): [Receiver] EVENT - BOOT COMPLETED, is settings existed? true
D/VoiceDialerReceiver(  352): onReceive Intent { act=android.intent.action.BOOT_COMPLETED cmp=com.android.voicedialer/.VoiceDialerReceiver }
I/ActivityManager(  145): Start proc uk.co.villainrom.otaupdater.ui for broadcast uk.co.villainrom.otaupdater.ui/uk.co.villainrom.otaupdater.receiver.StartupReceiver: pid=358 uid=10010 gids={3003, 1015}
I/HtcCustomOpenHelper(  204): return the valid account - <HTC/DeviceOnly>
I/AlarmInitService(  329): stop service
D/UploadManager(  319): Action android.intent.action.BOOT_COMPLETED
I/ActivityManager(  145): Start proc com.android.updater for broadcast com.android.updater/.UpdaterReceiver: pid=366 uid=10013 gids={1015, 2001}
D/UploadNotification(  319): updateNotification1
I/ActivityThread(  366): Publishing provider com.android.updater.update: com.android.updater.UpdaterProvider
D/UploadNotification(  319): item =null
D/UploadService(  319): UpdateThread is looping
W/ContactAggregator(  204): No more aggregation requests
I/SyncTest(  204): Account count - old: 0, new: 3
D/SocialUpdate(  258): Start SocialUpdate service with android.intent.action.BOOT_COMPLETED
D/UploadService(  319): mUpload.size 0
D/UploadService(  319): 2updateNotification no batch id
D/UploadNotification(  319): updateNotification1
D/SocialUpdate(  258): UpdateService onCreate START. time: 2010-06-27 09:06:36
D/HtcCdmaFeatureReceiver(  200): OoO onReceiveIntent android.intent.action.BOOT_COMPLETED
D/UploadNotification(  319): item =null
D/UploadService(  319): UpdateThread is looping
D/PhoneApp(  200): ACTION_CONTACTS_DB_READY
E/CallNotifier(  200): bindDialerService
I/ActivityThread(  204): Publishing provider com.android.social: com.android.providers.contacts.SocialProvider
I/ActivityThread(  204): Publishing provider applications: com.android.providers.applications.ApplicationsProvider
D/SocialUpdate(  258): UpdateService onCreate END. time: 2010-06-27 09:06:36
D/UploadService(  319): mUpload.size 0
D/UploadService(  319): 2updateNotification no batch id
D/UploadNotification(  319): updateNotification1
I/ActivityThread(  204): Publishing provider call_log: com.android.providers.contacts.CallLogProvider
D/PhoneApp(  200): [NotificationMgr] call log query complete.
D/PhoneApp(  200): [NotificationMgr] closing call log cursor.
D/dalvikvm(  258): GC freed 4034 objects / 286800 bytes in 176ms
D/DialerService(  204): DialerService start !!
D/DialerService(  204): create service spend 27ms
E/CallNotifier(  200): DialerService connected !
D/UploadNotification(  319): item =null
D/PSBootEventReceiver(  258): START OBEX SERVICE.
D/NotifyDialerScheduler(  204): DialerService connected !
V/ContactsProvider(  204): Run onAccountsUpdated !!
D/DialerApp(  204): queueIdle: DialerService start !!
D/DragLayer(  209): touch event action ACTION_DOWN
D/NetworkLocationService(  145): onCreate
D/LocationManager(  145): Constructor: service = com.android.server.LocationManagerService@45680918
D/ObexService(  258): --onCreate()
D/DragLayer(  209): touch event action ACTION_UP
W/dalvikvm(  145): disableGcForExternalAlloc: true
I/ActivityManager(  145): Starting activity: Intent { act=android.intent.action.MAIN cat=[android.intent.category.LAUNCHER] flg=0x10200000 cmp=org.me.crashalert/.MainActivity }
I/ActivityManager(  145): Start proc org.me.crashalert for activity org.me.crashalert/.MainActivity: pid=391 uid=10051 gids={1007, 1015}
D/Sensors (  145): open_akm, fd=126
D/AK8973  (  130): Compass Start
D/dalvikvm(  145): GC freed 8733 objects / 459024 bytes in 183ms
I/CrashAlert(  391): Service gestartet
D/LocationManager(  391): Constructor: service = android.location.ILocationManager$Stub$Proxy@45490920
D/ObexHelper(  258): --new UsbConnectedReceiver()
D/Jerry   (  240): onReceive android.intent.action.BOOT_COMPLETED
D/Jerry   (  240): MessageCustomizeReceiver reason >>>null
I/ActivityManager(  145): Launch activity, postpone broadcast intents
I/ActivityManager(  145): Displayed activity org.me.crashalert/.MainActivity: 951 ms (total 951 ms)
W/dalvikvm(  145): disableGcForExternalAlloc: false
D/ObexHelper(  258): --registerReceiver
I/ObexHelper(  258): Obex Server Start.
D/ObexService(  258): --onStart()
D/dalvikvm(  258): Trying to load lib /system/lib/libObexJniWrapper.so 0x454d6aa8
D/dalvikvm(  258): Added shared lib /system/lib/libObexJniWrapper.so 0x454d6aa8
I/mDevID =(  258): IMEI:HT99GL908075
D/ObexHelper(  258): Initial Obex Server OK.
D/UsbConnectedReceiver(  258): action = psclient.intent.action.usb_status
D/UsbConnectedReceiver(  258): ACTION_BATTERY_CHANGED
D/UsbConnectedReceiver(  258): usbCurrentType = 0
D/UploadService(  319): UpdateThread is looping
D/ContactsProvider(  204): removing data for removed account Account {name=SIM, type=com.anddroid.contacts.sim}
I/ActivityManager(  145): Start proc android.process.media for broadcast com.android.providers.media/.MediaScannerReceiver: pid=403 uid=10024 gids={1015, 2001, 3003}
W/InputManagerService(  145): Ignoring hideSoftInput of: com.android.internal.view.IInputMethodClient$Stub$Proxy@456d34b0
D/PSBootEventReceiver(  258): ADB Enable = true
D/PSBootEventReceiver(  258): ADB StartByMe = false
D/ObexHelper(  258): Start Obex Server.
W/Rosie   (  209): mAddHtcWidgetByOtherActivity = false, mIsOpenSlideWhenLeaveLaunch = true
D/UsbConnectedReceiver(  258): send battery change plugged = 0
D/CrashAlert(  391): Handler :4711
D/UsbConnectedReceiver(  258): action = com.htc.android.psclient.SERVER_STARTUP
D/UsbConnectedReceiver(  258): USB Disconnected.
D/UsbConnectedReceiver(  258): Server Start Up. ServerType=0 ServerStatus=1
D/UsbConnectedReceiver(  258): mObexServerStarted=true mAtCommandServerStarted=false
