D/CAAccData(  572): x: -9.956474 y: -0.46309182 z: -0.14982383
D/CAAccData(  572): x: -9.915613 y: -0.50395286 z: -0.92618364
D/CrashAlert(  572): Handler :1
I/CrashAlert(  572): Status bleibt aktiv
D/CAAccData(  572): x: -9.956474 y: -0.46309182 z: -0.95342433
D/CAAccData(  572): x: -9.956474 y: -0.46309182 z: -0.7218784
D/CAAccData(  572): x: -9.915613 y: -0.46309182 z: -0.6946377
D/CAAccData(  572): x: -9.915613 y: -0.46309182 z: -0.84446156
D/CAAccData(  572): x: -9.888372 y: -0.46309182 z: -0.84446156
D/CAAccData(  572): x: -9.915613 y: -0.42223078 z: -0.0
D/LocationManagerService(  144): Acquired wakelock
I/CrashAlert(  572): ort geaendert 3.25
D/CrashAlertGPS(  572): 11.7
D/LocationManagerService(  144): Released wakelock
D/CAAccData(  572): x: -9.997335 y: -0.46309182 z: -0.6537767
D/CAAccData(  572): x: -9.956474 y: -0.46309182 z: -0.14982383
D/CAAccData(  572): x: -9.997335 y: -0.42223078 z: -0.88532263
D/CAAccTime(  572): Tue Jun 22 09:42:12 Europe/Amsterdam 2010
D/CAAccData(  572): x: -9.997335 y: -0.46309182 z: -0.14982383
D/CAAccData(  572): x: -9.997335 y: -0.42223078 z: -0.6537767
D/CAAccData(  572): x: -9.915613 y: -0.42223078 z: -0.6946377
D/CrashAlert(  572): Handler :1
I/CrashAlert(  572): Status bleibt aktiv
D/CAAccData(  572): x: -9.956474 y: -0.50395286 z: -0.8036005
D/CAAccData(  572): x: -9.956474 y: -0.46309182 z: -0.88532263
D/CAAccData(  572): x: -9.997335 y: -0.50395286 z: -0.92618364
D/CAAccData(  572): x: -9.997335 y: -0.46309182 z: -0.8036005
D/CAAccData(  572): x: -9.915613 y: -0.10896278 z: -0.6537767
D/CAAccData(  572): x: -9.915613 y: -0.3405087 z: -0.6946377
D/CAAccData(  572): x: -9.997335 y: -0.08172209 z: -0.7627395
D/CAAccData(  572): x: -9.847511 y: 0.040861044 z: -0.8036005
D/CAAccData(  572): x: -9.847511 y: 0.040861044 z: -0.7627395
D/dalvikvm(  572): GC freed 8424 objects / 523920 bytes in 96ms
D/CAAccData(  572): x: -9.847511 y: 0.10896278 z: -0.61291564
D/CAAccData(  572): x: -9.915613 y: 0.14982383 z: -0.5720546
D/CAAccData(  572): x: -9.80665 y: 0.23154591 z: -0.61291564
D/CAAccData(  572): x: -9.847511 y: 0.313268 z: -0.6537767
D/CrashAlert(  572): Handler :1
I/CrashAlert(  572): Status bleibt aktiv
D/CAAccData(  572): x: -9.724928 y: 0.3405087 z: -0.61291564
D/CAAccData(  572): x: -9.765789 y: 0.42223078 z: -0.7627395
D/CAAccData(  572): x: -9.80665 y: 0.50395286 z: -0.7218784
D/CAAccData(  572): x: -9.80665 y: 0.5720546 z: -0.7627395
D/CAAccData(  572): x: -9.888372 y: 0.5720546 z: -0.6537767
D/CAAccData(  572): x: -9.847511 y: 0.53119355 z: -0.6537767
D/CAAccData(  572): x: -9.915613 y: 0.61291564 z: -0.6537767
D/LocationManagerService(  144): Acquired wakelock
I/CrashAlert(  572): ort geaendert 3.5
D/CrashAlertGPS(  572): 12.599999
D/LocationManagerService(  144): Released wakelock
D/CAAccData(  572): x: -9.888372 y: 0.6537767 z: -0.6537767
D/CAAccData(  572): x: -9.915613 y: 0.61291564 z: -0.6537767
D/CAAccData(  572): x: -9.80665 y: 0.6946377 z: -0.6537767
D/CAAccData(  572): x: -9.765789 y: 0.6946377 z: -0.7218784
D/CAAccTime(  572): Tue Jun 22 09:42:13 Europe/Amsterdam 2010
D/CAAccData(  572): x: -9.847511 y: 0.6537767 z: -0.6946377
D/CAAccData(  572): x: -9.724928 y: 0.6946377 z: -0.6537767
D/CrashAlert(  572): Handler :1
I/CrashAlert(  572): Status bleibt aktiv
D/CAAccData(  572): x: -9.724928 y: 0.6946377 z: -0.5720546
D/CAAccData(  572): x: -9.80665 y: 0.7627395 z: -0.6537767
D/CAAccData(  572): x: -9.80665 y: 0.7218784 z: -0.6537767
D/CAAccData(  572): x: -9.724928 y: 0.7218784 z: -0.7218784
D/CAAccData(  572): x: -9.888372 y: 0.7627395 z: -0.7218784
D/CAAccData(  572): x: -9.80665 y: 0.7627395 z: -0.53119355
D/CAAccData(  572): x: -9.847511 y: 0.8036005 z: -0.6537767
D/CAAccData(  572): x: -9.847511 y: 0.8036005 z: -0.7218784
D/CAAccData(  572): x: -9.888372 y: 0.8036005 z: -0.6946377
D/CAAccData(  572): x: -9.847511 y: 0.8036005 z: -0.5720546
D/CAAccData(  572): x: -9.915613 y: 0.84446156 z: -0.5720546
D/CAAccData(  572): x: -9.915613 y: 0.7627395 z: -0.50395286
D/CAAccData(  572): x: -9.847511 y: 0.8036005 z: -0.46309182
D/CrashAlert(  572): Handler :1
I/CrashAlert(  572): Status bleibt aktiv
D/CAAccData(  572): x: -9.80665 y: 0.88532263 z: -0.0
D/CAAccData(  572): x: -9.80665 y: 0.7627395 z: -0.5720546
D/CAAccData(  572): x: -9.915613 y: 0.88532263 z: -0.53119355
D/CAAccData(  572): x: -9.888372 y: 0.88532263 z: -0.5720546
D/CAAccData(  572): x: -9.847511 y: 0.92618364 z: -0.5720546
D/CAAccData(  572): x: -9.697687 y: 0.9942854 z: -0.61291564
D/LocationManagerService(  144): Acquired wakelock
I/CrashAlert(  572): ort geaendert 3.75
D/CrashAlertGPS(  572): 13.5
D/LocationManagerService(  144): Released wakelock
D/CAAccData(  572): x: -9.888372 y: 0.95342433 z: -0.61291564
D/CAAccData(  572): x: -9.724928 y: 1.0760075 z: -0.46309182
D/CAAccData(  572): x: -9.80665 y: 0.9942854 z: -0.46309182
D/CAAccData(  572): x: -9.888372 y: 1.0760075 z: -0.38136974
D/CAAccData(  572): x: -9.80665 y: 1.0760075 z: -0.50395286
D/CAAccTime(  572): Tue Jun 22 09:42:15 Europe/Amsterdam 2010
D/CAAccData(  572): x: -9.915613 y: 0.9942854 z: -0.50395286
D/CrashAlert(  572): Handler :1
I/CrashAlert(  572): Status bleibt aktiv
D/CAAccData(  572): x: -9.997335 y: 1.1168685 z: -0.50395286
D/CAAccData(  572): x: -9.847511 y: 1.0351465 z: -0.50395286
D/CAAccData(  572): x: -9.956474 y: 1.0760075 z: -0.46309182
D/CAAccData(  572): x: -9.847511 y: 1.1441092 z: -0.46309182
D/CAAccData(  572): x: -9.997335 y: 0.95342433 z: -0.46309182
D/CAAccData(  572): x: -9.847511 y: 1.0760075 z: -0.38136974
D/CAAccData(  572): x: -9.847511 y: 1.0351465 z: -0.42223078
D/CAAccData(  572): x: -9.765789 y: 0.9942854 z: -0.38136974
D/CAAccData(  572): x: -9.847511 y: 0.9942854 z: -0.50395286
D/CAAccData(  572): x: -9.765789 y: 0.95342433 z: -0.46309182
D/CAAccData(  572): x: -9.888372 y: 0.95342433 z: -0.53119355
D/CAAccData(  572): x: -9.888372 y: 0.9942854 z: -0.46309182
D/CAAccData(  572): x: -9.847511 y: 0.88532263 z: -0.53119355
D/CrashAlert(  572): Handler :1
I/CrashAlert(  572): Status bleibt aktiv
D/CAAccData(  572): x: -9.956474 y: 0.88532263 z: -0.53119355
D/CAAccData(  572): x: -9.80665 y: 0.95342433 z: -0.46309182
D/CAAccData(  572): x: -9.888372 y: 0.95342433 z: -0.38136974
D/CAAccData(  572): x: -9.915613 y: 0.9942854 z: -0.38136974
D/CAAccData(  572): x: -9.888372 y: 1.0351465 z: -0.38136974
D/CAAccData(  572): x: -9.888372 y: 0.9942854 z: -0.3405087
D/LocationManagerService(  144): Acquired wakelock
I/CrashAlert(  572): ort geaendert 4.5
D/CrashAlertGPS(  572): 16.199999
D/LocationManagerService(  144): Released wakelock
D/CAAccData(  572): x: -9.80665 y: 1.0351465 z: -0.50395286
D/CAAccData(  572): x: -9.80665 y: 1.0351465 z: -0.53119355
D/CAAccData(  572): x: -9.80665 y: 1.1168685 z: -0.50395286
D/CAAccData(  572): x: -9.697687 y: 1.0760075 z: -0.46309182
D/CAAccData(  572): x: -9.724928 y: 1.0760075 z: -0.42223078
D/CAAccTime(  572): Tue Jun 22 09:42:16 Europe/Amsterdam 2010
D/CAAccData(  572): x: -9.888372 y: 1.1441092 z: -0.53119355
D/CrashAlert(  572): Handler :1
I/CrashAlert(  572): Status auf Prime gendert
D/CAAccData(  572): x: -9.915613 y: 1.1168685 z: -0.42223078
D/CAAccData(  572): x: -9.915613 y: 1.1441092 z: -0.42223078
D/CAAccData(  572): x: -9.915613 y: 1.1849703 z: -0.38136974
D/CAAccData(  572): x: -9.915613 y: 1.1849703 z: -0.46309182
D/CAAccData(  572): x: -9.997335 y: 1.2258313 z: -0.42223078
D/CAAccData(  572): x: -9.997335 y: 1.2666923 z: -0.38136974
D/CAAccData(  572): x: -9.80665 y: 1.3075534 z: -0.3405087
D/CAAccData(  572): x: -9.80665 y: 1.3756552 z: -0.38136974
D/CAAccData(  572): x: -9.80665 y: 1.3756552 z: -0.50395286
D/CAAccData(  572): x: -9.847511 y: 1.3756552 z: -0.42223078
D/CAAccData(  572): x: -9.956474 y: 1.4573772 z: -0.46309182
D/CAAccData(  572): x: -9.697687 y: 1.4982382 z: -0.38136974
D/CAAccData(  572): x: -9.697687 y: 1.5390993 z: -0.3405087
D/CrashAlert(  572): Handler :2
D/CAAccData(  572): x: -9.915613 y: 1.6480621 z: -0.313268
D/CAAccData(  572): x: -10.119919 y: 1.607201 z: -0.3405087
D/CAAccData(  572): x: -9.997335 y: 1.7297841 z: -0.3405087
D/CAAccData(  572): x: -9.956474 y: 1.6889231 z: -0.27240697
D/CAAccData(  572): x: -9.915613 y: 1.6889231 z: -0.10896278
D/LocationManagerService(  144): Acquired wakelock
I/CrashAlert(  572): ort geaendert 5.25
D/CrashAlertGPS(  572): 18.9
D/LocationManagerService(  144): Released wakelock
D/CAAccData(  572): x: -9.915613 y: 1.7978859 z: -0.27240697
D/CAAccData(  572): x: -9.80665 y: 1.7978859 z: -0.313268
D/CAAccData(  572): x: -9.765789 y: 1.7570249 z: -0.42223078
D/CAAccData(  572): x: -9.615966 y: 1.8387469 z: -0.42223078
D/CAAccData(  572): x: -9.956474 y: 1.920469 z: -0.38136974
D/CAAccData(  572): x: -9.80665 y: 1.879608 z: -0.0
D/CrashAlert(  572): Handler :2
D/CAAccTime(  572): Tue Jun 22 09:42:17 Europe/Amsterdam 2010
D/CAAccData(  572): x: -9.80665 y: 2.0294318 z: -0.313268
D/CAAccData(  572): x: -9.80665 y: 1.9477097 z: -0.10896278
D/CAAccData(  572): x: -9.847511 y: 2.1111538 z: -0.19068487
D/CAAccData(  572): x: -9.765789 y: 2.1792557 z: -0.313268
D/CAAccData(  572): x: -9.80665 y: 2.070293 z: -0.42223078
D/CAAccData(  572): x: -9.724928 y: 2.2201166 z: -0.27240697
D/CAAccData(  572): x: -9.80665 y: 2.1792557 z: -0.313268
D/CAAccData(  572): x: -9.888372 y: 2.1792557 z: -0.14982383
D/CAAccData(  572): x: -9.888372 y: 2.3018389 z: -0.27240697
D/CAAccData(  572): x: -9.956474 y: 2.3699405 z: -0.38136974
D/CAAccData(  572): x: -9.888372 y: 2.4516625 z: -0.23154591
D/CAAccData(  572): x: -9.724928 y: 2.6014864 z: -0.19068487
D/CAAccData(  572): x: -9.615966 y: 2.6423476 z: -0.19068487
D/CrashAlert(  572): Handler :2
D/CAAccData(  572): x: -9.956474 y: 2.7240696 z: -0.27240697
D/CAAccData(  572): x: -9.915613 y: 2.7921712 z: -0.313268
D/CAAccData(  572): x: -10.147159 y: 2.7921712 z: -0.3405087
D/CAAccData(  572): x: -10.079058 y: 2.9147544 z: -0.23154591
D/CAAccData(  572): x: -10.079058 y: 2.7921712 z: -0.313268
D/CAAccData(  572): x: -10.119919 y: 2.9147544 z: -0.3405087
D/LocationManagerService(  144): Acquired wakelock
I/CrashAlert(  572): ort geaendert 6.5
D/CrashAlertGPS(  572): 23.4
D/CrashAlert(  572): 2OnstatusChanged
D/LocationManagerService(  144): Released wakelock
D/CAAccData(  572): x: -9.997335 y: 2.9147544 z: -0.313268
D/CAAccData(  572): x: -10.038197 y: 2.9147544 z: -0.23154591
D/CAAccData(  572): x: -9.915613 y: 2.8330324 z: -0.27240697
D/CAAccData(  572): x: -9.997335 y: 2.7649305 z: -0.27240697
D/CAAccData(  572): x: -9.847511 y: 2.9556155 z: -0.313268
D/CAAccData(  572): x: -9.956474 y: 2.8330324 z: -0.23154591
D/CAAccData(  572): x: -9.997335 y: 2.9147544 z: -0.040861044
D/CrashAlert(  572): Handler :2
D/CAAccTime(  572): Tue Jun 22 09:42:18 Europe/Amsterdam 2010
D/CAAccData(  572): x: -10.079058 y: 2.8738933 z: -0.0
D/CAAccData(  572): x: -10.038197 y: 2.982856 z: -0.14982383
D/CAAccData(  572): x: -9.997335 y: 2.9556155 z: -0.10896278
D/CAAccData(  572): x: -9.724928 y: 2.9147544 z: 0.040861044
D/CAAccData(  572): x: -9.724928 y: 2.9147544 z: 0.10896278
D/CAAccData(  572): x: -9.997335 y: 3.0237172 z: 0.10896278
D/CAAccData(  572): x: -10.147159 y: 2.9147544 z: 0.29964766
D/CAAccData(  572): x: -10.079058 y: 2.9147544 z: 0.19068487
D/CAAccData(  572): x: -10.119919 y: 2.9556155 z: 0.29964766
D/CAAccData(  572): x: -9.847511 y: 3.0237172 z: 0.38136974
D/CAAccData(  572): x: -9.956474 y: 2.9147544 z: 0.46309182
D/CrashAlert(  572): Handler :2
D/CAAccData(  572): x: -9.956474 y: 2.7649305 z: 0.42223078
D/CAAccData(  572): x: -9.956474 y: 2.8330324 z: 0.53119355
D/CAAccData(  572): x: -9.956474 y: 2.9147544 z: 0.42223078
D/CAAccData(  572): x: -9.915613 y: 2.8738933 z: 0.7218784
D/CAAccData(  572): x: -10.079058 y: 2.9147544 z: 0.5720546
D/CAAccData(  572): x: -9.847511 y: 2.9556155 z: 0.53119355
D/LocationManagerService(  144): Acquired wakelock
I/CrashAlert(  572): ort geaendert 8.25
D/CrashAlertGPS(  572): 29.699999
D/CrashAlert(  572): 2OnstatusChanged
D/LocationManagerService(  144): Released wakelock
D/CAAccData(  572): x: -9.847511 y: 2.7649305 z: 0.42223078
D/CAAccData(  572): x: -9.697687 y: 2.8330324 z: 0.29964766
D/CAAccData(  572): x: -9.697687 y: 2.7921712 z: 0.46309182
D/CAAccData(  572): x: -9.888372 y: 2.7921712 z: 0.46309182
D/CAAccData(  572): x: -9.80665 y: 2.8738933 z: 0.42223078
D/CAAccData(  572): x: -9.847511 y: 2.8330324 z: 0.08172209
D/CAAccData(  572): x: -9.997335 y: 2.7649305 z: -0.040861044
D/CrashAlert(  572): Handler :2
D/CAAccData(  572): x: -9.80665 y: 2.7649305 z: 0.08172209
D/CAAccTime(  572): Tue Jun 22 09:42:19 Europe/Amsterdam 2010
D/CAAccData(  572): x: -10.147159 y: 2.6832085 z: 0.14982383
D/CAAccData(  572): x: -10.038197 y: 2.7240696 z: 0.10896278
D/CAAccData(  572): x: -10.460427 y: 2.7649305 z: 0.10896278
D/CAAccData(  572): x: -10.378705 y: 2.7240696 z: 0.19068487
D/CAAccData(  572): x: -10.079058 y: 2.6832085 z: 0.040861044
D/CAAccData(  572): x: -10.460427 y: 2.6832085 z: 0.08172209
D/CAAccData(  572): x: -10.18802 y: 2.7240696 z: 0.14982383
D/CAAccData(  572): x: -10.269742 y: 2.6014864 z: 0.19068487
D/CAAccData(  572): x: -10.079058 y: 2.7649305 z: 0.23154591
D/CAAccData(  572): x: -10.147159 y: 2.7240696 z: 0.42223078
D/CAAccData(  572): x: -9.997335 y: 2.6014864 z: 0.27240697
D/CAAccData(  572): x: -9.765789 y: 2.6832085 z: 0.23154591
D/CrashAlert(  572): Handler :2
D/CAAccData(  572): x: -9.724928 y: 2.6423476 z: 0.27240697
D/CAAccData(  572): x: -9.915613 y: 2.6014864 z: 0.3405087
D/CAAccData(  572): x: -9.997335 y: 2.6423476 z: 0.3405087
D/CAAccData(  572): x: -10.038197 y: 2.1792557 z: 0.27240697
D/CAAccData(  572): x: -9.997335 y: 1.3075534 z: 0.42223078
D/CAAccData(  572): x: -10.119919 y: 0.6537767 z: 0.29964766
D/LocationManagerService(  144): Acquired wakelock
I/CrashAlert(  572): ort geaendert 8.75
D/CrashAlertGPS(  572): 31.5
D/LocationManagerService(  144): Released wakelock
D/CAAccData(  572): x: -10.310603 y: 0.0 z: 0.27240697
D/CAAccData(  572): x: -10.419566 y: -0.3405087 z: 0.38136974
D/CAAccData(  572): x: -10.147159 y: -0.38136974 z: 0.23154591
D/CAAccData(  572): x: -10.18802 y: -0.46309182 z: 0.9125633
D/dalvikvm(  572): GC freed 8527 objects / 524416 bytes in 96ms
D/CAAccData(  572): x: -10.147159 y: -0.42223078 z: 1.0760075
D/CrashAlert(  572): Handler :2
D/CAAccData(  572): x: -10.269742 y: -0.42223078 z: 1.0760075
D/CAAccData(  572): x: -10.269742 y: -0.53119355 z: 0.46309182
D/CAAccData(  572): x: -10.337844 y: -0.61291564 z: 0.42223078
D/CAAccData(  572): x: -10.378705 y: -0.53119355 z: 0.42223078
D/CAAccTime(  572): Tue Jun 22 09:42:20 Europe/Amsterdam 2010
D/CAAccData(  572): x: -9.997335 y: -0.50395286 z: 0.38136974
D/CAAccData(  572): x: -10.147159 y: -0.5720546 z: 0.42223078
D/CAAccData(  572): x: -10.460427 y: -0.6946377 z: 0.29964766
D/CAAccData(  572): x: -10.732834 y: -0.61291564 z: 0.14982383
D/CAAccData(  572): x: -10.691973 y: -0.53119355 z: 0.08172209
D/CAAccData(  572): x: -10.501288 y: -0.5720546 z: -0.0
D/CAAccData(  572): x: -10.501288 y: -0.50395286 z: -0.040861044
D/CAAccData(  572): x: -10.651112 y: -1.2258313 z: -0.0
D/CAAccData(  572): x: -10.337844 y: -0.46309182 z: 0.08172209
D/CAAccData(  572): x: -10.147159 y: -0.53119355 z: -0.0
D/CAAccData(  572): x: -9.915613 y: -0.53119355 z: -0.0
D/CAAccData(  572): x: -9.915613 y: -0.61291564 z: -0.040861044
D/CrashAlert(  572): Handler :2
D/CAAccData(  572): x: -9.888372 y: -0.50395286 z: 0.040861044
D/CAAccData(  572): x: -9.615966 y: -0.53119355 z: 0.10896278
D/CAAccData(  572): x: -9.847511 y: -0.53119355 z: 0.040861044
D/CAAccData(  572): x: -9.997335 y: -0.53119355 z: 0.08172209
D/CAAccData(  572): x: -10.079058 y: -0.46309182 z: 0.10896278
D/CAAccData(  572): x: -10.079058 y: -0.46309182 z: -0.0
D/LocationManagerService(  144): Acquired wakelock
I/CrashAlert(  572): ort geaendert 9.0
D/CrashAlertGPS(  572): 32.399998
D/LocationManagerService(  144): Released wakelock
D/CAAccData(  572): x: -9.997335 y: -0.42223078 z: 0.040861044
D/CAAccData(  572): x: -10.310603 y: -0.50395286 z: 0.040861044
D/CAAccData(  572): x: -10.419566 y: -0.50395286 z: 0.040861044
D/CAAccData(  572): x: -10.56939 y: -1.2258313 z: -0.14982383
D/CAAccData(  572): x: -9.956474 y: -0.38136974 z: -0.23154591
D/CAAccData(  572): x: -10.310603 y: -0.5720546 z: -0.040861044
D/CrashAlert(  572): Handler :2
D/CAAccData(  572): x: -10.119919 y: -0.42223078 z: 0.7627395
D/CAAccData(  572): x: -10.18802 y: -0.5720546 z: -0.14982383
D/CAAccTime(  572): Tue Jun 22 09:42:21 Europe/Amsterdam 2010
D/CAAccData(  572): x: -9.956474 y: -0.46309182 z: -0.08172209
D/CAAccData(  572): x: -9.847511 y: -0.53119355 z: 0.040861044
D/CAAccData(  572): x: -9.956474 y: -0.50395286 z: -0.040861044
D/CAAccData(  572): x: -9.915613 y: -0.6946377 z: -0.08172209
D/CAAccData(  572): x: -9.997335 y: -0.5720546 z: -0.040861044
D/CAAccData(  572): x: -9.847511 y: -0.50395286 z: -0.08172209
D/CAAccData(  572): x: -9.534244 y: -0.42223078 z: -0.040861044
D/CAAccData(  572): x: -10.119919 y: -0.6946377 z: -0.19068487
D/CAAccData(  572): x: -10.337844 y: -0.50395286 z: -0.10896278
D/CAAccData(  572): x: -10.18802 y: -0.53119355 z: -0.0
D/CAAccData(  572): x: -10.269742 y: -0.61291564 z: -0.23154591
D/CrashAlert(  572): Handler :2
D/CAAccData(  572): x: -10.038197 y: -0.50395286 z: -0.19068487
D/CAAccData(  572): x: -10.528529 y: -0.50395286 z: -0.19068487
D/CAAccData(  572): x: -10.228881 y: -0.6537767 z: -0.14982383
D/CAAccData(  572): x: -10.269742 y: -1.334794 z: -0.19068487
D/CAAccData(  572): x: -10.760075 y: -1.525479 z: -0.19068487
D/CAAccData(  572): x: -9.724928 y: -1.3075534 z: -0.313268
D/LocationManagerService(  144): Acquired wakelock
I/CrashAlert(  572): ort geaendert 10.25
D/CrashAlertGPS(  572): 36.899998
D/LocationManagerService(  144): Released wakelock
D/CAAccData(  572): x: -9.575105 y: 0.10896278 z: -0.27240697
D/CAAccData(  572): x: -10.18802 y: 0.88532263 z: -0.0
D/CAAccData(  572): x: -10.691973 y: 0.38136974 z: -0.38136974
D/CAAccData(  572): x: -9.956474 y: 1.3075534 z: -0.313268
D/CAAccData(  572): x: -10.337844 y: 0.19068487 z: -0.3405087
D/CAAccData(  572): x: -10.228881 y: 0.7627395 z: -0.14982383
D/CAAccData(  572): x: -9.915613 y: 0.8036005 z: -0.3405087
D/CrashAlert(  572): Handler :2
D/CAAccData(  572): x: -10.147159 y: 0.84446156 z: -0.42223078
D/CAAccData(  572): x: -9.997335 y: 1.0351465 z: -0.313268
D/CAAccTime(  572): Tue Jun 22 09:42:22 Europe/Amsterdam 2010
D/CAAccData(  572): x: -9.615966 y: 0.8036005 z: -0.27240697
D/CAAccData(  572): x: -9.847511 y: 1.0760075 z: -0.19068487
D/CAAccData(  572): x: -9.724928 y: 1.0351465 z: -0.27240697
D/CAAccData(  572): x: -9.656827 y: 1.0760075 z: -0.46309182
D/CAAccData(  572): x: -9.534244 y: 1.334794 z: -0.19068487
D/CAAccData(  572): x: -9.425281 y: 1.2258313 z: -0.19068487
D/CAAccData(  572): x: -9.615966 y: 1.4165162 z: -0.313268
D/CAAccData(  572): x: -9.724928 y: 1.6480621 z: -0.313268
D/CAAccData(  572): x: -9.847511 y: 1.5390993 z: -0.42223078
D/CAAccData(  572): x: -9.80665 y: 1.56634 z: -0.313268
D/CrashAlert(  572): Handler :2
D/CAAccData(  572): x: -9.956474 y: 1.7570249 z: -0.23154591
D/CAAccData(  572): x: -10.460427 y: 1.607201 z: -0.38136974
D/CAAccData(  572): x: -10.56939 y: 1.7978859 z: -0.46309182
D/CAAccData(  572): x: -10.419566 y: 1.7570249 z: -0.46309182
D/CAAccData(  572): x: -10.61025 y: 1.7297841 z: -0.61291564
D/CAAccData(  572): x: -10.732834 y: 1.920469 z: -0.53119355
D/LocationManagerService(  144): Acquired wakelock
I/CrashAlert(  572): ort geaendert 11.5
D/CrashAlertGPS(  572): 41.399998
D/LocationManagerService(  144): Released wakelock
D/CAAccData(  572): x: -9.956474 y: 1.7570249 z: -0.50395286
D/CAAccData(  572): x: -9.997335 y: 1.7978859 z: -0.46309182
D/CAAccData(  572): x: -9.956474 y: 1.7297841 z: -0.46309182
D/CAAccData(  572): x: -9.656827 y: 1.7978859 z: -0.313268
D/CAAccData(  572): x: -9.043911 y: 1.7297841 z: -0.27240697
D/CAAccData(  572): x: -9.193735 y: 1.7978859 z: -0.19068487
D/CrashAlert(  572): Handler :2
D/CAAccData(  572): x: -9.656827 y: 1.6889231 z: -0.08172209
D/CAAccData(  572): x: -9.615966 y: 1.7570249 z: -0.38136974
D/CAAccData(  572): x: -9.847511 y: 1.7570249 z: -0.23154591
D/CAAccTime(  572): Tue Jun 22 09:42:23 Europe/Amsterdam 2010
D/CAAccData(  572): x: -9.80665 y: 1.7297841 z: -0.10896278
D/CAAccData(  572): x: -9.956474 y: 1.7297841 z: -0.10896278
D/CAAccData(  572): x: -9.765789 y: 1.7570249 z: -0.27240697
D/CAAccData(  572): x: -9.765789 y: 1.7297841 z: -0.19068487
D/CAAccData(  572): x: -9.724928 y: 1.7978859 z: -0.14982383
D/CAAccData(  572): x: -9.697687 y: 1.6889231 z: -0.27240697
D/CAAccData(  572): x: -9.575105 y: 1.6480621 z: -0.3405087
D/CAAccData(  572): x: -9.575105 y: 1.7570249 z: -0.50395286
D/CAAccData(  572): x: -9.534244 y: 1.607201 z: -0.7627395
D/CAAccData(  572): x: -9.656827 y: 1.56634 z: -0.92618364
D/CrashAlert(  572): Handler :2
D/CAAccData(  572): x: -9.765789 y: 1.6480621 z: -0.95342433
D/CAAccData(  572): x: -9.656827 y: 1.5390993 z: -1.2666923
D/CAAccData(  572): x: -9.656827 y: 1.56634 z: -1.607201
D/CAAccData(  572): x: -9.888372 y: 1.56634 z: -1.607201
D/CAAccData(  572): x: -9.80665 y: 1.56634 z: -2.070293
D/LocationManagerService(  144): Acquired wakelock
I/CrashAlert(  572): ort geaendert 12.25
D/CrashAlertGPS(  572): 44.1
D/LocationManagerService(  144): Released wakelock
D/CAAccData(  572): x: -9.656827 y: 1.4982382 z: -2.070293
D/CAAccData(  572): x: -9.847511 y: 1.4165162 z: -2.3426998
D/CAAccData(  572): x: -10.147159 y: 1.56634 z: -2.6832085
D/CAAccData(  572): x: -9.997335 y: 1.4165162 z: -2.7649305
D/CAAccData(  572): x: -9.915613 y: 1.4573772 z: -3.173541
D/CAAccData(  572): x: -10.119919 y: 1.4982382 z: -3.336985
D/CAAccData(  572): x: -9.575105 y: 1.3756552 z: -3.5957718
D/CrashAlert(  572): Handler :2
D/CAAccData(  572): x: -9.724928 y: 1.4165162 z: -3.8273177
D/CAAccData(  572): x: -9.697687 y: 1.3756552 z: -4.0180025
D/CAAccData(  572): x: -10.038197 y: 1.4573772 z: -4.3312707
D/CAAccTime(  572): Tue Jun 22 09:42:24 Europe/Amsterdam 2010
D/CAAccData(  572): x: -9.997335 y: 1.2258313 z: -4.372132
D/CAAccData(  572): x: -10.337844 y: 1.334794 z: -5.175732
D/CAAccData(  572): x: -10.079058 y: 1.2666923 z: -5.134871
D/CAAccData(  572): x: -10.460427 y: 1.2666923 z: -5.597963
D/CAAccData(  572): x: -10.61025 y: 1.3756552 z: -5.706926
D/CAAccData(  572): x: -10.732834 y: 1.2258313 z: -5.938472
D/CAAccData(  572): x: -10.991621 y: 1.334794 z: -6.1291566
D/CAAccData(  572): x: -10.95076 y: 1.334794 z: -5.8567495
D/CAAccData(  572): x: -11.563675 y: 1.3075534 z: -6.2108784
D/CrashAlert(  572): Handler :2
D/CAAccData(  572): x: -11.304889 y: 1.334794 z: -6.1291566
D/CAAccData(  572): x: -11.264028 y: 1.3756552 z: -6.1291566
D/CAAccData(  572): x: -10.651112 y: 1.334794 z: -5.8567495
D/CAAccData(  572): x: -10.378705 y: 1.4165162 z: -5.8567495
D/CAAccData(  572): x: -9.80665 y: 1.4982382 z: -5.706926
D/CAAccData(  572): x: -9.765789 y: 1.3075534 z: -5.434519
D/LocationManagerService(  144): Acquired wakelock
I/CrashAlert(  572): ort geaendert 13.5
D/CrashAlertGPS(  572): 48.6
D/LocationManagerService(  144): Released wakelock
D/CAAccData(  572): x: -9.275456 y: 1.3075534 z: -5.325556
D/CAAccData(  572): x: -9.302697 y: 0.6946377 z: -5.09401
D/CAAccData(  572): x: -9.384419 y: 0.42223078 z: -5.09401
D/CAAccData(  572): x: -9.384419 y: 0.08172209 z: -4.9850473
D/CAAccData(  572): x: -9.697687 y: -0.14982383 z: -4.903325
D/CAAccData(  572): x: -10.079058 y: -0.6537767 z: -4.7535014
D/CrashAlert(  572): Handler :2
D/CAAccData(  572): x: -9.997335 y: -0.53119355 z: -4.4810944
D/CAAccData(  572): x: -10.228881 y: -0.53119355 z: -4.2904096
D/CAAccData(  572): x: -10.378705 y: -0.8036005 z: -3.8681788
D/CAAccData(  572): x: -11.073342 y: -0.84446156 z: -3.5957718
D/CAAccData(  572): x: -10.923519 y: -1.8387469 z: -3.1054392
D/CAAccTime(  572): Tue Jun 22 09:42:25 Europe/Amsterdam 2010
D/CAAccData(  572): x: -10.841797 y: -1.8387469 z: -2.5606253
D/CAAccData(  572): x: -10.378705 y: -2.3699405 z: -1.607201
D/CAAccData(  572): x: -10.528529 y: -2.7513103 z: -1.3075534
D/CAAccData(  572): x: -10.501288 y: -2.7240696 z: -0.8036005
D/CAAccData(  572): x: -9.575105 y: -2.7240696 z: -0.23154591
D/CAAccData(  572): x: -9.80665 y: -2.7240696 z: 0.19068487
D/CAAccData(  572): x: -9.997335 y: -2.8330324 z: 0.50395286
D/CAAccData(  572): x: -9.847511 y: -2.8738933 z: 0.84446156
D/CrashAlert(  572): Handler :2
D/CAAccData(  572): x: -9.615966 y: -2.9556155 z: 1.1441092
D/CAAccData(  572): x: -9.724928 y: -2.8738933 z: 1.4165162
D/CAAccData(  572): x: -9.847511 y: -2.9556155 z: 1.525479
D/CAAccData(  572): x: -10.079058 y: -2.9556155 z: 1.9477097
D/CAAccData(  572): x: -9.888372 y: -2.9556155 z: 1.9477097
D/CAAccData(  572): x: -9.724928 y: -2.982856 z: 2.070293
D/LocationManagerService(  144): Acquired wakelock
I/CrashAlert(  572): ort geaendert 16.5
D/CrashAlertGPS(  572): 59.399998
D/LocationManagerService(  144): Released wakelock
D/CAAccData(  572): x: -10.147159 y: -3.0645783 z: 2.5333846
D/CAAccData(  572): x: -10.269742 y: -3.173541 z: 3.0645783
D/CAAccData(  572): x: -10.079058 y: -3.1463003 z: 3.173541
D/CAAccData(  572): x: -10.269742 y: -3.0237172 z: 3.568531
D/CAAccData(  572): x: -10.61025 y: -2.6014864 z: 4.099725
D/CAAccData(  572): x: -11.114203 y: -1.920469 z: 4.7126403
D/CAAccData(  572): x: -11.141444 y: -1.4982382 z: 5.202973
D/CrashAlert(  572): Handler :2
D/CAAccData(  572): x: -11.032481 y: -1.334794 z: 5.175732
D/CAAccData(  572): x: -10.800936 y: -1.2258313 z: 5.47538
D/CAAccData(  572): x: -11.645397 y: -1.334794 z: 6.2108784
D/CAAccData(  572): x: -11.495573 y: -0.95342433 z: 5.407278
D/CAAccData(  572): x: -10.61025 y: -0.7627395 z: 6.0882955
D/CAAccData(  572): x: -10.61025 y: -0.7218784 z: 6.2789803
D/CAAccTime(  572): Tue Jun 22 09:42:26 Europe/Amsterdam 2010
D/CAAccData(  572): x: -10.501288 y: -0.14982383 z: 6.5922484
D/CAAccData(  572): x: -10.228881 y: -0.29964766 z: 6.469665
D/CAAccData(  572): x: -10.079058 y: 0.3405087 z: 6.428804
D/CAAccData(  572): x: -9.847511 y: 0.6537767 z: 6.6331096
D/dalvikvm(  572): GC freed 8469 objects / 523968 bytes in 96ms
D/CAAccData(  572): x: -10.18802 y: 0.3405087 z: 6.510526
D/CAAccData(  572): x: -10.528529 y: 0.61291564 z: 6.66035
D/CAAccData(  572): x: -10.800936 y: 0.8036005 z: 6.742072
D/CrashAlert(  572): Handler :2
D/CAAccData(  572): x: -10.882658 y: 0.8036005 z: 6.782933
D/CAAccData(  572): x: -11.372991 y: 0.84446156 z: 6.851035
D/CAAccData(  572): x: -11.536434 y: 1.0351465 z: 6.851035
D/CAAccData(  572): x: -11.645397 y: 0.95342433 z: 6.742072
D/CAAccData(  572): x: -11.073342 y: 1.0760075 z: 6.5922484
D/CAAccData(  572): x: -10.882658 y: 1.3756552 z: 6.6331096
D/LocationManagerService(  144): Acquired wakelock
I/CrashAlert(  572): ort geaendert 17.25
D/CrashAlertGPS(  572): 62.1
D/LocationManagerService(  144): Released wakelock
D/CAAccData(  572): x: -10.800936 y: 1.1168685 z: 6.469665
D/CAAccData(  572): x: -10.501288 y: 1.0351465 z: 6.5922484
D/CAAccData(  572): x: -10.038197 y: 1.2666923 z: 6.469665
D/CAAccData(  572): x: -9.043911 y: 0.88532263 z: 6.3198414
D/CAAccData(  572): x: -9.384419 y: 1.0351465 z: 6.2789803
D/CAAccData(  572): x: -9.084772 y: 1.0760075 z: 6.742072
D/CAAccData(  572): x: -8.853226 y: 1.2666923 z: 6.851035
D/CrashAlert(  572): Handler :2
D/CAAccData(  572): x: -9.084772 y: 1.1441092 z: 7.1234417
D/CAAccData(  572): x: -9.765789 y: 0.6946377 z: 7.4639506
D/CAAccData(  572): x: -10.378705 y: 0.46309182 z: 7.7363577
D/CAAccData(  572): x: -10.95076 y: 0.50395286 z: 8.539958
D/CAAccData(  572): x: -11.536434 y: 0.42223078 z: 8.880466
D/CAAccData(  572): x: -12.408136 y: 0.46309182 z: 9.275456
D/CAAccData(  572): x: -11.985906 y: 0.6946377 z: 9.275456
D/CAAccTime(  572): Tue Jun 22 09:42:27 Europe/Amsterdam 2010
D/CAAccData(  572): x: -12.176591 y: 0.7218784 z: 9.152874
D/CAAccData(  572): x: -11.917805 y: 0.6946377 z: 9.343558
D/CAAccData(  572): x: -11.413852 y: 1.0760075 z: 8.962189
D/CAAccData(  572): x: -10.528529 y: 1.2666923 z: 8.921328
D/CAAccData(  572): x: -10.228881 y: 0.9942854 z: 8.117727
D/CAAccData(  572): x: -9.956474 y: 1.1168685 z: 7.8180795
D/CrashAlert(  572): Handler :2
D/CAAccData(  572): x: -9.384419 y: 1.334794 z: 7.7772183
D/CAAccData(  572): x: -9.084772 y: 1.1168685 z: 7.014479
D/CAAccData(  572): x: -9.043911 y: 1.7570249 z: 6.66035
D/CAAccData(  572): x: -9.084772 y: 1.879608 z: 6.3607025
D/CAAccData(  572): x: -9.384419 y: 1.4573772 z: 6.0201936
D/CAAccData(  572): x: -9.615966 y: 1.7570249 z: 5.8567495
D/LocationManagerService(  144): Acquired wakelock
I/CrashAlert(  572): ort geaendert 17.25
D/CrashAlertGPS(  572): 62.1
D/LocationManagerService(  144): Released wakelock
D/CAAccData(  572): x: -9.697687 y: 1.607201 z: 5.434519
D/CAAccData(  572): x: -10.079058 y: 1.607201 z: 4.8216033
D/CAAccData(  572): x: -9.656827 y: 1.4982382 z: 4.1814466
D/CAAccData(  572): x: -9.575105 y: 1.7297841 z: 3.486809
D/CAAccData(  572): x: -10.038197 y: 1.4573772 z: 2.9147544
D/CAAccData(  572): x: -9.534244 y: 1.7297841 z: 2.1383946
D/CAAccData(  572): x: -9.193735 y: 1.607201 z: 1.7570249
D/CrashAlert(  572): Handler :2
D/CAAccData(  572): x: -9.724928 y: 1.7297841 z: 1.0351465
D/CAAccData(  572): x: -9.915613 y: 1.6480621 z: 0.6537767
D/CAAccData(  572): x: -10.119919 y: 1.607201 z: 0.38136974
D/CAAccData(  572): x: -10.378705 y: 1.6480621 z: 0.3405087
D/CAAccData(  572): x: -10.119919 y: 1.5390993 z: -0.08172209
D/CAAccData(  572): x: -10.991621 y: 1.607201 z: -0.27240697
D/CAAccData(  572): x: -9.956474 y: 1.6480621 z: 0.14982383
D/CAAccTime(  572): Tue Jun 22 09:42:28 Europe/Amsterdam 2010
D/CAAccData(  572): x: -10.56939 y: 1.607201 z: -0.3405087
D/CAAccData(  572): x: -10.228881 y: 1.607201 z: 0.040861044
D/CAAccData(  572): x: -9.997335 y: 1.7297841 z: -0.19068487
D/CAAccData(  572): x: -9.466142 y: 1.6480621 z: 0.10896278
D/CAAccData(  572): x: -9.575105 y: 1.7297841 z: -0.10896278
D/CrashAlert(  572): Handler :2
D/CAAccData(  572): x: -9.656827 y: 1.7297841 z: -0.23154591
D/CAAccData(  572): x: -9.302697 y: 1.56634 z: -0.3405087
D/CAAccData(  572): x: -9.80665 y: 1.7297841 z: -0.5720546
D/CAAccData(  572): x: -9.888372 y: 1.607201 z: -0.6946377
D/CAAccData(  572): x: -10.378705 y: 1.6480621 z: -1.0760075
D/LocationManagerService(  144): Acquired wakelock
I/CrashAlert(  572): ort geaendert 17.5
D/CrashAlertGPS(  572): 63.0
D/LocationManagerService(  144): Released wakelock
D/CAAccData(  572): x: -10.310603 y: 1.5390993 z: -1.2666923
D/CAAccData(  572): x: -10.61025 y: 1.6889231 z: -1.607201
D/CAAccData(  572): x: -10.841797 y: 1.56634 z: -1.6480621
D/CAAccData(  572): x: -10.460427 y: 1.56634 z: -1.7978859
D/CAAccData(  572): x: -10.501288 y: 1.6889231 z: -1.7297841
D/CAAccData(  572): x: -10.419566 y: 1.56634 z: -1.7297841
D/CAAccData(  572): x: -9.724928 y: 1.7297841 z: -1.5390993
D/CrashAlert(  572): Handler :2
D/CAAccData(  572): x: -9.615966 y: 1.5390993 z: -1.7297841
D/CAAccData(  572): x: -9.384419 y: 1.7570249 z: -1.56634
D/CAAccData(  572): x: -8.812365 y: 1.56634 z: -1.1849703
D/CAAccData(  572): x: -9.152874 y: 1.6889231 z: -1.2258313
D/CAAccData(  572): x: -9.234595 y: 1.4982382 z: -1.2258313
D/CAAccData(  572): x: -8.894087 y: 1.7570249 z: -1.1168685
D/CAAccData(  572): x: -9.656827 y: 1.4982382 z: -1.2666923
D/CAAccData(  572): x: -9.534244 y: 1.7570249 z: -0.95342433
D/CAAccTime(  572): Tue Jun 22 09:42:29 Europe/Amsterdam 2010
D/CAAccData(  572): x: -9.466142 y: 1.5390993 z: -0.95342433
D/CAAccData(  572): x: -10.147159 y: 1.6889231 z: -1.1168685
D/CAAccData(  572): x: -9.724928 y: 1.56634 z: -1.0760075
D/CAAccData(  572): x: -9.847511 y: 1.6480621 z: -0.88532263
D/CrashAlert(  572): Handler :2
D/CAAccData(  572): x: -10.18802 y: 1.56634 z: -0.7218784
D/CAAccData(  572): x: -9.656827 y: 1.607201 z: -0.88532263
D/CAAccData(  572): x: -9.724928 y: 1.56634 z: -0.6946377
D/CAAccData(  572): x: -9.656827 y: 1.56634 z: -0.92618364
D/CAAccData(  572): x: -9.234595 y: 1.56634 z: -0.8036005
D/LocationManagerService(  144): Acquired wakelock
I/CrashAlert(  572): ort geaendert 18.0
D/CrashAlertGPS(  572): 64.799995
D/LocationManagerService(  144): Released wakelock
D/CAAccData(  572): x: -9.425281 y: 1.5390993 z: -0.92618364
D/CAAccData(  572): x: -9.343558 y: 1.6480621 z: -0.8036005
D/CAAccData(  572): x: -9.534244 y: 1.4573772 z: -0.8036005
D/CAAccData(  572): x: -9.847511 y: 1.56634 z: -0.88532263
D/CAAccData(  572): x: -9.888372 y: 1.5390993 z: -0.7627395
D/CAAccData(  572): x: -10.228881 y: 1.4982382 z: -0.8036005
D/CAAccData(  572): x: -10.119919 y: 1.56634 z: -0.6946377
D/CAAccData(  572): x: -9.888372 y: 1.56634 z: -0.7627395
D/CrashAlert(  572): Handler :2
D/CAAccData(  572): x: -9.915613 y: 1.56634 z: -0.42223078
D/CAAccData(  572): x: -10.119919 y: 1.5390993 z: -0.50395286
D/CAAccData(  572): x: -9.043911 y: 1.607201 z: -0.14982383
D/CAAccData(  572): x: -9.765789 y: 1.4982382 z: -0.19068487
D/CAAccData(  572): x: -9.534244 y: 1.6889231 z: -0.10896278
D/CAAccData(  572): x: -9.466142 y: 1.4982382 z: -0.27240697
D/CAAccData(  572): x: -9.384419 y: 1.56634 z: -0.19068487
D/CAAccData(  572): x: -9.915613 y: 1.5390993 z: -0.27240697
D/CAAccData(  572): x: -9.915613 y: 1.56634 z: -0.27240697
D/CAAccData(  572): x: -9.847511 y: 1.56634 z: -0.27240697
D/CAAccTime(  572): Tue Jun 22 09:42:30 Europe/Amsterdam 2010
D/CAAccData(  572): x: -10.882658 y: 1.56634 z: -0.19068487
D/CAAccData(  572): x: -10.378705 y: 1.4573772 z: -0.08172209
D/CAAccData(  572): x: -10.079058 y: 1.607201 z: -0.19068487
D/CrashAlert(  572): Handler :2
D/CAAccData(  572): x: -10.079058 y: 1.56634 z: -0.14982383
D/CAAccData(  572): x: -10.61025 y: 1.4573772 z: -0.53119355
D/CAAccData(  572): x: -10.310603 y: 1.56634 z: -0.42223078
D/CAAccData(  572): x: -10.501288 y: 1.56634 z: -0.19068487
D/CAAccData(  572): x: -10.501288 y: 1.56634 z: -0.040861044
D/CAAccData(  572): x: -10.337844 y: 1.4982382 z: -0.0
D/LocationManagerService(  144): Acquired wakelock
I/CrashAlert(  572): ort geaendert 21.0
D/CrashAlertGPS(  572): 75.6
D/LocationManagerService(  144): Released wakelock
D/CAAccData(  572): x: -9.997335 y: 1.56634 z: 0.08172209
D/CAAccData(  572): x: -9.888372 y: 1.607201 z: 0.10896278
D/CAAccData(  572): x: -9.384419 y: 1.56634 z: 0.29964766
D/CAAccData(  572): x: -9.275456 y: 1.4573772 z: 0.19068487
D/CAAccData(  572): x: -9.384419 y: 1.607201 z: 0.19068487
D/CAAccData(  572): x: -9.534244 y: 1.4982382 z: -0.27240697
D/CAAccData(  572): x: -9.765789 y: 1.4982382 z: -0.14982383
D/CrashAlert(  572): Handler :2
D/CAAccData(  572): x: -10.18802 y: 1.4982382 z: -0.313268
D/CAAccData(  572): x: -9.956474 y: 1.4982382 z: -0.27240697
D/CAAccData(  572): x: -10.800936 y: 1.4165162 z: -0.42223078
D/CAAccData(  572): x: -10.079058 y: 1.4982382 z: -0.38136974
D/CAAccData(  572): x: -9.847511 y: 1.3756552 z: -0.3405087
D/CAAccData(  572): x: -9.697687 y: 1.4165162 z: -0.19068487
D/CAAccData(  572): x: -9.575105 y: 1.6480621 z: -0.313268
D/CAAccData(  572): x: -8.962189 y: 1.4165162 z: -0.23154591
D/CAAccData(  572): x: -9.507003 y: 1.4165162 z: -0.23154591
D/CAAccData(  572): x: -9.575105 y: 1.4165162 z: -0.23154591
D/CAAccTime(  572): Tue Jun 22 09:42:31 Europe/Amsterdam 2010
D/CAAccData(  572): x: -9.997335 y: 1.5390993 z: -0.6537767
D/CAAccData(  572): x: -10.419566 y: 1.334794 z: -0.46309182
D/CAAccData(  572): x: -9.915613 y: 1.4165162 z: -0.50395286
D/CrashAlert(  572): Handler :2
D/CAAccData(  572): x: -10.501288 y: 1.4573772 z: -0.38136974
D/CAAccData(  572): x: -10.228881 y: 1.4165162 z: -0.42223078
D/CAAccData(  572): x: -9.534244 y: 1.3756552 z: -0.50395286
D/CAAccData(  572): x: -9.534244 y: 1.334794 z: -0.14982383
D/CAAccData(  572): x: -9.302697 y: 1.3075534 z: -0.5720546
D/LocationManagerService(  144): Acquired wakelock
I/CrashAlert(  572): ort geaendert 24.25
D/CrashAlertGPS(  572): 87.299995
D/LocationManagerService(  144): Released wakelock
D/CAAccData(  572): x: -9.084772 y: 1.334794 z: -0.42223078
D/CAAccData(  572): x: -9.152874 y: 1.3756552 z: -0.38136974
D/CAAccData(  572): x: -9.275456 y: 1.334794 z: -0.42223078
D/CAAccData(  572): x: -9.152874 y: 1.3756552 z: -0.3405087
D/CAAccData(  572): x: -9.997335 y: 1.4165162 z: -0.19068487
D/CAAccData(  572): x: -9.847511 y: 1.3075534 z: 0.040861044
D/CAAccData(  572): x: -10.119919 y: 1.3756552 z: -0.0
D/CrashAlert(  572): Handler :2
D/CAAccData(  572): x: -10.882658 y: 1.334794 z: 0.040861044
D/CAAccData(  572): x: -11.304889 y: 1.3756552 z: -0.040861044
D/CAAccData(  572): x: -11.645397 y: 1.4165162 z: -0.10896278
D/CAAccData(  572): x: -11.645397 y: 1.2666923 z: -0.040861044
D/CAAccData(  572): x: -11.75436 y: 1.4573772 z: 0.14982383
D/CAAccData(  572): x: -10.95076 y: 1.4165162 z: 0.08172209
D/CAAccData(  572): x: -10.56939 y: 1.334794 z: 0.29964766
D/CAAccData(  572): x: -9.765789 y: 1.4982382 z: 0.6537767
D/CAAccData(  572): x: -9.507003 y: 1.334794 z: 0.3405087
D/CAAccData(  572): x: -9.275456 y: 1.3756552 z: 0.50395286
D/CAAccTime(  572): Tue Jun 22 09:42:32 Europe/Amsterdam 2010
D/CAAccData(  572): x: -9.152874 y: 1.334794 z: 0.5720546
D/CAAccData(  572): x: -9.575105 y: 1.3756552 z: 0.46309182
D/CrashAlert(  572): Handler :2
D/CAAccData(  572): x: -9.915613 y: 1.2666923 z: 0.53119355
D/CAAccData(  572): x: -9.697687 y: 1.334794 z: 0.38136974
D/CAAccData(  572): x: -10.038197 y: 1.2666923 z: 0.50395286
D/CAAccData(  572): x: -10.228881 y: 0.50395286 z: 0.3405087
D/CAAccData(  572): x: -9.80665 y: -0.040861044 z: 0.23154591
D/CAAccData(  572): x: -9.915613 y: 0.23154591 z: 0.29964766
D/LocationManagerService(  144): Acquired wakelock
I/CrashAlert(  572): ort geaendert 25.75
D/CrashAlertGPS(  572): 92.7
D/LocationManagerService(  144): Released wakelock
D/CAAccData(  572): x: -9.575105 y: -0.29964766 z: 0.42223078
D/CAAccData(  572): x: -9.575105 y: -0.6537767 z: 0.040861044
D/CAAccData(  572): x: -9.302697 y: -0.23154591 z: 0.29964766
D/CAAccData(  572): x: -9.765789 y: -0.46309182 z: 0.19068487
D/CAAccData(  572): x: -9.888372 y: -0.6946377 z: -0.08172209
D/CAAccData(  572): x: -10.528529 y: -1.0351465 z: 0.08172209
D/dalvikvm(  572): GC freed 8523 objects / 524304 bytes in 96ms
D/CAAccData(  572): x: -10.841797 y: -1.8387469 z: 0.040861044
D/CrashAlert(  572): Handler :2
D/CAAccData(  572): x: -11.032481 y: -2.4108016 z: -0.42223078
D/CAAccData(  572): x: -10.95076 y: -3.0645783 z: -0.6946377
D/CAAccData(  572): x: -11.073342 y: -3.636633 z: -0.8036005
D/CAAccData(  572): x: -10.991621 y: -3.718355 z: -1.0760075
D/CAAccData(  572): x: -10.732834 y: -4.0588636 z: -1.4982382
D/CAAccData(  572): x: -10.501288 y: -4.140586 z: -1.7297841
D/CAAccData(  572): x: -10.923519 y: -3.9771416 z: -1.6889231
D/CAAccData(  572): x: -10.460427 y: -3.486809 z: -2.2609777
D/CAAccData(  572): x: -10.419566 y: -2.4516625 z: -2.7649305
D/CAAccData(  572): x: -10.269742 y: -1.7297841 z: -3.1054392
D/CAAccData(  572): x: -10.147159 y: -1.3756552 z: -3.3778462
D/CAAccData(  572): x: -9.888372 y: -1.920469 z: -3.7864566
D/CAAccTime(  572): Tue Jun 22 09:42:33 Europe/Amsterdam 2010
D/CAAccData(  572): x: -9.615966 y: -1.4165162 z: -3.990762
D/CAAccData(  572): x: -9.302697 y: -0.9942854 z: -4.2086873
D/CAAccData(  572): x: -8.921328 y: -1.0351465 z: -4.440233
D/CAAccData(  572): x: -8.962189 y: -1.1168685 z: -4.7126403
D/CrashAlert(  572): Handler :2
D/CAAccData(  572): x: -9.152874 y: -0.8036005 z: -4.7943625
D/CAAccData(  572): x: -8.730643 y: -0.23154591 z: -5.012288
D/CAAccData(  572): x: -8.771504 y: 0.0 z: -5.5162406
D/CAAccData(  572): x: -9.466142 y: -0.3405087 z: -5.597963
D/LocationManagerService(  144): Acquired wakelock
I/CrashAlert(  572): ort geaendert 26.5
D/CrashAlertGPS(  572): 95.399994
D/LocationManagerService(  144): Released wakelock
D/CAAccData(  572): x: -9.507003 y: 0.9942854 z: -5.706926
D/CAAccData(  572): x: -9.956474 y: 0.50395286 z: -6.66035
D/CAAccData(  572): x: -10.079058 y: 0.42223078 z: -6.469665
D/CAAccData(  572): x: -10.501288 y: 0.9942854 z: -6.5922484
D/CAAccData(  572): x: -10.732834 y: 0.6946377 z: -7.0553403
D/CAAccData(  572): x: -10.460427 y: 0.92618364 z: -7.014479
D/CAAccData(  572): x: -10.882658 y: 1.1441092 z: -6.66035
D/CAAccData(  572): x: -10.760075 y: 0.88532263 z: -6.5922484
D/CAAccData(  572): x: -9.765789 y: 0.9942854 z: -6.3198414
D/CrashAlert(  572): Handler :2
D/CAAccData(  572): x: -10.310603 y: 1.1168685 z: -6.1700177
D/CAAccData(  572): x: -9.425281 y: 0.95342433 z: -5.8567495
D/CAAccData(  572): x: -9.697687 y: 0.9942854 z: -5.9793324
D/CAAccData(  572): x: -9.997335 y: 1.1168685 z: -6.1291566
D/CAAccData(  572): x: -9.697687 y: 0.9942854 z: -6.0882955
D/CAAccData(  572): x: -9.915613 y: 1.1441092 z: -6.0882955
D/CAAccData(  572): x: -10.119919 y: 1.1168685 z: -5.7886477
D/CAAccData(  572): x: -9.384419 y: 0.46309182 z: -5.47538
D/CAAccData(  572): x: -9.275456 y: 1.1168685 z: -5.47538
D/CAAccTime(  572): Tue Jun 22 09:42:34 Europe/Amsterdam 2010
D/CAAccData(  572): x: -9.507003 y: 1.0351465 z: -5.366417
D/CAAccData(  572): x: -9.275456 y: 1.0351465 z: -5.434519
D/CAAccData(  572): x: -9.80665 y: 1.1441092 z: -5.47538
D/CrashAlert(  572): Handler :2
D/CAAccData(  572): x: -9.956474 y: 1.0760075 z: -5.47538
D/CAAccData(  572): x: -9.956474 y: 1.0351465 z: -5.5571017
D/CAAccData(  572): x: -10.119919 y: 1.1849703 z: -5.7477865
D/CAAccData(  572): x: -10.228881 y: 1.1168685 z: -5.6252036
D/LocationManagerService(  144): Acquired wakelock
I/CrashAlert(  572): ort geaendert 26.75
D/CrashAlertGPS(  572): 96.299995
D/LocationManagerService(  144): Released wakelock
D/CAAccData(  572): x: -9.956474 y: 1.1849703 z: -5.47538
D/CAAccData(  572): x: -9.656827 y: 1.1441092 z: -5.134871
D/CAAccData(  572): x: -9.615966 y: 1.1849703 z: -5.134871
D/CAAccData(  572): x: -9.507003 y: 1.0760075 z: -4.903325
D/CAAccData(  572): x: -9.152874 y: 1.2258313 z: -4.630918
D/CAAccData(  572): x: -9.275456 y: 1.1441092 z: -4.7126403
D/CAAccData(  572): x: -9.466142 y: 1.1849703 z: -4.671779
D/CAAccData(  572): x: -8.894087 y: 1.1441092 z: -4.440233
D/CAAccData(  572): x: -9.193735 y: 1.2258313 z: -4.5628166
D/CrashAlert(  572): Handler :2
D/CAAccData(  572): x: -9.043911 y: 1.1168685 z: -4.440233
D/CAAccData(  572): x: -8.894087 y: 1.2666923 z: -4.0180025
D/CAAccData(  572): x: -9.043911 y: 1.1849703 z: -3.759216
D/CAAccData(  572): x: -8.962189 y: 1.1849703 z: -3.445948
D/CAAccData(  572): x: -9.302697 y: 1.334794 z: -2.982856
D/CAAccData(  572): x: -9.507003 y: 1.1849703 z: -2.5606253
D/CAAccData(  572): x: -9.847511 y: 1.2258313 z: -2.2201166
D/CAAccData(  572): x: -10.18802 y: 1.2258313 z: -1.7297841
D/CAAccData(  572): x: -10.460427 y: 1.2666923 z: -1.4982382
D/CAAccData(  572): x: -10.651112 y: 1.1849703 z: -1.1441092
D/CAAccTime(  572): Tue Jun 22 09:42:35 Europe/Amsterdam 2010
D/CAAccData(  572): x: -10.691973 y: 1.2666923 z: -0.7218784
D/CAAccData(  572): x: -10.691973 y: 1.2666923 z: -0.46309182
D/CAAccData(  572): x: -11.073342 y: 1.2258313 z: -0.14982383
D/CrashAlert(  572): Handler :2
D/CAAccData(  572): x: -10.651112 y: 1.334794 z: 0.14982383
D/CAAccData(  572): x: -10.038197 y: 1.334794 z: 0.42223078
D/CAAccData(  572): x: -10.038197 y: 1.2666923 z: 0.6537767
D/CAAccData(  572): x: -9.997335 y: 1.1849703 z: 0.88532263
D/LocationManagerService(  144): Acquired wakelock
I/CrashAlert(  572): ort geaendert 26.75
D/CrashAlertGPS(  572): 96.299995
D/LocationManagerService(  144): Released wakelock
D/CAAccData(  572): x: -9.152874 y: 1.2666923 z: 0.7627395
D/CAAccData(  572): x: -9.615966 y: 1.2666923 z: 0.7627395
D/CAAccData(  572): x: -9.888372 y: 1.2258313 z: 1.0351465
D/CAAccData(  572): x: -9.425281 y: 1.1168685 z: 0.7627395
D/CAAccData(  572): x: -9.575105 y: 1.2666923 z: 0.95342433
D/CAAccData(  572): x: -9.152874 y: 1.2666923 z: 0.88532263
D/CAAccData(  572): x: -8.894087 y: 1.1441092 z: 0.46309182
D/CAAccData(  572): x: -9.275456 y: 1.3075534 z: 0.46309182
D/CAAccData(  572): x: -9.043911 y: 1.1849703 z: 0.23154591
D/CrashAlert(  572): Handler :2
D/CAAccData(  572): x: -8.921328 y: 1.1849703 z: -0.08172209
D/CAAccData(  572): x: -9.112013 y: 1.2258313 z: -0.10896278
D/CAAccData(  572): x: -8.730643 y: 1.0760075 z: -0.3405087
D/CAAccData(  572): x: -8.771504 y: 1.1849703 z: -0.42223078
D/CAAccData(  572): x: -8.853226 y: 1.0351465 z: -0.46309182
D/CAAccData(  572): x: -8.894087 y: 1.1441092 z: -0.27240697
D/CAAccData(  572): x: -9.234595 y: 1.1441092 z: -0.19068487
D/CAAccData(  572): x: -9.152874 y: 0.9942854 z: -0.10896278
D/CAAccData(  572): x: -9.507003 y: 1.2258313 z: 0.08172209
D/CAAccData(  572): x: -9.302697 y: 1.0351465 z: -0.19068487
D/CAAccTime(  572): Tue Jun 22 09:42:36 Europe/Amsterdam 2010
D/CAAccData(  572): x: -9.615966 y: 1.0760075 z: 0.10896278
D/CAAccData(  572): x: -9.575105 y: 1.1849703 z: 0.27240697
D/CrashAlert(  572): Handler :2
D/CAAccData(  572): x: -9.80665 y: 1.0760075 z: 0.08172209
D/CAAccData(  572): x: -9.956474 y: 1.1168685 z: 0.38136974
D/CAAccData(  572): x: -9.997335 y: 1.0760075 z: 0.61291564
D/LocationManagerService(  144): Acquired wakelock
I/CrashAlert(  572): ort geaendert 26.0
D/CrashAlertGPS(  572): 93.6
D/LocationManagerService(  144): Released wakelock
D/CAAccData(  572): x: -10.18802 y: 0.08172209 z: 0.5720546
D/CAAccData(  572): x: -9.915613 y: -0.08172209 z: 0.7218784
D/CAAccData(  572): x: -9.888372 y: 0.040861044 z: 0.88532263
D/CAAccData(  572): x: -10.310603 y: -0.6946377 z: 0.6946377
D/CAAccData(  572): x: -10.269742 y: -0.46309182 z: 0.88532263
D/CAAccData(  572): x: -9.997335 y: -0.42223078 z: 0.84446156
D/CAAccData(  572): x: -10.56939 y: -1.8387469 z: 0.7218784
D/CAAccData(  572): x: -10.460427 y: -3.336985 z: 0.50395286
D/CrashAlert(  572): Handler :2
D/CAAccData(  572): x: -9.915613 y: -4.9850473 z: 0.27240697
D/CAAccData(  572): x: -9.847511 y: -6.701211 z: -0.040861044
D/CAAccData(  572): x: -9.343558 y: -7.6954966 z: -0.27240697
D/CAAccData(  572): x: -9.425281 y: -7.9679036 z: -0.040861044
D/CAAccData(  572): x: -8.962189 y: -8.049625 z: 0.040861044
D/CAAccData(  572): x: -9.084772 y: -7.8589406 z: 0.08172209
D/CAAccData(  572): x: -9.534244 y: -7.8861814 z: 0.08172209
D/CAAccData(  572): x: -9.234595 y: -8.117727 z: -0.14982383
D/CAAccData(  572): x: -9.384419 y: -7.205164 z: 0.10896278
D/CAAccData(  572): x: -10.147159 y: -6.8237944 z: 0.14982383
D/CAAccData(  572): x: -11.073342 y: -6.851035 z: -0.040861044
D/CAAccTime(  572): Tue Jun 22 09:42:37 Europe/Amsterdam 2010
D/CAAccData(  572): x: -10.528529 y: -6.66035 z: 0.08172209
D/CrashAlert(  572): Handler :2
D/CAAccData(  572): x: -10.310603 y: -6.6331096 z: -0.14982383
D/CAAccData(  572): x: -10.337844 y: -6.3198414 z: 0.040861044
D/CAAccData(  572): x: -10.119919 y: -6.4015636 z: 0.040861044
D/CAAccData(  572): x: -9.847511 y: -6.5513873 z: -0.23154591
D/LocationManagerService(  144): Acquired wakelock
I/CrashAlert(  572): ort geaendert 26.25
D/CrashAlertGPS(  572): 94.5
D/LocationManagerService(  144): Released wakelock
D/CAAccData(  572): x: -10.310603 y: -6.4015636 z: -0.23154591
D/CAAccData(  572): x: -10.651112 y: -6.5922484 z: -0.27240697
D/CAAccData(  572): x: -10.732834 y: -6.0474343 z: -0.53119355
D/CAAccData(  572): x: -10.882658 y: -4.1814466 z: -0.53119355
D/CAAccData(  572): x: -11.032481 y: -2.5606253 z: -0.46309182
D/CAAccData(  572): x: -10.310603 y: -1.7297841 z: -0.6537767
D/CAAccData(  572): x: -10.378705 y: -1.56634 z: -0.9942854
D/CAAccData(  572): x: -9.956474 y: -1.607201 z: -1.4165162
D/CrashAlert(  572): Handler :2
D/CAAccData(  572): x: -9.80665 y: -1.2258313 z: -2.2201166
D/CAAccData(  572): x: -9.847511 y: -0.95342433 z: -2.8330324
D/CAAccData(  572): x: -9.615966 y: -0.9125633 z: -3.336985
D/CAAccData(  572): x: -9.956474 y: -0.88532263 z: -4.0180025
D/CAAccData(  572): x: -9.112013 y: 0.08172209 z: -4.630918
D/CAAccData(  572): x: -9.384419 y: -0.38136974 z: -5.284695
D/CAAccData(  572): x: -9.384419 y: 0.7218784 z: -5.284695
D/CAAccData(  572): x: -9.234595 y: 0.6537767 z: -5.829509
D/CAAccData(  572): x: -9.00305 y: 0.6537767 z: -6.2789803
D/CAAccData(  572): x: -9.084772 y: 0.84446156 z: -6.4424243
D/CAAccData(  572): x: -8.962189 y: 0.92618364 z: -6.3198414
D/CAAccData(  572): x: -9.112013 y: 1.0760075 z: -6.8237944
D/CrashAlert(  572): Handler :2
D/CAAccTime(  572): Tue Jun 22 09:42:38 Europe/Amsterdam 2010
D/CAAccData(  572): x: -8.853226 y: 1.0760075 z: -6.782933
D/CAAccData(  572): x: -8.812365 y: 1.0351465 z: -6.8237944
D/CAAccData(  572): x: -8.771504 y: 1.1849703 z: -6.469665
D/CAAccData(  572): x: -8.499097 y: 0.88532263 z: -6.742072
D/CAAccData(  572): x: -8.430995 y: 1.1441092 z: -6.742072
D/LocationManagerService(  144): Acquired wakelock
I/CrashAlert(  572): ort geaendert 26.25
D/CrashAlertGPS(  572): 94.5
D/LocationManagerService(  144): Released wakelock
D/CAAccData(  572): x: -8.812365 y: 1.2258313 z: -6.973618
D/CAAccData(  572): x: -8.240311 y: 0.46309182 z: -6.3607025
D/CAAccData(  572): x: -9.084772 y: 1.2258313 z: -6.4015636
D/CAAccData(  572): x: -9.275456 y: 1.2258313 z: -6.66035
D/CAAccData(  572): x: -9.956474 y: 1.0760075 z: -7.164303
D/CAAccData(  572): x: -9.915613 y: 1.1441092 z: -7.1234417
D/CAAccData(  572): x: -10.528529 y: 1.1168685 z: -7.3141265
D/CAAccData(  572): x: -10.691973 y: 1.1168685 z: -7.1234417
D/CrashAlert(  572): Handler :2
D/CAAccData(  572): x: -10.95076 y: 1.1168685 z: -7.014479
D/CAAccData(  572): x: -10.882658 y: 1.1168685 z: -6.8237944
D/CAAccData(  572): x: -11.182305 y: 1.1168685 z: -6.742072
D/CAAccData(  572): x: -10.923519 y: 1.1441092 z: -6.782933
D/CAAccData(  572): x: -10.95076 y: 1.1168685 z: -6.469665
D/CAAccData(  572): x: -10.310603 y: 1.1441092 z: -6.0474343
D/CAAccData(  572): x: -10.269742 y: 1.2258313 z: -5.829509
D/CAAccData(  572): x: -10.119919 y: 1.1849703 z: -5.7886477
D/CAAccData(  572): x: -10.119919 y: 1.2258313 z: -5.407278
D/CAAccData(  572): x: -10.501288 y: 1.0760075 z: -5.5571017
D/CAAccData(  572): x: -10.95076 y: 1.3075534 z: -5.7477865
D/CAAccData(  572): x: -11.917805 y: 1.2258313 z: -5.7477865
D/CAAccData(  572): x: -10.882658 y: 1.2666923 z: -5.407278
D/CrashAlert(  572): Handler :2
