W/InputManagerService(  144): Ignoring hideSoftInput of: com.android.internal.view.IInputMethodClient$Stub$Proxy@4579eac0
W/Rosie   (  208): mAddHtcWidgetByOtherActivity = false, mIsOpenSlideWhenLeaveLaunch = true
D/AutoSetting(  242): service - ***setupWizardIsCompleted: true
D/AutoSetting(  242): service - onStart(), id = 0
D/AutoSetting(  242): service - new wake lock
D/AutoSetting(  242): service - wake lock acquire
D/AutoSetting(  242): service - onStart(), Checking location times = 1
D/AutoSetting(  242): service - onStart(), Checking location change = true
D/AutoSetting(  242): service - onStart(), Set city info = true
D/AutoSetting(  242): service - onStart(), Set network time info = true
D/AutoSetting(  242): service - onStart(), Set network timezone info = true
D/AutoSetting(  242): service - onStart(), Set notify when no result = true
D/LocationManager(  242): Constructor: service = android.location.ILocationManager$Stub$Proxy@45501008
V/HtcLocationService(  242): service - onCreate()
V/HtcLocationService(  242): service - onBind()
W/WSP     (  242): [HttpURLConnectionHelper] http://htc.accuweather.com/widget/htc/forecast-data_v3.asp?ac=TR2cra9U&loccode=ASI%7CTW%7CTW006%7CKAO-HSIUNG&nocache=1277223871373 connection failed, Host is unresolved: htc.accuweather.com:80
W/WSP     (  242): [HttpURLConnectionHelper] http://htc.accuweather.com/widget/htc/forecast-data_v3.asp?ac=TR2cra9U&loccode=ASI%7CTW%7CTW006%7CKAO-HSIUNG&nocache=1277223871373 connection failed, Host is unresolved: htc.accuweather.com:80
W/WSP     (  242): [HttpURLConnectionHelper] http://htc.accuweather.com/widget/htc/forecast-data_v3.asp?ac=TR2cra9U&loccode=ASI%7CTW%7CTW006%7CKAO-HSIUNG&nocache=1277223871373 connection failed, Host is unresolved: htc.accuweather.com:80
W/WSP     (  242): [SyncService] (Sync) no response of item type: 2, param1: ASI|TW|TW006|KAO-HSIUNG, param2: , reqCurLocLat: , reqCurLocLng: , reqCurLocLatTrim: , reqCurLocLngTrim: , reqCurLocName: , reqCurLocState: , reqCurLocCountry: , reqCurLocTimezoneId: , isCurEqualsToCacheCur: false (allow background data: true)
W/WSP     (  242): [HttpURLConnectionHelper] http://htc.accuweather.com/widget/htc/forecast-data_v3.asp?ac=TR2cra9U&loccode=ASI%7CTW%7CTW018%7CTAICHUNG&nocache=1277223871733 connection failed, Host is unresolved: htc.accuweather.com:80
W/WSP     (  242): [HttpURLConnectionHelper] http://htc.accuweather.com/widget/htc/forecast-data_v3.asp?ac=TR2cra9U&loccode=ASI%7CTW%7CTW018%7CTAICHUNG&nocache=1277223871733 connection failed, Host is unresolved: htc.accuweather.com:80
W/WSP     (  242): [HttpURLConnectionHelper] http://htc.accuweather.com/widget/htc/forecast-data_v3.asp?ac=TR2cra9U&loccode=ASI%7CTW%7CTW018%7CTAICHUNG&nocache=1277223871733 connection failed, Host is unresolved: htc.accuweather.com:80
W/WSP     (  242): [SyncService] (Sync) no response of item type: 2, param1: ASI|TW|TW018|TAICHUNG, param2: , reqCurLocLat: , reqCurLocLng: , reqCurLocLatTrim: , reqCurLocLngTrim: , reqCurLocName: , reqCurLocState: , reqCurLocCountry: , reqCurLocTimezoneId: , isCurEqualsToCacheCur: false (allow background data: true)
W/WSP     (  242): [HttpURLConnectionHelper] http://htc.accuweather.com/widget/htc/forecast-data_v3.asp?ac=TR2cra9U&loccode=ASI%7CTW%7CTW018%7CTAIPEI&nocache=1277223871772 connection failed, Host is unresolved: htc.accuweather.com:80
W/WSP     (  242): [HttpURLConnectionHelper] http://htc.accuweather.com/widget/htc/forecast-data_v3.asp?ac=TR2cra9U&loccode=ASI%7CTW%7CTW018%7CTAIPEI&nocache=1277223871772 connection failed, Host is unresolved: htc.accuweather.com:80
W/WSP     (  242): [HttpURLConnectionHelper] http://htc.accuweather.com/widget/htc/forecast-data_v3.asp?ac=TR2cra9U&loccode=ASI%7CTW%7CTW018%7CTAIPEI&nocache=1277223871772 connection failed, Host is unresolved: htc.accuweather.com:80
W/WSP     (  242): [SyncService] (Sync) no response of item type: 2, param1: ASI|TW|TW018|TAIPEI, param2: , reqCurLocLat: , reqCurLocLng: , reqCurLocLatTrim: , reqCurLocLngTrim: , reqCurLocName: , reqCurLocState: , reqCurLocCountry: , reqCurLocTimezoneId: , isCurEqualsToCacheCur: false (allow background data: true)
D/CrashAlert(  523): Handler :4711
D/CrashAlert(  523): Handler :4711
D/AutoSetting(  242): service - ***setupWizardIsCompleted: true
D/AutoSetting(  242): service - ***chkConnected, mbReqChecking:true,mbApplyAll:true
D/AutoSetting(  242): service - ***no network is avaiable
D/dalvikvm(  144): GC freed 8166 objects / 364880 bytes in 188ms
D/AutoSetting(  242): service - doAutoSettings(), isNetworkAvailable: false, isUseWirelessNetworks: false, isTimeAutoState: true
D/AutoSetting(  242): service - Network Operator=
D/AutoSetting(  242): *****processOnTimeZoneId, mbNotifyNoResult=true
D/AutoSetting(  242): service - ***setupWizardIsCompleted: true
D/AutoSetting(  242): *****NITZ=
D/AutoSetting(  242): service - Network Operator=
D/AutoSetting(  242): *****MCC=-1
D/CrashAlert(  523): Handler :4711
D/dalvikvm(  242): GC freed 5647 objects / 424448 bytes in 94ms
V/HtcLocationService(  242): service - onDestroy()
D/LocationManager(  242): removeUpdates: listener = com.htc.htclocationservice.HtcLocationServiceAgent$7@454fea78
D/AutoSetting(  242): service - Some task result is not receive/OK, send event, mbReturnSetCity: false, mbReturnSetTime: false, mbReturnSetTimeZone: true, mbNotifyNoResult: true
D/AutoSetting(  242): service - stop self
D/AutoSetting(  242): service - wake lock release
D/AutoSetting(  242): service - Some task result is not receive/OK, send event, mbReturnSetCity: false, mbReturnSetTime: false, mbReturnSetTimeZone: true, mbNotifyNoResult: true
D/AutoSetting(  242): service - stop self
D/CrashAlert(  523): Handler :4711
D/CrashAlert(  523): Handler :4711
D/CrashAlert(  523): Handler :4711
D/CrashAlert(  523): hash fuellen smsauto2 0167213890213
D/CrashAlert(  523): hash fuellen lenacc 10
D/CrashAlert(  523): hash fuellen delayacc 1
D/CrashAlert(  523): hash fuellen lengps 10
D/CrashAlert(  523): hash fuellen delaymain 300
D/CrashAlert(  523): hash fuellen modusenergie 6
D/CrashAlert(  523): hash fuellen alertdialogdelay 60
D/CrashAlert(  523): hash fuellen gpsformat 0
D/CrashAlert(  523): hash fuellen vibratetime 30000
D/CrashAlert(  523): hash fuellen audiostream 1
D/CrashAlert(  523): hash fuellen activeprofile 3
D/CrashAlert(  523): hash fuellen dbversion 8
D/CrashAlert(  523): hash fuellen automodus false
D/CrashAlert(  523): hash fuellen debugmodus false
D/CrashAlert(  523): Handler :4711
D/GpsLocationProvider(  144): addListener(org.me.crashalert)
D/GpsLocationProvider(  144): setMinTime 0
D/GpsLocationProvider(  144): startNavigating
D/libgps  (  144): qct_gps_set_qos_time_out(standalone = 2, agps = 89)
D/libgps  (  144): qct_gps_set_position_mode = 1, fix_frequency = 1
D/libgps  (  144): qct_gps_start
D/libgps  (  144): AgpsActionThread calling getaddrinfo.
D/libgps  (  144): report status : 1
D/GpsLocationProvider(  144): Acquiring wakelock
D/libgps  (  144): XTRA event: RPC_PDSM_XTRA_EVENT_DOWNLOAD_REQ
W/libgps  (  144): getaddrinfo :No address associated with hostname
D/libgps  (  144): calling sAGpsStatusCallback GPS_REQUEST_AGPS_DATA_CONN
D/ConnectivityService(  144): startUsingNetworkFeature for net 0: enableSUPL
D/ConnectivityService(  144): special network not available
D/GpsLocationProvider(  144): mConnMgr.startUsingNetworkFeature result: 2
D/libgps  (  144): qct_agps_data_conn_failed
D/libgps  (  144): report status : 3
I/NotificationService(  144): enqueueToast pkg=org.me.crashalert callback=android.app.ITransientNotification$Stub$Proxy@4575c680 duration=0
I/CrashAlert(  523): Service gestartet
V/AutoSetting(  242): receiver - ***onReceive: com.htc.app.autosetting.location
D/CAAccTime(  523): Tue Jun 22 18:24:35 Europe/Amsterdam 2010
D/CAAccData(  523): x: 0.9125633 y: 5.829509 z: 8.19945
D/CAAccData(  523): x: 0.38136974 y: 5.706926 z: 7.5865335
D/CAAccData(  523): x: 0.53119355 y: 5.7477865 z: 7.7772183
D/CAAccData(  523): x: 0.6537767 y: 5.6252036 z: 8.240311
D/CrashAlert(  523): Handler :2
I/CrashAlert(  523): Status auf Aktiv gendert
D/CAAccData(  523): x: 0.5720546 y: 5.6252036 z: 8.008764
D/CAAccData(  523): x: 0.61291564 y: 5.7886477 z: 7.7772183
D/CAAccData(  523): x: 0.84446156 y: 5.7477865 z: 7.8589406
D/CAAccData(  523): x: 0.8036005 y: 5.6660647 z: 7.8180795
D/CAAccData(  523): x: 0.7627395 y: 5.6660647 z: 7.8589406
D/CAAccData(  523): x: 0.84446156 y: 5.6660647 z: 8.008764
D/CAAccData(  523): x: 0.7218784 y: 5.47538 z: 8.158588
D/CAAccData(  523): x: 0.7218784 y: 5.5571017 z: 8.158588
D/CAAccData(  523): x: 0.6946377 y: 5.5571017 z: 7.9679036
D/CAAccData(  523): x: 0.88532263 y: 5.597963 z: 8.158588
D/CAAccData(  523): x: 0.53119355 y: 5.366417 z: 7.9679036
D/AutoSetting(  242): service - Network Operator=
V/AutoSetting(  242): receiver - (com.htc.app.autosetting.location) ALARM_LOCATION,lastMCC:null,mcc:null,notifyWhenNoResult: true
V/AutoSetting(  242): receiver - startAutosettingService, action: com.htc.app.autosetting.location,notifyWhenNoResult:true
D/dalvikvm(  523): GC freed 4993 objects / 331104 bytes in 143ms
D/CrashAlert(  523): Handler :1
I/CrashAlert(  523): Status bleibt aktiv
D/CAAccData(  523): x: 0.7218784 y: 5.47538 z: 7.8861814
D/CAAccData(  523): x: 0.88532263 y: 5.5571017 z: 8.117727
D/CAAccData(  523): x: 0.7218784 y: 5.47538 z: 8.049625
D/CAAccData(  523): x: 0.6537767 y: 5.434519 z: 7.9679036
I/dalvikvm(  523): Uncaught exception thrown by finalizer (will be discarded):
I/dalvikvm(  523): Ljava/lang/IllegalStateException;: Finalizing cursor android.database.sqlite.SQLiteCursor@4549e928 on null that has not been deactivated or closed
D/CAAccData(  523): x: 0.9125633 y: 5.5571017 z: 8.049625
I/dalvikvm(  523): 	at android.database.sqlite.SQLiteCursor.finalize(SQLiteCursor.java:631)
I/dalvikvm(  523): 	at dalvik.system.NativeStart.run(Native Method)
I/dalvikvm(  523): Uncaught exception thrown by finalizer (will be discarded):
I/dalvikvm(  523): Ljava/lang/IllegalStateException;: Finalizing cursor android.database.sqlite.SQLiteCursor@4549c000 on null that has not been deactivated or closed
I/dalvikvm(  523): 	at android.database.sqlite.SQLiteCursor.finalize(SQLiteCursor.java:631)
I/dalvikvm(  523): 	at dalvik.system.NativeStart.run(Native Method)
I/dalvikvm(  523): Uncaught exception thrown by finalizer (will be discarded):
I/dalvikvm(  523): Ljava/lang/IllegalStateException;: Finalizing cursor android.database.sqlite.SQLiteCursor@4549bbd8 on null that has not been deactivated or closed
I/dalvikvm(  523): 	at android.database.sqlite.SQLiteCursor.finalize(SQLiteCursor.java:631)
I/dalvikvm(  523): 	at dalvik.system.NativeStart.run(Native Method)
D/CAAccData(  523): x: 0.8036005 y: 5.47538 z: 8.049625
D/CAAccData(  523): x: 0.7627395 y: 5.597963 z: 8.19945
D/CAAccData(  523): x: 0.7218784 y: 5.434519 z: 7.9679036
D/CAAccData(  523): x: 0.84446156 y: 5.5162406 z: 7.9679036
D/CAAccData(  523): x: 0.8036005 y: 5.407278 z: 7.9679036
D/CAAccData(  523): x: 0.6946377 y: 5.407278 z: 8.049625
D/CAAccData(  523): x: 0.9125633 y: 5.6660647 z: 7.9679036
D/CAAccData(  523): x: 0.9125633 y: 5.47538 z: 8.049625
D/AutoSetting(  242): service - ***setupWizardIsCompleted: true
D/AutoSetting(  242): service - onStart(), id = 0
D/AutoSetting(  242): service - new wake lock
D/AutoSetting(  242): service - wake lock acquire
D/AutoSetting(  242): service - onStart(), Checking location times = 1
D/AutoSetting(  242): service - onStart(), Checking location change = true
D/AutoSetting(  242): service - onStart(), Set city info = true
D/AutoSetting(  242): service - onStart(), Set network time info = true
D/AutoSetting(  242): service - onStart(), Set network timezone info = true
D/CAAccData(  523): x: 0.6946377 y: 5.366417 z: 7.9679036
D/AutoSetting(  242): service - onStart(), Set notify when no result = true
V/HtcLocationService(  242): service - onCreate()
V/HtcLocationService(  242): service - onBind()
D/CAAccData(  523): x: 0.95342433 y: 5.5571017 z: 8.008764
D/CAAccData(  523): x: 0.84446156 y: 5.47538 z: 7.8589406
D/CAAccData(  523): x: 0.7627395 y: 5.434519 z: 8.076866
D/CrashAlert(  523): Handler :1
I/CrashAlert(  523): Status bleibt aktiv
D/CAAccData(  523): x: 0.95342433 y: 5.5571017 z: 8.308413
D/CAAccData(  523): x: 0.95342433 y: 5.6252036 z: 7.8589406
D/CAAccTime(  523): Tue Jun 22 18:24:36 Europe/Amsterdam 2010
D/CAAccData(  523): x: 1.0351465 y: 5.597963 z: 7.9270425
D/CAAccData(  523): x: 0.9125633 y: 5.5162406 z: 7.9679036
D/CAAccData(  523): x: 0.95342433 y: 5.5162406 z: 7.9679036
D/CAAccData(  523): x: 0.95342433 y: 5.5571017 z: 7.8861814
D/CAAccData(  523): x: 0.84446156 y: 5.47538 z: 7.9679036
D/CAAccData(  523): x: 0.9942854 y: 5.5571017 z: 8.076866
D/CAAccData(  523): x: 0.88532263 y: 5.5571017 z: 8.008764
D/CAAccData(  523): x: 0.95342433 y: 5.597963 z: 7.8589406
D/CAAccData(  523): x: 0.9942854 y: 5.5571017 z: 7.9270425
D/CAAccData(  523): x: 0.95342433 y: 5.5571017 z: 7.9270425
D/CrashAlert(  523): Handler :1
I/CrashAlert(  523): Status bleibt aktiv
D/CAAccData(  523): x: 0.9125633 y: 5.5162406 z: 7.9270425
D/CAAccData(  523): x: 1.0351465 y: 5.6660647 z: 7.9679036
D/CAAccData(  523): x: 0.88532263 y: 5.434519 z: 7.9270425
D/CAAccData(  523): x: 0.95342433 y: 5.597963 z: 8.008764
D/CAAccData(  523): x: 0.9942854 y: 5.597963 z: 8.049625
D/CAAccData(  523): x: 0.95342433 y: 5.47538 z: 8.049625
D/CAAccData(  523): x: 1.0351465 y: 5.243834 z: 8.471856
D/CAAccData(  523): x: 0.95342433 y: 5.7886477 z: 8.240311
D/CAAccData(  523): x: 0.9125633 y: 5.175732 z: 9.575105
D/CAAccData(  523): x: 0.3405087 y: 5.2165933 z: 14.437569
D/CAAccData(  523): x: -1.4573772 y: 6.5513873 z: 11.9450445
D/AutoSetting(  242): service - ***setupWizardIsCompleted: true
D/AutoSetting(  242): service - ***chkConnected, mbReqChecking:true,mbApplyAll:true
D/AutoSetting(  242): service - ***no network is avaiable
D/CAAccData(  523): x: -2.4516625 y: 4.944186 z: 4.4810944
D/AutoSetting(  242): service - doAutoSettings(), isNetworkAvailable: false, isUseWirelessNetworks: false, isTimeAutoState: true
D/AutoSetting(  242): service - Network Operator=
D/AutoSetting(  242): *****processOnTimeZoneId, mbNotifyNoResult=true
D/AutoSetting(  242): service - ***setupWizardIsCompleted: true
D/AutoSetting(  242): *****NITZ=
D/AutoSetting(  242): service - Network Operator=
D/AutoSetting(  242): *****MCC=-1
D/CAAccData(  523): x: -5.829509 y: 3.0645783 z: 6.2789803
D/CAAccData(  523): x: -5.5571017 y: 2.1792557 z: 4.630918
D/CrashAlert(  523): Handler :1
I/CrashAlert(  523): Status bleibt aktiv
D/CAAccData(  523): x: -5.6660647 y: 1.9477097 z: 3.0645783
V/HtcLocationService(  242): service - onDestroy()
D/LocationManager(  242): removeUpdates: listener = com.htc.htclocationservice.HtcLocationServiceAgent$7@454fea78
D/AutoSetting(  242): service - Some task result is not receive/OK, send event, mbReturnSetCity: false, mbReturnSetTime: false, mbReturnSetTimeZone: true, mbNotifyNoResult: true
D/CAAccData(  523): x: -4.862464 y: 3.7864566 z: 7.9270425
D/AutoSetting(  242): service - stop self
D/AutoSetting(  242): service - wake lock release
D/AutoSetting(  242): service - Some task result is not receive/OK, send event, mbReturnSetCity: false, mbReturnSetTime: false, mbReturnSetTimeZone: true, mbNotifyNoResult: true
D/AutoSetting(  242): service - stop self
D/CAAccData(  523): x: -4.440233 y: 4.7126403 z: 8.19945
D/CAAccTime(  523): Tue Jun 22 18:24:37 Europe/Amsterdam 2010
D/CAAccData(  523): x: -4.862464 y: 3.445948 z: 4.630918
D/CAAccData(  523): x: -6.0201936 y: 2.9556155 z: 5.47538
D/CAAccData(  523): x: -5.5162406 y: 4.140586 z: 4.440233
D/CAAccData(  523): x: -6.0882955 y: 8.390134 z: 2.6423476
D/CAAccData(  523): x: -7.3141265 y: 3.9090397 z: 6.8237944
D/CAAccData(  523): x: -7.164303 y: 3.568531 z: 4.9850473
D/CAAccData(  523): x: -9.152874 y: 2.6423476 z: 1.7570249
D/CAAccData(  523): x: -8.076866 y: 1.7570249 z: 2.4925237
D/CAAccData(  523): x: -7.7772183 y: 0.84446156 z: 2.6832085
D/CAAccData(  523): x: -8.771504 y: -0.38136974 z: 4.7126403
D/CrashAlert(  523): Handler :1
I/CrashAlert(  523): Status bleibt aktiv
D/CAAccData(  523): x: -9.997335 y: 0.19068487 z: 0.3405087
D/CAAccData(  523): x: -10.501288 y: -1.3756552 z: -1.7978859
D/CAAccData(  523): x: -10.651112 y: -1.1849703 z: -0.95342433
D/CAAccData(  523): x: -12.830367 y: -3.214402 z: -0.7627395
D/CAAccData(  523): x: -10.95076 y: -2.8330324 z: -1.7570249
D/CAAccData(  523): x: -9.656827 y: -3.5957718 z: -1.56634
D/CAAccData(  523): x: -11.372991 y: -3.6774938 z: -1.1849703
D/CAAccData(  523): x: -11.413852 y: -3.5957718 z: -0.8036005
D/CAAccData(  523): x: -9.765789 y: -4.0588636 z: -0.08172209
D/CAAccData(  523): x: -10.147159 y: -3.336985 z: -0.10896278
D/CAAccData(  523): x: -10.760075 y: -2.8738933 z: 1.1168685
D/CAAccData(  523): x: -10.800936 y: -2.3426998 z: 1.1441092
D/CAAccData(  523): x: -9.697687 y: -2.5333846 z: -0.3405087
D/CrashAlert(  523): Handler :1
I/CrashAlert(  523): Status bleibt aktiv
D/CAAccData(  523): x: -10.079058 y: -2.6014864 z: -1.920469
D/CAAccData(  523): x: -9.575105 y: -2.4516625 z: -2.7240696
D/CAAccData(  523): x: -9.888372 y: -3.1463003 z: -3.9499009
D/CAAccTime(  523): Tue Jun 22 18:24:38 Europe/Amsterdam 2010
D/CAAccData(  523): x: -9.043911 y: -3.0237172 z: -2.070293
D/CAAccData(  523): x: -9.534244 y: -2.070293 z: -2.6832085
D/CAAccData(  523): x: -8.240311 y: -0.6537767 z: -1.1168685
D/CAAccData(  523): x: -9.193735 y: -1.920469 z: -3.445948
D/CAAccData(  523): x: -9.234595 y: -2.2609777 z: -5.6660647
D/CAAccData(  523): x: -7.9679036 y: -2.1383946 z: 0.14982383
D/CAAccData(  523): x: -9.915613 y: -0.7218784 z: 4.140586
D/CAAccData(  523): x: -9.724928 y: -1.920469 z: -0.61291564
D/CAAccData(  523): x: -9.534244 y: -0.7627395 z: -0.10896278
D/CAAccData(  523): x: -7.3141265 y: -0.27240697 z: 3.0645783
D/CrashAlert(  523): Handler :1
I/CrashAlert(  523): Status bleibt aktiv
D/CAAccData(  523): x: -5.597963 y: 0.84446156 z: 7.4639506
D/CAAccData(  523): x: -4.2495484 y: -0.95342433 z: 10.147159
D/CAAccData(  523): x: -2.6014864 y: 1.0760075 z: 11.073342
D/CAAccData(  523): x: -0.38136974 y: 0.3405087 z: 10.228881
D/CAAccData(  523): x: 0.95342433 y: 0.84446156 z: 9.956474
D/CAAccData(  523): x: 1.7978859 y: 0.23154591 z: 11.454713
D/CAAccData(  523): x: 2.1111538 y: -0.46309182 z: 8.62168
D/CAAccData(  523): x: 2.6423476 y: -0.88532263 z: 7.5865335
I/WindowManager(  144): Setting rotation to 1, animFlags=0
D/CAAccData(  523): x: 3.6774938 y: -0.8036005 z: 7.4639506
I/ActivityManager(  144): Config changed: { scale=1.0 imsi=0/0 loc=de_DE touch=3 keys=1/1/2 nav=3/1 orien=2 layout=18}
D/CAAccData(  523): x: 4.5900574 y: -0.7627395 z: 10.501288
I/UsageStats(  144): Unexpected resume of org.me.crashalert while already resumed in org.me.crashalert
W/ResourceType(  144): Resources don't contain package for resource number 0x7f030000
W/ResourceType(  144): Resources don't contain package for resource number 0x7f030010
W/ResourceType(  144): Resources don't contain package for resource number 0x7f030002
W/ResourceType(  144): Resources don't contain package for resource number 0x7f03002e
W/ResourceType(  144): Resources don't contain package for resource number 0x7f030058
W/ResourceType(  144): Resources don't contain package for resource number 0x7f030007
W/ResourceType(  144): Resources don't contain package for resource number 0x7f03001d
D/dalvikvm(  523): GC freed 8411 objects / 583880 bytes in 345ms
D/CAAccData(  523): x: 5.325556 y: -0.5720546 z: 9.302697
D/CrashAlert(  523): Handler :1
I/CrashAlert(  523): Status bleibt aktiv
D/CAAccTime(  523): Tue Jun 22 18:24:39 Europe/Amsterdam 2010
D/CAAccData(  523): x: 5.6252036 y: -1.3756552 z: 5.8567495
D/CAAccData(  523): x: 5.47538 y: -0.84446156 z: 5.175732
D/CAAccData(  523): x: 7.3549876 y: -1.56634 z: 7.7363577
D/CAAccData(  523): x: 8.008764 y: -1.2666923 z: 6.8237944
D/CAAccData(  523): x: 6.3607025 y: -0.5720546 z: 5.243834
D/CAAccData(  523): x: 4.944186 y: -0.42223078 z: 4.8216033
D/CAAccData(  523): x: 5.8976107 y: -0.08172209 z: 3.636633
D/CAAccData(  523): x: 8.689782 y: -0.3405087 z: 2.3699405
D/CAAccData(  523): x: 12.340035 y: 0.84446156 z: 1.9477097
D/CAAccData(  523): x: 11.413852 y: 1.879608 z: 2.1792557
D/CAAccData(  523): x: 8.308413 y: 2.7921712 z: 0.95342433
D/CAAccData(  523): x: 7.4639506 y: 2.9556155 z: 0.61291564
D/CAAccData(  523): x: 8.349273 y: 3.214402 z: 0.9125633
D/CAAccData(  523): x: 9.152874 y: 3.1463003 z: 0.46309182
D/CAAccData(  523): x: 9.343558 y: 2.2609777 z: -0.46309182
D/CAAccData(  523): x: 8.390134 y: 2.2201166 z: -0.313268
D/CAAccData(  523): x: 8.349273 y: 2.6832085 z: 0.14982383
D/CAAccData(  523): x: 9.00305 y: 2.0294318 z: -0.10896278
D/CAAccData(  523): x: 10.038197 y: 1.4165162 z: 0.040861044
D/CAAccData(  523): x: 9.043911 y: 1.4165162 z: -0.19068487
D/CAAccData(  523): x: 9.084772 y: -0.42223078 z: 0.7627395
D/CAAccData(  523): x: 9.112013 y: -1.2258313 z: -0.3405087
D/CrashAlert(  523): Handler :1
I/CrashAlert(  523): Status bleibt aktiv
D/CAAccData(  523): x: 10.228881 y: -1.4573772 z: -0.14982383
D/CAAccData(  523): x: 9.084772 y: -0.7218784 z: -0.38136974
D/CAAccData(  523): x: 10.079058 y: -0.7627395 z: -1.2666923
I/CrashAlert(  523): Service gestartet
D/CAAccData(  523): x: 9.234595 y: -0.84446156 z: -0.6537767
D/CAAccData(  523): x: 9.302697 y: -0.88532263 z: -0.6537767
W/WindowManager(  144): Pointer down received while already down in: Window{4575cc38 org.me.crashalert/org.me.crashalert.MainActivity paused=false}
D/CAAccData(  523): x: 9.275456 y: -0.84446156 z: -0.6537767
D/CAAccData(  523): x: 9.275456 y: -0.84446156 z: -0.5720546
D/CAAccData(  523): x: 9.234595 y: -0.88532263 z: -0.61291564
D/CAAccData(  523): x: 9.302697 y: -0.8036005 z: -0.50395286
D/CAAccData(  523): x: 9.234595 y: -0.8036005 z: -0.14982383
W/dalvikvm(  144): disableGcForExternalAlloc: false
W/WindowManager(  144): Pointer down received while already down in: Window{457eab20 org.me.crashalert/org.me.crashalert.MainActivity paused=false}
D/CAAccData(  523): x: 9.043911 y: -0.6946377 z: 0.61291564
I/CalendarProvider(  242): updateCalendarNameByLocale
D/CAAccData(  523): x: 9.152874 y: -0.7218784 z: 0.50395286
I/CalendarProvider(  242): updateCalendarNameByLocale
I/CalendarProvider(  242): update locale:DEU
D/CAAccData(  523): x: 9.043911 y: -0.6537767 z: 1.56634
I/CalendarProvider(  242): Locale doesn't change, so return it
D/CAAccData(  523): x: 9.193735 y: -0.9942854 z: 0.6537767
D/CrashAlert(  523): Handler :1
I/CrashAlert(  523): Status bleibt aktiv
D/CAAccData(  523): x: 9.152874 y: -0.84446156 z: 0.23154591
D/CAAccTime(  523): Tue Jun 22 18:24:40 Europe/Amsterdam 2010
D/CAAccData(  523): x: 9.112013 y: -0.95342433 z: 0.14982383
D/CAAccData(  523): x: 9.152874 y: -0.88532263 z: 0.14982383
D/CAAccData(  523): x: 9.112013 y: -0.9125633 z: 0.14982383
D/CAAccData(  523): x: 9.193735 y: -0.84446156 z: 0.08172209
D/CAAccData(  523): x: 9.275456 y: -0.88532263 z: -0.0
D/CAAccData(  523): x: 9.193735 y: -0.88532263 z: -0.23154591
D/CAAccData(  523): x: 9.234595 y: -0.88532263 z: -0.313268
D/CAAccData(  523): x: 9.302697 y: -0.88532263 z: -0.3405087
D/CAAccData(  523): x: 9.343558 y: -0.88532263 z: -0.313268
D/CAAccData(  523): x: 9.234595 y: -0.88532263 z: -0.53119355
D/CAAccData(  523): x: 9.275456 y: -0.9125633 z: -0.53119355
D/CAAccData(  523): x: 9.234595 y: -0.9125633 z: -0.50395286
D/CAAccData(  523): x: 9.343558 y: -0.84446156 z: -0.8036005
D/CrashAlert(  523): Handler :1
I/CrashAlert(  523): Status bleibt aktiv
D/CAAccData(  523): x: 9.302697 y: -0.84446156 z: -0.7218784
D/CAAccData(  523): x: 9.302697 y: -0.88532263 z: -0.7627395
D/CAAccData(  523): x: 9.302697 y: -0.88532263 z: -0.6946377
D/CAAccData(  523): x: 9.302697 y: -0.84446156 z: -0.6946377
D/CAAccData(  523): x: 9.275456 y: -0.88532263 z: -0.7218784
D/CAAccData(  523): x: 9.234595 y: -0.88532263 z: -0.7218784
D/CAAccData(  523): x: 9.302697 y: -0.88532263 z: -0.6946377
D/CAAccData(  523): x: 9.302697 y: -0.84446156 z: -0.6537767
D/CAAccData(  523): x: 9.302697 y: -0.88532263 z: -0.7218784
D/CAAccData(  523): x: 9.275456 y: -0.88532263 z: -0.7218784
D/CrashAlert(  523): Handler :1
I/CrashAlert(  523): Status bleibt aktiv
D/CAAccData(  523): x: 9.234595 y: -0.95342433 z: -0.7627395
D/CAAccTime(  523): Tue Jun 22 18:24:41 Europe/Amsterdam 2010
D/CAAccData(  523): x: 9.302697 y: -0.8036005 z: -0.6946377
D/CAAccData(  523): x: 9.302697 y: -0.88532263 z: -0.7218784
D/CAAccData(  523): x: 9.302697 y: -0.9125633 z: -0.7627395
D/CAAccData(  523): x: 9.302697 y: -0.88532263 z: -0.6946377
D/CAAccData(  523): x: 9.302697 y: -0.84446156 z: -0.6946377
D/CAAccData(  523): x: 9.275456 y: -0.88532263 z: -0.7218784
D/CAAccData(  523): x: 9.234595 y: -0.88532263 z: -0.8036005
D/CAAccData(  523): x: 9.234595 y: -0.88532263 z: -0.6537767
D/CAAccData(  523): x: 9.275456 y: -0.88532263 z: -0.6946377
D/CAAccData(  523): x: 9.302697 y: -0.84446156 z: -0.61291564
D/CAAccData(  523): x: 9.234595 y: -0.88532263 z: -0.6537767
D/CrashAlert(  523): Handler :1
I/CrashAlert(  523): Status bleibt aktiv
D/CAAccData(  523): x: 9.302697 y: -0.88532263 z: -0.6946377
D/CAAccData(  523): x: 9.275456 y: -0.84446156 z: -0.5720546
D/CAAccData(  523): x: 9.302697 y: -0.84446156 z: -0.61291564
D/CAAccData(  523): x: 9.234595 y: -0.88532263 z: -0.6537767
D/CAAccData(  523): x: 9.302697 y: -0.84446156 z: -0.6537767
D/CAAccData(  523): x: 9.275456 y: -0.88532263 z: -0.6537767
D/CAAccData(  523): x: 9.302697 y: -0.88532263 z: -0.6946377
D/CAAccData(  523): x: 9.275456 y: -0.9125633 z: -0.6946377
D/CAAccData(  523): x: 9.302697 y: -0.84446156 z: -0.61291564
D/CAAccData(  523): x: 9.302697 y: -0.88532263 z: -0.6537767
D/CAAccData(  523): x: 9.275456 y: -0.88532263 z: -0.6537767
D/CAAccData(  523): x: 9.275456 y: -0.84446156 z: -0.8036005
D/CrashAlert(  523): Handler :1
I/CrashAlert(  523): Status bleibt aktiv
D/CAAccData(  523): x: 9.302697 y: -0.9125633 z: -0.7627395
D/CAAccData(  523): x: 9.275456 y: -0.88532263 z: -0.7627395
D/dalvikvm(  144): GC freed 8760 objects / 511016 bytes in 239ms
D/CAAccTime(  523): Tue Jun 22 18:24:42 Europe/Amsterdam 2010
D/CAAccData(  523): x: 9.302697 y: -0.88532263 z: -0.8036005
D/CAAccData(  523): x: 9.275456 y: -0.88532263 z: -0.7627395
D/CAAccData(  523): x: 9.343558 y: -0.84446156 z: -0.7627395
D/CAAccData(  523): x: 9.302697 y: -0.88532263 z: -0.8036005
D/CAAccData(  523): x: 9.302697 y: -0.9125633 z: -0.7627395
D/CAAccData(  523): x: 9.275456 y: -0.84446156 z: -0.8036005
D/CAAccData(  523): x: 9.275456 y: -0.88532263 z: -0.84446156
D/CAAccData(  523): x: 9.234595 y: -0.88532263 z: -0.7627395
D/CAAccData(  523): x: 9.302697 y: -0.84446156 z: -0.8036005
D/CAAccData(  523): x: 9.302697 y: -0.88532263 z: -0.8036005
D/CAAccData(  523): x: 9.302697 y: -0.88532263 z: -0.88532263
D/CrashAlert(  523): Handler :1
I/CrashAlert(  523): Status bleibt aktiv
D/CAAccData(  523): x: 9.234595 y: -0.88532263 z: -0.8036005
D/CAAccData(  523): x: 9.234595 y: -0.84446156 z: -0.61291564
D/CAAccData(  523): x: 9.302697 y: -0.9125633 z: -0.88532263
D/CAAccData(  523): x: 9.193735 y: -0.88532263 z: -0.88532263
D/CAAccData(  523): x: 9.275456 y: -0.88532263 z: -0.84446156
D/CAAccData(  523): x: 9.234595 y: -0.84446156 z: -0.8036005
D/CAAccData(  523): x: 9.302697 y: -0.8036005 z: -0.8036005
D/CAAccData(  523): x: 9.384419 y: -0.7218784 z: -0.84446156
D/CAAccData(  523): x: 9.112013 y: -1.1168685 z: -1.3075534
D/CAAccData(  523): x: 9.152874 y: -0.88532263 z: -1.334794
D/CAAccData(  523): x: 9.234595 y: -0.8036005 z: -1.2666923
D/CrashAlert(  523): Handler :1
I/CrashAlert(  523): Status bleibt aktiv
D/CAAccData(  523): x: 9.275456 y: -0.88532263 z: -1.2258313
D/CAAccData(  523): x: 9.275456 y: -0.8036005 z: -1.2258313
D/CAAccTime(  523): Tue Jun 22 18:24:43 Europe/Amsterdam 2010
D/CAAccData(  523): x: 9.234595 y: -0.84446156 z: -1.2258313
D/CAAccData(  523): x: 9.234595 y: -0.88532263 z: -1.2258313
D/CAAccData(  523): x: 9.275456 y: -0.88532263 z: -1.334794
D/CAAccData(  523): x: 9.234595 y: -0.88532263 z: -1.2258313
D/CAAccData(  523): x: 9.275456 y: -0.9125633 z: -1.2258313
D/CAAccData(  523): x: 9.275456 y: -0.84446156 z: -1.2666923
D/CAAccData(  523): x: 9.275456 y: -0.84446156 z: -1.1441092
D/CAAccData(  523): x: 9.152874 y: -0.88532263 z: -1.1849703
D/CAAccData(  523): x: 9.234595 y: -0.9125633 z: -1.2258313
D/dalvikvm(  523): GC freed 7343 objects / 430288 bytes in 139ms
D/CrashAlert(  523): Handler :1
I/CrashAlert(  523): Status bleibt aktiv
D/CAAccData(  523): x: 9.234595 y: -0.88532263 z: -1.1441092
D/CAAccData(  523): x: 9.234595 y: -0.9125633 z: -1.1849703
D/CAAccData(  523): x: 9.275456 y: -0.88532263 z: -1.1441092
D/CAAccData(  523): x: 9.234595 y: -0.88532263 z: -1.1441092
D/CAAccData(  523): x: 9.234595 y: -0.88532263 z: -1.1849703
D/CAAccData(  523): x: 9.193735 y: -0.84446156 z: -1.1168685
D/CAAccData(  523): x: 9.275456 y: -0.88532263 z: -1.2258313
D/CAAccData(  523): x: 9.275456 y: -0.88532263 z: -1.1849703
D/CAAccData(  523): x: 9.302697 y: -0.84446156 z: -1.0351465
D/CAAccData(  523): x: 9.275456 y: -0.84446156 z: -0.88532263
D/CAAccData(  523): x: 9.234595 y: -0.88532263 z: -1.0760075
D/CAAccData(  523): x: 9.112013 y: -0.84446156 z: -0.88532263
D/CAAccData(  523): x: 9.343558 y: -0.8036005 z: -0.6537767
D/CAAccData(  523): x: 9.152874 y: -0.88532263 z: -0.61291564
D/CAAccData(  523): x: 9.275456 y: -0.7218784 z: -0.50395286
D/CrashAlert(  523): Handler :1
I/CrashAlert(  523): Status bleibt aktiv
D/CAAccTime(  523): Tue Jun 22 18:24:44 Europe/Amsterdam 2010
D/CAAccData(  523): x: 9.302697 y: -0.8036005 z: -0.42223078
D/CAAccData(  523): x: 9.275456 y: -0.8036005 z: -0.3405087
D/CAAccData(  523): x: 9.275456 y: -0.84446156 z: -0.38136974
D/CAAccData(  523): x: 9.234595 y: -0.6537767 z: -0.38136974
D/CAAccData(  523): x: 9.302697 y: -0.8036005 z: -0.42223078
D/CAAccData(  523): x: 9.302697 y: -0.7627395 z: -0.38136974
D/CAAccData(  523): x: 9.275456 y: -0.8036005 z: -0.3405087
D/CAAccData(  523): x: 9.275456 y: -0.8036005 z: -0.42223078
D/CAAccData(  523): x: 9.343558 y: -0.7627395 z: -0.42223078
D/CAAccData(  523): x: 9.275456 y: -0.8036005 z: -0.46309182
D/CAAccData(  523): x: 9.275456 y: -0.7627395 z: -0.38136974
D/CrashAlert(  523): Handler :1
I/CrashAlert(  523): Status bleibt aktiv
D/CAAccData(  523): x: 9.234595 y: -0.84446156 z: -0.42223078
D/CAAccData(  523): x: 9.302697 y: -0.8036005 z: -0.42223078
D/CAAccData(  523): x: 9.302697 y: -0.8036005 z: -0.46309182
D/CAAccData(  523): x: 9.302697 y: -0.8036005 z: -0.38136974
D/CAAccData(  523): x: 9.275456 y: -0.7627395 z: -0.38136974
D/CAAccData(  523): x: 9.275456 y: -0.7627395 z: -0.42223078
D/CAAccData(  523): x: 9.275456 y: -0.7627395 z: -0.38136974
D/CAAccData(  523): x: 9.343558 y: -0.7627395 z: -0.3405087
D/CAAccData(  523): x: 9.302697 y: -0.8036005 z: -0.42223078
D/CAAccData(  523): x: 9.302697 y: -0.7627395 z: -0.38136974
D/CAAccData(  523): x: 9.275456 y: -0.7627395 z: -0.42223078
D/CrashAlert(  523): Handler :1
I/CrashAlert(  523): Status bleibt aktiv
D/CAAccTime(  523): Tue Jun 22 18:24:45 Europe/Amsterdam 2010
D/CAAccData(  523): x: 9.275456 y: -0.84446156 z: -0.38136974
D/CAAccData(  523): x: 9.275456 y: -0.8036005 z: -0.3405087
D/CAAccData(  523): x: 9.275456 y: -0.7627395 z: -0.42223078
D/CAAccData(  523): x: 9.275456 y: -0.84446156 z: -0.46309182
D/CAAccData(  523): x: 9.275456 y: -0.8036005 z: -0.38136974
D/CAAccData(  523): x: 9.302697 y: -0.8036005 z: -0.42223078
D/CAAccData(  523): x: 9.275456 y: -0.7627395 z: -0.38136974
D/CAAccData(  523): x: 9.302697 y: -0.8036005 z: -0.42223078
D/CAAccData(  523): x: 9.343558 y: -0.7627395 z: -0.38136974
D/CAAccData(  523): x: 9.275456 y: -0.8036005 z: -0.3405087
D/CrashAlert(  523): Handler :1
I/CrashAlert(  523): Status bleibt aktiv
D/CAAccData(  523): x: 9.302697 y: -0.8036005 z: -0.42223078
D/CAAccData(  523): x: 9.302697 y: -0.9125633 z: -0.46309182
D/CAAccData(  523): x: 9.275456 y: -0.8036005 z: -0.42223078
D/CAAccData(  523): x: 9.275456 y: -0.8036005 z: -0.38136974
D/CAAccData(  523): x: 9.302697 y: -0.7627395 z: -0.38136974
D/CAAccData(  523): x: 9.302697 y: -0.7627395 z: -0.42223078
D/CAAccData(  523): x: 9.275456 y: -0.8036005 z: -0.3405087
D/CAAccData(  523): x: 9.302697 y: -0.8036005 z: -0.42223078
D/CAAccData(  523): x: 9.302697 y: -0.84446156 z: -0.42223078
D/CAAccData(  523): x: 9.302697 y: -0.8036005 z: -0.42223078
D/CrashAlert(  523): Handler :1
I/CrashAlert(  523): Status bleibt aktiv
D/CAAccData(  523): x: 9.275456 y: -0.8036005 z: -0.42223078
D/CAAccTime(  523): Tue Jun 22 18:24:46 Europe/Amsterdam 2010
D/CAAccData(  523): x: 9.302697 y: -0.8036005 z: -0.3405087
D/CAAccData(  523): x: 9.302697 y: -0.8036005 z: -0.42223078
D/CAAccData(  523): x: 9.275456 y: -0.8036005 z: -0.42223078
D/CAAccData(  523): x: 9.302697 y: -0.84446156 z: -0.42223078
D/CAAccData(  523): x: 9.275456 y: -0.8036005 z: -0.42223078
D/CAAccData(  523): x: 9.275456 y: -0.8036005 z: -0.38136974
D/CAAccData(  523): x: 9.302697 y: -0.8036005 z: -0.38136974
D/CAAccData(  523): x: 9.275456 y: -0.7627395 z: -0.50395286
D/CAAccData(  523): x: 9.302697 y: -0.7627395 z: -0.42223078
D/CAAccData(  523): x: 9.275456 y: -0.7627395 z: -0.46309182
D/CrashAlert(  523): Handler :1
I/CrashAlert(  523): Status bleibt aktiv
D/CAAccData(  523): x: 9.275456 y: -0.8036005 z: -0.42223078
D/CAAccData(  523): x: 9.275456 y: -0.8036005 z: -0.38136974
D/CAAccData(  523): x: 9.302697 y: -0.8036005 z: -0.42223078
D/CAAccData(  523): x: 9.275456 y: -0.7627395 z: -0.38136974
D/CAAccData(  523): x: 9.275456 y: -0.8036005 z: -0.42223078
D/CAAccData(  523): x: 9.302697 y: -0.8036005 z: -0.42223078
D/CAAccData(  523): x: 9.275456 y: -0.7627395 z: -0.46309182
D/CAAccData(  523): x: 9.343558 y: -0.7627395 z: -0.38136974
D/CAAccData(  523): x: 9.302697 y: -0.7627395 z: -0.38136974
D/CAAccData(  523): x: 9.275456 y: -0.8036005 z: -0.38136974
D/CAAccData(  523): x: 9.275456 y: -0.84446156 z: -0.42223078
D/CAAccData(  523): x: 9.275456 y: -0.8036005 z: -0.42223078
D/CrashAlert(  523): Handler :1
I/CrashAlert(  523): Status bleibt aktiv
D/CAAccData(  523): x: 9.302697 y: -0.8036005 z: -0.46309182
D/CAAccData(  523): x: 9.302697 y: -0.7627395 z: -0.50395286
D/CAAccData(  523): x: 9.302697 y: -0.7627395 z: -0.42223078
D/CAAccTime(  523): Tue Jun 22 18:24:47 Europe/Amsterdam 2010
D/CAAccData(  523): x: 9.302697 y: -0.8036005 z: -0.42223078
D/CAAccData(  523): x: 9.302697 y: -0.7627395 z: -0.42223078
D/CAAccData(  523): x: 9.302697 y: -0.7627395 z: -0.38136974
D/CAAccData(  523): x: 9.302697 y: -0.7627395 z: -0.42223078
D/CAAccData(  523): x: 9.275456 y: -0.7627395 z: -0.46309182
D/CAAccData(  523): x: 9.302697 y: -0.7627395 z: -0.38136974
D/CAAccData(  523): x: 9.275456 y: -0.7627395 z: -0.38136974
D/CAAccData(  523): x: 9.302697 y: -0.8036005 z: -0.46309182
D/CrashAlert(  523): Handler :1
I/CrashAlert(  523): Status bleibt aktiv
D/CAAccData(  523): x: 9.275456 y: -0.7627395 z: -0.42223078
D/CAAccData(  523): x: 9.275456 y: -0.7627395 z: -0.38136974
D/CAAccData(  523): x: 9.343558 y: -0.8036005 z: -0.42223078
D/CAAccData(  523): x: 9.302697 y: -0.7218784 z: -0.3405087
D/CAAccData(  523): x: 9.302697 y: -0.7627395 z: -0.38136974
D/CAAccData(  523): x: 9.275456 y: -0.8036005 z: -0.42223078
D/CAAccData(  523): x: 9.302697 y: -0.8036005 z: -0.42223078
D/CAAccData(  523): x: 9.234595 y: -0.8036005 z: -0.46309182
D/CAAccData(  523): x: 9.275456 y: -0.7627395 z: -0.46309182
D/CAAccData(  523): x: 9.343558 y: -0.8036005 z: -0.38136974
D/CAAccData(  523): x: 9.302697 y: -0.8036005 z: -0.42223078
D/CAAccData(  523): x: 9.302697 y: -0.7627395 z: -0.38136974
D/CrashAlert(  523): Handler :1
I/CrashAlert(  523): Status bleibt aktiv
D/CAAccData(  523): x: 9.302697 y: -0.7627395 z: -0.3405087
D/CAAccData(  523): x: 9.302697 y: -0.8036005 z: -0.38136974
D/CAAccTime(  523): Tue Jun 22 18:24:48 Europe/Amsterdam 2010
D/CAAccData(  523): x: 9.275456 y: -0.8036005 z: -0.42223078
D/CAAccData(  523): x: 9.275456 y: -0.7627395 z: -0.42223078
D/CAAccData(  523): x: 9.302697 y: -0.7627395 z: -0.42223078
D/CAAccData(  523): x: 9.275456 y: -0.7627395 z: -0.46309182
D/CAAccData(  523): x: 9.343558 y: -0.7627395 z: -0.46309182
D/CAAccData(  523): x: 9.302697 y: -0.8036005 z: -0.42223078
D/CAAccData(  523): x: 9.302697 y: -0.8036005 z: -0.38136974
D/CAAccData(  523): x: 9.275456 y: -0.7627395 z: -0.38136974
D/CAAccData(  523): x: 9.302697 y: -0.7627395 z: -0.42223078
D/CrashAlert(  523): Handler :1
I/CrashAlert(  523): Status bleibt aktiv
D/CAAccData(  523): x: 9.302697 y: -0.8036005 z: -0.42223078
D/CAAccData(  523): x: 9.302697 y: -0.8036005 z: -0.46309182
D/CAAccData(  523): x: 9.275456 y: -0.84446156 z: -0.42223078
D/CAAccData(  523): x: 9.275456 y: -0.8036005 z: -0.46309182
D/CAAccData(  523): x: 9.302697 y: -0.84446156 z: -0.42223078
D/CAAccData(  523): x: 9.302697 y: -0.8036005 z: -0.42223078
D/CAAccData(  523): x: 9.302697 y: -0.7627395 z: -0.42223078
D/CAAccData(  523): x: 9.302697 y: -0.8036005 z: -0.38136974
D/CAAccData(  523): x: 9.302697 y: -0.7627395 z: -0.38136974
D/CAAccData(  523): x: 9.302697 y: -0.7218784 z: -0.42223078
D/CAAccData(  523): x: 9.302697 y: -0.7627395 z: -0.38136974
D/CAAccData(  523): x: 9.302697 y: -0.8036005 z: -0.3405087
D/CrashAlert(  523): Handler :1
I/CrashAlert(  523): Status bleibt aktiv
D/CAAccData(  523): x: 9.234595 y: -0.84446156 z: -0.38136974
D/CAAccData(  523): x: 9.275456 y: -0.88532263 z: -0.38136974
D/CAAccData(  523): x: 9.275456 y: -0.84446156 z: -0.38136974
D/CAAccData(  523): x: 9.302697 y: -0.84446156 z: -0.3405087
D/CAAccTime(  523): Tue Jun 22 18:24:50 Europe/Amsterdam 2010
D/CAAccData(  523): x: 9.343558 y: -0.8036005 z: -0.3405087
D/CAAccData(  523): x: 9.343558 y: -0.6946377 z: -0.42223078
D/CAAccData(  523): x: 9.343558 y: -0.6946377 z: -0.50395286
D/CAAccData(  523): x: 9.302697 y: -0.6946377 z: -0.50395286
D/CAAccData(  523): x: 9.275456 y: -0.7627395 z: -0.46309182
D/CAAccData(  523): x: 9.302697 y: -0.84446156 z: -0.42223078
D/CAAccData(  523): x: 9.302697 y: -0.88532263 z: -0.38136974
D/CAAccData(  523): x: 9.343558 y: -0.84446156 z: -0.46309182
D/CAAccData(  523): x: 9.343558 y: -0.84446156 z: -0.42223078
D/CAAccData(  523): x: 9.302697 y: -0.8036005 z: -0.42223078
D/CrashAlert(  523): Handler :1
I/CrashAlert(  523): Status bleibt aktiv
D/CAAccData(  523): x: 9.302697 y: -0.8036005 z: -0.38136974
D/CAAccData(  523): x: 9.343558 y: -0.7627395 z: -0.38136974
D/CAAccData(  523): x: 9.343558 y: -0.7627395 z: -0.42223078
D/CAAccData(  523): x: 9.302697 y: -0.7627395 z: -0.42223078
D/CAAccData(  523): x: 9.275456 y: -0.8036005 z: -0.46309182
D/CAAccData(  523): x: 9.343558 y: -0.84446156 z: -0.46309182
D/CAAccData(  523): x: 9.302697 y: -0.8036005 z: -0.38136974
D/CAAccData(  523): x: 9.343558 y: -0.84446156 z: -0.38136974
D/CAAccData(  523): x: 9.302697 y: -0.7627395 z: -0.3405087
D/CAAccData(  523): x: 9.302697 y: -0.7627395 z: -0.38136974
D/CAAccData(  523): x: 9.302697 y: -0.8036005 z: -0.42223078
D/CrashAlert(  523): Handler :1
I/CrashAlert(  523): Status bleibt aktiv
D/CAAccData(  523): x: 9.302697 y: -0.7627395 z: -0.42223078
D/CAAccData(  523): x: 9.343558 y: -0.7627395 z: -0.42223078
D/CAAccData(  523): x: 9.343558 y: -0.8036005 z: -0.42223078
D/CAAccData(  523): x: 9.343558 y: -0.7627395 z: -0.42223078
D/CAAccTime(  523): Tue Jun 22 18:24:51 Europe/Amsterdam 2010
D/CAAccData(  523): x: 9.302697 y: -0.8036005 z: -0.38136974
D/CAAccData(  523): x: 9.302697 y: -0.8036005 z: -0.42223078
D/CAAccData(  523): x: 9.302697 y: -0.7627395 z: -0.38136974
D/CAAccData(  523): x: 9.302697 y: -0.7627395 z: -0.46309182
D/CAAccData(  523): x: 9.343558 y: -0.7627395 z: -0.42223078
D/CAAccData(  523): x: 9.302697 y: -0.7218784 z: -0.42223078
D/CAAccData(  523): x: 9.343558 y: -0.8036005 z: -0.38136974
D/CAAccData(  523): x: 9.302697 y: -0.8036005 z: -0.42223078
D/CAAccData(  523): x: 9.343558 y: -0.8036005 z: -0.3405087
D/CrashAlert(  523): Handler :1
I/CrashAlert(  523): Status bleibt aktiv
D/CAAccData(  523): x: 9.343558 y: -0.8036005 z: -0.38136974
D/CAAccData(  523): x: 9.302697 y: -0.8036005 z: -0.38136974
D/CAAccData(  523): x: 9.302697 y: -0.8036005 z: -0.42223078
D/CAAccData(  523): x: 9.302697 y: -0.7627395 z: -0.38136974
D/CAAccData(  523): x: 9.275456 y: -0.8036005 z: -0.3405087
D/CAAccData(  523): x: 9.302697 y: -0.8036005 z: -0.38136974
D/CAAccData(  523): x: 9.302697 y: -0.8036005 z: -0.42223078
D/CAAccData(  523): x: 9.275456 y: -0.7627395 z: -0.38136974
D/CAAccData(  523): x: 9.343558 y: -0.7627395 z: -0.42223078
D/CAAccData(  523): x: 9.302697 y: -0.7627395 z: -0.46309182
D/CAAccData(  523): x: 9.384419 y: -0.8036005 z: -0.42223078
D/CrashAlert(  523): Handler :1
I/CrashAlert(  523): Status bleibt aktiv
D/CAAccData(  523): x: 9.275456 y: -0.8036005 z: -0.42223078
D/CAAccData(  523): x: 9.275456 y: -0.8036005 z: -0.38136974
D/CAAccData(  523): x: 9.343558 y: -0.7627395 z: -0.42223078
D/CAAccData(  523): x: 9.302697 y: -0.7218784 z: -0.3405087
D/dalvikvm(  523): GC freed 10369 objects / 648960 bytes in 110ms
D/CAAccTime(  523): Tue Jun 22 18:24:52 Europe/Amsterdam 2010
D/CAAccData(  523): x: 9.384419 y: -0.7627395 z: -0.38136974
D/CAAccData(  523): x: 9.302697 y: -0.8036005 z: -0.38136974
D/CAAccData(  523): x: 9.302697 y: -0.8036005 z: -0.46309182
D/CAAccData(  523): x: 9.343558 y: -0.84446156 z: -0.42223078
D/CAAccData(  523): x: 9.302697 y: -0.8036005 z: -0.46309182
D/CAAccData(  523): x: 9.302697 y: -0.7627395 z: -0.38136974
D/CAAccData(  523): x: 9.275456 y: -0.84446156 z: -0.38136974
D/CrashAlert(  523): Handler :1
I/CrashAlert(  523): Status bleibt aktiv
D/CAAccData(  523): x: 9.302697 y: -0.7627395 z: -0.42223078
D/CAAccData(  523): x: 9.302697 y: -0.6946377 z: -0.38136974
D/CAAccData(  523): x: 9.275456 y: -0.7218784 z: -0.46309182
D/CAAccData(  523): x: 9.193735 y: -0.8036005 z: -0.313268
D/CAAccData(  523): x: 9.302697 y: -0.88532263 z: -0.42223078
D/CAAccData(  523): x: 9.302697 y: -0.84446156 z: -0.53119355
D/CAAccData(  523): x: 9.302697 y: -0.8036005 z: -0.42223078
D/CAAccData(  523): x: 9.234595 y: -0.7627395 z: -0.313268
D/CAAccData(  523): x: 9.302697 y: -0.7218784 z: -0.38136974
D/CAAccData(  523): x: 9.343558 y: -0.6946377 z: -0.38136974
D/CAAccData(  523): x: 9.302697 y: -0.8036005 z: -0.38136974
D/CrashAlert(  523): Handler :1
I/CrashAlert(  523): Status bleibt aktiv
D/CAAccData(  523): x: 9.302697 y: -0.8036005 z: -0.50395286
D/CAAccData(  523): x: 9.302697 y: -0.8036005 z: -0.42223078
D/CAAccData(  523): x: 9.384419 y: -0.8036005 z: -0.46309182
D/CAAccData(  523): x: 9.343558 y: -0.7627395 z: -0.46309182
D/CAAccData(  523): x: 9.302697 y: -0.8036005 z: -0.38136974
D/CAAccData(  523): x: 9.302697 y: -0.6946377 z: -0.46309182
D/CAAccData(  523): x: 9.234595 y: -0.53119355 z: -0.42223078
D/CAAccTime(  523): Tue Jun 22 18:24:53 Europe/Amsterdam 2010
D/CAAccData(  523): x: 9.302697 y: -0.5720546 z: -0.38136974
D/CAAccData(  523): x: 9.275456 y: -0.50395286 z: -0.46309182
D/CAAccData(  523): x: 9.343558 y: -0.53119355 z: -0.42223078
D/CrashAlert(  523): Handler :1
I/CrashAlert(  523): Status bleibt aktiv
D/CAAccData(  523): x: 9.302697 y: -0.53119355 z: -0.46309182
D/CAAccData(  523): x: 9.343558 y: -0.61291564 z: -0.42223078
D/CAAccData(  523): x: 9.302697 y: -0.53119355 z: -0.38136974
D/CAAccData(  523): x: 9.384419 y: -0.50395286 z: -0.38136974
D/CAAccData(  523): x: 9.343558 y: -0.50395286 z: -0.42223078
D/CAAccData(  523): x: 9.343558 y: -0.53119355 z: -0.50395286
D/CAAccData(  523): x: 9.302697 y: -0.5720546 z: -0.50395286
D/CAAccData(  523): x: 9.302697 y: -0.53119355 z: -0.50395286
D/CAAccData(  523): x: 9.275456 y: -0.5720546 z: -0.42223078
D/CAAccData(  523): x: 9.275456 y: -0.61291564 z: -0.42223078
D/CAAccData(  523): x: 9.343558 y: -0.5720546 z: -0.50395286
D/CAAccData(  523): x: 9.275456 y: -0.5720546 z: -0.50395286
D/CrashAlert(  523): Handler :1
I/CrashAlert(  523): Status bleibt aktiv
D/CAAccData(  523): x: 9.343558 y: -0.53119355 z: -0.313268
D/CAAccData(  523): x: 9.302697 y: -0.53119355 z: -0.38136974
D/CAAccData(  523): x: 9.343558 y: -0.46309182 z: -0.46309182
D/CAAccData(  523): x: 9.302697 y: -0.38136974 z: -0.313268
D/CAAccData(  523): x: 9.384419 y: -0.38136974 z: -0.38136974
D/CAAccData(  523): x: 9.234595 y: -0.19068487 z: -0.46309182
D/CAAccData(  523): x: 9.384419 y: -0.27240697 z: -0.42223078
D/CAAccData(  523): x: 9.384419 y: -0.19068487 z: -0.46309182
D/CAAccTime(  523): Tue Jun 22 18:24:54 Europe/Amsterdam 2010
D/CAAccData(  523): x: 9.302697 y: -0.10896278 z: -0.50395286
D/CAAccData(  523): x: 9.425281 y: 0.08172209 z: -0.42223078
D/CAAccData(  523): x: 9.384419 y: 0.10896278 z: -0.46309182
D/CAAccData(  523): x: 9.425281 y: 0.3405087 z: -0.42223078
D/CrashAlert(  523): Handler :1
I/CrashAlert(  523): Status bleibt aktiv
D/CAAccData(  523): x: 9.493382 y: 0.3405087 z: -0.46309182
D/CAAccData(  523): x: 9.425281 y: 0.6537767 z: -0.38136974
D/CAAccData(  523): x: 9.466142 y: 0.7218784 z: -0.46309182
D/CAAccData(  523): x: 9.493382 y: 0.8036005 z: -0.50395286
D/CAAccData(  523): x: 9.425281 y: 0.88532263 z: -0.50395286
D/CAAccData(  523): x: 9.466142 y: 0.8036005 z: -0.50395286
D/CAAccData(  523): x: 9.493382 y: 0.88532263 z: -0.5720546
D/CAAccData(  523): x: 9.466142 y: 0.8036005 z: -0.53119355
D/CAAccData(  523): x: 9.466142 y: 0.92618364 z: -0.50395286
D/CAAccData(  523): x: 9.425281 y: 0.84446156 z: -0.46309182
D/CAAccData(  523): x: 9.466142 y: 0.92618364 z: -0.46309182
D/CrashAlert(  523): Handler :1
I/CrashAlert(  523): Status bleibt aktiv
D/CAAccData(  523): x: 9.384419 y: 0.88532263 z: -0.46309182
D/CAAccData(  523): x: 9.466142 y: 0.92618364 z: -0.53119355
D/CAAccData(  523): x: 9.384419 y: 0.88532263 z: -0.50395286
D/CAAccData(  523): x: 9.384419 y: 0.92618364 z: -0.53119355
D/CAAccData(  523): x: 9.466142 y: 0.95342433 z: -0.46309182
D/CAAccData(  523): x: 9.466142 y: 1.0760075 z: -0.53119355
D/CAAccData(  523): x: 9.493382 y: 1.0760075 z: -0.6537767
D/CAAccData(  523): x: 9.384419 y: 1.1849703 z: -0.6946377
D/CAAccData(  523): x: 9.384419 y: 1.1441092 z: -0.8036005
D/CAAccData(  523): x: 9.493382 y: 1.2258313 z: -0.84446156
D/CAAccTime(  523): Tue Jun 22 18:24:55 Europe/Amsterdam 2010
D/CAAccData(  523): x: 9.425281 y: 1.2666923 z: -0.88532263
D/CAAccData(  523): x: 9.493382 y: 1.1849703 z: -0.88532263
D/CAAccData(  523): x: 9.466142 y: 1.2666923 z: -0.92618364
D/CrashAlert(  523): Handler :1
I/CrashAlert(  523): Status bleibt aktiv
D/CAAccData(  523): x: 9.534244 y: 1.2258313 z: -0.88532263
D/CAAccData(  523): x: 9.425281 y: 1.2258313 z: -0.9942854
D/CAAccData(  523): x: 9.466142 y: 1.2666923 z: -1.1441092
D/CAAccData(  523): x: 9.466142 y: 1.3756552 z: -1.1849703
D/CAAccData(  523): x: 9.425281 y: 1.2666923 z: -1.2666923
D/CAAccData(  523): x: 9.384419 y: 1.334794 z: -1.2258313
D/CAAccData(  523): x: 9.425281 y: 1.3075534 z: -1.2258313
D/CAAccData(  523): x: 9.466142 y: 1.334794 z: -1.1441092
D/CAAccData(  523): x: 9.534244 y: 1.334794 z: -1.1441092
D/CAAccData(  523): x: 9.466142 y: 1.3075534 z: -1.2666923
D/CAAccData(  523): x: 9.302697 y: 1.3756552 z: -1.3756552
D/CAAccData(  523): x: 9.343558 y: 1.2258313 z: -1.3756552
D/CrashAlert(  523): Handler :1
I/CrashAlert(  523): Status bleibt aktiv
D/CAAccData(  523): x: 9.466142 y: 1.334794 z: -1.5390993
D/CAAccData(  523): x: 9.466142 y: 1.2258313 z: -1.4982382
D/CAAccData(  523): x: 9.384419 y: 1.3756552 z: -1.5390993
D/CAAccData(  523): x: 9.425281 y: 1.1849703 z: -1.5390993
D/CAAccData(  523): x: 9.193735 y: 1.3756552 z: -1.607201
D/CAAccData(  523): x: 9.493382 y: 1.2258313 z: -1.6889231
D/CAAccData(  523): x: 9.493382 y: 1.2666923 z: -1.6889231
D/CAAccData(  523): x: 9.275456 y: 1.3075534 z: -1.8387469
D/CAAccData(  523): x: 9.343558 y: 1.2666923 z: -1.8387469
D/CAAccData(  523): x: 9.343558 y: 1.2666923 z: -1.920469
D/CAAccTime(  523): Tue Jun 22 18:24:56 Europe/Amsterdam 2010
D/CAAccData(  523): x: 9.384419 y: 1.1168685 z: -1.8387469
D/CAAccData(  523): x: 9.343558 y: 1.1849703 z: -1.879608
D/CrashAlert(  523): Handler :1
I/CrashAlert(  523): Status bleibt aktiv
D/CAAccData(  523): x: 9.302697 y: 1.0351465 z: -1.7978859
D/CAAccData(  523): x: 9.302697 y: 0.95342433 z: -1.7978859
D/CAAccData(  523): x: 9.466142 y: 0.7627395 z: -1.7978859
D/CAAccData(  523): x: 9.425281 y: 0.50395286 z: -1.920469
D/CAAccData(  523): x: 9.466142 y: 0.3405087 z: -1.879608
D/CAAccData(  523): x: 9.425281 y: 0.27240697 z: -1.8387469
D/CAAccData(  523): x: 9.466142 y: 0.040861044 z: -1.7978859
D/CAAccData(  523): x: 9.425281 y: 0.040861044 z: -1.7978859
D/CAAccData(  523): x: 9.343558 y: 0.0 z: -1.8387469
D/CAAccData(  523): x: 9.384419 y: 0.0 z: -1.8387469
D/CAAccData(  523): x: 9.384419 y: 0.040861044 z: -1.8387469
D/CAAccData(  523): x: 9.343558 y: 0.040861044 z: -1.8387469
D/CrashAlert(  523): Handler :1
I/CrashAlert(  523): Status bleibt aktiv
D/CAAccData(  523): x: 9.384419 y: 0.0 z: -1.8387469
D/CAAccData(  523): x: 9.425281 y: 0.040861044 z: -1.7978859
D/CAAccData(  523): x: 9.343558 y: 0.0 z: -1.7978859
D/CAAccData(  523): x: 9.425281 y: 0.040861044 z: -1.7978859
D/CAAccData(  523): x: 9.193735 y: 0.040861044 z: -1.7570249
D/CAAccData(  523): x: 9.275456 y: 0.040861044 z: -1.7570249
D/CAAccData(  523): x: 9.425281 y: 0.10896278 z: -1.7297841
D/CAAccData(  523): x: 9.384419 y: 0.08172209 z: -1.5390993
D/CAAccData(  523): x: 9.466142 y: 0.10896278 z: -1.5390993
D/CAAccData(  523): x: 9.384419 y: 0.23154591 z: -1.4165162
D/CAAccData(  523): x: 9.302697 y: 0.19068487 z: -1.4573772
D/CAAccData(  523): x: 9.343558 y: 0.23154591 z: -1.4573772
D/CAAccTime(  523): Tue Jun 22 18:24:57 Europe/Amsterdam 2010
D/CAAccData(  523): x: 9.466142 y: 0.19068487 z: -1.4982382
D/CrashAlert(  523): Handler :1
I/CrashAlert(  523): Status bleibt aktiv
D/CAAccData(  523): x: 9.384419 y: 0.19068487 z: -1.4573772
D/CAAccData(  523): x: 9.534244 y: 0.27240697 z: -1.4573772
D/CAAccData(  523): x: 9.534244 y: 0.19068487 z: -1.4982382
D/CAAccData(  523): x: 9.384419 y: 0.23154591 z: -1.4573772
D/CAAccData(  523): x: 9.302697 y: 0.27240697 z: -1.4573772
